c[?7l[2J[0mSeaBIOS (version rel-1.16.3-0-ga6ed6b701f0a-prebuilt.qemu.org)


iPXE (http://ipxe.org) 00:03.0 CA00 PCI2.10 PnP PMM+1EFD0D90+1EF30D90 CA00
Press Ctrl-B to configure iPXE (PCI 00:03.0)...                                                                               


Booting from ROM...
Probing EDD (edd=off to disable)... ok
c[?7l[2J[    0.000000] Linux version 6.6.134-0-lts (buildozer@build-3-20-x86_64) (gcc (Alpine 13.2.1_git20240309) 13.2.1 20240309, GNU ld (GNU Binutils) 2.42) #1-Alpine SMP PREEMPT_DYNAMIC 2026-04-11 17:03:51
[    0.000000] Command line: console=ttyS0
[    0.000000] BIOS-provided physical RAM map:
[    0.000000] BIOS-e820: [mem 0x0000000000000000-0x000000000009fbff] usable
[    0.000000] BIOS-e820: [mem 0x000000000009fc00-0x000000000009ffff] reserved
[    0.000000] BIOS-e820: [mem 0x00000000000f0000-0x00000000000fffff] reserved
[    0.000000] BIOS-e820: [mem 0x0000000000100000-0x000000001ffdffff] usable
[    0.000000] BIOS-e820: [mem 0x000000001ffe0000-0x000000001fffffff] reserved
[    0.000000] BIOS-e820: [mem 0x00000000fffc0000-0x00000000ffffffff] reserved
[    0.000000] BIOS-e820: [mem 0x000000fd00000000-0x000000ffffffffff] reserved
[    0.000000] NX (Execute Disable) protection: active
[    0.000000] APIC: Static calls initialized
[    0.000000] SMBIOS 2.8 present.
[    0.000000] DMI: QEMU Standard PC (i440FX + PIIX, 1996), BIOS rel-1.16.3-0-ga6ed6b701f0a-prebuilt.qemu.org 04/01/2014
[    0.000000] tsc: Fast TSC calibration using PIT
[    0.000000] tsc: Detected 1000.054 MHz processor
[    0.017551] AGP: No AGP bridge found
[    0.017861] last_pfn = 0x1ffe0 max_arch_pfn = 0x400000000
[    0.018620] MTRR map: 4 entries (3 fixed + 1 variable; max 19), built from 8 variable MTRRs
[    0.018819] x86/PAT: Configuration [0-7]: WB  WC  UC- UC  WB  WP  UC- WT  
[    0.051769] found SMP MP-table at [mem 0x000f5480-0x000f548f]
[    0.057508] RAMDISK: [mem 0x1fb40000-0x1ffdffff]
[    0.057927] ACPI: Early table checksum verification disabled
[    0.058263] ACPI: RSDP 0x00000000000F52A0 000014 (v00 BOCHS )
[    0.058533] ACPI: RSDT 0x000000001FFE2335 000034 (v01 BOCHS  BXPC     00000001 BXPC 00000001)
[    0.059051] ACPI: FACP 0x000000001FFE21E9 000074 (v01 BOCHS  BXPC     00000001 BXPC 00000001)
[    0.059588] ACPI: DSDT 0x000000001FFE0040 0021A9 (v01 BOCHS  BXPC     00000001 BXPC 00000001)
[    0.059669] ACPI: FACS 0x000000001FFE0000 000040
[    0.059732] ACPI: APIC 0x000000001FFE225D 000078 (v03 BOCHS  BXPC     00000001 BXPC 00000001)
[    0.059774] ACPI: HPET 0x000000001FFE22D5 000038 (v01 BOCHS  BXPC     00000001 BXPC 00000001)
[    0.059802] ACPI: WAET 0x000000001FFE230D 000028 (v01 BOCHS  BXPC     00000001 BXPC 00000001)
[    0.059908] ACPI: Reserving FACP table memory at [mem 0x1ffe21e9-0x1ffe225c]
[    0.059935] ACPI: Reserving DSDT table memory at [mem 0x1ffe0040-0x1ffe21e8]
[    0.059943] ACPI: Reserving FACS table memory at [mem 0x1ffe0000-0x1ffe003f]
[    0.059950] ACPI: Reserving APIC table memory at [mem 0x1ffe225d-0x1ffe22d4]
[    0.059956] ACPI: Reserving HPET table memory at [mem 0x1ffe22d5-0x1ffe230c]
[    0.059962] ACPI: Reserving WAET table memory at [mem 0x1ffe230d-0x1ffe2334]
[    0.062426] No NUMA configuration found
[    0.062455] Faking a node at [mem 0x0000000000000000-0x000000001ffdffff]
[    0.063105] NODE_DATA(0) allocated [mem 0x1fb3a000-0x1fb3ffff]
[    0.065772] Zone ranges:
[    0.065795]   DMA      [mem 0x0000000000001000-0x0000000000ffffff]
[    0.065870]   DMA32    [mem 0x0000000001000000-0x000000001ffdffff]
[    0.065884]   Normal   empty
[    0.065904]   Device   empty
[    0.065919] Movable zone start for each node
[    0.065953] Early memory node ranges
[    0.065982]   node   0: [mem 0x0000000000001000-0x000000000009efff]
[    0.066155]   node   0: [mem 0x0000000000100000-0x000000001ffdffff]
[    0.066382] Initmem setup node 0 [mem 0x0000000000001000-0x000000001ffdffff]
[    0.067351] On node 0, zone DMA: 1 pages in unavailable ranges
[    0.067574] On node 0, zone DMA: 97 pages in unavailable ranges
[    0.069952] On node 0, zone DMA32: 32 pages in unavailable ranges
[    0.070414] ACPI: PM-Timer IO Port: 0x608
[    0.070832] ACPI: LAPIC_NMI (acpi_id[0xff] dfl dfl lint[0x1])
[    0.071210] IOAPIC[0]: apic_id 0, version 32, address 0xfec00000, GSI 0-23
[    0.071329] ACPI: INT_SRC_OVR (bus 0 bus_irq 0 global_irq 2 dfl dfl)
[    0.071618] ACPI: INT_SRC_OVR (bus 0 bus_irq 5 global_irq 5 high level)
[    0.071668] ACPI: INT_SRC_OVR (bus 0 bus_irq 9 global_irq 9 high level)
[    0.071780] ACPI: INT_SRC_OVR (bus 0 bus_irq 10 global_irq 10 high level)
[    0.071791] ACPI: INT_SRC_OVR (bus 0 bus_irq 11 global_irq 11 high level)
[    0.072027] ACPI: Using ACPI (MADT) for SMP configuration information
[    0.072079] ACPI: HPET id: 0x8086a201 base: 0xfed00000
[    0.072421] smpboot: Allowing 1 CPUs, 0 hotplug CPUs
[    0.073420] PM: hibernation: Registered nosave memory: [mem 0x00000000-0x00000fff]
[    0.073467] PM: hibernation: Registered nosave memory: [mem 0x0009f000-0x000fffff]
[    0.073644] [mem 0x20000000-0xfffbffff] available for PCI devices
[    0.073683] Booting paravirtualized kernel on bare hardware
[    0.073975] clocksource: refined-jiffies: mask: 0xffffffff max_cycles: 0xffffffff, max_idle_ns: 6370452778343963 ns
[    0.083789] setup_percpu: NR_CPUS:256 nr_cpumask_bits:1 nr_cpu_ids:1 nr_node_ids:1
[    0.085467] percpu: Embedded 58 pages/cpu s198184 r8192 d31192 u2097152
[    0.087442] Kernel command line: console=ttyS0
[    0.088740] Dentry cache hash table entries: 65536 (order: 7, 524288 bytes, linear)
[    0.088916] Inode-cache hash table entries: 32768 (order: 6, 262144 bytes, linear)
[    0.091386] Fallback order for Node 0: 0 
[    0.091741] Built 1 zonelists, mobility grouping on.  Total pages: 128736
[    0.091761] Policy zone: DMA32
[    0.102913] mem auto-init: stack:all(zero), heap alloc:on, heap free:off
[    0.103110] AGP: Checking aperture...
[    0.105272] AGP: No AGP bridge found
[    0.111433] Memory: 471668K/523768K available (14336K kernel code, 1950K rwdata, 5052K rodata, 3516K init, 4724K bss, 51840K reserved, 0K cma-reserved)
[    0.148294] SLUB: HWalign=64, Order=0-3, MinObjects=0, CPUs=1, Nodes=1
[    0.148398] kmemleak: Kernel memory leak detector disabled
[    0.150854] ftrace: allocating 41322 entries in 162 pages
[    0.187191] ftrace: allocated 162 pages with 3 groups
[    0.196174] Dynamic Preempt: voluntary
[    0.199414] rcu: Preemptible hierarchical RCU implementation.
[    0.199456] rcu: 	RCU restricting CPUs from NR_CPUS=256 to nr_cpu_ids=1.
[    0.199615] 	Trampoline variant of Tasks RCU enabled.
[    0.199623] 	Rude variant of Tasks RCU enabled.
[    0.199640] 	Tracing variant of Tasks RCU enabled.
[    0.199716] rcu: RCU calculated value of scheduler-enlistment delay is 30 jiffies.
[    0.199739] rcu: Adjusting geometry for rcu_fanout_leaf=16, nr_cpu_ids=1
[    0.227728] NR_IRQS: 16640, nr_irqs: 256, preallocated irqs: 16
[    0.235564] rcu: srcu_init: Setting srcu_struct sizes based on contention.
[    0.240697] kfence: initialized - using 2097152 bytes for 255 objects at 0x(____ptrval____)-0x(____ptrval____)
[    0.245520] Console: colour VGA+ 80x25
[    0.247018] printk: console [ttyS0] enabled
[    0.268561] ACPI: Core revision 20230628
[    0.273398] clocksource: hpet: mask: 0xffffffff max_cycles: 0xffffffff, max_idle_ns: 19112604467 ns
[    0.278078] APIC: Switch to symmetric I/O mode setup
[    0.282735] ..TIMER: vector=0x30 apic1=0 pin1=2 apic2=-1 pin2=-1
[    0.299479] clocksource: tsc-early: mask: 0xffffffffffffffff max_cycles: 0xe6a4a159b8, max_idle_ns: 440795207445 ns
[    0.300119] Calibrating delay loop (skipped), value calculated using timer frequency.. 2000.44 BogoMIPS (lpj=3333513)
[    0.302811] process: using AMD E400 aware idle routine
[    0.303498] Last level iTLB entries: 4KB 512, 2MB 255, 4MB 127
[    0.303659] Last level dTLB entries: 4KB 512, 2MB 255, 4MB 127, 1GB 0
[    0.304077] Spectre V1 : Mitigation: usercopy/swapgs barriers and __user pointer sanitization
[    0.304433] Spectre V2 : Mitigation: Retpolines
[    0.304581] Spectre V2 : Spectre v2 / SpectreRSB: Filling RSB on context switch and VMEXIT
[    0.305638] x86/fpu: x87 FPU will use FXSAVE
[    0.610839] Freeing SMP alternatives memory: 36K
[    0.611800] pid_max: default: 32768 minimum: 301
[    0.622237] LSM: initializing lsm=lockdown,capability,landlock,yama
[    0.626727] landlock: Up and running.
[    0.626845] Yama: becoming mindful.
[    0.631900] Mount-cache hash table entries: 1024 (order: 1, 8192 bytes, linear)
[    0.632243] Mountpoint-cache hash table entries: 1024 (order: 1, 8192 bytes, linear)
[    0.764488] smpboot: CPU0: AMD QEMU Virtual CPU version 2.5+ (family: 0xf, model: 0x6b, stepping: 0x1)
[    0.771597] RCU Tasks: Setting shift to 0 and lim to 1 rcu_task_cb_adjust=1 rcu_task_cpu_ids=1.
[    0.772194] RCU Tasks Rude: Setting shift to 0 and lim to 1 rcu_task_cb_adjust=1 rcu_task_cpu_ids=1.
[    0.772555] RCU Tasks Trace: Setting shift to 0 and lim to 1 rcu_task_cb_adjust=1 rcu_task_cpu_ids=1.
[    0.773012] Performance Events: PMU not available due to virtualization, using software events only.
[    0.773723] signal: max sigframe size: 1440
[    0.775026] rcu: Hierarchical SRCU implementation.
[    0.775172] rcu: 	Max phase no-delay instances is 1000.
[    0.783624] NMI watchdog: Perf NMI watchdog permanently disabled
[    0.784652] smp: Bringing up secondary CPUs ...
[    0.786197] smp: Brought up 1 node, 1 CPU
[    0.786336] smpboot: Max logical packages: 1
[    0.786525] ----------------
[    0.786826] | NMI testsuite:
[    0.786912] --------------------
[    0.786999]   remote IPI:  ok  |
[    0.787197]    local IPI:  ok  |
[    0.788092] --------------------
[    0.788178] Good, all   2 testcases passed! |
[    0.788304] ---------------------------------
[    0.788461] smpboot: Total of 1 processors activated (2000.44 BogoMIPS)
[    0.802168] devtmpfs: initialized
[    0.804994] x86/mm: Memory block size: 128MB
[    0.811608] clocksource: jiffies: mask: 0xffffffff max_cycles: 0xffffffff, max_idle_ns: 6370867519511994 ns
[    0.812269] futex hash table entries: 256 (order: 2, 16384 bytes, linear)
[    0.814785] pinctrl core: initialized pinctrl subsystem
[    0.830082] NET: Registered PF_NETLINK/PF_ROUTE protocol family
[    0.833041] audit: initializing netlink subsys (disabled)
[    0.834549] audit: type=2000 audit(1789005258.556:1): state=initialized audit_enabled=0 res=1
[    0.838770] thermal_sys: Registered thermal governor 'fair_share'
[    0.838803] thermal_sys: Registered thermal governor 'bang_bang'
[    0.838962] thermal_sys: Registered thermal governor 'step_wise'
[    0.839114] thermal_sys: Registered thermal governor 'user_space'
[    0.840212] cpuidle: using governor ladder
[    0.840552] cpuidle: using governor menu
[    0.842083] acpiphp: ACPI Hot Plug PCI Controller Driver version: 0.5
[    0.845082] PCI: Using configuration type 1 for base access
[    0.849000] kprobes: kprobe jump-optimization is enabled. All kprobes are optimized if possible.
[    0.914149] HugeTLB: registered 2.00 MiB page size, pre-allocated 0 pages
[    0.914391] HugeTLB: 28 KiB vmemmap can be freed for a 2.00 MiB page
[    0.933921] ACPI: Added _OSI(Module Device)
[    0.934107] ACPI: Added _OSI(Processor Device)
[    0.934223] ACPI: Added _OSI(Processor Aggregator Device)
[    0.945692] ACPI: 1 ACPI AML tables successfully acquired and loaded
[    0.958595] ACPI: _OSC evaluation for CPUs failed, trying _PDC
[    0.959990] ACPI: Interpreter enabled
[    0.961303] ACPI: PM: (supports S0 S3 S4 S5)
[    0.961492] ACPI: Using IOAPIC for interrupt routing
[    0.962159] PCI: Using host bridge windows from ACPI; if necessary, use "pci=nocrs" and report a bug
[    0.962401] PCI: Using E820 reservations for host bridge windows
[    0.963540] ACPI: Enabled 2 GPEs in block 00 to 0F
[    0.989766] ACPI: PCI Root Bridge [PCI0] (domain 0000 [bus 00-ff])
[    0.990090] acpi PNP0A03:00: _OSC: OS supports [ASPM ClockPM Segments MSI HPX-Type3]
[    0.990429] acpi PNP0A03:00: _OSC: not requesting OS control; OS requires [ExtendedConfig ASPM ClockPM MSI]
[    0.991195] acpi PNP0A03:00: fail to add MMCONFIG information, can't access extended configuration space under this bridge
[    0.997174] acpiphp: Slot [3] registered
[    0.997394] acpiphp: Slot [4] registered
[    0.997559] acpiphp: Slot [5] registered
[    0.997727] acpiphp: Slot [6] registered
[    0.997888] acpiphp: Slot [7] registered
[    0.998038] acpiphp: Slot [8] registered
[    0.998188] acpiphp: Slot [9] registered
[    0.998349] acpiphp: Slot [10] registered
[    0.998501] acpiphp: Slot [11] registered
[    0.998649] acpiphp: Slot [12] registered
[    0.998796] acpiphp: Slot [13] registered
[    0.998943] acpiphp: Slot [14] registered
[    0.999090] acpiphp: Slot [15] registered
[    0.999237] acpiphp: Slot [16] registered
[    0.999397] acpiphp: Slot [17] registered
[    0.999546] acpiphp: Slot [18] registered
[    0.999693] acpiphp: Slot [19] registered
[    0.999841] acpiphp: Slot [20] registered
[    0.999929] acpiphp: Slot [21] registered
[    0.999929] acpiphp: Slot [22] registered
[    0.999929] acpiphp: Slot [23] registered
[    1.000033] acpiphp: Slot [24] registered
[    1.000205] acpiphp: Slot [25] registered
[    1.000359] acpiphp: Slot [26] registered
[    1.000527] acpiphp: Slot [27] registered
[    1.000683] acpiphp: Slot [28] registered
[    1.000848] acpiphp: Slot [29] registered
[    1.000999] acpiphp: Slot [30] registered
[    1.001167] acpiphp: Slot [31] registered
[    1.001482] PCI host bridge to bus 0000:00
[    1.001727] pci_bus 0000:00: root bus resource [io  0x0000-0x0cf7 window]
[    1.001997] pci_bus 0000:00: root bus resource [io  0x0d00-0xffff window]
[    1.002166] pci_bus 0000:00: root bus resource [mem 0x000a0000-0x000bffff window]
[    1.002376] pci_bus 0000:00: root bus resource [mem 0x20000000-0xfebfffff window]
[    1.003274] pci_bus 0000:00: root bus resource [mem 0x100000000-0x17fffffff window]
[    1.003574] pci_bus 0000:00: root bus resource [bus 00-ff]
[    1.004736] pci 0000:00:00.0: [8086:1237] type 00 class 0x060000
[    1.007931] pci 0000:00:01.0: [8086:7000] type 00 class 0x060100
[    1.008542] pci 0000:00:01.1: [8086:7010] type 00 class 0x010180
[    1.009508] pci 0000:00:01.1: BAR 4 [io  0xc020-0xc02f]
[    1.010222] pci 0000:00:01.1: BAR 0 [io  0x01f0-0x01f7]: legacy IDE quirk
[    1.010477] pci 0000:00:01.1: BAR 1 [io  0x03f6]: legacy IDE quirk
[    1.010664] pci 0000:00:01.1: BAR 2 [io  0x0170-0x0177]: legacy IDE quirk
[    1.010858] pci 0000:00:01.1: BAR 3 [io  0x0376]: legacy IDE quirk
[    1.011766] pci 0000:00:01.3: [8086:7113] type 00 class 0x068000
[    1.013367] pci 0000:00:01.3: quirk: [io  0x0600-0x063f] claimed by PIIX4 ACPI
[    1.013569] pci 0000:00:01.3: quirk: [io  0x0700-0x070f] claimed by PIIX4 SMB
[    1.014174] pci 0000:00:02.0: [1234:1111] type 00 class 0x030000
[    1.014568] pci 0000:00:02.0: BAR 0 [mem 0xfd000000-0xfdffffff pref]
[    1.015207] pci 0000:00:02.0: BAR 2 [mem 0xfebd0000-0xfebd0fff]
[    1.016258] pci 0000:00:02.0: ROM [mem 0xfebc0000-0xfebcffff pref]
[    1.016596] pci 0000:00:02.0: Video device with shadowed ROM at [mem 0x000c0000-0x000dffff]
[    1.016941] pci 0000:00:03.0: [1af4:1000] type 00 class 0x020000
[    1.017426] pci 0000:00:03.0: BAR 0 [io  0xc000-0xc01f]
[    1.017929] pci 0000:00:03.0: BAR 1 [mem 0xfebd1000-0xfebd1fff]
[    1.019960] pci 0000:00:03.0: BAR 4 [mem 0xfe000000-0xfe003fff 64bit pref]
[    1.020556] pci 0000:00:03.0: ROM [mem 0xfeb80000-0xfebbffff pref]
[    1.027397] ACPI: PCI: Interrupt link LNKA configured for IRQ 10
[    1.028072] ACPI: PCI: Interrupt link LNKB configured for IRQ 10
[    1.028500] ACPI: PCI: Interrupt link LNKC configured for IRQ 11
[    1.028919] ACPI: PCI: Interrupt link LNKD configured for IRQ 11
[    1.030062] ACPI: PCI: Interrupt link LNKS configured for IRQ 9
[    1.032990] iommu: Default domain type: Translated
[    1.033146] iommu: DMA domain TLB invalidation policy: lazy mode
[    1.034581] pps_core: LinuxPPS API ver. 1 registered
[    1.034725] pps_core: Software ver. 5.3.6 - Copyright 2005-2007 Rodolfo Giometti <giometti@linux.it>
[    1.034984] PTP clock support registered
[    1.035864] EDAC MC: Ver: 3.0.0
[    1.044044] PCI: Using ACPI for IRQ routing
[    1.047670] pci 0000:00:02.0: vgaarb: setting as boot VGA device
[    1.047873] pci 0000:00:02.0: vgaarb: bridge control possible
[    1.048049] pci 0000:00:02.0: vgaarb: VGA device added: decodes=io+mem,owns=io+mem,locks=none
[    1.048257] vgaarb: loaded
[    1.050672] hpet: 3 channels of 0 reserved for per-cpu timers
[    1.051046] hpet0: at MMIO 0xfed00000, IRQs 2, 8, 0
[    1.051231] hpet0: 3 comparators, 64-bit 100.000000 MHz counter
[    1.054281] clocksource: Switched to clocksource tsc-early
[    1.062750] VFS: Disk quotas dquot_6.6.0
[    1.063108] VFS: Dquot-cache hash table entries: 512 (order 0, 4096 bytes)
[    1.065961] pnp: PnP ACPI init
[    1.070270] pnp: PnP ACPI: found 6 devices
[    1.086545] clocksource: acpi_pm: mask: 0xffffff max_cycles: 0xffffff, max_idle_ns: 2085701024 ns
[    1.087877] NET: Registered PF_INET protocol family
[    1.089038] IP idents hash table entries: 8192 (order: 4, 65536 bytes, linear)
[    1.094429] tcp_listen_portaddr_hash hash table entries: 256 (order: 0, 4096 bytes, linear)
[    1.095339] Table-perturb hash table entries: 65536 (order: 6, 262144 bytes, linear)
[    1.096020] TCP established hash table entries: 4096 (order: 3, 32768 bytes, linear)
[    1.096490] TCP bind hash table entries: 4096 (order: 5, 131072 bytes, linear)
[    1.096796] TCP: Hash tables configured (established 4096 bind 4096)
[    1.098627] MPTCP token hash table entries: 512 (order: 2, 12288 bytes, linear)
[    1.099078] UDP hash table entries: 256 (order: 1, 8192 bytes, linear)
[    1.099439] UDP-Lite hash table entries: 256 (order: 1, 8192 bytes, linear)
[    1.100797] NET: Registered PF_UNIX/PF_LOCAL protocol family
[    1.101318] NET: Registered PF_XDP protocol family
[    1.102132] pci_bus 0000:00: resource 4 [io  0x0000-0x0cf7 window]
[    1.102292] pci_bus 0000:00: resource 5 [io  0x0d00-0xffff window]
[    1.102441] pci_bus 0000:00: resource 6 [mem 0x000a0000-0x000bffff window]
[    1.102652] pci_bus 0000:00: resource 7 [mem 0x20000000-0xfebfffff window]
[    1.102814] pci_bus 0000:00: resource 8 [mem 0x100000000-0x17fffffff window]
[    1.103443] pci 0000:00:01.0: PIIX3: Enabling Passive Release
[    1.103645] pci 0000:00:00.0: Limiting direct PCI/PCI transfers
[    1.103864] PCI: CLS 0 bytes, default 64
[    1.107823] Trying to unpack rootfs image as initramfs...
[    1.122452] Initialise system trusted keyrings
[    1.124274] workingset: timestamp_bits=40 max_order=17 bucket_order=0
[    1.124600] zbud: loaded
[    1.189381] jitterentropy: Initialization failed with host not compliant with requirements: 2
[    1.251795] Key type asymmetric registered
[    1.252039] Asymmetric key parser 'x509' registered
[    1.252729] Block layer SCSI generic (bsg) driver version 0.4 loaded (major 246)
[    1.253315] io scheduler mq-deadline registered
[    1.253469] io scheduler kyber registered
[    1.253791] io scheduler bfq registered
[    1.259896] shpchp: Standard Hot Plug PCI Controller Driver version: 0.4
[    1.266223] ERST DBG: ERST support is disabled.
[    1.268491] Serial: 8250/16550 driver, 4 ports, IRQ sharing enabled
[    1.275228] 00:04: ttyS0 at I/O 0x3f8 (irq = 4, base_baud = 115200) is a 16550A
[    1.334941] brd: module loaded
[    1.342017] i8042: PNP: PS/2 Controller [PNP0303:KBD,PNP0f13:MOU] at 0x60,0x64 irq 1,12
[    1.345540] serio: i8042 KBD port at 0x60,0x64 irq 1
[    1.345814] serio: i8042 AUX port at 0x60,0x64 irq 12
[    1.348655] rtc_cmos 00:05: RTC can wake from S4
[    1.354209] input: AT Translated Set 2 keyboard as /devices/platform/i8042/serio0/input/input1
[    1.359382] rtc_cmos 00:05: registered as rtc0
[    1.359970] rtc_cmos 00:05: setting system clock to 2026-09-10T01:54:19 UTC (1789005259)
[    1.362772] rtc_cmos 00:05: alarms up to one day, y3k, 242 bytes nvram, hpet irqs
[    1.365116] amd_pstate: the _CPC object is not present in SBIOS or ACPI disabled
[    1.367308] gre: GRE over IPv4 demultiplexor driver
[    1.368165] NET: Registered PF_INET6 protocol family
[    1.410122] Freeing initrd memory: 4736K
[    1.518751] Segment Routing with IPv6
[    1.519124] In-situ OAM (IOAM) with IPv6
[    1.519643] can: controller area network core
[    1.520032] NET: Registered PF_CAN protocol family
[    1.520531] Key type dns_resolver registered
[    1.523194] IPI shorthand broadcast: enabled
[    1.581270] sched_clock: Marking stable (1537455632, 40554217)->(1580201669, -2191820)
[    1.592396] registered taskstats version 1
[    1.593529] Loading compiled-in X.509 certificates
[    1.615965] Loaded X.509 cert 'alpinelinux.org: Alpine Linux kernel key: d76a695f66ad9cd28f5c22a8508f36e91f521f7a'
[    1.629972] Key type .fscrypt registered
[    1.630122] Key type fscrypt-provisioning registered
[    1.634413] clk: Disabling unused clocks
[    1.721722] Freeing unused kernel image (initmem) memory: 3516K
[    1.722164] Write protecting the kernel read-only data: 20480k
[    1.723782] Freeing unused kernel image (rodata/data gap) memory: 1092K
[    1.724102] Run /init as init process
[net] loading virtio-net modules ...
[net]   + drivers/virtio/virtio.ko
[net]   + drivers/virtio/virtio_ring.ko
[net]   + drivers/virtio/virtio_pci_modern_dev.ko
[net]   + drivers/virtio/virtio_pci_legacy_dev.ko
[    1.863771] ACPI: \_SB_.LNKC: Enabled at IRQ 11
[net]   + drivers/virtio/virtio_pci.ko
[net]   + net/core/failover.ko
[net]   + drivers/net/net_failover.ko
[net]   + drivers/net/virtio_net.ko
[net] eth0 up: 10.0.2.15, gw 10.0.2.2, DNS 10.0.2.3
[net] apk: apk-tools 2.14.4, compiled for x86_64.

==================================================
  MINI LINUX BOOTED OK
  kernel : 6.6.134-0-lts / x86_64
  host   : mini-linux
==================================================

Mini Linux shell. Type "poweroff -f" to shut down.
sh: can't access tty; job control turned off
mini-linux:/#[6n[    2.119061] tsc: Refined TSC clocksource calibration: 1000.000 MHz
[    2.119596] clocksource: tsc: mask: 0xffffffffffffffff max_cycles: 0x1cd42e4dffb, max_idle_ns: 881590591483 ns
[    2.119972] clocksource: Switched to clocksource tsc
apk update; echo U1=$?; apk update; echo U2=$?; apk add --no-cache 
hello; echo A=$?; hello
fetch http://dl-cdn.alpinelinux.org/alpine/v3.20/main/x86_64/APKINDEX.tar.gz
v3.20.10-114-ga410d2306e5 [http://dl-cdn.alpinelinux.org/alpine/v3.20/main]
OK: 5525 distinct packages available
U1=0
fetch http://dl-cdn.alpinelinux.org/alpine/v3.20/main/x86_64/APKINDEX.tar.gz
poweroff -f
v3.20.10-114-ga410d2306e5 [http://dl-cdn.alpinelinux.org/alpine/v3.20/main]
OK: 5525 distinct packages available
U2=0
fetch http://dl-cdn.alpinelinux.org/alpine/v3.20/main/x86_64/APKINDEX.tar.gz
ERROR: unable to select packages:
  hello (no such package):
    required by: world[hello]
A=1
sh: hello: not found
mini-linux:/#poweroff -f
[  170.787801] ACPI: PM: Preparing to enter system sleep state S5
[  170.788586] reboot: Power down
