c[?7l[2J[0mSeaBIOS (version rel-1.16.3-0-ga6ed6b701f0a-prebuilt.qemu.org)


iPXE (http://ipxe.org) 00:03.0 CA00 PCI2.10 PnP PMM+1EFD0FC0+1EF30FC0 CA00
Press Ctrl-B to configure iPXE (PCI 00:03.0)...                                                                               


Booting from Hard Disk...
Boot failed: could not read the boot disk

Booting from Floppy...
Boot failed: could not read the boot disk

Booting from DVD/CD...

ISOLINUX 6.04 6.04-pre1 ETCD Copyright (C[16;41H[16;42H) 1994-2015 H. Peter Anvin et al
Loading /boot/vmlinuz... ok
Loading /boot/initramfs.gz...ok
Probing EDD (edd=off to disable)... oc[?7l[2J[    0.000000] Linux version 6.6.134-0-lts (buildozer@build-3-20-x86_64) (gcc (Alpine 13.2.1_git20240309) 13.2.1 20240309, GNU ld (GNU Binutils) 2.42) #1-Alpine SMP PREEMPT_DYNAMIC 2026-04-11 17:03:51
[    0.000000] Command line: BOOT_IMAGE=/boot/vmlinuz console=ttyS0 initrd=/boot/initramfs.gz
[    0.000000] BIOS-provided physical RAM map:
[    0.000000] BIOS-e820: [mem 0x0000000000000000-0x000000000009fbff] usable
[    0.000000] BIOS-e820: [mem 0x000000000009fc00-0x000000000009ffff] reserved
[    0.000000] BIOS-e820: [mem 0x00000000000f0000-0x00000000000fffff] reserved
[    0.000000] BIOS-e820: [mem 0x0000000000100000-0x000000001ffdffff] usable
[    0.000000] BIOS-e820: [mem 0x000000001ffe0000-0x000000001fffffff] reserved
[    0.000000] BIOS-e820: [mem 0x00000000fffc0000-0x00000000ffffffff] reserved
[    0.000000] BIOS-e820: [mem 0x000000fd00000000-0x000000ffffffffff] reserved
[    0.000000] NX (Execute Disable) protection: active
[    0.000000] APIC: Static calls initialized
[    0.000000] SMBIOS 2.8 present.
[    0.000000] DMI: QEMU Standard PC (i440FX + PIIX, 1996), BIOS rel-1.16.3-0-ga6ed6b701f0a-prebuilt.qemu.org 04/01/2014
[    0.000000] tsc: Fast TSC calibration using PIT
[    0.000000] tsc: Detected 999.999 MHz processor
[    0.017033] AGP: No AGP bridge found
[    0.017340] last_pfn = 0x1ffe0 max_arch_pfn = 0x400000000
[    0.018087] MTRR map: 4 entries (3 fixed + 1 variable; max 19), built from 8 variable MTRRs
[    0.018286] x86/PAT: Configuration [0-7]: WB  WC  UC- UC  WB  WP  UC- WT  
[    0.051301] found SMP MP-table at [mem 0x000f5480-0x000f548f]
[    0.056726] RAMDISK: [mem 0x1f9a2000-0x1ffdffff]
[    0.057139] ACPI: Early table checksum verification disabled
[    0.057469] ACPI: RSDP 0x00000000000F52A0 000014 (v00 BOCHS )
[    0.057726] ACPI: RSDT 0x000000001FFE2335 000034 (v01 BOCHS  BXPC     00000001 BXPC 00000001)
[    0.058320] ACPI: FACP 0x000000001FFE21E9 000074 (v01 BOCHS  BXPC     00000001 BXPC 00000001)
[    0.058869] ACPI: DSDT 0x000000001FFE0040 0021A9 (v01 BOCHS  BXPC     00000001 BXPC 00000001)
[    0.058945] ACPI: FACS 0x000000001FFE0000 000040
[    0.059006] ACPI: APIC 0x000000001FFE225D 000078 (v03 BOCHS  BXPC     00000001 BXPC 00000001)
[    0.059048] ACPI: HPET 0x000000001FFE22D5 000038 (v01 BOCHS  BXPC     00000001 BXPC 00000001)
[    0.059076] ACPI: WAET 0x000000001FFE230D 000028 (v01 BOCHS  BXPC     00000001 BXPC 00000001)
[    0.059182] ACPI: Reserving FACP table memory at [mem 0x1ffe21e9-0x1ffe225c]
[    0.059210] ACPI: Reserving DSDT table memory at [mem 0x1ffe0040-0x1ffe21e8]
[    0.059218] ACPI: Reserving FACS table memory at [mem 0x1ffe0000-0x1ffe003f]
[    0.059224] ACPI: Reserving APIC table memory at [mem 0x1ffe225d-0x1ffe22d4]
[    0.059231] ACPI: Reserving HPET table memory at [mem 0x1ffe22d5-0x1ffe230c]
[    0.059237] ACPI: Reserving WAET table memory at [mem 0x1ffe230d-0x1ffe2334]
[    0.061371] No NUMA configuration found
[    0.061389] Faking a node at [mem 0x0000000000000000-0x000000001ffdffff]
[    0.062005] NODE_DATA(0) allocated [mem 0x1f99c000-0x1f9a1fff]
[    0.064651] Zone ranges:
[    0.064674]   DMA      [mem 0x0000000000001000-0x0000000000ffffff]
[    0.064744]   DMA32    [mem 0x0000000001000000-0x000000001ffdffff]
[    0.064756]   Normal   empty
[    0.064776]   Device   empty
[    0.064791] Movable zone start for each node
[    0.064824] Early memory node ranges
[    0.064851]   node   0: [mem 0x0000000000001000-0x000000000009efff]
[    0.065023]   node   0: [mem 0x0000000000100000-0x000000001ffdffff]
[    0.065248] Initmem setup node 0 [mem 0x0000000000001000-0x000000001ffdffff]
[    0.066197] On node 0, zone DMA: 1 pages in unavailable ranges
[    0.066415] On node 0, zone DMA: 97 pages in unavailable ranges
[    0.068772] On node 0, zone DMA32: 32 pages in unavailable ranges
[    0.069225] ACPI: PM-Timer IO Port: 0x608
[    0.069622] ACPI: LAPIC_NMI (acpi_id[0xff] dfl dfl lint[0x1])
[    0.069979] IOAPIC[0]: apic_id 0, version 32, address 0xfec00000, GSI 0-23
[    0.070096] ACPI: INT_SRC_OVR (bus 0 bus_irq 0 global_irq 2 dfl dfl)
[    0.070377] ACPI: INT_SRC_OVR (bus 0 bus_irq 5 global_irq 5 high level)
[    0.070425] ACPI: INT_SRC_OVR (bus 0 bus_irq 9 global_irq 9 high level)
[    0.070536] ACPI: INT_SRC_OVR (bus 0 bus_irq 10 global_irq 10 high level)
[    0.070546] ACPI: INT_SRC_OVR (bus 0 bus_irq 11 global_irq 11 high level)
[    0.070776] ACPI: Using ACPI (MADT) for SMP configuration information
[    0.070827] ACPI: HPET id: 0x8086a201 base: 0xfed00000
[    0.071159] smpboot: Allowing 1 CPUs, 0 hotplug CPUs
[    0.072118] PM: hibernation: Registered nosave memory: [mem 0x00000000-0x00000fff]
[    0.072162] PM: hibernation: Registered nosave memory: [mem 0x0009f000-0x000fffff]
[    0.072338] [mem 0x20000000-0xfffbffff] available for PCI devices
[    0.072377] Booting paravirtualized kernel on bare hardware
[    0.072663] clocksource: refined-jiffies: mask: 0xffffffff max_cycles: 0xffffffff, max_idle_ns: 6370452778343963 ns
[    0.082212] setup_percpu: NR_CPUS:256 nr_cpumask_bits:1 nr_cpu_ids:1 nr_node_ids:1
[    0.093457] percpu: Embedded 58 pages/cpu s198184 r8192 d31192 u2097152
[    0.095435] Kernel command line: BOOT_IMAGE=/boot/vmlinuz console=ttyS0 initrd=/boot/initramfs.gz
[    0.096755] Dentry cache hash table entries: 65536 (order: 7, 524288 bytes, linear)
[    0.096927] Inode-cache hash table entries: 32768 (order: 6, 262144 bytes, linear)
[    0.099329] Fallback order for Node 0: 0 
[    0.099671] Built 1 zonelists, mobility grouping on.  Total pages: 128736
[    0.099690] Policy zone: DMA32
[    0.100752] mem auto-init: stack:all(zero), heap alloc:on, heap free:off
[    0.100922] AGP: Checking aperture...
[    0.103069] AGP: No AGP bridge found
[    0.108857] Memory: 470012K/523768K available (14336K kernel code, 1950K rwdata, 5052K rodata, 3516K init, 4724K bss, 53496K reserved, 0K cma-reserved)
[    0.145325] SLUB: HWalign=64, Order=0-3, MinObjects=0, CPUs=1, Nodes=1
[    0.145406] kmemleak: Kernel memory leak detector disabled
[    0.148129] ftrace: allocating 41322 entries in 162 pages
[    0.183785] ftrace: allocated 162 pages with 3 groups
[    0.192391] Dynamic Preempt: voluntary
[    0.195550] rcu: Preemptible hierarchical RCU implementation.
[    0.195586] rcu: 	RCU restricting CPUs from NR_CPUS=256 to nr_cpu_ids=1.
[    0.195742] 	Trampoline variant of Tasks RCU enabled.
[    0.195749] 	Rude variant of Tasks RCU enabled.
[    0.195761] 	Tracing variant of Tasks RCU enabled.
[    0.195834] rcu: RCU calculated value of scheduler-enlistment delay is 30 jiffies.
[    0.195858] rcu: Adjusting geometry for rcu_fanout_leaf=16, nr_cpu_ids=1
[    0.222965] NR_IRQS: 16640, nr_irqs: 256, preallocated irqs: 16
[    0.230688] rcu: srcu_init: Setting srcu_struct sizes based on contention.
[    0.235689] kfence: initialized - using 2097152 bytes for 255 objects at 0x(____ptrval____)-0x(____ptrval____)
[    0.239850] Console: colour VGA+ 80x25
[    0.241266] printk: console [ttyS0] enabled
[    0.252857] ACPI: Core revision 20230628
[    0.257438] clocksource: hpet: mask: 0xffffffff max_cycles: 0xffffffff, max_idle_ns: 19112604467 ns
[    0.261875] APIC: Switch to symmetric I/O mode setup
[    0.266233] ..TIMER: vector=0x30 apic1=0 pin1=2 apic2=-1 pin2=-1
[    0.284599] clocksource: tsc-early: mask: 0xffffffffffffffff max_cycles: 0x1cd42c7a813, max_idle_ns: 881590565951 ns
[    0.285063] Calibrating delay loop (skipped), value calculated using timer frequency.. 2000.33 BogoMIPS (lpj=3333330)
[    0.290098] process: using AMD E400 aware idle routine
[    0.290356] Last level iTLB entries: 4KB 512, 2MB 255, 4MB 127
[    0.290450] Last level dTLB entries: 4KB 512, 2MB 255, 4MB 127, 1GB 0
[    0.290799] Spectre V1 : Mitigation: usercopy/swapgs barriers and __user pointer sanitization
[    0.291058] Spectre V2 : Mitigation: Retpolines
[    0.291156] Spectre V2 : Spectre v2 / SpectreRSB: Filling RSB on context switch and VMEXIT
[    0.291560] x86/fpu: x87 FPU will use FXSAVE
[    0.584297] Freeing SMP alternatives memory: 36K
[    0.584894] pid_max: default: 32768 minimum: 301
[    0.594661] LSM: initializing lsm=lockdown,capability,landlock,yama
[    0.599700] landlock: Up and running.
[    0.599777] Yama: becoming mindful.
[    0.602666] Mount-cache hash table entries: 1024 (order: 1, 8192 bytes, linear)
[    0.602885] Mountpoint-cache hash table entries: 1024 (order: 1, 8192 bytes, linear)
[    0.734894] smpboot: CPU0: AMD QEMU Virtual CPU version 2.5+ (family: 0xf, model: 0x6b, stepping: 0x1)
[    0.739151] RCU Tasks: Setting shift to 0 and lim to 1 rcu_task_cb_adjust=1 rcu_task_cpu_ids=1.
[    0.739709] RCU Tasks Rude: Setting shift to 0 and lim to 1 rcu_task_cb_adjust=1 rcu_task_cpu_ids=1.
[    0.739979] RCU Tasks Trace: Setting shift to 0 and lim to 1 rcu_task_cb_adjust=1 rcu_task_cpu_ids=1.
[    0.740369] Performance Events: PMU not available due to virtualization, using software events only.
[    0.741398] signal: max sigframe size: 1440
[    0.741560] rcu: Hierarchical SRCU implementation.
[    0.741560] rcu: 	Max phase no-delay instances is 1000.
[    0.749975] NMI watchdog: Perf NMI watchdog permanently disabled
[    0.750862] smp: Bringing up secondary CPUs ...
[    0.752967] smp: Brought up 1 node, 1 CPU
[    0.753063] smpboot: Max logical packages: 1
[    0.753196] ----------------
[    0.753244] | NMI testsuite:
[    0.753285] --------------------
[    0.753332]   remote IPI:  ok  |
[    0.753481]    local IPI:  ok  |
[    0.754239] --------------------
[    0.754284] Good, all   2 testcases passed! |
[    0.754352] ---------------------------------
[    0.754453] smpboot: Total of 1 processors activated (2000.33 BogoMIPS)
[    0.766699] devtmpfs: initialized
[    0.770656] x86/mm: Memory block size: 128MB
[    0.774894] clocksource: jiffies: mask: 0xffffffff max_cycles: 0xffffffff, max_idle_ns: 6370867519511994 ns
[    0.775217] futex hash table entries: 256 (order: 2, 16384 bytes, linear)
[    0.778469] pinctrl core: initialized pinctrl subsystem
[    0.792723] NET: Registered PF_NETLINK/PF_ROUTE protocol family
[    0.796481] audit: initializing netlink subsys (disabled)
[    0.798444] audit: type=2000 audit(1789022948.533:1): state=initialized audit_enabled=0 res=1
[    0.803041] thermal_sys: Registered thermal governor 'fair_share'
[    0.803072] thermal_sys: Registered thermal governor 'bang_bang'
[    0.803153] thermal_sys: Registered thermal governor 'step_wise'
[    0.803233] thermal_sys: Registered thermal governor 'user_space'
[    0.803590] cpuidle: using governor ladder
[    0.803809] cpuidle: using governor menu
[    0.805925] acpiphp: ACPI Hot Plug PCI Controller Driver version: 0.5
[    0.808227] PCI: Using configuration type 1 for base access
[    0.810694] kprobes: kprobe jump-optimization is enabled. All kprobes are optimized if possible.
[    0.875775] HugeTLB: registered 2.00 MiB page size, pre-allocated 0 pages
[    0.875957] HugeTLB: 28 KiB vmemmap can be freed for a 2.00 MiB page
[    0.895098] ACPI: Added _OSI(Module Device)
[    0.895199] ACPI: Added _OSI(Processor Device)
[    0.895270] ACPI: Added _OSI(Processor Aggregator Device)
[    0.908227] ACPI: 1 ACPI AML tables successfully acquired and loaded
[    0.918227] ACPI: _OSC evaluation for CPUs failed, trying _PDC
[    0.921755] ACPI: Interpreter enabled
[    0.923004] ACPI: PM: (supports S0 S3 S4 S5)
[    0.923128] ACPI: Using IOAPIC for interrupt routing
[    0.923641] PCI: Using host bridge windows from ACPI; if necessary, use "pci=nocrs" and report a bug
[    0.923776] PCI: Using E820 reservations for host bridge windows
[    0.924894] ACPI: Enabled 2 GPEs in block 00 to 0F
[    0.949106] ACPI: PCI Root Bridge [PCI0] (domain 0000 [bus 00-ff])
[    0.949736] acpi PNP0A03:00: _OSC: OS supports [ASPM ClockPM Segments MSI HPX-Type3]
[    0.949983] acpi PNP0A03:00: _OSC: not requesting OS control; OS requires [ExtendedConfig ASPM ClockPM MSI]
[    0.950611] acpi PNP0A03:00: fail to add MMCONFIG information, can't access extended configuration space under this bridge
[    0.955211] acpiphp: Slot [3] registered
[    0.955371] acpiphp: Slot [4] registered
[    0.955493] acpiphp: Slot [5] registered
[    0.955610] acpiphp: Slot [6] registered
[    0.955713] acpiphp: Slot [7] registered
[    0.955811] acpiphp: Slot [8] registered
[    0.955921] acpiphp: Slot [9] registered
[    0.956036] acpiphp: Slot [10] registered
[    0.956135] acpiphp: Slot [11] registered
[    0.956241] acpiphp: Slot [12] registered
[    0.956343] acpiphp: Slot [13] registered
[    0.958313] acpiphp: Slot [14] registered
[    0.958433] acpiphp: Slot [15] registered
[    0.958534] acpiphp: Slot [16] registered
[    0.958646] acpiphp: Slot [17] registered
[    0.958745] acpiphp: Slot [18] registered
[    0.958852] acpiphp: Slot [19] registered
[    0.958951] acpiphp: Slot [20] registered
[    0.959049] acpiphp: Slot [21] registered
[    0.959152] acpiphp: Slot [22] registered
[    0.959250] acpiphp: Slot [23] registered
[    0.959367] acpiphp: Slot [24] registered
[    0.959471] acpiphp: Slot [25] registered
[    0.959569] acpiphp: Slot [26] registered
[    0.959668] acpiphp: Slot [27] registered
[    0.959772] acpiphp: Slot [28] registered
[    0.959870] acpiphp: Slot [29] registered
[    0.959967] acpiphp: Slot [30] registered
[    0.960080] acpiphp: Slot [31] registered
[    0.961055] PCI host bridge to bus 0000:00
[    0.961250] pci_bus 0000:00: root bus resource [io  0x0000-0x0cf7 window]
[    0.961445] pci_bus 0000:00: root bus resource [io  0x0d00-0xffff window]
[    0.961529] pci_bus 0000:00: root bus resource [mem 0x000a0000-0x000bffff window]
[    0.961560] pci_bus 0000:00: root bus resource [mem 0x20000000-0xfebfffff window]
[    0.961560] pci_bus 0000:00: root bus resource [mem 0x100000000-0x17fffffff window]
[    0.961560] pci_bus 0000:00: root bus resource [bus 00-ff]
[    0.961979] pci 0000:00:00.0: [8086:1237] type 00 class 0x060000
[    0.965474] pci 0000:00:01.0: [8086:7000] type 00 class 0x060100
[    0.966010] pci 0000:00:01.1: [8086:7010] type 00 class 0x010180
[    0.966782] pci 0000:00:01.1: BAR 4 [io  0xc040-0xc04f]
[    0.967167] pci 0000:00:01.1: BAR 0 [io  0x01f0-0x01f7]: legacy IDE quirk
[    0.967288] pci 0000:00:01.1: BAR 1 [io  0x03f6]: legacy IDE quirk
[    0.967394] pci 0000:00:01.1: BAR 2 [io  0x0170-0x0177]: legacy IDE quirk
[    0.967494] pci 0000:00:01.1: BAR 3 [io  0x0376]: legacy IDE quirk
[    0.968520] pci 0000:00:01.3: [8086:7113] type 00 class 0x068000
[    0.968867] pci 0000:00:01.3: quirk: [io  0x0600-0x063f] claimed by PIIX4 ACPI
[    0.968989] pci 0000:00:01.3: quirk: [io  0x0700-0x070f] claimed by PIIX4 SMB
[    0.969516] pci 0000:00:02.0: [1234:1111] type 00 class 0x030000
[    0.969839] pci 0000:00:02.0: BAR 0 [mem 0xfd000000-0xfdffffff pref]
[    0.970337] pci 0000:00:02.0: BAR 2 [mem 0xfebf0000-0xfebf0fff]
[    0.971187] pci 0000:00:02.0: ROM [mem 0xfebe0000-0xfebeffff pref]
[    0.972487] pci 0000:00:02.0: Video device with shadowed ROM at [mem 0x000c0000-0x000dffff]
[    0.973274] pci 0000:00:03.0: [8086:100e] type 00 class 0x020000
[    0.973597] pci 0000:00:03.0: BAR 0 [mem 0xfebc0000-0xfebdffff]
[    0.973905] pci 0000:00:03.0: BAR 1 [io  0xc000-0xc03f]
[    0.974894] pci 0000:00:03.0: ROM [mem 0xfeb80000-0xfebbffff pref]
[    0.981971] ACPI: PCI: Interrupt link LNKA configured for IRQ 10
[    0.982478] ACPI: PCI: Interrupt link LNKB configured for IRQ 10
[    0.982903] ACPI: PCI: Interrupt link LNKC configured for IRQ 11
[    0.983267] ACPI: PCI: Interrupt link LNKD configured for IRQ 11
[    0.983479] ACPI: PCI: Interrupt link LNKS configured for IRQ 9
[    0.986597] iommu: Default domain type: Translated
[    0.986699] iommu: DMA domain TLB invalidation policy: lazy mode
[    0.988227] pps_core: LinuxPPS API ver. 1 registered
[    0.988227] pps_core: Software ver. 5.3.6 - Copyright 2005-2007 Rodolfo Giometti <giometti@linux.it>
[    0.988227] PTP clock support registered
[    0.988847] EDAC MC: Ver: 3.0.0
[    0.997735] PCI: Using ACPI for IRQ routing
[    1.002181] pci 0000:00:02.0: vgaarb: setting as boot VGA device
[    1.002299] pci 0000:00:02.0: vgaarb: bridge control possible
[    1.002410] pci 0000:00:02.0: vgaarb: VGA device added: decodes=io+mem,owns=io+mem,locks=none
[    1.002548] vgaarb: loaded
[    1.004055] hpet: 3 channels of 0 reserved for per-cpu timers
[    1.004378] hpet0: at MMIO 0xfed00000, IRQs 2, 8, 0
[    1.004514] hpet0: 3 comparators, 64-bit 100.000000 MHz counter
[    1.009321] clocksource: Switched to clocksource tsc-early
[    1.018575] VFS: Disk quotas dquot_6.6.0
[    1.018848] VFS: Dquot-cache hash table entries: 512 (order 0, 4096 bytes)
[    1.020834] pnp: PnP ACPI init
[    1.023445] pnp: PnP ACPI: found 6 devices
[    1.040108] clocksource: acpi_pm: mask: 0xffffff max_cycles: 0xffffff, max_idle_ns: 2085701024 ns
[    1.041773] NET: Registered PF_INET protocol family
[    1.042922] IP idents hash table entries: 8192 (order: 4, 65536 bytes, linear)
[    1.048254] tcp_listen_portaddr_hash hash table entries: 256 (order: 0, 4096 bytes, linear)
[    1.048579] Table-perturb hash table entries: 65536 (order: 6, 262144 bytes, linear)
[    1.048739] TCP established hash table entries: 4096 (order: 3, 32768 bytes, linear)
[    1.049113] TCP bind hash table entries: 4096 (order: 5, 131072 bytes, linear)
[    1.049357] TCP: Hash tables configured (established 4096 bind 4096)
[    1.051575] MPTCP token hash table entries: 512 (order: 2, 12288 bytes, linear)
[    1.051995] UDP hash table entries: 256 (order: 1, 8192 bytes, linear)
[    1.052273] UDP-Lite hash table entries: 256 (order: 1, 8192 bytes, linear)
[    1.053725] NET: Registered PF_UNIX/PF_LOCAL protocol family
[    1.054267] NET: Registered PF_XDP protocol family
[    1.055053] pci_bus 0000:00: resource 4 [io  0x0000-0x0cf7 window]
[    1.055150] pci_bus 0000:00: resource 5 [io  0x0d00-0xffff window]
[    1.055239] pci_bus 0000:00: resource 6 [mem 0x000a0000-0x000bffff window]
[    1.055344] pci_bus 0000:00: resource 7 [mem 0x20000000-0xfebfffff window]
[    1.055454] pci_bus 0000:00: resource 8 [mem 0x100000000-0x17fffffff window]
[    1.056024] pci 0000:00:01.0: PIIX3: Enabling Passive Release
[    1.056168] pci 0000:00:00.0: Limiting direct PCI/PCI transfers
[    1.056372] PCI: CLS 0 bytes, default 64
[    1.061077] Initialise system trusted keyrings
[    1.067824] workingset: timestamp_bits=40 max_order=17 bucket_order=0
[    1.068092] zbud: loaded
[    1.071138] Trying to unpack rootfs image as initramfs...
[    1.134885] jitterentropy: Initialization failed with host not compliant with requirements: 2
[    1.193456] Key type asymmetric registered
[    1.193660] Asymmetric key parser 'x509' registered
[    1.194300] Block layer SCSI generic (bsg) driver version 0.4 loaded (major 246)
[    1.194859] io scheduler mq-deadline registered
[    1.194964] io scheduler kyber registered
[    1.195251] io scheduler bfq registered
[    1.199757] shpchp: Standard Hot Plug PCI Controller Driver version: 0.4
[    1.205046] ERST DBG: ERST support is disabled.
[    1.211757] Serial: 8250/16550 driver, 4 ports, IRQ sharing enabled
[    1.215355] 00:04: ttyS0 at I/O 0x3f8 (irq = 4, base_baud = 115200) is a 16550A
[    1.272715] brd: module loaded
[    1.273460] i8042: PNP: PS/2 Controller [PNP0303:KBD,PNP0f13:MOU] at 0x60,0x64 irq 1,12
[    1.283796] serio: i8042 KBD port at 0x60,0x64 irq 1
[    1.284024] serio: i8042 AUX port at 0x60,0x64 irq 12
[    1.288486] rtc_cmos 00:05: RTC can wake from S4
[    1.295108] rtc_cmos 00:05: registered as rtc0
[    1.295535] rtc_cmos 00:05: setting system clock to 2026-09-10T06:49:09 UTC (1789022949)
[    1.296895] rtc_cmos 00:05: alarms up to one day, y3k, 242 bytes nvram, hpet irqs
[    1.302252] amd_pstate: the _CPC object is not present in SBIOS or ACPI disabled
[    1.304965] gre: GRE over IPv4 demultiplexor driver
[    1.305866] NET: Registered PF_INET6 protocol family
[    1.306894] input: AT Translated Set 2 keyboard as /devices/platform/i8042/serio0/input/input1
[    1.486054] Freeing initrd memory: 6392K
[    1.594633] Segment Routing with IPv6
[    1.594962] In-situ OAM (IOAM) with IPv6
[    1.594962] can: controller area network core
[    1.594962] NET: Registered PF_CAN protocol family
[    1.594962] Key type dns_resolver registered
[    1.599198] IPI shorthand broadcast: enabled
[    1.660158] sched_clock: Marking stable (1627441579, 30401721)->(1662339662, -4496362)
[    1.666255] registered taskstats version 1
[    1.667263] Loading compiled-in X.509 certificates
[    1.690397] Loaded X.509 cert 'alpinelinux.org: Alpine Linux kernel key: d76a695f66ad9cd28f5c22a8508f36e91f521f7a'
[    1.704479] Key type .fscrypt registered
[    1.704582] Key type fscrypt-provisioning registered
[    1.708910] clk: Disabling unused clocks
[    1.797316] Freeing unused kernel image (initmem) memory: 3516K
[    1.797675] Write protecting the kernel read-only data: 20480k
[    1.799177] Freeing unused kernel image (rodata/data gap) memory: 1092K
[    1.799462] Run /init as init process
[net] loading virtio-net modules ...
[net]   + drivers/virtio/virtio.ko
[net]   + drivers/virtio/virtio_ring.ko
[net]   + drivers/virtio/virtio_pci_modern_dev.ko
[net]   + drivers/virtio/virtio_pci_legacy_dev.ko
[net]   + drivers/virtio/virtio_pci.ko
[net]   + net/core/failover.ko
[net]   + drivers/net/net_failover.ko
[net]   + drivers/net/virtio_net.ko
[net] eth0 not found - network skipped

==================================================
  MINI LINUX BOOTED OK
  kernel : 6.6.134-0-lts / x86_64
  host   : mini-linux
==================================================

Mini Linux shell. Type "poweroff -f" to shut down.
sh: can't access tty; job control turned off
mini-linux:/#[6n[    2.087806] tsc: Refined TSC clocksource calibration: 1000.000 MHz
[    2.088577] clocksource: tsc: mask: 0xffffffffffffffff max_cycles: 0x1cd42e4dffb, max_idle_ns: 881590591483 ns
[    2.089019] clocksource: Switched to clocksource tsc
zsh --version
zsh 5.9 (x86_64-alpine-linux-musl)
mini-linux:/#[6npoweroff -f
[   25.539786] ACPI: PM: Preparing to enter system sleep state S5
[   25.541227] reboot: Power down
