c[?7l[2J[0mSeaBIOS (version rel-1.16.3-0-ga6ed6b701f0a-prebuilt.qemu.org)


iPXE (http://ipxe.org) 00:03.0 CA00 PCI2.10 PnP PMM+1EFD0D90+1EF30D90 CA00
Press Ctrl-B to configure iPXE (PCI 00:03.0)...                                                                               


Booting from ROM...
Probing EDD (edd=off to disable)... ok
c[?7l[2J[    0.000000] Linux version 6.6.134-0-lts (buildozer@build-3-20-x86_64) (gcc (Alpine 13.2.1_git20240309) 13.2.1 20240309, GNU ld (GNU Binutils) 2.42) #1-Alpine SMP PREEMPT_DYNAMIC 2026-04-11 17:03:51
[    0.000000] Command line: console=ttyS0
[    0.000000] BIOS-provided physical RAM map:
[    0.000000] BIOS-e820: [mem 0x0000000000000000-0x000000000009fbff] usable
[    0.000000] BIOS-e820: [mem 0x000000000009fc00-0x000000000009ffff] reserved
[    0.000000] BIOS-e820: [mem 0x00000000000f0000-0x00000000000fffff] reserved
[    0.000000] BIOS-e820: [mem 0x0000000000100000-0x000000001ffdffff] usable
[    0.000000] BIOS-e820: [mem 0x000000001ffe0000-0x000000001fffffff] reserved
[    0.000000] BIOS-e820: [mem 0x00000000fffc0000-0x00000000ffffffff] reserved
[    0.000000] BIOS-e820: [mem 0x000000fd00000000-0x000000ffffffffff] reserved
[    0.000000] NX (Execute Disable) protection: active
[    0.000000] APIC: Static calls initialized
[    0.000000] SMBIOS 2.8 present.
[    0.000000] DMI: QEMU Standard PC (i440FX + PIIX, 1996), BIOS rel-1.16.3-0-ga6ed6b701f0a-prebuilt.qemu.org 04/01/2014
[    0.000000] tsc: Fast TSC calibration using PIT
[    0.000000] tsc: Detected 999.935 MHz processor
[    0.017920] AGP: No AGP bridge found
[    0.018262] last_pfn = 0x1ffe0 max_arch_pfn = 0x400000000
[    0.019027] MTRR map: 4 entries (3 fixed + 1 variable; max 19), built from 8 variable MTRRs
[    0.019231] x86/PAT: Configuration [0-7]: WB  WC  UC- UC  WB  WP  UC- WT  
[    0.052882] found SMP MP-table at [mem 0x000f5480-0x000f548f]
[    0.058275] RAMDISK: [mem 0x1fb7f000-0x1ffdffff]
[    0.058721] ACPI: Early table checksum verification disabled
[    0.059086] ACPI: RSDP 0x00000000000F52A0 000014 (v00 BOCHS )
[    0.059369] ACPI: RSDT 0x000000001FFE2335 000034 (v01 BOCHS  BXPC     00000001 BXPC 00000001)
[    0.059894] ACPI: FACP 0x000000001FFE21E9 000074 (v01 BOCHS  BXPC     00000001 BXPC 00000001)
[    0.060436] ACPI: DSDT 0x000000001FFE0040 0021A9 (v01 BOCHS  BXPC     00000001 BXPC 00000001)
[    0.060539] ACPI: FACS 0x000000001FFE0000 000040
[    0.060601] ACPI: APIC 0x000000001FFE225D 000078 (v03 BOCHS  BXPC     00000001 BXPC 00000001)
[    0.060643] ACPI: HPET 0x000000001FFE22D5 000038 (v01 BOCHS  BXPC     00000001 BXPC 00000001)
[    0.060684] ACPI: WAET 0x000000001FFE230D 000028 (v01 BOCHS  BXPC     00000001 BXPC 00000001)
[    0.060803] ACPI: Reserving FACP table memory at [mem 0x1ffe21e9-0x1ffe225c]
[    0.060832] ACPI: Reserving DSDT table memory at [mem 0x1ffe0040-0x1ffe21e8]
[    0.060840] ACPI: Reserving FACS table memory at [mem 0x1ffe0000-0x1ffe003f]
[    0.060847] ACPI: Reserving APIC table memory at [mem 0x1ffe225d-0x1ffe22d4]
[    0.060853] ACPI: Reserving HPET table memory at [mem 0x1ffe22d5-0x1ffe230c]
[    0.060860] ACPI: Reserving WAET table memory at [mem 0x1ffe230d-0x1ffe2334]
[    0.063056] No NUMA configuration found
[    0.063074] Faking a node at [mem 0x0000000000000000-0x000000001ffdffff]
[    0.063713] NODE_DATA(0) allocated [mem 0x1fb79000-0x1fb7efff]
[    0.066419] Zone ranges:
[    0.066445]   DMA      [mem 0x0000000000001000-0x0000000000ffffff]
[    0.066513]   DMA32    [mem 0x0000000001000000-0x000000001ffdffff]
[    0.066525]   Normal   empty
[    0.066545]   Device   empty
[    0.066560] Movable zone start for each node
[    0.066594] Early memory node ranges
[    0.066621]   node   0: [mem 0x0000000000001000-0x000000000009efff]
[    0.066794]   node   0: [mem 0x0000000000100000-0x000000001ffdffff]
[    0.067022] Initmem setup node 0 [mem 0x0000000000001000-0x000000001ffdffff]
[    0.067994] On node 0, zone DMA: 1 pages in unavailable ranges
[    0.068221] On node 0, zone DMA: 97 pages in unavailable ranges
[    0.070906] On node 0, zone DMA32: 32 pages in unavailable ranges
[    0.071465] ACPI: PM-Timer IO Port: 0x608
[    0.071909] ACPI: LAPIC_NMI (acpi_id[0xff] dfl dfl lint[0x1])
[    0.072324] IOAPIC[0]: apic_id 0, version 32, address 0xfec00000, GSI 0-23
[    0.072476] ACPI: INT_SRC_OVR (bus 0 bus_irq 0 global_irq 2 dfl dfl)
[    0.072780] ACPI: INT_SRC_OVR (bus 0 bus_irq 5 global_irq 5 high level)
[    0.072834] ACPI: INT_SRC_OVR (bus 0 bus_irq 9 global_irq 9 high level)
[    0.072951] ACPI: INT_SRC_OVR (bus 0 bus_irq 10 global_irq 10 high level)
[    0.072963] ACPI: INT_SRC_OVR (bus 0 bus_irq 11 global_irq 11 high level)
[    0.073211] ACPI: Using ACPI (MADT) for SMP configuration information
[    0.073269] ACPI: HPET id: 0x8086a201 base: 0xfed00000
[    0.073639] smpboot: Allowing 1 CPUs, 0 hotplug CPUs
[    0.074789] PM: hibernation: Registered nosave memory: [mem 0x00000000-0x00000fff]
[    0.074909] PM: hibernation: Registered nosave memory: [mem 0x0009f000-0x000fffff]
[    0.075104] [mem 0x20000000-0xfffbffff] available for PCI devices
[    0.075150] Booting paravirtualized kernel on bare hardware
[    0.075461] clocksource: refined-jiffies: mask: 0xffffffff max_cycles: 0xffffffff, max_idle_ns: 6370452778343963 ns
[    0.085160] setup_percpu: NR_CPUS:256 nr_cpumask_bits:1 nr_cpu_ids:1 nr_node_ids:1
[    0.086810] percpu: Embedded 58 pages/cpu s198184 r8192 d31192 u2097152
[    0.088767] Kernel command line: console=ttyS0
[    0.090058] Dentry cache hash table entries: 65536 (order: 7, 524288 bytes, linear)
[    0.090233] Inode-cache hash table entries: 32768 (order: 6, 262144 bytes, linear)
[    0.093232] Fallback order for Node 0: 0 
[    0.093622] Built 1 zonelists, mobility grouping on.  Total pages: 128736
[    0.093650] Policy zone: DMA32
[    0.105079] mem auto-init: stack:all(zero), heap alloc:on, heap free:off
[    0.105308] AGP: Checking aperture...
[    0.108230] AGP: No AGP bridge found
[    0.115027] Memory: 471920K/523768K available (14336K kernel code, 1950K rwdata, 5052K rodata, 3516K init, 4724K bss, 51588K reserved, 0K cma-reserved)
[    0.153612] SLUB: HWalign=64, Order=0-3, MinObjects=0, CPUs=1, Nodes=1
[    0.153718] kmemleak: Kernel memory leak detector disabled
[    0.156238] ftrace: allocating 41322 entries in 162 pages
[    0.193463] ftrace: allocated 162 pages with 3 groups
[    0.202583] Dynamic Preempt: voluntary
[    0.205791] rcu: Preemptible hierarchical RCU implementation.
[    0.205831] rcu: 	RCU restricting CPUs from NR_CPUS=256 to nr_cpu_ids=1.
[    0.205991] 	Trampoline variant of Tasks RCU enabled.
[    0.205999] 	Rude variant of Tasks RCU enabled.
[    0.206012] 	Tracing variant of Tasks RCU enabled.
[    0.206085] rcu: RCU calculated value of scheduler-enlistment delay is 30 jiffies.
[    0.206112] rcu: Adjusting geometry for rcu_fanout_leaf=16, nr_cpu_ids=1
[    0.234598] NR_IRQS: 16640, nr_irqs: 256, preallocated irqs: 16
[    0.242869] rcu: srcu_init: Setting srcu_struct sizes based on contention.
[    0.248071] kfence: initialized - using 2097152 bytes for 255 objects at 0x(____ptrval____)-0x(____ptrval____)
[    0.252644] Console: colour VGA+ 80x25
[    0.254068] printk: console [ttyS0] enabled
[    0.276290] ACPI: Core revision 20230628
[    0.281138] clocksource: hpet: mask: 0xffffffff max_cycles: 0xffffffff, max_idle_ns: 19112604467 ns
[    0.285718] APIC: Switch to symmetric I/O mode setup
[    0.290188] ..TIMER: vector=0x30 apic1=0 pin1=2 apic2=-1 pin2=-1
[    0.306520] clocksource: tsc-early: mask: 0xffffffffffffffff max_cycles: 0x1cd3b38e039, max_idle_ns: 881590580833 ns
[    0.307185] Calibrating delay loop (skipped), value calculated using timer frequency.. 2000.19 BogoMIPS (lpj=3333116)
[    0.311108] process: using AMD E400 aware idle routine
[    0.311467] Last level iTLB entries: 4KB 512, 2MB 255, 4MB 127
[    0.311629] Last level dTLB entries: 4KB 512, 2MB 255, 4MB 127, 1GB 0
[    0.312071] Spectre V1 : Mitigation: usercopy/swapgs barriers and __user pointer sanitization
[    0.312422] Spectre V2 : Mitigation: Retpolines
[    0.312578] Spectre V2 : Spectre v2 / SpectreRSB: Filling RSB on context switch and VMEXIT
[    0.313641] x86/fpu: x87 FPU will use FXSAVE
[    0.620845] Freeing SMP alternatives memory: 36K
[    0.621806] pid_max: default: 32768 minimum: 301
[    0.632759] LSM: initializing lsm=lockdown,capability,landlock,yama
[    0.637427] landlock: Up and running.
[    0.637552] Yama: becoming mindful.
[    0.642230] Mount-cache hash table entries: 1024 (order: 1, 8192 bytes, linear)
[    0.642608] Mountpoint-cache hash table entries: 1024 (order: 1, 8192 bytes, linear)
[    0.776510] smpboot: CPU0: AMD QEMU Virtual CPU version 2.5+ (family: 0xf, model: 0x6b, stepping: 0x1)
[    0.782073] RCU Tasks: Setting shift to 0 and lim to 1 rcu_task_cb_adjust=1 rcu_task_cpu_ids=1.
[    0.782675] RCU Tasks Rude: Setting shift to 0 and lim to 1 rcu_task_cb_adjust=1 rcu_task_cpu_ids=1.
[    0.783036] RCU Tasks Trace: Setting shift to 0 and lim to 1 rcu_task_cb_adjust=1 rcu_task_cpu_ids=1.
[    0.783499] Performance Events: PMU not available due to virtualization, using software events only.
[    0.784220] signal: max sigframe size: 1440
[    0.785529] rcu: Hierarchical SRCU implementation.
[    0.785675] rcu: 	Max phase no-delay instances is 1000.
[    0.794641] NMI watchdog: Perf NMI watchdog permanently disabled
[    0.795731] smp: Bringing up secondary CPUs ...
[    0.797794] smp: Brought up 1 node, 1 CPU
[    0.797948] smpboot: Max logical packages: 1
[    0.798145] ----------------
[    0.798233] | NMI testsuite:
[    0.798311] --------------------
[    0.798395]   remote IPI:  ok  |
[    0.798591]    local IPI:  ok  |
[    0.799412] --------------------
[    0.799498] Good, all   2 testcases passed! |
[    0.799630] ---------------------------------
[    0.799796] smpboot: Total of 1 processors activated (2000.19 BogoMIPS)
[    0.813934] devtmpfs: initialized
[    0.816992] x86/mm: Memory block size: 128MB
[    0.822718] clocksource: jiffies: mask: 0xffffffff max_cycles: 0xffffffff, max_idle_ns: 6370867519511994 ns
[    0.824328] futex hash table entries: 256 (order: 2, 16384 bytes, linear)
[    0.826992] pinctrl core: initialized pinctrl subsystem
[    0.842722] NET: Registered PF_NETLINK/PF_ROUTE protocol family
[    0.845336] audit: initializing netlink subsys (disabled)
[    0.846992] audit: type=2000 audit(1789003458.559:1): state=initialized audit_enabled=0 res=1
[    0.852060] thermal_sys: Registered thermal governor 'fair_share'
[    0.852092] thermal_sys: Registered thermal governor 'bang_bang'
[    0.852254] thermal_sys: Registered thermal governor 'step_wise'
[    0.852401] thermal_sys: Registered thermal governor 'user_space'
[    0.852836] cpuidle: using governor ladder
[    0.853175] cpuidle: using governor menu
[    0.854337] acpiphp: ACPI Hot Plug PCI Controller Driver version: 0.5
[    0.857822] PCI: Using configuration type 1 for base access
[    0.861931] kprobes: kprobe jump-optimization is enabled. All kprobes are optimized if possible.
[    0.931616] HugeTLB: registered 2.00 MiB page size, pre-allocated 0 pages
[    0.931854] HugeTLB: 28 KiB vmemmap can be freed for a 2.00 MiB page
[    0.944861] ACPI: Added _OSI(Module Device)
[    0.945041] ACPI: Added _OSI(Processor Device)
[    0.945156] ACPI: Added _OSI(Processor Aggregator Device)
[    0.961494] ACPI: 1 ACPI AML tables successfully acquired and loaded
[    0.973659] ACPI: _OSC evaluation for CPUs failed, trying _PDC
[    0.975487] ACPI: Interpreter enabled
[    0.977304] ACPI: PM: (supports S0 S3 S4 S5)
[    0.977455] ACPI: Using IOAPIC for interrupt routing
[    0.978013] PCI: Using host bridge windows from ACPI; if necessary, use "pci=nocrs" and report a bug
[    0.978261] PCI: Using E820 reservations for host bridge windows
[    0.979772] ACPI: Enabled 2 GPEs in block 00 to 0F
[    1.006140] ACPI: PCI Root Bridge [PCI0] (domain 0000 [bus 00-ff])
[    1.007575] acpi PNP0A03:00: _OSC: OS supports [ASPM ClockPM Segments MSI HPX-Type3]
[    1.007928] acpi PNP0A03:00: _OSC: not requesting OS control; OS requires [ExtendedConfig ASPM ClockPM MSI]
[    1.008742] acpi PNP0A03:00: fail to add MMCONFIG information, can't access extended configuration space under this bridge
[    1.013659] acpiphp: Slot [3] registered
[    1.013712] acpiphp: Slot [4] registered
[    1.013878] acpiphp: Slot [5] registered
[    1.014045] acpiphp: Slot [6] registered
[    1.014195] acpiphp: Slot [7] registered
[    1.014343] acpiphp: Slot [8] registered
[    1.014491] acpiphp: Slot [9] registered
[    1.014654] acpiphp: Slot [10] registered
[    1.014805] acpiphp: Slot [11] registered
[    1.014955] acpiphp: Slot [12] registered
[    1.015104] acpiphp: Slot [13] registered
[    1.015278] acpiphp: Slot [14] registered
[    1.015439] acpiphp: Slot [15] registered
[    1.015612] acpiphp: Slot [16] registered
[    1.015775] acpiphp: Slot [17] registered
[    1.015926] acpiphp: Slot [18] registered
[    1.016075] acpiphp: Slot [19] registered
[    1.017051] acpiphp: Slot [20] registered
[    1.017216] acpiphp: Slot [21] registered
[    1.017365] acpiphp: Slot [22] registered
[    1.017515] acpiphp: Slot [23] registered
[    1.017680] acpiphp: Slot [24] registered
[    1.017830] acpiphp: Slot [25] registered
[    1.017985] acpiphp: Slot [26] registered
[    1.018137] acpiphp: Slot [27] registered
[    1.018293] acpiphp: Slot [28] registered
[    1.018442] acpiphp: Slot [29] registered
[    1.018590] acpiphp: Slot [30] registered
[    1.018753] acpiphp: Slot [31] registered
[    1.019048] PCI host bridge to bus 0000:00
[    1.019293] pci_bus 0000:00: root bus resource [io  0x0000-0x0cf7 window]
[    1.019555] pci_bus 0000:00: root bus resource [io  0x0d00-0xffff window]
[    1.019726] pci_bus 0000:00: root bus resource [mem 0x000a0000-0x000bffff window]
[    1.019941] pci_bus 0000:00: root bus resource [mem 0x20000000-0xfebfffff window]
[    1.020122] pci_bus 0000:00: root bus resource [mem 0x100000000-0x17fffffff window]
[    1.020326] pci_bus 0000:00: root bus resource [bus 00-ff]
[    1.021841] pci 0000:00:00.0: [8086:1237] type 00 class 0x060000
[    1.025832] pci 0000:00:01.0: [8086:7000] type 00 class 0x060100
[    1.027478] pci 0000:00:01.1: [8086:7010] type 00 class 0x010180
[    1.028511] pci 0000:00:01.1: BAR 4 [io  0xc020-0xc02f]
[    1.029029] pci 0000:00:01.1: BAR 0 [io  0x01f0-0x01f7]: legacy IDE quirk
[    1.029222] pci 0000:00:01.1: BAR 1 [io  0x03f6]: legacy IDE quirk
[    1.029407] pci 0000:00:01.1: BAR 2 [io  0x0170-0x0177]: legacy IDE quirk
[    1.029586] pci 0000:00:01.1: BAR 3 [io  0x0376]: legacy IDE quirk
[    1.030239] pci 0000:00:01.3: [8086:7113] type 00 class 0x068000
[    1.030326] pci 0000:00:01.3: quirk: [io  0x0600-0x063f] claimed by PIIX4 ACPI
[    1.030375] pci 0000:00:01.3: quirk: [io  0x0700-0x070f] claimed by PIIX4 SMB
[    1.031043] pci 0000:00:02.0: [1234:1111] type 00 class 0x030000
[    1.031515] pci 0000:00:02.0: BAR 0 [mem 0xfd000000-0xfdffffff pref]
[    1.032219] pci 0000:00:02.0: BAR 2 [mem 0xfebd0000-0xfebd0fff]
[    1.033326] pci 0000:00:02.0: ROM [mem 0xfebc0000-0xfebcffff pref]
[    1.034065] pci 0000:00:02.0: Video device with shadowed ROM at [mem 0x000c0000-0x000dffff]
[    1.034857] pci 0000:00:03.0: [1af4:1000] type 00 class 0x020000
[    1.035383] pci 0000:00:03.0: BAR 0 [io  0xc000-0xc01f]
[    1.035907] pci 0000:00:03.0: BAR 1 [mem 0xfebd1000-0xfebd1fff]
[    1.037649] pci 0000:00:03.0: BAR 4 [mem 0xfe000000-0xfe003fff 64bit pref]
[    1.038458] pci 0000:00:03.0: ROM [mem 0xfeb80000-0xfebbffff pref]
[    1.046187] ACPI: PCI: Interrupt link LNKA configured for IRQ 10
[    1.047170] ACPI: PCI: Interrupt link LNKB configured for IRQ 10
[    1.047629] ACPI: PCI: Interrupt link LNKC configured for IRQ 11
[    1.048057] ACPI: PCI: Interrupt link LNKD configured for IRQ 11
[    1.048334] ACPI: PCI: Interrupt link LNKS configured for IRQ 9
[    1.052070] iommu: Default domain type: Translated
[    1.052228] iommu: DMA domain TLB invalidation policy: lazy mode
[    1.054162] pps_core: LinuxPPS API ver. 1 registered
[    1.054318] pps_core: Software ver. 5.3.6 - Copyright 2005-2007 Rodolfo Giometti <giometti@linux.it>
[    1.054585] PTP clock support registered
[    1.055803] EDAC MC: Ver: 3.0.0
[    1.064334] PCI: Using ACPI for IRQ routing
[    1.067745] pci 0000:00:02.0: vgaarb: setting as boot VGA device
[    1.067927] pci 0000:00:02.0: vgaarb: bridge control possible
[    1.068104] pci 0000:00:02.0: vgaarb: VGA device added: decodes=io+mem,owns=io+mem,locks=none
[    1.068314] vgaarb: loaded
[    1.069710] hpet: 3 channels of 0 reserved for per-cpu timers
[    1.070073] hpet0: at MMIO 0xfed00000, IRQs 2, 8, 0
[    1.070265] hpet0: 3 comparators, 64-bit 100.000000 MHz counter
[    1.075792] clocksource: Switched to clocksource tsc-early
[    1.084631] VFS: Disk quotas dquot_6.6.0
[    1.085098] VFS: Dquot-cache hash table entries: 512 (order 0, 4096 bytes)
[    1.087341] pnp: PnP ACPI init
[    1.091119] pnp: PnP ACPI: found 6 devices
[    1.107338] clocksource: acpi_pm: mask: 0xffffff max_cycles: 0xffffff, max_idle_ns: 2085701024 ns
[    1.108779] NET: Registered PF_INET protocol family
[    1.109964] IP idents hash table entries: 8192 (order: 4, 65536 bytes, linear)
[    1.115824] tcp_listen_portaddr_hash hash table entries: 256 (order: 0, 4096 bytes, linear)
[    1.116192] Table-perturb hash table entries: 65536 (order: 6, 262144 bytes, linear)
[    1.116443] TCP established hash table entries: 4096 (order: 3, 32768 bytes, linear)
[    1.116903] TCP bind hash table entries: 4096 (order: 5, 131072 bytes, linear)
[    1.117207] TCP: Hash tables configured (established 4096 bind 4096)
[    1.119238] MPTCP token hash table entries: 512 (order: 2, 12288 bytes, linear)
[    1.120047] UDP hash table entries: 256 (order: 1, 8192 bytes, linear)
[    1.120487] UDP-Lite hash table entries: 256 (order: 1, 8192 bytes, linear)
[    1.121698] NET: Registered PF_UNIX/PF_LOCAL protocol family
[    1.122810] NET: Registered PF_XDP protocol family
[    1.123608] pci_bus 0000:00: resource 4 [io  0x0000-0x0cf7 window]
[    1.123770] pci_bus 0000:00: resource 5 [io  0x0d00-0xffff window]
[    1.123916] pci_bus 0000:00: resource 6 [mem 0x000a0000-0x000bffff window]
[    1.124074] pci_bus 0000:00: resource 7 [mem 0x20000000-0xfebfffff window]
[    1.124233] pci_bus 0000:00: resource 8 [mem 0x100000000-0x17fffffff window]
[    1.124897] pci 0000:00:01.0: PIIX3: Enabling Passive Release
[    1.125094] pci 0000:00:00.0: Limiting direct PCI/PCI transfers
[    1.125310] PCI: CLS 0 bytes, default 64
[    1.134360] Trying to unpack rootfs image as initramfs...
[    1.139341] Initialise system trusted keyrings
[    1.146184] workingset: timestamp_bits=40 max_order=17 bucket_order=0
[    1.146525] zbud: loaded
[    1.211706] jitterentropy: Initialization failed with host not compliant with requirements: 2
[    1.274903] Key type asymmetric registered
[    1.275276] Asymmetric key parser 'x509' registered
[    1.276014] Block layer SCSI generic (bsg) driver version 0.4 loaded (major 246)
[    1.276647] io scheduler mq-deadline registered
[    1.276810] io scheduler kyber registered
[    1.277134] io scheduler bfq registered
[    1.284024] shpchp: Standard Hot Plug PCI Controller Driver version: 0.4
[    1.287794] ERST DBG: ERST support is disabled.
[    1.292782] Serial: 8250/16550 driver, 4 ports, IRQ sharing enabled
[    1.300991] 00:04: ttyS0 at I/O 0x3f8 (irq = 4, base_baud = 115200) is a 16550A
[    1.366230] brd: module loaded
[    1.367896] i8042: PNP: PS/2 Controller [PNP0303:KBD,PNP0f13:MOU] at 0x60,0x64 irq 1,12
[    1.371297] serio: i8042 KBD port at 0x60,0x64 irq 1
[    1.371557] serio: i8042 AUX port at 0x60,0x64 irq 12
[    1.379484] rtc_cmos 00:05: RTC can wake from S4
[    1.383758] input: AT Translated Set 2 keyboard as /devices/platform/i8042/serio0/input/input1
[    1.386978] rtc_cmos 00:05: registered as rtc0
[    1.387685] rtc_cmos 00:05: setting system clock to 2026-09-10T01:24:19 UTC (1789003459)
[    1.393234] rtc_cmos 00:05: alarms up to one day, y3k, 242 bytes nvram, hpet irqs
[    1.393682] amd_pstate: the _CPC object is not present in SBIOS or ACPI disabled
[    1.397057] gre: GRE over IPv4 demultiplexor driver
[    1.398401] NET: Registered PF_INET6 protocol family
[    1.442774] Freeing initrd memory: 4484K
[    1.559892] Segment Routing with IPv6
[    1.560272] In-situ OAM (IOAM) with IPv6
[    1.560772] can: controller area network core
[    1.561230] NET: Registered PF_CAN protocol family
[    1.561714] Key type dns_resolver registered
[    1.564362] IPI shorthand broadcast: enabled
[    1.632774] sched_clock: Marking stable (1592003164, 40292803)->(1637284424, -4988457)
[    1.634812] registered taskstats version 1
[    1.637960] Loading compiled-in X.509 certificates
[    1.662382] Loaded X.509 cert 'alpinelinux.org: Alpine Linux kernel key: d76a695f66ad9cd28f5c22a8508f36e91f521f7a'
[    1.676896] Key type .fscrypt registered
[    1.677070] Key type fscrypt-provisioning registered
[    1.681587] clk: Disabling unused clocks
[    1.798921] Freeing unused kernel image (initmem) memory: 3516K
[    1.799384] Write protecting the kernel read-only data: 20480k
[    1.801045] Freeing unused kernel image (rodata/data gap) memory: 1092K
[    1.801521] Run /init as init process
[net] loading virtio-net modules ...
[net]   + drivers/virtio/virtio.ko
[net]   + drivers/virtio/virtio_ring.ko
[net]   + drivers/virtio/virtio_pci_modern_dev.ko
[net]   + drivers/virtio/virtio_pci_legacy_dev.ko
[    1.956651] ACPI: \_SB_.LNKC: Enabled at IRQ 11
[net]   + drivers/virtio/virtio_pci.ko
[net]   + net/core/failover.ko
[net]   + drivers/net/net_failover.ko
[net]   + drivers/net/virtio_net.ko
[net] eth0 up: 10.0.2.15, gw 10.0.2.2, DNS 10.0.2.3
[net] apk: apk-tools 2.14.4, compiled for x86_64.

==================================================
  MINI LINUX BOOTED OK
  kernel : 6.6.134-0-lts / x86_64
  host   : mini-linux
==================================================

Mini Linux shell. Type "poweroff -f" to shut down.
sh: can't access tty; job control turned off
[    2.155430] tsc: Refined TSC clocksource calibration: 1000.000 MHz
[    2.155956] clocksource: tsc: mask: 0xffffffffffffffff max_cycles: 0x1cd42e4dffb, max_idle_ns: 881590591483 ns
[    2.156285] clocksource: Switched to clocksource tsc
mini-linux:/#[6napk update
ERROR: Failed to open apk database: No such file or directory
mini-linux:/#[6napk add --no-cache hello
ERROR: Failed to open apk database: No such file or directory
mini-linux:/#[6nhello
sh: hello: not found
mini-linux:/#[6npoweroff -f
[   69.488639] ACPI: PM: Preparing to enter system sleep state S5
[   69.489597] reboot: Power down
