c[?7l[2J[0mSeaBIOS (version rel-1.16.3-0-ga6ed6b701f0a-prebuilt.qemu.org)


iPXE (http://ipxe.org) 00:03.0 CA00 PCI2.10 PnP PMM+1EFD0D90+1EF30D90 CA00
Press Ctrl-B to configure iPXE (PCI 00:03.0)...                                                                               


Booting from ROM...
Probing EDD (edd=off to disable)... ok
c[?7l[2J[    0.000000] Linux version 6.6.134-0-lts (buildozer@build-3-20-x86_64) (gcc (Alpine 13.2.1_git20240309) 13.2.1 20240309, GNU ld (GNU Binutils) 2.42) #1-Alpine SMP PREEMPT_DYNAMIC 2026-04-11 17:03:51
[    0.000000] Command line: console=ttyS0
[    0.000000] BIOS-provided physical RAM map:
[    0.000000] BIOS-e820: [mem 0x0000000000000000-0x000000000009fbff] usable
[    0.000000] BIOS-e820: [mem 0x000000000009fc00-0x000000000009ffff] reserved
[    0.000000] BIOS-e820: [mem 0x00000000000f0000-0x00000000000fffff] reserved
[    0.000000] BIOS-e820: [mem 0x0000000000100000-0x000000001ffdffff] usable
[    0.000000] BIOS-e820: [mem 0x000000001ffe0000-0x000000001fffffff] reserved
[    0.000000] BIOS-e820: [mem 0x00000000fffc0000-0x00000000ffffffff] reserved
[    0.000000] BIOS-e820: [mem 0x000000fd00000000-0x000000ffffffffff] reserved
[    0.000000] NX (Execute Disable) protection: active
[    0.000000] APIC: Static calls initialized
[    0.000000] SMBIOS 2.8 present.
[    0.000000] DMI: QEMU Standard PC (i440FX + PIIX, 1996), BIOS rel-1.16.3-0-ga6ed6b701f0a-prebuilt.qemu.org 04/01/2014
[    0.000000] tsc: Fast TSC calibration using PIT
[    0.000000] tsc: Detected 1000.069 MHz processor
[    0.017666] AGP: No AGP bridge found
[    0.017967] last_pfn = 0x1ffe0 max_arch_pfn = 0x400000000
[    0.018707] MTRR map: 4 entries (3 fixed + 1 variable; max 19), built from 8 variable MTRRs
[    0.018905] x86/PAT: Configuration [0-7]: WB  WC  UC- UC  WB  WP  UC- WT  
[    0.052325] found SMP MP-table at [mem 0x000f5480-0x000f548f]
[    0.058165] RAMDISK: [mem 0x1fa17000-0x1ffdffff]
[    0.058604] ACPI: Early table checksum verification disabled
[    0.058938] ACPI: RSDP 0x00000000000F52A0 000014 (v00 BOCHS )
[    0.059221] ACPI: RSDT 0x000000001FFE2335 000034 (v01 BOCHS  BXPC     00000001 BXPC 00000001)
[    0.059893] ACPI: FACP 0x000000001FFE21E9 000074 (v01 BOCHS  BXPC     00000001 BXPC 00000001)
[    0.060452] ACPI: DSDT 0x000000001FFE0040 0021A9 (v01 BOCHS  BXPC     00000001 BXPC 00000001)
[    0.060532] ACPI: FACS 0x000000001FFE0000 000040
[    0.060596] ACPI: APIC 0x000000001FFE225D 000078 (v03 BOCHS  BXPC     00000001 BXPC 00000001)
[    0.060638] ACPI: HPET 0x000000001FFE22D5 000038 (v01 BOCHS  BXPC     00000001 BXPC 00000001)
[    0.060666] ACPI: WAET 0x000000001FFE230D 000028 (v01 BOCHS  BXPC     00000001 BXPC 00000001)
[    0.060772] ACPI: Reserving FACP table memory at [mem 0x1ffe21e9-0x1ffe225c]
[    0.060799] ACPI: Reserving DSDT table memory at [mem 0x1ffe0040-0x1ffe21e8]
[    0.060808] ACPI: Reserving FACS table memory at [mem 0x1ffe0000-0x1ffe003f]
[    0.060814] ACPI: Reserving APIC table memory at [mem 0x1ffe225d-0x1ffe22d4]
[    0.060821] ACPI: Reserving HPET table memory at [mem 0x1ffe22d5-0x1ffe230c]
[    0.060827] ACPI: Reserving WAET table memory at [mem 0x1ffe230d-0x1ffe2334]
[    0.063033] No NUMA configuration found
[    0.063051] Faking a node at [mem 0x0000000000000000-0x000000001ffdffff]
[    0.063687] NODE_DATA(0) allocated [mem 0x1fa11000-0x1fa16fff]
[    0.066387] Zone ranges:
[    0.066410]   DMA      [mem 0x0000000000001000-0x0000000000ffffff]
[    0.066482]   DMA32    [mem 0x0000000001000000-0x000000001ffdffff]
[    0.066495]   Normal   empty
[    0.066515]   Device   empty
[    0.066530] Movable zone start for each node
[    0.066565] Early memory node ranges
[    0.066593]   node   0: [mem 0x0000000000001000-0x000000000009efff]
[    0.066766]   node   0: [mem 0x0000000000100000-0x000000001ffdffff]
[    0.066993] Initmem setup node 0 [mem 0x0000000000001000-0x000000001ffdffff]
[    0.067968] On node 0, zone DMA: 1 pages in unavailable ranges
[    0.068187] On node 0, zone DMA: 97 pages in unavailable ranges
[    0.070813] On node 0, zone DMA32: 32 pages in unavailable ranges
[    0.071524] ACPI: PM-Timer IO Port: 0x608
[    0.072000] ACPI: LAPIC_NMI (acpi_id[0xff] dfl dfl lint[0x1])
[    0.072400] IOAPIC[0]: apic_id 0, version 32, address 0xfec00000, GSI 0-23
[    0.072529] ACPI: INT_SRC_OVR (bus 0 bus_irq 0 global_irq 2 dfl dfl)
[    0.072833] ACPI: INT_SRC_OVR (bus 0 bus_irq 5 global_irq 5 high level)
[    0.072892] ACPI: INT_SRC_OVR (bus 0 bus_irq 9 global_irq 9 high level)
[    0.073005] ACPI: INT_SRC_OVR (bus 0 bus_irq 10 global_irq 10 high level)
[    0.073016] ACPI: INT_SRC_OVR (bus 0 bus_irq 11 global_irq 11 high level)
[    0.073259] ACPI: Using ACPI (MADT) for SMP configuration information
[    0.073314] ACPI: HPET id: 0x8086a201 base: 0xfed00000
[    0.073681] smpboot: Allowing 1 CPUs, 0 hotplug CPUs
[    0.074689] PM: hibernation: Registered nosave memory: [mem 0x00000000-0x00000fff]
[    0.074742] PM: hibernation: Registered nosave memory: [mem 0x0009f000-0x000fffff]
[    0.074928] [mem 0x20000000-0xfffbffff] available for PCI devices
[    0.074966] Booting paravirtualized kernel on bare hardware
[    0.075277] clocksource: refined-jiffies: mask: 0xffffffff max_cycles: 0xffffffff, max_idle_ns: 6370452778343963 ns
[    0.084909] setup_percpu: NR_CPUS:256 nr_cpumask_bits:1 nr_cpu_ids:1 nr_node_ids:1
[    0.086524] percpu: Embedded 58 pages/cpu s198184 r8192 d31192 u2097152
[    0.090022] Kernel command line: console=ttyS0
[    0.091763] Dentry cache hash table entries: 65536 (order: 7, 524288 bytes, linear)
[    0.092009] Inode-cache hash table entries: 32768 (order: 6, 262144 bytes, linear)
[    0.094771] Fallback order for Node 0: 0 
[    0.095179] Built 1 zonelists, mobility grouping on.  Total pages: 128736
[    0.095291] Policy zone: DMA32
[    0.108353] mem auto-init: stack:all(zero), heap alloc:on, heap free:off
[    0.108630] AGP: Checking aperture...
[    0.110901] AGP: No AGP bridge found
[    0.117385] Memory: 470480K/523768K available (14336K kernel code, 1950K rwdata, 5052K rodata, 3516K init, 4724K bss, 53028K reserved, 0K cma-reserved)
[    0.155309] SLUB: HWalign=64, Order=0-3, MinObjects=0, CPUs=1, Nodes=1
[    0.155427] kmemleak: Kernel memory leak detector disabled
[    0.158057] ftrace: allocating 41322 entries in 162 pages
[    0.195174] ftrace: allocated 162 pages with 3 groups
[    0.203850] Dynamic Preempt: voluntary
[    0.207360] rcu: Preemptible hierarchical RCU implementation.
[    0.207411] rcu: 	RCU restricting CPUs from NR_CPUS=256 to nr_cpu_ids=1.
[    0.207570] 	Trampoline variant of Tasks RCU enabled.
[    0.207579] 	Rude variant of Tasks RCU enabled.
[    0.207591] 	Tracing variant of Tasks RCU enabled.
[    0.207670] rcu: RCU calculated value of scheduler-enlistment delay is 30 jiffies.
[    0.207695] rcu: Adjusting geometry for rcu_fanout_leaf=16, nr_cpu_ids=1
[    0.235685] NR_IRQS: 16640, nr_irqs: 256, preallocated irqs: 16
[    0.243932] rcu: srcu_init: Setting srcu_struct sizes based on contention.
[    0.249144] kfence: initialized - using 2097152 bytes for 255 objects at 0x(____ptrval____)-0x(____ptrval____)
[    0.253694] Console: colour VGA+ 80x25
[    0.255377] printk: console [ttyS0] enabled
[    0.276306] ACPI: Core revision 20230628
[    0.281152] clocksource: hpet: mask: 0xffffffff max_cycles: 0xffffffff, max_idle_ns: 19112604467 ns
[    0.285675] APIC: Switch to symmetric I/O mode setup
[    0.290545] ..TIMER: vector=0x30 apic1=0 pin1=2 apic2=-1 pin2=-1
[    0.306608] clocksource: tsc-early: mask: 0xffffffffffffffff max_cycles: 0xe6a584a1fa, max_idle_ns: 440795222340 ns
[    0.307238] Calibrating delay loop (skipped), value calculated using timer frequency.. 2000.47 BogoMIPS (lpj=3333563)
[    0.309896] process: using AMD E400 aware idle routine
[    0.310640] Last level iTLB entries: 4KB 512, 2MB 255, 4MB 127
[    0.310834] Last level dTLB entries: 4KB 512, 2MB 255, 4MB 127, 1GB 0
[    0.311283] Spectre V1 : Mitigation: usercopy/swapgs barriers and __user pointer sanitization
[    0.311616] Spectre V2 : Mitigation: Retpolines
[    0.311762] Spectre V2 : Spectre v2 / SpectreRSB: Filling RSB on context switch and VMEXIT
[    0.312794] x86/fpu: x87 FPU will use FXSAVE
[    0.616037] Freeing SMP alternatives memory: 36K
[    0.617703] pid_max: default: 32768 minimum: 301
[    0.628322] LSM: initializing lsm=lockdown,capability,landlock,yama
[    0.634248] landlock: Up and running.
[    0.634360] Yama: becoming mindful.
[    0.637486] Mount-cache hash table entries: 1024 (order: 1, 8192 bytes, linear)
[    0.637768] Mountpoint-cache hash table entries: 1024 (order: 1, 8192 bytes, linear)
[    0.772169] smpboot: CPU0: AMD QEMU Virtual CPU version 2.5+ (family: 0xf, model: 0x6b, stepping: 0x1)
[    0.778725] RCU Tasks: Setting shift to 0 and lim to 1 rcu_task_cb_adjust=1 rcu_task_cpu_ids=1.
[    0.779331] RCU Tasks Rude: Setting shift to 0 and lim to 1 rcu_task_cb_adjust=1 rcu_task_cpu_ids=1.
[    0.779685] RCU Tasks Trace: Setting shift to 0 and lim to 1 rcu_task_cb_adjust=1 rcu_task_cpu_ids=1.
[    0.780157] Performance Events: PMU not available due to virtualization, using software events only.
[    0.780882] signal: max sigframe size: 1440
[    0.782194] rcu: Hierarchical SRCU implementation.
[    0.782341] rcu: 	Max phase no-delay instances is 1000.
[    0.790778] NMI watchdog: Perf NMI watchdog permanently disabled
[    0.791822] smp: Bringing up secondary CPUs ...
[    0.794960] smp: Brought up 1 node, 1 CPU
[    0.795114] smpboot: Max logical packages: 1
[    0.795311] ----------------
[    0.795402] | NMI testsuite:
[    0.795480] --------------------
[    0.795565]   remote IPI:  ok  |
[    0.795756]    local IPI:  ok  |
[    0.796570] --------------------
[    0.796656] Good, all   2 testcases passed! |
[    0.796780] ---------------------------------
[    0.796937] smpboot: Total of 1 processors activated (2000.47 BogoMIPS)
[    0.809352] devtmpfs: initialized
[    0.812766] x86/mm: Memory block size: 128MB
[    0.819134] clocksource: jiffies: mask: 0xffffffff max_cycles: 0xffffffff, max_idle_ns: 6370867519511994 ns
[    0.819745] futex hash table entries: 256 (order: 2, 16384 bytes, linear)
[    0.822699] pinctrl core: initialized pinctrl subsystem
[    0.838260] NET: Registered PF_NETLINK/PF_ROUTE protocol family
[    0.840873] audit: initializing netlink subsys (disabled)
[    0.842578] audit: type=2000 audit(1789002448.556:1): state=initialized audit_enabled=0 res=1
[    0.847533] thermal_sys: Registered thermal governor 'fair_share'
[    0.847566] thermal_sys: Registered thermal governor 'bang_bang'
[    0.847732] thermal_sys: Registered thermal governor 'step_wise'
[    0.847891] thermal_sys: Registered thermal governor 'user_space'
[    0.848361] cpuidle: using governor ladder
[    0.848709] cpuidle: using governor menu
[    0.850228] acpiphp: ACPI Hot Plug PCI Controller Driver version: 0.5
[    0.852781] PCI: Using configuration type 1 for base access
[    0.856957] kprobes: kprobe jump-optimization is enabled. All kprobes are optimized if possible.
[    0.924562] HugeTLB: registered 2.00 MiB page size, pre-allocated 0 pages
[    0.924799] HugeTLB: 28 KiB vmemmap can be freed for a 2.00 MiB page
[    0.943736] ACPI: Added _OSI(Module Device)
[    0.943911] ACPI: Added _OSI(Processor Device)
[    0.944035] ACPI: Added _OSI(Processor Aggregator Device)
[    0.956262] ACPI: 1 ACPI AML tables successfully acquired and loaded
[    0.968003] ACPI: _OSC evaluation for CPUs failed, trying _PDC
[    0.970828] ACPI: Interpreter enabled
[    0.972028] ACPI: PM: (supports S0 S3 S4 S5)
[    0.972195] ACPI: Using IOAPIC for interrupt routing
[    0.972808] PCI: Using host bridge windows from ACPI; if necessary, use "pci=nocrs" and report a bug
[    0.973110] PCI: Using E820 reservations for host bridge windows
[    0.974034] ACPI: Enabled 2 GPEs in block 00 to 0F
[    1.000045] ACPI: PCI Root Bridge [PCI0] (domain 0000 [bus 00-ff])
[    1.000403] acpi PNP0A03:00: _OSC: OS supports [ASPM ClockPM Segments MSI HPX-Type3]
[    1.000747] acpi PNP0A03:00: _OSC: not requesting OS control; OS requires [ExtendedConfig ASPM ClockPM MSI]
[    1.001515] acpi PNP0A03:00: fail to add MMCONFIG information, can't access extended configuration space under this bridge
[    1.007879] acpiphp: Slot [3] registered
[    1.008117] acpiphp: Slot [4] registered
[    1.008282] acpiphp: Slot [5] registered
[    1.008484] acpiphp: Slot [6] registered
[    1.008633] acpiphp: Slot [7] registered
[    1.008779] acpiphp: Slot [8] registered
[    1.008924] acpiphp: Slot [9] registered
[    1.009083] acpiphp: Slot [10] registered
[    1.009234] acpiphp: Slot [11] registered
[    1.009387] acpiphp: Slot [12] registered
[    1.009537] acpiphp: Slot [13] registered
[    1.010431] acpiphp: Slot [14] registered
[    1.010607] acpiphp: Slot [15] registered
[    1.010763] acpiphp: Slot [16] registered
[    1.010942] acpiphp: Slot [17] registered
[    1.011095] acpiphp: Slot [18] registered
[    1.011260] acpiphp: Slot [19] registered
[    1.011411] acpiphp: Slot [20] registered
[    1.011564] acpiphp: Slot [21] registered
[    1.011713] acpiphp: Slot [22] registered
[    1.011863] acpiphp: Slot [23] registered
[    1.012027] acpiphp: Slot [24] registered
[    1.012175] acpiphp: Slot [25] registered
[    1.012322] acpiphp: Slot [26] registered
[    1.012470] acpiphp: Slot [27] registered
[    1.012615] acpiphp: Slot [28] registered
[    1.012760] acpiphp: Slot [29] registered
[    1.012912] acpiphp: Slot [30] registered
[    1.013108] acpiphp: Slot [31] registered
[    1.013407] PCI host bridge to bus 0000:00
[    1.013647] pci_bus 0000:00: root bus resource [io  0x0000-0x0cf7 window]
[    1.013721] pci_bus 0000:00: root bus resource [io  0x0d00-0xffff window]
[    1.013721] pci_bus 0000:00: root bus resource [mem 0x000a0000-0x000bffff window]
[    1.013737] pci_bus 0000:00: root bus resource [mem 0x20000000-0xfebfffff window]
[    1.013926] pci_bus 0000:00: root bus resource [mem 0x100000000-0x17fffffff window]
[    1.014238] pci_bus 0000:00: root bus resource [bus 00-ff]
[    1.015384] pci 0000:00:00.0: [8086:1237] type 00 class 0x060000
[    1.020786] pci 0000:00:01.0: [8086:7000] type 00 class 0x060100
[    1.021729] pci 0000:00:01.1: [8086:7010] type 00 class 0x010180
[    1.022776] pci 0000:00:01.1: BAR 4 [io  0xc020-0xc02f]
[    1.023260] pci 0000:00:01.1: BAR 0 [io  0x01f0-0x01f7]: legacy IDE quirk
[    1.023451] pci 0000:00:01.1: BAR 1 [io  0x03f6]: legacy IDE quirk
[    1.023630] pci 0000:00:01.1: BAR 2 [io  0x0170-0x0177]: legacy IDE quirk
[    1.023721] pci 0000:00:01.1: BAR 3 [io  0x0376]: legacy IDE quirk
[    1.024348] pci 0000:00:01.3: [8086:7113] type 00 class 0x068000
[    1.024785] pci 0000:00:01.3: quirk: [io  0x0600-0x063f] claimed by PIIX4 ACPI
[    1.024989] pci 0000:00:01.3: quirk: [io  0x0700-0x070f] claimed by PIIX4 SMB
[    1.025596] pci 0000:00:02.0: [1234:1111] type 00 class 0x030000
[    1.025988] pci 0000:00:02.0: BAR 0 [mem 0xfd000000-0xfdffffff pref]
[    1.026664] pci 0000:00:02.0: BAR 2 [mem 0xfebd0000-0xfebd0fff]
[    1.027822] pci 0000:00:02.0: ROM [mem 0xfebc0000-0xfebcffff pref]
[    1.028230] pci 0000:00:02.0: Video device with shadowed ROM at [mem 0x000c0000-0x000dffff]
[    1.029070] pci 0000:00:03.0: [1af4:1000] type 00 class 0x020000
[    1.030419] pci 0000:00:03.0: BAR 0 [io  0xc000-0xc01f]
[    1.030916] pci 0000:00:03.0: BAR 1 [mem 0xfebd1000-0xfebd1fff]
[    1.032212] pci 0000:00:03.0: BAR 4 [mem 0xfe000000-0xfe003fff 64bit pref]
[    1.032780] pci 0000:00:03.0: ROM [mem 0xfeb80000-0xfebbffff pref]
[    1.041068] ACPI: PCI: Interrupt link LNKA configured for IRQ 10
[    1.041922] ACPI: PCI: Interrupt link LNKB configured for IRQ 10
[    1.042427] ACPI: PCI: Interrupt link LNKC configured for IRQ 11
[    1.043833] ACPI: PCI: Interrupt link LNKD configured for IRQ 11
[    1.044141] ACPI: PCI: Interrupt link LNKS configured for IRQ 9
[    1.047054] iommu: Default domain type: Translated
[    1.047054] iommu: DMA domain TLB invalidation policy: lazy mode
[    1.048772] pps_core: LinuxPPS API ver. 1 registered
[    1.048934] pps_core: Software ver. 5.3.6 - Copyright 2005-2007 Rodolfo Giometti <giometti@linux.it>
[    1.049218] PTP clock support registered
[    1.050998] EDAC MC: Ver: 3.0.0
[    1.058885] PCI: Using ACPI for IRQ routing
[    1.062407] pci 0000:00:02.0: vgaarb: setting as boot VGA device
[    1.062586] pci 0000:00:02.0: vgaarb: bridge control possible
[    1.062793] pci 0000:00:02.0: vgaarb: VGA device added: decodes=io+mem,owns=io+mem,locks=none
[    1.063749] vgaarb: loaded
[    1.065370] hpet: 3 channels of 0 reserved for per-cpu timers
[    1.065730] hpet0: at MMIO 0xfed00000, IRQs 2, 8, 0
[    1.065913] hpet0: 3 comparators, 64-bit 100.000000 MHz counter
[    1.070180] clocksource: Switched to clocksource tsc-early
[    1.077683] VFS: Disk quotas dquot_6.6.0
[    1.078455] VFS: Dquot-cache hash table entries: 512 (order 0, 4096 bytes)
[    1.080206] pnp: PnP ACPI init
[    1.083872] pnp: PnP ACPI: found 6 devices
[    1.101354] clocksource: acpi_pm: mask: 0xffffff max_cycles: 0xffffff, max_idle_ns: 2085701024 ns
[    1.102940] NET: Registered PF_INET protocol family
[    1.103899] IP idents hash table entries: 8192 (order: 4, 65536 bytes, linear)
[    1.109629] tcp_listen_portaddr_hash hash table entries: 256 (order: 0, 4096 bytes, linear)
[    1.109989] Table-perturb hash table entries: 65536 (order: 6, 262144 bytes, linear)
[    1.110232] TCP established hash table entries: 4096 (order: 3, 32768 bytes, linear)
[    1.110764] TCP bind hash table entries: 4096 (order: 5, 131072 bytes, linear)
[    1.111086] TCP: Hash tables configured (established 4096 bind 4096)
[    1.113290] MPTCP token hash table entries: 512 (order: 2, 12288 bytes, linear)
[    1.113745] UDP hash table entries: 256 (order: 1, 8192 bytes, linear)
[    1.114034] UDP-Lite hash table entries: 256 (order: 1, 8192 bytes, linear)
[    1.115574] NET: Registered PF_UNIX/PF_LOCAL protocol family
[    1.116075] NET: Registered PF_XDP protocol family
[    1.116854] pci_bus 0000:00: resource 4 [io  0x0000-0x0cf7 window]
[    1.117038] pci_bus 0000:00: resource 5 [io  0x0d00-0xffff window]
[    1.117364] pci_bus 0000:00: resource 6 [mem 0x000a0000-0x000bffff window]
[    1.117542] pci_bus 0000:00: resource 7 [mem 0x20000000-0xfebfffff window]
[    1.117622] pci_bus 0000:00: resource 8 [mem 0x100000000-0x17fffffff window]
[    1.118626] pci 0000:00:01.0: PIIX3: Enabling Passive Release
[    1.118841] pci 0000:00:00.0: Limiting direct PCI/PCI transfers
[    1.119067] PCI: CLS 0 bytes, default 64
[    1.123847] Initialise system trusted keyrings
[    1.127959] Trying to unpack rootfs image as initramfs...
[    1.132081] workingset: timestamp_bits=40 max_order=17 bucket_order=0
[    1.132405] zbud: loaded
[    1.199913] jitterentropy: Initialization failed with host not compliant with requirements: 2
[    1.261483] Key type asymmetric registered
[    1.261850] Asymmetric key parser 'x509' registered
[    1.262602] Block layer SCSI generic (bsg) driver version 0.4 loaded (major 246)
[    1.263292] io scheduler mq-deadline registered
[    1.263442] io scheduler kyber registered
[    1.263759] io scheduler bfq registered
[    1.270997] shpchp: Standard Hot Plug PCI Controller Driver version: 0.4
[    1.273262] ERST DBG: ERST support is disabled.
[    1.278533] Serial: 8250/16550 driver, 4 ports, IRQ sharing enabled
[    1.286143] 00:04: ttyS0 at I/O 0x3f8 (irq = 4, base_baud = 115200) is a 16550A
[    1.345730] brd: module loaded
[    1.350656] i8042: PNP: PS/2 Controller [PNP0303:KBD,PNP0f13:MOU] at 0x60,0x64 irq 1,12
[    1.357906] serio: i8042 KBD port at 0x60,0x64 irq 1
[    1.358235] serio: i8042 AUX port at 0x60,0x64 irq 12
[    1.363826] rtc_cmos 00:05: RTC can wake from S4
[    1.370646] rtc_cmos 00:05: registered as rtc0
[    1.371258] rtc_cmos 00:05: setting system clock to 2026-09-10T01:07:29 UTC (1789002449)
[    1.372728] rtc_cmos 00:05: alarms up to one day, y3k, 242 bytes nvram, hpet irqs
[    1.373116] amd_pstate: the _CPC object is not present in SBIOS or ACPI disabled
[    1.374487] input: AT Translated Set 2 keyboard as /devices/platform/i8042/serio0/input/input1
[    1.381539] gre: GRE over IPv4 demultiplexor driver
[    1.382489] NET: Registered PF_INET6 protocol family
[    1.467680] Freeing initrd memory: 5924K
[    1.580515] Segment Routing with IPv6
[    1.580876] In-situ OAM (IOAM) with IPv6
[    1.581430] can: controller area network core
[    1.581829] NET: Registered PF_CAN protocol family
[    1.582294] Key type dns_resolver registered
[    1.585779] IPI shorthand broadcast: enabled
[    1.649813] sched_clock: Marking stable (1607196526, 39283347)->(1650557111, -4077238)
[    1.654247] registered taskstats version 1
[    1.655316] Loading compiled-in X.509 certificates
[    1.678215] Loaded X.509 cert 'alpinelinux.org: Alpine Linux kernel key: d76a695f66ad9cd28f5c22a8508f36e91f521f7a'
[    1.692244] Key type .fscrypt registered
[    1.692403] Key type fscrypt-provisioning registered
[    1.696726] clk: Disabling unused clocks
[    1.785344] Freeing unused kernel image (initmem) memory: 3516K
[    1.785823] Write protecting the kernel read-only data: 20480k
[    1.787466] Freeing unused kernel image (rodata/data gap) memory: 1092K
[    1.787890] Run /init as init process
[net] loading virtio-net modules ...
[net]   + drivers/virtio/virtio.ko
[net]   + drivers/virtio/virtio_ring.ko
[net]   + drivers/virtio/virtio_pci_modern_dev.ko
[net]   + drivers/virtio/virtio_pci_legacy_dev.ko
[    1.931442] ACPI: \_SB_.LNKC: Enabled at IRQ 11
[net]   + drivers/virtio/virtio_pci.ko
[net]   + net/core/failover.ko
[net]   + drivers/net/net_failover.ko
[net]   + drivers/net/virtio_net.ko
[net] eth0 up: 10.0.2.15, gw 10.0.2.2, DNS 10.0.2.3
[net] apk: apk-tools 2.14.4, compiled for x86_64.

==================================================
  MINI LINUX BOOTED OK
  kernel : 6.6.134-0-lts / x86_64
  host   : mini-linux
==================================================

Mini Linux shell. Type "poweroff -f" to shut down.
sh: can't access tty; job control turned off
mini-linux:/#[6n[    2.153327] tsc: Refined TSC clocksource calibration: 1000.000 MHz
[    2.154178] clocksource: tsc: mask: 0xffffffffffffffff max_cycles: 0x1cd42e4dffb, max_idle_ns: 881590591483 ns
[    2.154789] clocksource: Switched to clocksource tsc
ls -ld /lib/apk /lib/apk/db /etc/apk 2>&1
drwxr-xr-x    3 501      20              80 Sep 10 01:01 [1;34m/etc/apk[m
drwxr-xr-x    3 501      20              60 Sep 10 01:05 [1;34m/lib/apk[m
drwxr-xr-x    2 501      20              40 Sep 10 01:05 [1;34m/lib/apk/db[m
mini-linux:/#[6nls -la /lib/apk/db/ 2>&1 | head -5
total 0
drwxr-xr-x    2 501      20              40 Sep 10 01:05 .
drwxr-xr-x    3 501      20              60 Sep 10 01:05 ..
mini-linux:/#[6ntouch /lib/apk/db/x && echo WRITE_OK
WRITE_OK
mini-linux:/#[6nmount | grep " / "
rootfs on / type rootfs (rw,size=235388k,nr_inodes=58847,inode64)
mini-linux:/#[6npoweroff -f
[   21.539465] ACPI: PM: Preparing to enter system sleep state S5
[   21.541312] reboot: Power down
