c[?7l[2J[0mSeaBIOS (version rel-1.16.3-0-ga6ed6b701f0a-prebuilt.qemu.org)


iPXE (http://ipxe.org) 00:03.0 CA00 PCI2.10 PnP PMM+1EFD0D90+1EF30D90 CA00
Press Ctrl-B to configure iPXE (PCI 00:03.0)...                                                                               


Booting from ROM...
Probing EDD (edd=off to disable)... oc[?7l[2J[    0.000000] Linux version 6.6.134-0-lts (buildozer@build-3-20-x86_64) (gcc (Alpine 13.2.1_git20240309) 13.2.1 20240309, GNU ld (GNU Binutils) 2.42) #1-Alpine SMP PREEMPT_DYNAMIC 2026-04-11 17:03:51
[    0.000000] Command line: console=ttyS0
[    0.000000] BIOS-provided physical RAM map:
[    0.000000] BIOS-e820: [mem 0x0000000000000000-0x000000000009fbff] usable
[    0.000000] BIOS-e820: [mem 0x000000000009fc00-0x000000000009ffff] reserved
[    0.000000] BIOS-e820: [mem 0x00000000000f0000-0x00000000000fffff] reserved
[    0.000000] BIOS-e820: [mem 0x0000000000100000-0x000000001ffdffff] usable
[    0.000000] BIOS-e820: [mem 0x000000001ffe0000-0x000000001fffffff] reserved
[    0.000000] BIOS-e820: [mem 0x00000000fffc0000-0x00000000ffffffff] reserved
[    0.000000] BIOS-e820: [mem 0x000000fd00000000-0x000000ffffffffff] reserved
[    0.000000] NX (Execute Disable) protection: active
[    0.000000] APIC: Static calls initialized
[    0.000000] SMBIOS 2.8 present.
[    0.000000] DMI: QEMU Standard PC (i440FX + PIIX, 1996), BIOS rel-1.16.3-0-ga6ed6b701f0a-prebuilt.qemu.org 04/01/2014
[    0.000000] tsc: Fast TSC calibration using PIT
[    0.000000] tsc: Detected 1000.174 MHz processor
[    0.017919] AGP: No AGP bridge found
[    0.018227] last_pfn = 0x1ffe0 max_arch_pfn = 0x400000000
[    0.019004] MTRR map: 4 entries (3 fixed + 1 variable; max 19), built from 8 variable MTRRs
[    0.019208] x86/PAT: Configuration [0-7]: WB  WC  UC- UC  WB  WP  UC- WT  
[    0.052989] found SMP MP-table at [mem 0x000f5480-0x000f548f]
[    0.058594] RAMDISK: [mem 0x1fb7f000-0x1ffdffff]
[    0.059019] ACPI: Early table checksum verification disabled
[    0.059352] ACPI: RSDP 0x00000000000F52A0 000014 (v00 BOCHS )
[    0.059626] ACPI: RSDT 0x000000001FFE2335 000034 (v01 BOCHS  BXPC     00000001 BXPC 00000001)
[    0.060189] ACPI: FACP 0x000000001FFE21E9 000074 (v01 BOCHS  BXPC     00000001 BXPC 00000001)
[    0.060779] ACPI: DSDT 0x000000001FFE0040 0021A9 (v01 BOCHS  BXPC     00000001 BXPC 00000001)
[    0.060870] ACPI: FACS 0x000000001FFE0000 000040
[    0.060938] ACPI: APIC 0x000000001FFE225D 000078 (v03 BOCHS  BXPC     00000001 BXPC 00000001)
[    0.060983] ACPI: HPET 0x000000001FFE22D5 000038 (v01 BOCHS  BXPC     00000001 BXPC 00000001)
[    0.061013] ACPI: WAET 0x000000001FFE230D 000028 (v01 BOCHS  BXPC     00000001 BXPC 00000001)
[    0.061128] ACPI: Reserving FACP table memory at [mem 0x1ffe21e9-0x1ffe225c]
[    0.061159] ACPI: Reserving DSDT table memory at [mem 0x1ffe0040-0x1ffe21e8]
[    0.061170] ACPI: Reserving FACS table memory at [mem 0x1ffe0000-0x1ffe003f]
[    0.061178] ACPI: Reserving APIC table memory at [mem 0x1ffe225d-0x1ffe22d4]
[    0.061186] ACPI: Reserving HPET table memory at [mem 0x1ffe22d5-0x1ffe230c]
[    0.061194] ACPI: Reserving WAET table memory at [mem 0x1ffe230d-0x1ffe2334]
[    0.063440] No NUMA configuration found
[    0.063459] Faking a node at [mem 0x0000000000000000-0x000000001ffdffff]
[    0.064101] NODE_DATA(0) allocated [mem 0x1fb79000-0x1fb7efff]
[    0.066812] Zone ranges:
[    0.066835]   DMA      [mem 0x0000000000001000-0x0000000000ffffff]
[    0.066907]   DMA32    [mem 0x0000000001000000-0x000000001ffdffff]
[    0.066919]   Normal   empty
[    0.066939]   Device   empty
[    0.066955] Movable zone start for each node
[    0.066989] Early memory node ranges
[    0.067016]   node   0: [mem 0x0000000000001000-0x000000000009efff]
[    0.067197]   node   0: [mem 0x0000000000100000-0x000000001ffdffff]
[    0.067426] Initmem setup node 0 [mem 0x0000000000001000-0x000000001ffdffff]
[    0.068433] On node 0, zone DMA: 1 pages in unavailable ranges
[    0.068652] On node 0, zone DMA: 97 pages in unavailable ranges
[    0.071022] On node 0, zone DMA32: 32 pages in unavailable ranges
[    0.071525] ACPI: PM-Timer IO Port: 0x608
[    0.072080] ACPI: LAPIC_NMI (acpi_id[0xff] dfl dfl lint[0x1])
[    0.072473] IOAPIC[0]: apic_id 0, version 32, address 0xfec00000, GSI 0-23
[    0.072603] ACPI: INT_SRC_OVR (bus 0 bus_irq 0 global_irq 2 dfl dfl)
[    0.072979] ACPI: INT_SRC_OVR (bus 0 bus_irq 5 global_irq 5 high level)
[    0.073042] ACPI: INT_SRC_OVR (bus 0 bus_irq 9 global_irq 9 high level)
[    0.073166] ACPI: INT_SRC_OVR (bus 0 bus_irq 10 global_irq 10 high level)
[    0.073178] ACPI: INT_SRC_OVR (bus 0 bus_irq 11 global_irq 11 high level)
[    0.073441] ACPI: Using ACPI (MADT) for SMP configuration information
[    0.073499] ACPI: HPET id: 0x8086a201 base: 0xfed00000
[    0.073860] smpboot: Allowing 1 CPUs, 0 hotplug CPUs
[    0.074871] PM: hibernation: Registered nosave memory: [mem 0x00000000-0x00000fff]
[    0.074921] PM: hibernation: Registered nosave memory: [mem 0x0009f000-0x000fffff]
[    0.075102] [mem 0x20000000-0xfffbffff] available for PCI devices
[    0.075142] Booting paravirtualized kernel on bare hardware
[    0.075443] clocksource: refined-jiffies: mask: 0xffffffff max_cycles: 0xffffffff, max_idle_ns: 6370452778343963 ns
[    0.085199] setup_percpu: NR_CPUS:256 nr_cpumask_bits:1 nr_cpu_ids:1 nr_node_ids:1
[    0.086819] percpu: Embedded 58 pages/cpu s198184 r8192 d31192 u2097152
[    0.088838] Kernel command line: console=ttyS0
[    0.090127] Dentry cache hash table entries: 65536 (order: 7, 524288 bytes, linear)
[    0.090299] Inode-cache hash table entries: 32768 (order: 6, 262144 bytes, linear)
[    0.092755] Fallback order for Node 0: 0 
[    0.093112] Built 1 zonelists, mobility grouping on.  Total pages: 128736
[    0.093138] Policy zone: DMA32
[    0.104590] mem auto-init: stack:all(zero), heap alloc:on, heap free:off
[    0.104802] AGP: Checking aperture...
[    0.107024] AGP: No AGP bridge found
[    0.113411] Memory: 471920K/523768K available (14336K kernel code, 1950K rwdata, 5052K rodata, 3516K init, 4724K bss, 51588K reserved, 0K cma-reserved)
[    0.151581] SLUB: HWalign=64, Order=0-3, MinObjects=0, CPUs=1, Nodes=1
[    0.151690] kmemleak: Kernel memory leak detector disabled
[    0.154181] ftrace: allocating 41322 entries in 162 pages
[    0.190598] ftrace: allocated 162 pages with 3 groups
[    0.199536] Dynamic Preempt: voluntary
[    0.202721] rcu: Preemptible hierarchical RCU implementation.
[    0.202761] rcu: 	RCU restricting CPUs from NR_CPUS=256 to nr_cpu_ids=1.
[    0.202917] 	Trampoline variant of Tasks RCU enabled.
[    0.202925] 	Rude variant of Tasks RCU enabled.
[    0.202937] 	Tracing variant of Tasks RCU enabled.
[    0.203013] rcu: RCU calculated value of scheduler-enlistment delay is 30 jiffies.
[    0.203037] rcu: Adjusting geometry for rcu_fanout_leaf=16, nr_cpu_ids=1
[    0.231117] NR_IRQS: 16640, nr_irqs: 256, preallocated irqs: 16
[    0.239341] rcu: srcu_init: Setting srcu_struct sizes based on contention.
[    0.244594] kfence: initialized - using 2097152 bytes for 255 objects at 0x(____ptrval____)-0x(____ptrval____)
[    0.249233] Console: colour VGA+ 80x25
[    0.250682] printk: console [ttyS0] enabled
[    0.272169] ACPI: Core revision 20230628
[    0.277141] clocksource: hpet: mask: 0xffffffff max_cycles: 0xffffffff, max_idle_ns: 19112604467 ns
[    0.281808] APIC: Switch to symmetric I/O mode setup
[    0.286322] ..TIMER: vector=0x30 apic1=0 pin1=2 apic2=-1 pin2=-1
[    0.302622] clocksource: tsc-early: mask: 0xffffffffffffffff max_cycles: 0xe6abb7bd86, max_idle_ns: 440795237770 ns
[    0.303277] Calibrating delay loop (skipped), value calculated using timer frequency.. 2001.69 BogoMIPS (lpj=3333913)
[    0.305989] process: using AMD E400 aware idle routine
[    0.306696] Last level iTLB entries: 4KB 512, 2MB 255, 4MB 127
[    0.306864] Last level dTLB entries: 4KB 512, 2MB 255, 4MB 127, 1GB 0
[    0.307293] Spectre V1 : Mitigation: usercopy/swapgs barriers and __user pointer sanitization
[    0.307642] Spectre V2 : Mitigation: Retpolines
[    0.307793] Spectre V2 : Spectre v2 / SpectreRSB: Filling RSB on context switch and VMEXIT
[    0.308830] x86/fpu: x87 FPU will use FXSAVE
[    0.610477] Freeing SMP alternatives memory: 36K
[    0.611522] pid_max: default: 32768 minimum: 301
[    0.622182] LSM: initializing lsm=lockdown,capability,landlock,yama
[    0.628287] landlock: Up and running.
[    0.628483] Yama: becoming mindful.
[    0.631667] Mount-cache hash table entries: 1024 (order: 1, 8192 bytes, linear)
[    0.631971] Mountpoint-cache hash table entries: 1024 (order: 1, 8192 bytes, linear)
[    0.765483] smpboot: CPU0: AMD QEMU Virtual CPU version 2.5+ (family: 0xf, model: 0x6b, stepping: 0x1)
[    0.771054] RCU Tasks: Setting shift to 0 and lim to 1 rcu_task_cb_adjust=1 rcu_task_cpu_ids=1.
[    0.771635] RCU Tasks Rude: Setting shift to 0 and lim to 1 rcu_task_cb_adjust=1 rcu_task_cpu_ids=1.
[    0.771990] RCU Tasks Trace: Setting shift to 0 and lim to 1 rcu_task_cb_adjust=1 rcu_task_cpu_ids=1.
[    0.772450] Performance Events: PMU not available due to virtualization, using software events only.
[    0.773646] signal: max sigframe size: 1440
[    0.775470] rcu: Hierarchical SRCU implementation.
[    0.775668] rcu: 	Max phase no-delay instances is 1000.
[    0.784032] NMI watchdog: Perf NMI watchdog permanently disabled
[    0.785053] smp: Bringing up secondary CPUs ...
[    0.786804] smp: Brought up 1 node, 1 CPU
[    0.786950] smpboot: Max logical packages: 1
[    0.787150] ----------------
[    0.787238] | NMI testsuite:
[    0.787315] --------------------
[    0.787399]   remote IPI:  ok  |
[    0.787592]    local IPI:  ok  |
[    0.788414] --------------------
[    0.788500] Good, all   2 testcases passed! |
[    0.788623] ---------------------------------
[    0.788777] smpboot: Total of 1 processors activated (2001.69 BogoMIPS)
[    0.802572] devtmpfs: initialized
[    0.805426] x86/mm: Memory block size: 128MB
[    0.811572] clocksource: jiffies: mask: 0xffffffff max_cycles: 0xffffffff, max_idle_ns: 6370867519511994 ns
[    0.812236] futex hash table entries: 256 (order: 2, 16384 bytes, linear)
[    0.815286] pinctrl core: initialized pinctrl subsystem
[    0.830322] NET: Registered PF_NETLINK/PF_ROUTE protocol family
[    0.833086] audit: initializing netlink subsys (disabled)
[    0.834663] audit: type=2000 audit(1789003693.553:1): state=initialized audit_enabled=0 res=1
[    0.840278] thermal_sys: Registered thermal governor 'fair_share'
[    0.840311] thermal_sys: Registered thermal governor 'bang_bang'
[    0.840472] thermal_sys: Registered thermal governor 'step_wise'
[    0.840619] thermal_sys: Registered thermal governor 'user_space'
[    0.841130] cpuidle: using governor ladder
[    0.841535] cpuidle: using governor menu
[    0.843086] acpiphp: ACPI Hot Plug PCI Controller Driver version: 0.5
[    0.846077] PCI: Using configuration type 1 for base access
[    0.848742] kprobes: kprobe jump-optimization is enabled. All kprobes are optimized if possible.
[    0.917254] HugeTLB: registered 2.00 MiB page size, pre-allocated 0 pages
[    0.917486] HugeTLB: 28 KiB vmemmap can be freed for a 2.00 MiB page
[    0.934696] ACPI: Added _OSI(Module Device)
[    0.934874] ACPI: Added _OSI(Processor Device)
[    0.934988] ACPI: Added _OSI(Processor Aggregator Device)
[    0.947747] ACPI: 1 ACPI AML tables successfully acquired and loaded
[    0.961048] ACPI: _OSC evaluation for CPUs failed, trying _PDC
[    0.962897] ACPI: Interpreter enabled
[    0.963535] ACPI: PM: (supports S0 S3 S4 S5)
[    0.963683] ACPI: Using IOAPIC for interrupt routing
[    0.964241] PCI: Using host bridge windows from ACPI; if necessary, use "pci=nocrs" and report a bug
[    0.964483] PCI: Using E820 reservations for host bridge windows
[    0.965987] ACPI: Enabled 2 GPEs in block 00 to 0F
[    0.992887] ACPI: PCI Root Bridge [PCI0] (domain 0000 [bus 00-ff])
[    0.993302] acpi PNP0A03:00: _OSC: OS supports [ASPM ClockPM Segments MSI HPX-Type3]
[    0.993661] acpi PNP0A03:00: _OSC: not requesting OS control; OS requires [ExtendedConfig ASPM ClockPM MSI]
[    0.994459] acpi PNP0A03:00: fail to add MMCONFIG information, can't access extended configuration space under this bridge
[    1.000311] acpiphp: Slot [3] registered
[    1.000501] acpiphp: Slot [4] registered
[    1.000666] acpiphp: Slot [5] registered
[    1.000838] acpiphp: Slot [6] registered
[    1.000989] acpiphp: Slot [7] registered
[    1.001138] acpiphp: Slot [8] registered
[    1.001286] acpiphp: Slot [9] registered
[    1.001462] acpiphp: Slot [10] registered
[    1.001613] acpiphp: Slot [11] registered
[    1.001764] acpiphp: Slot [12] registered
[    1.001913] acpiphp: Slot [13] registered
[    1.002063] acpiphp: Slot [14] registered
[    1.002212] acpiphp: Slot [15] registered
[    1.002361] acpiphp: Slot [16] registered
[    1.002529] acpiphp: Slot [17] registered
[    1.002681] acpiphp: Slot [18] registered
[    1.002830] acpiphp: Slot [19] registered
[    1.002978] acpiphp: Slot [20] registered
[    1.003086] acpiphp: Slot [21] registered
[    1.003086] acpiphp: Slot [22] registered
[    1.003086] acpiphp: Slot [23] registered
[    1.003165] acpiphp: Slot [24] registered
[    1.003336] acpiphp: Slot [25] registered
[    1.003492] acpiphp: Slot [26] registered
[    1.003645] acpiphp: Slot [27] registered
[    1.003797] acpiphp: Slot [28] registered
[    1.003948] acpiphp: Slot [29] registered
[    1.004097] acpiphp: Slot [30] registered
[    1.004261] acpiphp: Slot [31] registered
[    1.004561] PCI host bridge to bus 0000:00
[    1.004804] pci_bus 0000:00: root bus resource [io  0x0000-0x0cf7 window]
[    1.005067] pci_bus 0000:00: root bus resource [io  0x0d00-0xffff window]
[    1.005232] pci_bus 0000:00: root bus resource [mem 0x000a0000-0x000bffff window]
[    1.005443] pci_bus 0000:00: root bus resource [mem 0x20000000-0xfebfffff window]
[    1.005621] pci_bus 0000:00: root bus resource [mem 0x100000000-0x17fffffff window]
[    1.005917] pci_bus 0000:00: root bus resource [bus 00-ff]
[    1.006708] pci 0000:00:00.0: [8086:1237] type 00 class 0x060000
[    1.012391] pci 0000:00:01.0: [8086:7000] type 00 class 0x060100
[    1.013281] pci 0000:00:01.1: [8086:7010] type 00 class 0x010180
[    1.014274] pci 0000:00:01.1: BAR 4 [io  0xc020-0xc02f]
[    1.014784] pci 0000:00:01.1: BAR 0 [io  0x01f0-0x01f7]: legacy IDE quirk
[    1.014993] pci 0000:00:01.1: BAR 1 [io  0x03f6]: legacy IDE quirk
[    1.015179] pci 0000:00:01.1: BAR 2 [io  0x0170-0x0177]: legacy IDE quirk
[    1.015357] pci 0000:00:01.1: BAR 3 [io  0x0376]: legacy IDE quirk
[    1.016062] pci 0000:00:01.3: [8086:7113] type 00 class 0x068000
[    1.016419] pci 0000:00:01.3: quirk: [io  0x0600-0x063f] claimed by PIIX4 ACPI
[    1.016419] pci 0000:00:01.3: quirk: [io  0x0700-0x070f] claimed by PIIX4 SMB
[    1.017254] pci 0000:00:02.0: [1234:1111] type 00 class 0x030000
[    1.017681] pci 0000:00:02.0: BAR 0 [mem 0xfd000000-0xfdffffff pref]
[    1.018385] pci 0000:00:02.0: BAR 2 [mem 0xfebd0000-0xfebd0fff]
[    1.019452] pci 0000:00:02.0: ROM [mem 0xfebc0000-0xfebcffff pref]
[    1.019965] pci 0000:00:02.0: Video device with shadowed ROM at [mem 0x000c0000-0x000dffff]
[    1.020740] pci 0000:00:03.0: [1af4:1000] type 00 class 0x020000
[    1.021259] pci 0000:00:03.0: BAR 0 [io  0xc000-0xc01f]
[    1.021773] pci 0000:00:03.0: BAR 1 [mem 0xfebd1000-0xfebd1fff]
[    1.023053] pci 0000:00:03.0: BAR 4 [mem 0xfe000000-0xfe003fff 64bit pref]
[    1.023602] pci 0000:00:03.0: ROM [mem 0xfeb80000-0xfebbffff pref]
[    1.031644] ACPI: PCI: Interrupt link LNKA configured for IRQ 10
[    1.032274] ACPI: PCI: Interrupt link LNKB configured for IRQ 10
[    1.032706] ACPI: PCI: Interrupt link LNKC configured for IRQ 11
[    1.033086] ACPI: PCI: Interrupt link LNKD configured for IRQ 11
[    1.033086] ACPI: PCI: Interrupt link LNKS configured for IRQ 9
[    1.036718] iommu: Default domain type: Translated
[    1.036882] iommu: DMA domain TLB invalidation policy: lazy mode
[    1.038717] pps_core: LinuxPPS API ver. 1 registered
[    1.038862] pps_core: Software ver. 5.3.6 - Copyright 2005-2007 Rodolfo Giometti <giometti@linux.it>
[    1.039121] PTP clock support registered
[    1.040120] EDAC MC: Ver: 3.0.0
[    1.047783] PCI: Using ACPI for IRQ routing
[    1.052574] pci 0000:00:02.0: vgaarb: setting as boot VGA device
[    1.052771] pci 0000:00:02.0: vgaarb: bridge control possible
[    1.052946] pci 0000:00:02.0: vgaarb: VGA device added: decodes=io+mem,owns=io+mem,locks=none
[    1.053086] vgaarb: loaded
[    1.054258] hpet: 3 channels of 0 reserved for per-cpu timers
[    1.054629] hpet0: at MMIO 0xfed00000, IRQs 2, 8, 0
[    1.054818] hpet0: 3 comparators, 64-bit 100.000000 MHz counter
[    1.059575] clocksource: Switched to clocksource tsc-early
[    1.067716] VFS: Disk quotas dquot_6.6.0
[    1.068047] VFS: Dquot-cache hash table entries: 512 (order 0, 4096 bytes)
[    1.069811] pnp: PnP ACPI init
[    1.073910] pnp: PnP ACPI: found 6 devices
[    1.090520] clocksource: acpi_pm: mask: 0xffffff max_cycles: 0xffffff, max_idle_ns: 2085701024 ns
[    1.091919] NET: Registered PF_INET protocol family
[    1.093090] IP idents hash table entries: 8192 (order: 4, 65536 bytes, linear)
[    1.098560] tcp_listen_portaddr_hash hash table entries: 256 (order: 0, 4096 bytes, linear)
[    1.098935] Table-perturb hash table entries: 65536 (order: 6, 262144 bytes, linear)
[    1.099194] TCP established hash table entries: 4096 (order: 3, 32768 bytes, linear)
[    1.099650] TCP bind hash table entries: 4096 (order: 5, 131072 bytes, linear)
[    1.099965] TCP: Hash tables configured (established 4096 bind 4096)
[    1.102331] MPTCP token hash table entries: 512 (order: 2, 12288 bytes, linear)
[    1.102777] UDP hash table entries: 256 (order: 1, 8192 bytes, linear)
[    1.103119] UDP-Lite hash table entries: 256 (order: 1, 8192 bytes, linear)
[    1.104594] NET: Registered PF_UNIX/PF_LOCAL protocol family
[    1.105179] NET: Registered PF_XDP protocol family
[    1.106015] pci_bus 0000:00: resource 4 [io  0x0000-0x0cf7 window]
[    1.106194] pci_bus 0000:00: resource 5 [io  0x0d00-0xffff window]
[    1.106346] pci_bus 0000:00: resource 6 [mem 0x000a0000-0x000bffff window]
[    1.106506] pci_bus 0000:00: resource 7 [mem 0x20000000-0xfebfffff window]
[    1.106635] pci_bus 0000:00: resource 8 [mem 0x100000000-0x17fffffff window]
[    1.107384] pci 0000:00:01.0: PIIX3: Enabling Passive Release
[    1.107596] pci 0000:00:00.0: Limiting direct PCI/PCI transfers
[    1.107819] PCI: CLS 0 bytes, default 64
[    1.115280] Initialise system trusted keyrings
[    1.120415] Trying to unpack rootfs image as initramfs...
[    1.167367] workingset: timestamp_bits=40 max_order=17 bucket_order=0
[    1.167867] zbud: loaded
[    1.258183] jitterentropy: Initialization failed with host not compliant with requirements: 2
[    1.281181] Key type asymmetric registered
[    1.281425] Asymmetric key parser 'x509' registered
[    1.282226] Block layer SCSI generic (bsg) driver version 0.4 loaded (major 246)
[    1.282809] io scheduler mq-deadline registered
[    1.282963] io scheduler kyber registered
[    1.283288] io scheduler bfq registered
[    1.289492] shpchp: Standard Hot Plug PCI Controller Driver version: 0.4
[    1.292362] ERST DBG: ERST support is disabled.
[    1.298079] Serial: 8250/16550 driver, 4 ports, IRQ sharing enabled
[    1.307572] 00:04: ttyS0 at I/O 0x3f8 (irq = 4, base_baud = 115200) is a 16550A
[    1.367896] brd: module loaded
[    1.369522] i8042: PNP: PS/2 Controller [PNP0303:KBD,PNP0f13:MOU] at 0x60,0x64 irq 1,12
[    1.383767] serio: i8042 KBD port at 0x60,0x64 irq 1
[    1.384126] serio: i8042 AUX port at 0x60,0x64 irq 12
[    1.385466] rtc_cmos 00:05: RTC can wake from S4
[    1.391765] input: AT Translated Set 2 keyboard as /devices/platform/i8042/serio0/input/input0
[    1.397915] rtc_cmos 00:05: registered as rtc0
[    1.398525] rtc_cmos 00:05: setting system clock to 2026-09-10T01:28:14 UTC (1789003694)
[    1.399980] rtc_cmos 00:05: alarms up to one day, y3k, 242 bytes nvram, hpet irqs
[    1.400449] amd_pstate: the _CPC object is not present in SBIOS or ACPI disabled
[    1.402579] gre: GRE over IPv4 demultiplexor driver
[    1.403647] NET: Registered PF_INET6 protocol family
[    1.489091] Freeing initrd memory: 4484K
[    1.602957] Segment Routing with IPv6
[    1.603328] In-situ OAM (IOAM) with IPv6
[    1.603791] can: controller area network core
[    1.604591] NET: Registered PF_CAN protocol family
[    1.605143] Key type dns_resolver registered
[    1.608494] IPI shorthand broadcast: enabled
[    1.662710] sched_clock: Marking stable (1620150949, 39927660)->(1665502203, -5423594)
[    1.678547] registered taskstats version 1
[    1.679670] Loading compiled-in X.509 certificates
[    1.704261] Loaded X.509 cert 'alpinelinux.org: Alpine Linux kernel key: d76a695f66ad9cd28f5c22a8508f36e91f521f7a'
[    1.718646] Key type .fscrypt registered
[    1.718794] Key type fscrypt-provisioning registered
[    1.723457] clk: Disabling unused clocks
[    1.811938] Freeing unused kernel image (initmem) memory: 3516K
[    1.812382] Write protecting the kernel read-only data: 20480k
[    1.814119] Freeing unused kernel image (rodata/data gap) memory: 1092K
[    1.814589] Run /init as init process
[net] loading virtio-net modules ...
[net]   + drivers/virtio/virtio.ko
[net]   + drivers/virtio/virtio_ring.ko
[net]   + drivers/virtio/virtio_pci_modern_dev.ko
[net]   + drivers/virtio/virtio_pci_legacy_dev.ko
[    1.965573] ACPI: \_SB_.LNKC: Enabled at IRQ 11
[net]   + drivers/virtio/virtio_pci.ko
[net]   + net/core/failover.ko
[net]   + drivers/net/net_failover.ko
[net]   + drivers/net/virtio_net.ko
[net] eth0 up: 10.0.2.15, gw 10.0.2.2, DNS 10.0.2.3
[net] apk: apk-tools 2.14.4, compiled for x86_64.

==================================================
  MINI LINUX BOOTED OK
  kernel : 6.6.134-0-lts / x86_64
  host   : mini-linux
==================================================

Mini Linux shell. Type "poweroff -f" to shut down.
sh: can't access tty; job control turned off
mini-linux:/#[6n[    2.121724] tsc: Refined TSC clocksource calibration: 1000.000 MHz
[    2.122215] clocksource: tsc: mask: 0xffffffffffffffff max_cycles: 0x1cd42e4dffb, max_idle_ns: 881590591483 ns
[    2.122616] clocksource: Switched to clocksource tsc
apk update
ERROR: Unable to read database state: No such file or directory
ERROR: Failed to open apk database: No such file or directory
mini-linux:/#[6napk add --no-cache hello
ERROR: Unable to read database state: No such file or directory
ERROR: Failed to open apk database: No such file or directory
mini-linux:/#[6nhello
sh: hello: not found
mini-linux:/#[6npoweroff -f
[   69.519809] ACPI: PM: Preparing to enter system sleep state S5
[   69.521585] reboot: Power down
