c[?7l[2J[0mSeaBIOS (version rel-1.16.3-0-ga6ed6b701f0a-prebuilt.qemu.org)


iPXE (http://ipxe.org) 00:03.0 CA00 PCI2.10 PnP PMM+1EFD0D90+1EF30D90 CA00
Press Ctrl-B to configure iPXE (PCI 00:03.0)...                                                                               


Booting from ROM...
Probing EDD (edd=off to disable)... ok
c[?7l[2J[    0.000000] Linux version 6.6.134-0-lts (buildozer@build-3-20-x86_64) (gcc (Alpine 13.2.1_git20240309) 13.2.1 20240309, GNU ld (GNU Binutils) 2.42) #1-Alpine SMP PREEMPT_DYNAMIC 2026-04-11 17:03:51
[    0.000000] Command line: console=ttyS0
[    0.000000] BIOS-provided physical RAM map:
[    0.000000] BIOS-e820: [mem 0x0000000000000000-0x000000000009fbff] usable
[    0.000000] BIOS-e820: [mem 0x000000000009fc00-0x000000000009ffff] reserved
[    0.000000] BIOS-e820: [mem 0x00000000000f0000-0x00000000000fffff] reserved
[    0.000000] BIOS-e820: [mem 0x0000000000100000-0x000000001ffdffff] usable
[    0.000000] BIOS-e820: [mem 0x000000001ffe0000-0x000000001fffffff] reserved
[    0.000000] BIOS-e820: [mem 0x00000000fffc0000-0x00000000ffffffff] reserved
[    0.000000] BIOS-e820: [mem 0x000000fd00000000-0x000000ffffffffff] reserved
[    0.000000] NX (Execute Disable) protection: active
[    0.000000] APIC: Static calls initialized
[    0.000000] SMBIOS 2.8 present.
[    0.000000] DMI: QEMU Standard PC (i440FX + PIIX, 1996), BIOS rel-1.16.3-0-ga6ed6b701f0a-prebuilt.qemu.org 04/01/2014
[    0.000000] tsc: Fast TSC calibration using PIT
[    0.000000] tsc: Detected 999.935 MHz processor
[    0.018271] AGP: No AGP bridge found
[    0.018595] last_pfn = 0x1ffe0 max_arch_pfn = 0x400000000
[    0.019340] MTRR map: 4 entries (3 fixed + 1 variable; max 19), built from 8 variable MTRRs
[    0.019539] x86/PAT: Configuration [0-7]: WB  WC  UC- UC  WB  WP  UC- WT  
[    0.053648] found SMP MP-table at [mem 0x000f5480-0x000f548f]
[    0.059601] RAMDISK: [mem 0x1fa17000-0x1ffdffff]
[    0.060067] ACPI: Early table checksum verification disabled
[    0.060414] ACPI: RSDP 0x00000000000F52A0 000014 (v00 BOCHS )
[    0.060691] ACPI: RSDT 0x000000001FFE2335 000034 (v01 BOCHS  BXPC     00000001 BXPC 00000001)
[    0.061262] ACPI: FACP 0x000000001FFE21E9 000074 (v01 BOCHS  BXPC     00000001 BXPC 00000001)
[    0.062045] ACPI: DSDT 0x000000001FFE0040 0021A9 (v01 BOCHS  BXPC     00000001 BXPC 00000001)
[    0.062146] ACPI: FACS 0x000000001FFE0000 000040
[    0.062217] ACPI: APIC 0x000000001FFE225D 000078 (v03 BOCHS  BXPC     00000001 BXPC 00000001)
[    0.062269] ACPI: HPET 0x000000001FFE22D5 000038 (v01 BOCHS  BXPC     00000001 BXPC 00000001)
[    0.062301] ACPI: WAET 0x000000001FFE230D 000028 (v01 BOCHS  BXPC     00000001 BXPC 00000001)
[    0.062422] ACPI: Reserving FACP table memory at [mem 0x1ffe21e9-0x1ffe225c]
[    0.062462] ACPI: Reserving DSDT table memory at [mem 0x1ffe0040-0x1ffe21e8]
[    0.062473] ACPI: Reserving FACS table memory at [mem 0x1ffe0000-0x1ffe003f]
[    0.062480] ACPI: Reserving APIC table memory at [mem 0x1ffe225d-0x1ffe22d4]
[    0.062486] ACPI: Reserving HPET table memory at [mem 0x1ffe22d5-0x1ffe230c]
[    0.062493] ACPI: Reserving WAET table memory at [mem 0x1ffe230d-0x1ffe2334]
[    0.064836] No NUMA configuration found
[    0.064858] Faking a node at [mem 0x0000000000000000-0x000000001ffdffff]
[    0.065534] NODE_DATA(0) allocated [mem 0x1fa11000-0x1fa16fff]
[    0.068356] Zone ranges:
[    0.068383]   DMA      [mem 0x0000000000001000-0x0000000000ffffff]
[    0.068460]   DMA32    [mem 0x0000000001000000-0x000000001ffdffff]
[    0.068473]   Normal   empty
[    0.068494]   Device   empty
[    0.068525] Movable zone start for each node
[    0.068561] Early memory node ranges
[    0.068589]   node   0: [mem 0x0000000000001000-0x000000000009efff]
[    0.068769]   node   0: [mem 0x0000000000100000-0x000000001ffdffff]
[    0.069001] Initmem setup node 0 [mem 0x0000000000001000-0x000000001ffdffff]
[    0.069987] On node 0, zone DMA: 1 pages in unavailable ranges
[    0.070242] On node 0, zone DMA: 97 pages in unavailable ranges
[    0.072676] On node 0, zone DMA32: 32 pages in unavailable ranges
[    0.073177] ACPI: PM-Timer IO Port: 0x608
[    0.073618] ACPI: LAPIC_NMI (acpi_id[0xff] dfl dfl lint[0x1])
[    0.073989] IOAPIC[0]: apic_id 0, version 32, address 0xfec00000, GSI 0-23
[    0.074112] ACPI: INT_SRC_OVR (bus 0 bus_irq 0 global_irq 2 dfl dfl)
[    0.074398] ACPI: INT_SRC_OVR (bus 0 bus_irq 5 global_irq 5 high level)
[    0.074449] ACPI: INT_SRC_OVR (bus 0 bus_irq 9 global_irq 9 high level)
[    0.074559] ACPI: INT_SRC_OVR (bus 0 bus_irq 10 global_irq 10 high level)
[    0.074570] ACPI: INT_SRC_OVR (bus 0 bus_irq 11 global_irq 11 high level)
[    0.074805] ACPI: Using ACPI (MADT) for SMP configuration information
[    0.074858] ACPI: HPET id: 0x8086a201 base: 0xfed00000
[    0.075207] smpboot: Allowing 1 CPUs, 0 hotplug CPUs
[    0.076243] PM: hibernation: Registered nosave memory: [mem 0x00000000-0x00000fff]
[    0.076294] PM: hibernation: Registered nosave memory: [mem 0x0009f000-0x000fffff]
[    0.076469] [mem 0x20000000-0xfffbffff] available for PCI devices
[    0.076509] Booting paravirtualized kernel on bare hardware
[    0.076827] clocksource: refined-jiffies: mask: 0xffffffff max_cycles: 0xffffffff, max_idle_ns: 6370452778343963 ns
[    0.086706] setup_percpu: NR_CPUS:256 nr_cpumask_bits:1 nr_cpu_ids:1 nr_node_ids:1
[    0.088511] percpu: Embedded 58 pages/cpu s198184 r8192 d31192 u2097152
[    0.090529] Kernel command line: console=ttyS0
[    0.091788] Dentry cache hash table entries: 65536 (order: 7, 524288 bytes, linear)
[    0.091942] Inode-cache hash table entries: 32768 (order: 6, 262144 bytes, linear)
[    0.094476] Fallback order for Node 0: 0 
[    0.094855] Built 1 zonelists, mobility grouping on.  Total pages: 128736
[    0.094881] Policy zone: DMA32
[    0.096090] mem auto-init: stack:all(zero), heap alloc:on, heap free:off
[    0.096269] AGP: Checking aperture...
[    0.098506] AGP: No AGP bridge found
[    0.104504] Memory: 470480K/523768K available (14336K kernel code, 1950K rwdata, 5052K rodata, 3516K init, 4724K bss, 53028K reserved, 0K cma-reserved)
[    0.142463] SLUB: HWalign=64, Order=0-3, MinObjects=0, CPUs=1, Nodes=1
[    0.142566] kmemleak: Kernel memory leak detector disabled
[    0.145267] ftrace: allocating 41322 entries in 162 pages
[    0.183006] ftrace: allocated 162 pages with 3 groups
[    0.191896] Dynamic Preempt: voluntary
[    0.195752] rcu: Preemptible hierarchical RCU implementation.
[    0.195805] rcu: 	RCU restricting CPUs from NR_CPUS=256 to nr_cpu_ids=1.
[    0.195971] 	Trampoline variant of Tasks RCU enabled.
[    0.195979] 	Rude variant of Tasks RCU enabled.
[    0.195992] 	Tracing variant of Tasks RCU enabled.
[    0.196069] rcu: RCU calculated value of scheduler-enlistment delay is 30 jiffies.
[    0.196093] rcu: Adjusting geometry for rcu_fanout_leaf=16, nr_cpu_ids=1
[    0.225247] NR_IRQS: 16640, nr_irqs: 256, preallocated irqs: 16
[    0.233468] rcu: srcu_init: Setting srcu_struct sizes based on contention.
[    0.238656] kfence: initialized - using 2097152 bytes for 255 objects at 0x(____ptrval____)-0x(____ptrval____)
[    0.243215] Console: colour VGA+ 80x25
[    0.244756] printk: console [ttyS0] enabled
[    0.265928] ACPI: Core revision 20230628
[    0.270836] clocksource: hpet: mask: 0xffffffff max_cycles: 0xffffffff, max_idle_ns: 19112604467 ns
[    0.272694] APIC: Switch to symmetric I/O mode setup
[    0.276780] ..TIMER: vector=0x30 apic1=0 pin1=2 apic2=-1 pin2=-1
[    0.293448] clocksource: tsc-early: mask: 0xffffffffffffffff max_cycles: 0x1cd3b38e039, max_idle_ns: 881590580833 ns
[    0.294119] Calibrating delay loop (skipped), value calculated using timer frequency.. 2000.19 BogoMIPS (lpj=3333116)
[    0.297575] process: using AMD E400 aware idle routine
[    0.297910] Last level iTLB entries: 4KB 512, 2MB 255, 4MB 127
[    0.298067] Last level dTLB entries: 4KB 512, 2MB 255, 4MB 127, 1GB 0
[    0.298539] Spectre V1 : Mitigation: usercopy/swapgs barriers and __user pointer sanitization
[    0.298901] Spectre V2 : Mitigation: Retpolines
[    0.299054] Spectre V2 : Spectre v2 / SpectreRSB: Filling RSB on context switch and VMEXIT
[    0.301254] x86/fpu: x87 FPU will use FXSAVE
[    0.608510] Freeing SMP alternatives memory: 36K
[    0.609545] pid_max: default: 32768 minimum: 301
[    0.620278] LSM: initializing lsm=lockdown,capability,landlock,yama
[    0.625287] landlock: Up and running.
[    0.625422] Yama: becoming mindful.
[    0.630053] Mount-cache hash table entries: 1024 (order: 1, 8192 bytes, linear)
[    0.630389] Mountpoint-cache hash table entries: 1024 (order: 1, 8192 bytes, linear)
[    0.763493] smpboot: CPU0: AMD QEMU Virtual CPU version 2.5+ (family: 0xf, model: 0x6b, stepping: 0x1)
[    0.768881] RCU Tasks: Setting shift to 0 and lim to 1 rcu_task_cb_adjust=1 rcu_task_cpu_ids=1.
[    0.769492] RCU Tasks Rude: Setting shift to 0 and lim to 1 rcu_task_cb_adjust=1 rcu_task_cpu_ids=1.
[    0.769845] RCU Tasks Trace: Setting shift to 0 and lim to 1 rcu_task_cb_adjust=1 rcu_task_cpu_ids=1.
[    0.770309] Performance Events: PMU not available due to virtualization, using software events only.
[    0.771082] signal: max sigframe size: 1440
[    0.772400] rcu: Hierarchical SRCU implementation.
[    0.772550] rcu: 	Max phase no-delay instances is 1000.
[    0.781174] NMI watchdog: Perf NMI watchdog permanently disabled
[    0.782461] smp: Bringing up secondary CPUs ...
[    0.785667] smp: Brought up 1 node, 1 CPU
[    0.785813] smpboot: Max logical packages: 1
[    0.786006] ----------------
[    0.786095] | NMI testsuite:
[    0.786174] --------------------
[    0.786259]   remote IPI:  ok  |
[    0.786453]    local IPI:  ok  |
[    0.787255] --------------------
[    0.787255] Good, all   2 testcases passed! |
[    0.787255] ---------------------------------
[    0.787255] smpboot: Total of 1 processors activated (2000.19 BogoMIPS)
[    0.800588] devtmpfs: initialized
[    0.803806] x86/mm: Memory block size: 128MB
[    0.810278] clocksource: jiffies: mask: 0xffffffff max_cycles: 0xffffffff, max_idle_ns: 6370867519511994 ns
[    0.810588] futex hash table entries: 256 (order: 2, 16384 bytes, linear)
[    0.814748] pinctrl core: initialized pinctrl subsystem
[    0.829373] NET: Registered PF_NETLINK/PF_ROUTE protocol family
[    0.832033] audit: initializing netlink subsys (disabled)
[    0.834589] audit: type=2000 audit(1789002514.556:1): state=initialized audit_enabled=0 res=1
[    0.838728] thermal_sys: Registered thermal governor 'fair_share'
[    0.838762] thermal_sys: Registered thermal governor 'bang_bang'
[    0.838924] thermal_sys: Registered thermal governor 'step_wise'
[    0.839072] thermal_sys: Registered thermal governor 'user_space'
[    0.839514] cpuidle: using governor ladder
[    0.839856] cpuidle: using governor menu
[    0.841234] acpiphp: ACPI Hot Plug PCI Controller Driver version: 0.5
[    0.845478] PCI: Using configuration type 1 for base access
[    0.848252] kprobes: kprobe jump-optimization is enabled. All kprobes are optimized if possible.
[    0.918110] HugeTLB: registered 2.00 MiB page size, pre-allocated 0 pages
[    0.918346] HugeTLB: 28 KiB vmemmap can be freed for a 2.00 MiB page
[    0.933794] ACPI: Added _OSI(Module Device)
[    0.933922] ACPI: Added _OSI(Processor Device)
[    0.933922] ACPI: Added _OSI(Processor Aggregator Device)
[    0.951450] ACPI: 1 ACPI AML tables successfully acquired and loaded
[    0.966279] ACPI: _OSC evaluation for CPUs failed, trying _PDC
[    0.967814] ACPI: Interpreter enabled
[    0.968854] ACPI: PM: (supports S0 S3 S4 S5)
[    0.969010] ACPI: Using IOAPIC for interrupt routing
[    0.969587] PCI: Using host bridge windows from ACPI; if necessary, use "pci=nocrs" and report a bug
[    0.969837] PCI: Using E820 reservations for host bridge windows
[    0.971035] ACPI: Enabled 2 GPEs in block 00 to 0F
[    0.998963] ACPI: PCI Root Bridge [PCI0] (domain 0000 [bus 00-ff])
[    0.999726] acpi PNP0A03:00: _OSC: OS supports [ASPM ClockPM Segments MSI HPX-Type3]
[    1.000069] acpi PNP0A03:00: _OSC: not requesting OS control; OS requires [ExtendedConfig ASPM ClockPM MSI]
[    1.000588] acpi PNP0A03:00: fail to add MMCONFIG information, can't access extended configuration space under this bridge
[    1.005612] acpiphp: Slot [3] registered
[    1.005819] acpiphp: Slot [4] registered
[    1.005985] acpiphp: Slot [5] registered
[    1.006152] acpiphp: Slot [6] registered
[    1.006304] acpiphp: Slot [7] registered
[    1.007543] acpiphp: Slot [8] registered
[    1.007719] acpiphp: Slot [9] registered
[    1.007890] acpiphp: Slot [10] registered
[    1.008045] acpiphp: Slot [11] registered
[    1.008198] acpiphp: Slot [12] registered
[    1.008349] acpiphp: Slot [13] registered
[    1.008505] acpiphp: Slot [14] registered
[    1.008826] acpiphp: Slot [15] registered
[    1.009002] acpiphp: Slot [16] registered
[    1.009273] acpiphp: Slot [17] registered
[    1.009449] acpiphp: Slot [18] registered
[    1.009603] acpiphp: Slot [19] registered
[    1.009758] acpiphp: Slot [20] registered
[    1.009910] acpiphp: Slot [21] registered
[    1.010061] acpiphp: Slot [22] registered
[    1.010213] acpiphp: Slot [23] registered
[    1.010382] acpiphp: Slot [24] registered
[    1.010534] acpiphp: Slot [25] registered
[    1.010588] acpiphp: Slot [26] registered
[    1.010588] acpiphp: Slot [27] registered
[    1.010588] acpiphp: Slot [28] registered
[    1.010775] acpiphp: Slot [29] registered
[    1.010929] acpiphp: Slot [30] registered
[    1.011096] acpiphp: Slot [31] registered
[    1.011466] PCI host bridge to bus 0000:00
[    1.011724] pci_bus 0000:00: root bus resource [io  0x0000-0x0cf7 window]
[    1.011998] pci_bus 0000:00: root bus resource [io  0x0d00-0xffff window]
[    1.012167] pci_bus 0000:00: root bus resource [mem 0x000a0000-0x000bffff window]
[    1.012378] pci_bus 0000:00: root bus resource [mem 0x20000000-0xfebfffff window]
[    1.012560] pci_bus 0000:00: root bus resource [mem 0x100000000-0x17fffffff window]
[    1.012868] pci_bus 0000:00: root bus resource [bus 00-ff]
[    1.013922] pci 0000:00:00.0: [8086:1237] type 00 class 0x060000
[    1.018308] pci 0000:00:01.0: [8086:7000] type 00 class 0x060100
[    1.018938] pci 0000:00:01.1: [8086:7010] type 00 class 0x010180
[    1.020106] pci 0000:00:01.1: BAR 4 [io  0xc020-0xc02f]
[    1.020559] pci 0000:00:01.1: BAR 0 [io  0x01f0-0x01f7]: legacy IDE quirk
[    1.020588] pci 0000:00:01.1: BAR 1 [io  0x03f6]: legacy IDE quirk
[    1.020588] pci 0000:00:01.1: BAR 2 [io  0x0170-0x0177]: legacy IDE quirk
[    1.020625] pci 0000:00:01.1: BAR 3 [io  0x0376]: legacy IDE quirk
[    1.021345] pci 0000:00:01.3: [8086:7113] type 00 class 0x068000
[    1.022521] pci 0000:00:01.3: quirk: [io  0x0600-0x063f] claimed by PIIX4 ACPI
[    1.022740] pci 0000:00:01.3: quirk: [io  0x0700-0x070f] claimed by PIIX4 SMB
[    1.023413] pci 0000:00:02.0: [1234:1111] type 00 class 0x030000
[    1.023865] pci 0000:00:02.0: BAR 0 [mem 0xfd000000-0xfdffffff pref]
[    1.024827] pci 0000:00:02.0: BAR 2 [mem 0xfebd0000-0xfebd0fff]
[    1.026075] pci 0000:00:02.0: ROM [mem 0xfebc0000-0xfebcffff pref]
[    1.026537] pci 0000:00:02.0: Video device with shadowed ROM at [mem 0x000c0000-0x000dffff]
[    1.027610] pci 0000:00:03.0: [1af4:1000] type 00 class 0x020000
[    1.028160] pci 0000:00:03.0: BAR 0 [io  0xc000-0xc01f]
[    1.028697] pci 0000:00:03.0: BAR 1 [mem 0xfebd1000-0xfebd1fff]
[    1.029984] pci 0000:00:03.0: BAR 4 [mem 0xfe000000-0xfe003fff 64bit pref]
[    1.030588] pci 0000:00:03.0: ROM [mem 0xfeb80000-0xfebbffff pref]
[    1.038885] ACPI: PCI: Interrupt link LNKA configured for IRQ 10
[    1.039522] ACPI: PCI: Interrupt link LNKB configured for IRQ 10
[    1.039964] ACPI: PCI: Interrupt link LNKC configured for IRQ 11
[    1.040426] ACPI: PCI: Interrupt link LNKD configured for IRQ 11
[    1.040588] ACPI: PCI: Interrupt link LNKS configured for IRQ 9
[    1.044406] iommu: Default domain type: Translated
[    1.044617] iommu: DMA domain TLB invalidation policy: lazy mode
[    1.046655] pps_core: LinuxPPS API ver. 1 registered
[    1.046813] pps_core: Software ver. 5.3.6 - Copyright 2005-2007 Rodolfo Giometti <giometti@linux.it>
[    1.047084] PTP clock support registered
[    1.047897] EDAC MC: Ver: 3.0.0
[    1.056680] PCI: Using ACPI for IRQ routing
[    1.061628] pci 0000:00:02.0: vgaarb: setting as boot VGA device
[    1.061887] pci 0000:00:02.0: vgaarb: bridge control possible
[    1.062088] pci 0000:00:02.0: vgaarb: VGA device added: decodes=io+mem,owns=io+mem,locks=none
[    1.062299] vgaarb: loaded
[    1.063922] hpet: 3 channels of 0 reserved for per-cpu timers
[    1.063922] hpet0: at MMIO 0xfed00000, IRQs 2, 8, 0
[    1.064118] hpet0: 3 comparators, 64-bit 100.000000 MHz counter
[    1.069287] clocksource: Switched to clocksource tsc-early
[    1.078449] VFS: Disk quotas dquot_6.6.0
[    1.078831] VFS: Dquot-cache hash table entries: 512 (order 0, 4096 bytes)
[    1.080582] pnp: PnP ACPI init
[    1.084376] pnp: PnP ACPI: found 6 devices
[    1.101912] clocksource: acpi_pm: mask: 0xffffff max_cycles: 0xffffff, max_idle_ns: 2085701024 ns
[    1.103484] NET: Registered PF_INET protocol family
[    1.104748] IP idents hash table entries: 8192 (order: 4, 65536 bytes, linear)
[    1.111058] tcp_listen_portaddr_hash hash table entries: 256 (order: 0, 4096 bytes, linear)
[    1.111487] Table-perturb hash table entries: 65536 (order: 6, 262144 bytes, linear)
[    1.112279] TCP established hash table entries: 4096 (order: 3, 32768 bytes, linear)
[    1.112749] TCP bind hash table entries: 4096 (order: 5, 131072 bytes, linear)
[    1.113078] TCP: Hash tables configured (established 4096 bind 4096)
[    1.114950] MPTCP token hash table entries: 512 (order: 2, 12288 bytes, linear)
[    1.115110] UDP hash table entries: 256 (order: 1, 8192 bytes, linear)
[    1.115961] UDP-Lite hash table entries: 256 (order: 1, 8192 bytes, linear)
[    1.117370] NET: Registered PF_UNIX/PF_LOCAL protocol family
[    1.117860] NET: Registered PF_XDP protocol family
[    1.118705] pci_bus 0000:00: resource 4 [io  0x0000-0x0cf7 window]
[    1.118876] pci_bus 0000:00: resource 5 [io  0x0d00-0xffff window]
[    1.119023] pci_bus 0000:00: resource 6 [mem 0x000a0000-0x000bffff window]
[    1.119185] pci_bus 0000:00: resource 7 [mem 0x20000000-0xfebfffff window]
[    1.119346] pci_bus 0000:00: resource 8 [mem 0x100000000-0x17fffffff window]
[    1.119971] pci 0000:00:01.0: PIIX3: Enabling Passive Release
[    1.120169] pci 0000:00:00.0: Limiting direct PCI/PCI transfers
[    1.120392] PCI: CLS 0 bytes, default 64
[    1.124737] Trying to unpack rootfs image as initramfs...
[    1.137529] Initialise system trusted keyrings
[    1.141639] workingset: timestamp_bits=40 max_order=17 bucket_order=0
[    1.141929] zbud: loaded
[    1.210115] jitterentropy: Initialization failed with host not compliant with requirements: 2
[    1.275425] Key type asymmetric registered
[    1.275690] Asymmetric key parser 'x509' registered
[    1.279149] Block layer SCSI generic (bsg) driver version 0.4 loaded (major 246)
[    1.279800] io scheduler mq-deadline registered
[    1.279961] io scheduler kyber registered
[    1.280294] io scheduler bfq registered
[    1.284987] shpchp: Standard Hot Plug PCI Controller Driver version: 0.4
[    1.291165] ERST DBG: ERST support is disabled.
[    1.296182] Serial: 8250/16550 driver, 4 ports, IRQ sharing enabled
[    1.305832] 00:04: ttyS0 at I/O 0x3f8 (irq = 4, base_baud = 115200) is a 16550A
[    1.372111] brd: module loaded
[    1.376499] i8042: PNP: PS/2 Controller [PNP0303:KBD,PNP0f13:MOU] at 0x60,0x64 irq 1,12
[    1.386419] serio: i8042 KBD port at 0x60,0x64 irq 1
[    1.386777] serio: i8042 AUX port at 0x60,0x64 irq 12
[    1.387460] rtc_cmos 00:05: RTC can wake from S4
[    1.397935] rtc_cmos 00:05: registered as rtc0
[    1.398557] rtc_cmos 00:05: setting system clock to 2026-09-10T01:08:36 UTC (1789002516)
[    1.400141] input: AT Translated Set 2 keyboard as /devices/platform/i8042/serio0/input/input0
[    1.405857] rtc_cmos 00:05: alarms up to one day, y3k, 242 bytes nvram, hpet irqs
[    1.406391] amd_pstate: the _CPC object is not present in SBIOS or ACPI disabled
[    1.413117] gre: GRE over IPv4 demultiplexor driver
[    1.414568] NET: Registered PF_INET6 protocol family
[    1.493208] Freeing initrd memory: 5924K
[    1.614975] Segment Routing with IPv6
[    1.615349] In-situ OAM (IOAM) with IPv6
[    1.615891] can: controller area network core
[    1.616307] NET: Registered PF_CAN protocol family
[    1.616830] Key type dns_resolver registered
[    1.619778] IPI shorthand broadcast: enabled
[    1.670923] sched_clock: Marking stable (1624555283, 43291232)->(1672731728, -4885213)
[    1.695619] registered taskstats version 1
[    1.696753] Loading compiled-in X.509 certificates
[    1.722746] Loaded X.509 cert 'alpinelinux.org: Alpine Linux kernel key: d76a695f66ad9cd28f5c22a8508f36e91f521f7a'
[    1.738248] Key type .fscrypt registered
[    1.738542] Key type fscrypt-provisioning registered
[    1.743743] clk: Disabling unused clocks
[    1.837501] Freeing unused kernel image (initmem) memory: 3516K
[    1.837978] Write protecting the kernel read-only data: 20480k
[    1.839659] Freeing unused kernel image (rodata/data gap) memory: 1092K
[    1.840291] Run /init as init process
[net] loading virtio-net modules ...
[net]   + drivers/virtio/virtio.ko
[net]   + drivers/virtio/virtio_ring.ko
[net]   + drivers/virtio/virtio_pci_modern_dev.ko
[net]   + drivers/virtio/virtio_pci_legacy_dev.ko
[    1.999894] ACPI: \_SB_.LNKC: Enabled at IRQ 11
[net]   + drivers/virtio/virtio_pci.ko
[net]   + net/core/failover.ko
[net]   + drivers/net/net_failover.ko
[net]   + drivers/net/virtio_net.ko
[net] eth0 up: 10.0.2.15, gw 10.0.2.2, DNS 10.0.2.3
[net] apk: apk-tools 2.14.4, compiled for x86_64.

==================================================
  MINI LINUX BOOTED OK
  kernel : 6.6.134-0-lts / x86_64
  host   : mini-linux
==================================================

Mini Linux shell. Type "poweroff -f" to shut down.
sh: can't access tty; job control turned off
[    2.147659] tsc: Refined TSC clocksource calibration: 1000.000 MHz
[    2.148121] clocksource: tsc: mask: 0xffffffffffffffff max_cycles: 0x1cd42e4dffb, max_idle_ns: 881590591483 ns
[    2.148473] clocksource: Switched to clocksource tsc
mini-linux:/#[6napk update
ERROR: Failed to open apk database: No such file or directory
mini-linux:/#[6napk add --no-cache hello
ERROR: Failed to open apk database: No such file or directory
mini-linux:/#[6nhello
sh: hello: not found
mini-linux:/#[6npoweroff -f
[   79.425563] ACPI: PM: Preparing to enter system sleep state S5
[   79.426717] reboot: Power down
