c[?7l[2J[0mSeaBIOS (version rel-1.16.3-0-ga6ed6b701f0a-prebuilt.qemu.org)


iPXE (http://ipxe.org) 00:03.0 CA00 PCI2.10 PnP PMM+02FD0D90+02F30D90 CA00
Press Ctrl-B to configure iPXE (PCI 00:03.0)...                                                                               


Booting from ROM...
Probing EDD (edd=off to disable)... ok
c[?7l[2J[    0.000000] Linux version 6.6.134-0-lts (buildozer@build-3-20-x86_64) (gcc (Alpine 13.2.1_git20240309) 13.2.1 20240309, GNU ld (GNU Binutils) 2.42) #1-Alpine SMP PREEMPT_DYNAMIC 2026-04-11 17:03:51
[    0.000000] Command line: console=ttyS0
[    0.000000] BIOS-provided physical RAM map:
[    0.000000] BIOS-e820: [mem 0x0000000000000000-0x000000000009fbff] usable
[    0.000000] BIOS-e820: [mem 0x000000000009fc00-0x000000000009ffff] reserved
[    0.000000] BIOS-e820: [mem 0x00000000000f0000-0x00000000000fffff] reserved
[    0.000000] BIOS-e820: [mem 0x0000000000100000-0x0000000003fdffff] usable
[    0.000000] BIOS-e820: [mem 0x0000000003fe0000-0x0000000003ffffff] reserved
[    0.000000] BIOS-e820: [mem 0x00000000fffc0000-0x00000000ffffffff] reserved
[    0.000000] BIOS-e820: [mem 0x000000fd00000000-0x000000ffffffffff] reserved
[    0.000000] NX (Execute Disable) protection: active
[    0.000000] APIC: Static calls initialized
[    0.000000] SMBIOS 2.8 present.
[    0.000000] DMI: QEMU Standard PC (i440FX + PIIX, 1996), BIOS rel-1.16.3-0-ga6ed6b701f0a-prebuilt.qemu.org 04/01/2014
[    0.000000] tsc: Fast TSC calibration using PIT
[    0.000000] tsc: Detected 999.935 MHz processor
[    0.018114] AGP: No AGP bridge found
[    0.018421] last_pfn = 0x3fe0 max_arch_pfn = 0x400000000
[    0.019207] MTRR map: 4 entries (3 fixed + 1 variable; max 19), built from 8 variable MTRRs
[    0.019421] x86/PAT: Configuration [0-7]: WB  WC  UC- UC  WB  WP  UC- WT  
[    0.053319] found SMP MP-table at [mem 0x000f5480-0x000f548f]
[    0.059272] RAMDISK: [mem 0x03f44000-0x03fdffff]
[    0.059713] ACPI: Early table checksum verification disabled
[    0.060054] ACPI: RSDP 0x00000000000F52A0 000014 (v00 BOCHS )
[    0.060325] ACPI: RSDT 0x0000000003FE2335 000034 (v01 BOCHS  BXPC     00000001 BXPC 00000001)
[    0.060844] ACPI: FACP 0x0000000003FE21E9 000074 (v01 BOCHS  BXPC     00000001 BXPC 00000001)
[    0.061398] ACPI: DSDT 0x0000000003FE0040 0021A9 (v01 BOCHS  BXPC     00000001 BXPC 00000001)
[    0.061482] ACPI: FACS 0x0000000003FE0000 000040
[    0.061546] ACPI: APIC 0x0000000003FE225D 000078 (v03 BOCHS  BXPC     00000001 BXPC 00000001)
[    0.061588] ACPI: HPET 0x0000000003FE22D5 000038 (v01 BOCHS  BXPC     00000001 BXPC 00000001)
[    0.061617] ACPI: WAET 0x0000000003FE230D 000028 (v01 BOCHS  BXPC     00000001 BXPC 00000001)
[    0.061724] ACPI: Reserving FACP table memory at [mem 0x3fe21e9-0x3fe225c]
[    0.061757] ACPI: Reserving DSDT table memory at [mem 0x3fe0040-0x3fe21e8]
[    0.061765] ACPI: Reserving FACS table memory at [mem 0x3fe0000-0x3fe003f]
[    0.061772] ACPI: Reserving APIC table memory at [mem 0x3fe225d-0x3fe22d4]
[    0.061778] ACPI: Reserving HPET table memory at [mem 0x3fe22d5-0x3fe230c]
[    0.061785] ACPI: Reserving WAET table memory at [mem 0x3fe230d-0x3fe2334]
[    0.063943] No NUMA configuration found
[    0.063961] Faking a node at [mem 0x0000000000000000-0x0000000003fdffff]
[    0.064588] NODE_DATA(0) allocated [mem 0x03f3e000-0x03f43fff]
[    0.067212] Zone ranges:
[    0.067241]   DMA      [mem 0x0000000000001000-0x0000000000ffffff]
[    0.067321]   DMA32    [mem 0x0000000001000000-0x0000000003fdffff]
[    0.067335]   Normal   empty
[    0.067361]   Device   empty
[    0.067377] Movable zone start for each node
[    0.067415] Early memory node ranges
[    0.067443]   node   0: [mem 0x0000000000001000-0x000000000009efff]
[    0.067627]   node   0: [mem 0x0000000000100000-0x0000000003fdffff]
[    0.067826] Initmem setup node 0 [mem 0x0000000000001000-0x0000000003fdffff]
[    0.068827] On node 0, zone DMA: 1 pages in unavailable ranges
[    0.069056] On node 0, zone DMA: 97 pages in unavailable ranges
[    0.069983] On node 0, zone DMA32: 16416 pages in unavailable ranges
[    0.070469] ACPI: PM-Timer IO Port: 0x608
[    0.070884] ACPI: LAPIC_NMI (acpi_id[0xff] dfl dfl lint[0x1])
[    0.071241] IOAPIC[0]: apic_id 0, version 32, address 0xfec00000, GSI 0-23
[    0.071369] ACPI: INT_SRC_OVR (bus 0 bus_irq 0 global_irq 2 dfl dfl)
[    0.071764] ACPI: INT_SRC_OVR (bus 0 bus_irq 5 global_irq 5 high level)
[    0.071873] ACPI: INT_SRC_OVR (bus 0 bus_irq 9 global_irq 9 high level)
[    0.072000] ACPI: INT_SRC_OVR (bus 0 bus_irq 10 global_irq 10 high level)
[    0.072011] ACPI: INT_SRC_OVR (bus 0 bus_irq 11 global_irq 11 high level)
[    0.072275] ACPI: Using ACPI (MADT) for SMP configuration information
[    0.072333] ACPI: HPET id: 0x8086a201 base: 0xfed00000
[    0.072692] smpboot: Allowing 1 CPUs, 0 hotplug CPUs
[    0.073705] PM: hibernation: Registered nosave memory: [mem 0x00000000-0x00000fff]
[    0.073753] PM: hibernation: Registered nosave memory: [mem 0x0009f000-0x000fffff]
[    0.073929] [mem 0x04000000-0xfffbffff] available for PCI devices
[    0.073967] Booting paravirtualized kernel on bare hardware
[    0.074261] clocksource: refined-jiffies: mask: 0xffffffff max_cycles: 0xffffffff, max_idle_ns: 6370452778343963 ns
[    0.083932] setup_percpu: NR_CPUS:256 nr_cpumask_bits:1 nr_cpu_ids:1 nr_node_ids:1
[    0.085592] percpu: Embedded 58 pages/cpu s198184 r8192 d31192 u2097152
[    0.087632] Kernel command line: console=ttyS0
[    0.089035] Dentry cache hash table entries: 8192 (order: 4, 65536 bytes, linear)
[    0.089184] Inode-cache hash table entries: 4096 (order: 3, 32768 bytes, linear)
[    0.091698] Fallback order for Node 0: 0 
[    0.092109] Built 1 zonelists, mobility grouping on.  Total pages: 15840
[    0.092130] Policy zone: DMA32
[    0.093259] mem auto-init: stack:all(zero), heap alloc:on, heap free:off
[    0.093432] AGP: Checking aperture...
[    0.095620] AGP: No AGP bridge found
[    0.099463] Memory: 23844K/65016K available (14336K kernel code, 1950K rwdata, 5052K rodata, 3516K init, 4724K bss, 40912K reserved, 0K cma-reserved)
[    0.137503] SLUB: HWalign=64, Order=0-3, MinObjects=0, CPUs=1, Nodes=1
[    0.137605] kmemleak: Kernel memory leak detector disabled
[    0.140389] ftrace: allocating 41322 entries in 162 pages
[    0.177366] ftrace: allocated 162 pages with 3 groups
[    0.186468] Dynamic Preempt: voluntary
[    0.189941] rcu: Preemptible hierarchical RCU implementation.
[    0.189988] rcu: 	RCU restricting CPUs from NR_CPUS=256 to nr_cpu_ids=1.
[    0.190153] 	Trampoline variant of Tasks RCU enabled.
[    0.190161] 	Rude variant of Tasks RCU enabled.
[    0.190174] 	Tracing variant of Tasks RCU enabled.
[    0.190249] rcu: RCU calculated value of scheduler-enlistment delay is 30 jiffies.
[    0.190273] rcu: Adjusting geometry for rcu_fanout_leaf=16, nr_cpu_ids=1
[    0.219082] NR_IRQS: 16640, nr_irqs: 256, preallocated irqs: 16
[    0.227108] rcu: srcu_init: Setting srcu_struct sizes based on contention.
[    0.231895] kfence: initialized - using 2097152 bytes for 255 objects at 0x(____ptrval____)-0x(____ptrval____)
[    0.236160] Console: colour VGA+ 80x25
[    0.237610] printk: console [ttyS0] enabled
[    0.255632] ACPI: Core revision 20230628
[    0.260723] clocksource: hpet: mask: 0xffffffff max_cycles: 0xffffffff, max_idle_ns: 19112604467 ns
[    0.265232] APIC: Switch to symmetric I/O mode setup
[    0.269849] ..TIMER: vector=0x30 apic1=0 pin1=2 apic2=-1 pin2=-1
[    0.288107] clocksource: tsc-early: mask: 0xffffffffffffffff max_cycles: 0x1cd3b38e039, max_idle_ns: 881590580833 ns
[    0.288746] Calibrating delay loop (skipped), value calculated using timer frequency.. 2000.19 BogoMIPS (lpj=3333116)
[    0.294266] process: using AMD E400 aware idle routine
[    0.294594] Last level iTLB entries: 4KB 512, 2MB 255, 4MB 127
[    0.294753] Last level dTLB entries: 4KB 512, 2MB 255, 4MB 127, 1GB 0
[    0.295173] Spectre V1 : Mitigation: usercopy/swapgs barriers and __user pointer sanitization
[    0.295215] Spectre V2 : Mitigation: Retpolines
[    0.295215] Spectre V2 : Spectre v2 / SpectreRSB: Filling RSB on context switch and VMEXIT
[    0.295880] x86/fpu: x87 FPU will use FXSAVE
[    0.574877] Freeing SMP alternatives memory: 36K
[    0.575887] pid_max: default: 32768 minimum: 301
[    0.585858] LSM: initializing lsm=lockdown,capability,landlock,yama
[    0.591385] landlock: Up and running.
[    0.591506] Yama: becoming mindful.
[    0.595709] Mount-cache hash table entries: 512 (order: 0, 4096 bytes, linear)
[    0.596015] Mountpoint-cache hash table entries: 512 (order: 0, 4096 bytes, linear)
[    0.729337] smpboot: CPU0: AMD QEMU Virtual CPU version 2.5+ (family: 0xf, model: 0x6b, stepping: 0x1)
[    0.736961] RCU Tasks: Setting shift to 0 and lim to 1 rcu_task_cb_adjust=1 rcu_task_cpu_ids=1.
[    0.737554] RCU Tasks Rude: Setting shift to 0 and lim to 1 rcu_task_cb_adjust=1 rcu_task_cpu_ids=1.
[    0.737939] RCU Tasks Trace: Setting shift to 0 and lim to 1 rcu_task_cb_adjust=1 rcu_task_cpu_ids=1.
[    0.738898] Performance Events: PMU not available due to virtualization, using software events only.
[    0.740162] signal: max sigframe size: 1440
[    0.741551] rcu: Hierarchical SRCU implementation.
[    0.741704] rcu: 	Max phase no-delay instances is 1000.
[    0.749154] NMI watchdog: Perf NMI watchdog permanently disabled
[    0.750357] smp: Bringing up secondary CPUs ...
[    0.753038] smp: Brought up 1 node, 1 CPU
[    0.753207] smpboot: Max logical packages: 1
[    0.753410] ----------------
[    0.753517] | NMI testsuite:
[    0.753595] --------------------
[    0.753680]   remote IPI:  ok  |
[    0.753879]    local IPI:  ok  |
[    0.754703] --------------------
[    0.754790] Good, all   2 testcases passed! |
[    0.755304] ---------------------------------
[    0.755474] smpboot: Total of 1 processors activated (2000.19 BogoMIPS)
[    0.767795] devtmpfs: initialized
[    0.771932] x86/mm: Memory block size: 128MB
[    0.775892] clocksource: jiffies: mask: 0xffffffff max_cycles: 0xffffffff, max_idle_ns: 6370867519511994 ns
[    0.776578] futex hash table entries: 256 (order: 2, 16384 bytes, linear)
[    0.779809] pinctrl core: initialized pinctrl subsystem
[    0.799212] NET: Registered PF_NETLINK/PF_ROUTE protocol family
[    0.802588] audit: initializing netlink subsys (disabled)
[    0.804577] audit: type=2000 audit(1788956552.536:1): state=initialized audit_enabled=0 res=1
[    0.808697] thermal_sys: Registered thermal governor 'fair_share'
[    0.808741] thermal_sys: Registered thermal governor 'bang_bang'
[    0.808928] thermal_sys: Registered thermal governor 'step_wise'
[    0.809078] thermal_sys: Registered thermal governor 'user_space'
[    0.809536] cpuidle: using governor ladder
[    0.809889] cpuidle: using governor menu
[    0.811954] acpiphp: ACPI Hot Plug PCI Controller Driver version: 0.5
[    0.815338] PCI: Using configuration type 1 for base access
[    0.818367] kprobes: kprobe jump-optimization is enabled. All kprobes are optimized if possible.
[    0.886365] HugeTLB: registered 2.00 MiB page size, pre-allocated 0 pages
[    0.886616] HugeTLB: 28 KiB vmemmap can be freed for a 2.00 MiB page
[    0.903180] ACPI: Added _OSI(Module Device)
[    0.903381] ACPI: Added _OSI(Processor Device)
[    0.903498] ACPI: Added _OSI(Processor Aggregator Device)
[    0.917236] ACPI: 1 ACPI AML tables successfully acquired and loaded
[    0.929795] ACPI: _OSC evaluation for CPUs failed, trying _PDC
[    0.932096] ACPI: Interpreter enabled
[    0.933139] ACPI: PM: (supports S0 S3 S4 S5)
[    0.933295] ACPI: Using IOAPIC for interrupt routing
[    0.933880] PCI: Using host bridge windows from ACPI; if necessary, use "pci=nocrs" and report a bug
[    0.934125] PCI: Using E820 reservations for host bridge windows
[    0.936128] ACPI: Enabled 2 GPEs in block 00 to 0F
[    0.961355] ACPI: PCI Root Bridge [PCI0] (domain 0000 [bus 00-ff])
[    0.962471] acpi PNP0A03:00: _OSC: OS supports [ASPM ClockPM Segments MSI HPX-Type3]
[    0.962816] acpi PNP0A03:00: _OSC: not requesting OS control; OS requires [ExtendedConfig ASPM ClockPM MSI]
[    0.963584] acpi PNP0A03:00: fail to add MMCONFIG information, can't access extended configuration space under this bridge
[    0.967742] acpiphp: Slot [3] registered
[    0.967928] acpiphp: Slot [4] registered
[    0.968098] acpiphp: Slot [5] registered
[    0.968626] acpiphp: Slot [6] registered
[    0.968779] acpiphp: Slot [7] registered
[    0.968929] acpiphp: Slot [8] registered
[    0.969093] acpiphp: Slot [9] registered
[    0.969243] acpiphp: Slot [10] registered
[    0.969394] acpiphp: Slot [11] registered
[    0.969545] acpiphp: Slot [12] registered
[    0.969696] acpiphp: Slot [13] registered
[    0.969846] acpiphp: Slot [14] registered
[    0.969996] acpiphp: Slot [15] registered
[    0.970208] acpiphp: Slot [16] registered
[    0.970380] acpiphp: Slot [17] registered
[    0.970538] acpiphp: Slot [18] registered
[    0.970692] acpiphp: Slot [19] registered
[    0.970844] acpiphp: Slot [20] registered
[    0.970996] acpiphp: Slot [21] registered
[    0.971153] acpiphp: Slot [22] registered
[    0.971326] acpiphp: Slot [23] registered
[    0.971992] acpiphp: Slot [24] registered
[    0.972152] acpiphp: Slot [25] registered
[    0.972306] acpiphp: Slot [26] registered
[    0.972464] acpiphp: Slot [27] registered
[    0.972621] acpiphp: Slot [28] registered
[    0.972772] acpiphp: Slot [29] registered
[    0.972942] acpiphp: Slot [30] registered
[    0.973094] acpiphp: Slot [31] registered
[    0.973410] PCI host bridge to bus 0000:00
[    0.973651] pci_bus 0000:00: root bus resource [io  0x0000-0x0cf7 window]
[    0.973925] pci_bus 0000:00: root bus resource [io  0x0d00-0xffff window]
[    0.974094] pci_bus 0000:00: root bus resource [mem 0x000a0000-0x000bffff window]
[    0.974307] pci_bus 0000:00: root bus resource [mem 0x04000000-0xfebfffff window]
[    0.974489] pci_bus 0000:00: root bus resource [mem 0x100000000-0x17fffffff window]
[    0.974789] pci_bus 0000:00: root bus resource [bus 00-ff]
[    0.976761] pci 0000:00:00.0: [8086:1237] type 00 class 0x060000
[    0.980409] pci 0000:00:01.0: [8086:7000] type 00 class 0x060100
[    0.981044] pci 0000:00:01.1: [8086:7010] type 00 class 0x010180
[    0.982018] pci 0000:00:01.1: BAR 4 [io  0xc040-0xc04f]
[    0.982451] pci 0000:00:01.1: BAR 0 [io  0x01f0-0x01f7]: legacy IDE quirk
[    0.982643] pci 0000:00:01.1: BAR 1 [io  0x03f6]: legacy IDE quirk
[    0.982826] pci 0000:00:01.1: BAR 2 [io  0x0170-0x0177]: legacy IDE quirk
[    0.983004] pci 0000:00:01.1: BAR 3 [io  0x0376]: legacy IDE quirk
[    0.983664] pci 0000:00:01.3: [8086:7113] type 00 class 0x068000
[    0.984093] pci 0000:00:01.3: quirk: [io  0x0600-0x063f] claimed by PIIX4 ACPI
[    0.984306] pci 0000:00:01.3: quirk: [io  0x0700-0x070f] claimed by PIIX4 SMB
[    0.985330] pci 0000:00:02.0: [1234:1111] type 00 class 0x030000
[    0.985741] pci 0000:00:02.0: BAR 0 [mem 0xfd000000-0xfdffffff pref]
[    0.987267] pci 0000:00:02.0: BAR 2 [mem 0xfebf0000-0xfebf0fff]
[    0.988828] pci 0000:00:02.0: ROM [mem 0xfebe0000-0xfebeffff pref]
[    0.989247] pci 0000:00:02.0: Video device with shadowed ROM at [mem 0x000c0000-0x000dffff]
[    0.990225] pci 0000:00:03.0: [8086:100e] type 00 class 0x020000
[    0.990650] pci 0000:00:03.0: BAR 0 [mem 0xfebc0000-0xfebdffff]
[    0.991037] pci 0000:00:03.0: BAR 1 [io  0xc000-0xc03f]
[    0.991882] pci 0000:00:03.0: ROM [mem 0xfeb80000-0xfebbffff pref]
[    0.999686] ACPI: PCI: Interrupt link LNKA configured for IRQ 10
[    1.000278] ACPI: PCI: Interrupt link LNKB configured for IRQ 10
[    1.000707] ACPI: PCI: Interrupt link LNKC configured for IRQ 11
[    1.001130] ACPI: PCI: Interrupt link LNKD configured for IRQ 11
[    1.001407] ACPI: PCI: Interrupt link LNKS configured for IRQ 9
[    1.004939] iommu: Default domain type: Translated
[    1.005215] iommu: DMA domain TLB invalidation policy: lazy mode
[    1.006576] pps_core: LinuxPPS API ver. 1 registered
[    1.006736] pps_core: Software ver. 5.3.6 - Copyright 2005-2007 Rodolfo Giometti <giometti@linux.it>
[    1.007024] PTP clock support registered
[    1.008626] EDAC MC: Ver: 3.0.0
[    1.016265] PCI: Using ACPI for IRQ routing
[    1.020635] pci 0000:00:02.0: vgaarb: setting as boot VGA device
[    1.020826] pci 0000:00:02.0: vgaarb: bridge control possible
[    1.021004] pci 0000:00:02.0: vgaarb: VGA device added: decodes=io+mem,owns=io+mem,locks=none
[    1.021216] vgaarb: loaded
[    1.023198] hpet: 3 channels of 0 reserved for per-cpu timers
[    1.023633] hpet0: at MMIO 0xfed00000, IRQs 2, 8, 0
[    1.023833] hpet0: 3 comparators, 64-bit 100.000000 MHz counter
[    1.028416] clocksource: Switched to clocksource tsc-early
[    1.036726] VFS: Disk quotas dquot_6.6.0
[    1.037103] VFS: Dquot-cache hash table entries: 512 (order 0, 4096 bytes)
[    1.038963] pnp: PnP ACPI init
[    1.042773] pnp: PnP ACPI: found 6 devices
[    1.059478] clocksource: acpi_pm: mask: 0xffffff max_cycles: 0xffffff, max_idle_ns: 2085701024 ns
[    1.060871] NET: Registered PF_INET protocol family
[    1.061948] IP idents hash table entries: 2048 (order: 2, 16384 bytes, linear)
[    1.067482] tcp_listen_portaddr_hash hash table entries: 256 (order: 0, 4096 bytes, linear)
[    1.068010] Table-perturb hash table entries: 65536 (order: 6, 262144 bytes, linear)
[    1.068244] TCP established hash table entries: 512 (order: 0, 4096 bytes, linear)
[    1.068582] TCP bind hash table entries: 512 (order: 2, 16384 bytes, linear)
[    1.069111] TCP: Hash tables configured (established 512 bind 512)
[    1.071207] MPTCP token hash table entries: 256 (order: 1, 6144 bytes, linear)
[    1.071661] UDP hash table entries: 256 (order: 1, 8192 bytes, linear)
[    1.072047] UDP-Lite hash table entries: 256 (order: 1, 8192 bytes, linear)
[    1.073439] NET: Registered PF_UNIX/PF_LOCAL protocol family
[    1.073936] NET: Registered PF_XDP protocol family
[    1.074717] pci_bus 0000:00: resource 4 [io  0x0000-0x0cf7 window]
[    1.074895] pci_bus 0000:00: resource 5 [io  0x0d00-0xffff window]
[    1.075193] pci_bus 0000:00: resource 6 [mem 0x000a0000-0x000bffff window]
[    1.075372] pci_bus 0000:00: resource 7 [mem 0x04000000-0xfebfffff window]
[    1.075535] pci_bus 0000:00: resource 8 [mem 0x100000000-0x17fffffff window]
[    1.076166] pci 0000:00:01.0: PIIX3: Enabling Passive Release
[    1.076365] pci 0000:00:00.0: Limiting direct PCI/PCI transfers
[    1.076625] PCI: CLS 0 bytes, default 64
[    1.081365] Initialise system trusted keyrings
[    1.088184] Trying to unpack rootfs image as initramfs...
[    1.092113] workingset: timestamp_bits=40 max_order=13 bucket_order=0
[    1.092448] zbud: loaded
[    1.162710] jitterentropy: Initialization failed with host not compliant with requirements: 2
[    1.184807] Freeing initrd memory: 624K
[    1.198351] Key type asymmetric registered
[    1.198351] Asymmetric key parser 'x509' registered
[    1.200778] Block layer SCSI generic (bsg) driver version 0.4 loaded (major 246)
[    1.201429] io scheduler mq-deadline registered
[    1.201584] io scheduler kyber registered
[    1.201911] io scheduler bfq registered
[    1.208721] shpchp: Standard Hot Plug PCI Controller Driver version: 0.4
[    1.212900] ERST DBG: ERST support is disabled.
[    1.217300] Serial: 8250/16550 driver, 4 ports, IRQ sharing enabled
[    1.222412] 00:04: ttyS0 at I/O 0x3f8 (irq = 4, base_baud = 115200) is a 16550A
[    1.274520] brd: module loaded
[    1.277612] i8042: PNP: PS/2 Controller [PNP0303:KBD,PNP0f13:MOU] at 0x60,0x64 irq 1,12
[    1.281916] serio: i8042 KBD port at 0x60,0x64 irq 1
[    1.282339] serio: i8042 AUX port at 0x60,0x64 irq 12
[    1.287443] input: AT Translated Set 2 keyboard as /devices/platform/i8042/serio0/input/input0
[    1.290477] rtc_cmos 00:05: RTC can wake from S4
[    1.295178] rtc_cmos 00:05: registered as rtc0
[    1.295656] rtc_cmos 00:05: setting system clock to 2026-09-09T12:22:33 UTC (1788956553)
[    1.298803] rtc_cmos 00:05: alarms up to one day, y3k, 242 bytes nvram, hpet irqs
[    1.300453] amd_pstate: the _CPC object is not present in SBIOS or ACPI disabled
[    1.304509] gre: GRE over IPv4 demultiplexor driver
[    1.309437] NET: Registered PF_INET6 protocol family
[    1.321371] Segment Routing with IPv6
[    1.321735] In-situ OAM (IOAM) with IPv6
[    1.322406] can: controller area network core
[    1.322785] NET: Registered PF_CAN protocol family
[    1.323317] Key type dns_resolver registered
[    1.325928] IPI shorthand broadcast: enabled
[    1.375078] sched_clock: Marking stable (1334128339, 37616628)->(1374431338, -2686371)
[    1.400759] registered taskstats version 1
[    1.401980] Loading compiled-in X.509 certificates
[    1.412312] Loaded X.509 cert 'alpinelinux.org: Alpine Linux kernel key: d76a695f66ad9cd28f5c22a8508f36e91f521f7a'
[    1.427336] Key type .fscrypt registered
[    1.427521] Key type fscrypt-provisioning registered
[    1.432211] clk: Disabling unused clocks
[    1.524484] Freeing unused kernel image (initmem) memory: 3516K
[    1.525170] Write protecting the kernel read-only data: 20480k
[    1.527242] Freeing unused kernel image (rodata/data gap) memory: 1092K
[    1.527673] Run /init as init process

==================================================
  MINI LINUX BOOTED OK
  kernel : 6.6.134-0-lts / x86_64
  host   : mini-linux
==================================================

Mini Linux shell. Type "poweroff -f" to shut down.
sh: can't access tty; job control turned off
mini-linux:~# [6n[    2.109529] tsc: Refined TSC clocksource calibration: 1000.000 MHz
[    2.110975] clocksource: tsc: mask: 0xffffffffffffffff max_cycles: 0x1cd42e4dffb, max_idle_ns: 881590591483 ns
[    2.111758] clocksource: Switched to clocksource tsc
echo "== interactive shell works =="
== interactive shell works ==
mini-linux:~# [6nuname -a
Linux mini-linux 6.6.134-0-lts #1-Alpine SMP PREEMPT_DYNAMIC 2026-04-11 17:03:51 x86_64 Linux
mini-linux:~# [6nls /
[1;34mbin[m   [1;34mdev[m   [1;34metc[m   [1;32minit[m  [1;34mproc[m  [1;34mroot[m  [1;34msys[m
mini-linux:~# [6nhostname; busybox | head -1
mini-linux
BusyBox v1.36.1 (2025-11-23 14:32:18 UTC) multi-call binary.
mini-linux:~# [6npoweroff -f
[   19.558860] ACPI: PM: Preparing to enter system sleep state S5
[   19.560640] reboot: Power down
