c[?7l[2J[0mSeaBIOS (version rel-1.16.3-0-ga6ed6b701f0a-prebuilt.qemu.org)


iPXE (http://ipxe.org) 00:03.0 CA00 PCI2.10 PnP PMM+1EFD0D90+1EF30D90 CA00
Press Ctrl-B to configure iPXE (PCI 00:03.0)...                                                                               


Booting from ROM...
Probing EDD (edd=off to disable)... ok
c[?7l[2J[    0.000000] Linux version 6.6.134-0-lts (buildozer@build-3-20-x86_64) (gcc (Alpine 13.2.1_git20240309) 13.2.1 20240309, GNU ld (GNU Binutils) 2.42) #1-Alpine SMP PREEMPT_DYNAMIC 2026-04-11 17:03:51
[    0.000000] Command line: console=ttyS0
[    0.000000] BIOS-provided physical RAM map:
[    0.000000] BIOS-e820: [mem 0x0000000000000000-0x000000000009fbff] usable
[    0.000000] BIOS-e820: [mem 0x000000000009fc00-0x000000000009ffff] reserved
[    0.000000] BIOS-e820: [mem 0x00000000000f0000-0x00000000000fffff] reserved
[    0.000000] BIOS-e820: [mem 0x0000000000100000-0x000000001ffdffff] usable
[    0.000000] BIOS-e820: [mem 0x000000001ffe0000-0x000000001fffffff] reserved
[    0.000000] BIOS-e820: [mem 0x00000000fffc0000-0x00000000ffffffff] reserved
[    0.000000] BIOS-e820: [mem 0x000000fd00000000-0x000000ffffffffff] reserved
[    0.000000] NX (Execute Disable) protection: active
[    0.000000] APIC: Static calls initialized
[    0.000000] SMBIOS 2.8 present.
[    0.000000] DMI: QEMU Standard PC (i440FX + PIIX, 1996), BIOS rel-1.16.3-0-ga6ed6b701f0a-prebuilt.qemu.org 04/01/2014
[    0.000000] tsc: Fast TSC calibration using PIT
[    0.000000] tsc: Detected 1000.174 MHz processor
[    0.017999] AGP: No AGP bridge found
[    0.018328] last_pfn = 0x1ffe0 max_arch_pfn = 0x400000000
[    0.019117] MTRR map: 4 entries (3 fixed + 1 variable; max 19), built from 8 variable MTRRs
[    0.019320] x86/PAT: Configuration [0-7]: WB  WC  UC- UC  WB  WP  UC- WT  
[    0.052851] found SMP MP-table at [mem 0x000f5480-0x000f548f]
[    0.058641] RAMDISK: [mem 0x1fa17000-0x1ffdffff]
[    0.059068] ACPI: Early table checksum verification disabled
[    0.059408] ACPI: RSDP 0x00000000000F52A0 000014 (v00 BOCHS )
[    0.059682] ACPI: RSDT 0x000000001FFE2335 000034 (v01 BOCHS  BXPC     00000001 BXPC 00000001)
[    0.060203] ACPI: FACP 0x000000001FFE21E9 000074 (v01 BOCHS  BXPC     00000001 BXPC 00000001)
[    0.060742] ACPI: DSDT 0x000000001FFE0040 0021A9 (v01 BOCHS  BXPC     00000001 BXPC 00000001)
[    0.060823] ACPI: FACS 0x000000001FFE0000 000040
[    0.060887] ACPI: APIC 0x000000001FFE225D 000078 (v03 BOCHS  BXPC     00000001 BXPC 00000001)
[    0.060933] ACPI: HPET 0x000000001FFE22D5 000038 (v01 BOCHS  BXPC     00000001 BXPC 00000001)
[    0.060969] ACPI: WAET 0x000000001FFE230D 000028 (v01 BOCHS  BXPC     00000001 BXPC 00000001)
[    0.061085] ACPI: Reserving FACP table memory at [mem 0x1ffe21e9-0x1ffe225c]
[    0.061112] ACPI: Reserving DSDT table memory at [mem 0x1ffe0040-0x1ffe21e8]
[    0.061121] ACPI: Reserving FACS table memory at [mem 0x1ffe0000-0x1ffe003f]
[    0.061128] ACPI: Reserving APIC table memory at [mem 0x1ffe225d-0x1ffe22d4]
[    0.061134] ACPI: Reserving HPET table memory at [mem 0x1ffe22d5-0x1ffe230c]
[    0.061141] ACPI: Reserving WAET table memory at [mem 0x1ffe230d-0x1ffe2334]
[    0.063314] No NUMA configuration found
[    0.063332] Faking a node at [mem 0x0000000000000000-0x000000001ffdffff]
[    0.063976] NODE_DATA(0) allocated [mem 0x1fa11000-0x1fa16fff]
[    0.067032] Zone ranges:
[    0.067064]   DMA      [mem 0x0000000000001000-0x0000000000ffffff]
[    0.067168]   DMA32    [mem 0x0000000001000000-0x000000001ffdffff]
[    0.067181]   Normal   empty
[    0.067202]   Device   empty
[    0.067217] Movable zone start for each node
[    0.067252] Early memory node ranges
[    0.067280]   node   0: [mem 0x0000000000001000-0x000000000009efff]
[    0.067461]   node   0: [mem 0x0000000000100000-0x000000001ffdffff]
[    0.067689] Initmem setup node 0 [mem 0x0000000000001000-0x000000001ffdffff]
[    0.068680] On node 0, zone DMA: 1 pages in unavailable ranges
[    0.068899] On node 0, zone DMA: 97 pages in unavailable ranges
[    0.071262] On node 0, zone DMA32: 32 pages in unavailable ranges
[    0.071782] ACPI: PM-Timer IO Port: 0x608
[    0.072219] ACPI: LAPIC_NMI (acpi_id[0xff] dfl dfl lint[0x1])
[    0.072587] IOAPIC[0]: apic_id 0, version 32, address 0xfec00000, GSI 0-23
[    0.072707] ACPI: INT_SRC_OVR (bus 0 bus_irq 0 global_irq 2 dfl dfl)
[    0.072997] ACPI: INT_SRC_OVR (bus 0 bus_irq 5 global_irq 5 high level)
[    0.073048] ACPI: INT_SRC_OVR (bus 0 bus_irq 9 global_irq 9 high level)
[    0.073160] ACPI: INT_SRC_OVR (bus 0 bus_irq 10 global_irq 10 high level)
[    0.073171] ACPI: INT_SRC_OVR (bus 0 bus_irq 11 global_irq 11 high level)
[    0.073408] ACPI: Using ACPI (MADT) for SMP configuration information
[    0.073461] ACPI: HPET id: 0x8086a201 base: 0xfed00000
[    0.073820] smpboot: Allowing 1 CPUs, 0 hotplug CPUs
[    0.074821] PM: hibernation: Registered nosave memory: [mem 0x00000000-0x00000fff]
[    0.074868] PM: hibernation: Registered nosave memory: [mem 0x0009f000-0x000fffff]
[    0.075045] [mem 0x20000000-0xfffbffff] available for PCI devices
[    0.075084] Booting paravirtualized kernel on bare hardware
[    0.075380] clocksource: refined-jiffies: mask: 0xffffffff max_cycles: 0xffffffff, max_idle_ns: 6370452778343963 ns
[    0.085254] setup_percpu: NR_CPUS:256 nr_cpumask_bits:1 nr_cpu_ids:1 nr_node_ids:1
[    0.086929] percpu: Embedded 58 pages/cpu s198184 r8192 d31192 u2097152
[    0.088975] Kernel command line: console=ttyS0
[    0.090193] Dentry cache hash table entries: 65536 (order: 7, 524288 bytes, linear)
[    0.090346] Inode-cache hash table entries: 32768 (order: 6, 262144 bytes, linear)
[    0.092820] Fallback order for Node 0: 0 
[    0.093190] Built 1 zonelists, mobility grouping on.  Total pages: 128736
[    0.093210] Policy zone: DMA32
[    0.104584] mem auto-init: stack:all(zero), heap alloc:on, heap free:off
[    0.104790] AGP: Checking aperture...
[    0.106931] AGP: No AGP bridge found
[    0.112891] Memory: 470480K/523768K available (14336K kernel code, 1950K rwdata, 5052K rodata, 3516K init, 4724K bss, 53028K reserved, 0K cma-reserved)
[    0.150712] SLUB: HWalign=64, Order=0-3, MinObjects=0, CPUs=1, Nodes=1
[    0.150820] kmemleak: Kernel memory leak detector disabled
[    0.153351] ftrace: allocating 41322 entries in 162 pages
[    0.189792] ftrace: allocated 162 pages with 3 groups
[    0.198836] Dynamic Preempt: voluntary
[    0.202294] rcu: Preemptible hierarchical RCU implementation.
[    0.202337] rcu: 	RCU restricting CPUs from NR_CPUS=256 to nr_cpu_ids=1.
[    0.202502] 	Trampoline variant of Tasks RCU enabled.
[    0.202510] 	Rude variant of Tasks RCU enabled.
[    0.202524] 	Tracing variant of Tasks RCU enabled.
[    0.202600] rcu: RCU calculated value of scheduler-enlistment delay is 30 jiffies.
[    0.202624] rcu: Adjusting geometry for rcu_fanout_leaf=16, nr_cpu_ids=1
[    0.230475] NR_IRQS: 16640, nr_irqs: 256, preallocated irqs: 16
[    0.238829] rcu: srcu_init: Setting srcu_struct sizes based on contention.
[    0.243897] kfence: initialized - using 2097152 bytes for 255 objects at 0x(____ptrval____)-0x(____ptrval____)
[    0.248651] Console: colour VGA+ 80x25
[    0.250206] printk: console [ttyS0] enabled
[    0.271100] ACPI: Core revision 20230628
[    0.275923] clocksource: hpet: mask: 0xffffffff max_cycles: 0xffffffff, max_idle_ns: 19112604467 ns
[    0.280471] APIC: Switch to symmetric I/O mode setup
[    0.285426] ..TIMER: vector=0x30 apic1=0 pin1=2 apic2=-1 pin2=-1
[    0.301486] clocksource: tsc-early: mask: 0xffffffffffffffff max_cycles: 0xe6abb7bd86, max_idle_ns: 440795237770 ns
[    0.302135] Calibrating delay loop (skipped), value calculated using timer frequency.. 2001.69 BogoMIPS (lpj=3333913)
[    0.304766] process: using AMD E400 aware idle routine
[    0.305546] Last level iTLB entries: 4KB 512, 2MB 255, 4MB 127
[    0.305721] Last level dTLB entries: 4KB 512, 2MB 255, 4MB 127, 1GB 0
[    0.306145] Spectre V1 : Mitigation: usercopy/swapgs barriers and __user pointer sanitization
[    0.306509] Spectre V2 : Mitigation: Retpolines
[    0.306673] Spectre V2 : Spectre v2 / SpectreRSB: Filling RSB on context switch and VMEXIT
[    0.307698] x86/fpu: x87 FPU will use FXSAVE
[    0.611462] Freeing SMP alternatives memory: 36K
[    0.612028] pid_max: default: 32768 minimum: 301
[    0.623074] LSM: initializing lsm=lockdown,capability,landlock,yama
[    0.628012] landlock: Up and running.
[    0.628125] Yama: becoming mindful.
[    0.632085] Mount-cache hash table entries: 1024 (order: 1, 8192 bytes, linear)
[    0.632491] Mountpoint-cache hash table entries: 1024 (order: 1, 8192 bytes, linear)
[    0.765150] smpboot: CPU0: AMD QEMU Virtual CPU version 2.5+ (family: 0xf, model: 0x6b, stepping: 0x1)
[    0.770067] RCU Tasks: Setting shift to 0 and lim to 1 rcu_task_cb_adjust=1 rcu_task_cpu_ids=1.
[    0.770647] RCU Tasks Rude: Setting shift to 0 and lim to 1 rcu_task_cb_adjust=1 rcu_task_cpu_ids=1.
[    0.770996] RCU Tasks Trace: Setting shift to 0 and lim to 1 rcu_task_cb_adjust=1 rcu_task_cpu_ids=1.
[    0.771450] Performance Events: PMU not available due to virtualization, using software events only.
[    0.772080] signal: max sigframe size: 1440
[    0.773385] rcu: Hierarchical SRCU implementation.
[    0.773532] rcu: 	Max phase no-delay instances is 1000.
[    0.781943] NMI watchdog: Perf NMI watchdog permanently disabled
[    0.783052] smp: Bringing up secondary CPUs ...
[    0.784646] smp: Brought up 1 node, 1 CPU
[    0.784794] smpboot: Max logical packages: 1
[    0.784995] ----------------
[    0.785082] | NMI testsuite:
[    0.785158] --------------------
[    0.785253]   remote IPI:  ok  |
[    0.785480]    local IPI:  ok  |
[    0.786387] --------------------
[    0.786472] Good, all   2 testcases passed! |
[    0.786595] ---------------------------------
[    0.786751] smpboot: Total of 1 processors activated (2001.69 BogoMIPS)
[    0.800819] devtmpfs: initialized
[    0.803893] x86/mm: Memory block size: 128MB
[    0.808610] clocksource: jiffies: mask: 0xffffffff max_cycles: 0xffffffff, max_idle_ns: 6370867519511994 ns
[    0.809565] futex hash table entries: 256 (order: 2, 16384 bytes, linear)
[    0.813564] pinctrl core: initialized pinctrl subsystem
[    0.828399] NET: Registered PF_NETLINK/PF_ROUTE protocol family
[    0.831060] audit: initializing netlink subsys (disabled)
[    0.833490] audit: type=2000 audit(1789002326.556:1): state=initialized audit_enabled=0 res=1
[    0.838085] thermal_sys: Registered thermal governor 'fair_share'
[    0.838117] thermal_sys: Registered thermal governor 'bang_bang'
[    0.838277] thermal_sys: Registered thermal governor 'step_wise'
[    0.838421] thermal_sys: Registered thermal governor 'user_space'
[    0.838610] cpuidle: using governor ladder
[    0.838705] cpuidle: using governor menu
[    0.840271] acpiphp: ACPI Hot Plug PCI Controller Driver version: 0.5
[    0.844090] PCI: Using configuration type 1 for base access
[    0.847160] kprobes: kprobe jump-optimization is enabled. All kprobes are optimized if possible.
[    0.912779] HugeTLB: registered 2.00 MiB page size, pre-allocated 0 pages
[    0.913025] HugeTLB: 28 KiB vmemmap can be freed for a 2.00 MiB page
[    0.930911] ACPI: Added _OSI(Module Device)
[    0.931099] ACPI: Added _OSI(Processor Device)
[    0.931959] ACPI: Added _OSI(Processor Aggregator Device)
[    0.944200] ACPI: 1 ACPI AML tables successfully acquired and loaded
[    0.956398] ACPI: _OSC evaluation for CPUs failed, trying _PDC
[    0.958201] ACPI: Interpreter enabled
[    0.958812] ACPI: PM: (supports S0 S3 S4 S5)
[    0.958964] ACPI: Using IOAPIC for interrupt routing
[    0.959515] PCI: Using host bridge windows from ACPI; if necessary, use "pci=nocrs" and report a bug
[    0.959760] PCI: Using E820 reservations for host bridge windows
[    0.962472] ACPI: Enabled 2 GPEs in block 00 to 0F
[    0.988135] ACPI: PCI Root Bridge [PCI0] (domain 0000 [bus 00-ff])
[    0.989123] acpi PNP0A03:00: _OSC: OS supports [ASPM ClockPM Segments MSI HPX-Type3]
[    0.989461] acpi PNP0A03:00: _OSC: not requesting OS control; OS requires [ExtendedConfig ASPM ClockPM MSI]
[    0.990234] acpi PNP0A03:00: fail to add MMCONFIG information, can't access extended configuration space under this bridge
[    0.995215] acpiphp: Slot [3] registered
[    0.995276] acpiphp: Slot [4] registered
[    0.995276] acpiphp: Slot [5] registered
[    0.995366] acpiphp: Slot [6] registered
[    0.995521] acpiphp: Slot [7] registered
[    0.995669] acpiphp: Slot [8] registered
[    0.995817] acpiphp: Slot [9] registered
[    0.995989] acpiphp: Slot [10] registered
[    0.996150] acpiphp: Slot [11] registered
[    0.996302] acpiphp: Slot [12] registered
[    0.996451] acpiphp: Slot [13] registered
[    0.996600] acpiphp: Slot [14] registered
[    0.996748] acpiphp: Slot [15] registered
[    0.996896] acpiphp: Slot [16] registered
[    0.997057] acpiphp: Slot [17] registered
[    0.997206] acpiphp: Slot [18] registered
[    0.997354] acpiphp: Slot [19] registered
[    0.997503] acpiphp: Slot [20] registered
[    0.997650] acpiphp: Slot [21] registered
[    0.997798] acpiphp: Slot [22] registered
[    0.997945] acpiphp: Slot [23] registered
[    0.998111] acpiphp: Slot [24] registered
[    0.998260] acpiphp: Slot [25] registered
[    0.998408] acpiphp: Slot [26] registered
[    0.998558] acpiphp: Slot [27] registered
[    0.998610] acpiphp: Slot [28] registered
[    0.998610] acpiphp: Slot [29] registered
[    0.998610] acpiphp: Slot [30] registered
[    0.998685] acpiphp: Slot [31] registered
[    0.998986] PCI host bridge to bus 0000:00
[    0.999226] pci_bus 0000:00: root bus resource [io  0x0000-0x0cf7 window]
[    0.999495] pci_bus 0000:00: root bus resource [io  0x0d00-0xffff window]
[    0.999660] pci_bus 0000:00: root bus resource [mem 0x000a0000-0x000bffff window]
[    0.999868] pci_bus 0000:00: root bus resource [mem 0x20000000-0xfebfffff window]
[    1.000046] pci_bus 0000:00: root bus resource [mem 0x100000000-0x17fffffff window]
[    1.000342] pci_bus 0000:00: root bus resource [bus 00-ff]
[    1.002635] pci 0000:00:00.0: [8086:1237] type 00 class 0x060000
[    1.005667] pci 0000:00:01.0: [8086:7000] type 00 class 0x060100
[    1.006300] pci 0000:00:01.1: [8086:7010] type 00 class 0x010180
[    1.007294] pci 0000:00:01.1: BAR 4 [io  0xc020-0xc02f]
[    1.007756] pci 0000:00:01.1: BAR 0 [io  0x01f0-0x01f7]: legacy IDE quirk
[    1.007948] pci 0000:00:01.1: BAR 1 [io  0x03f6]: legacy IDE quirk
[    1.008127] pci 0000:00:01.1: BAR 2 [io  0x0170-0x0177]: legacy IDE quirk
[    1.008302] pci 0000:00:01.1: BAR 3 [io  0x0376]: legacy IDE quirk
[    1.009671] pci 0000:00:01.3: [8086:7113] type 00 class 0x068000
[    1.010089] pci 0000:00:01.3: quirk: [io  0x0600-0x063f] claimed by PIIX4 ACPI
[    1.010293] pci 0000:00:01.3: quirk: [io  0x0700-0x070f] claimed by PIIX4 SMB
[    1.011015] pci 0000:00:02.0: [1234:1111] type 00 class 0x030000
[    1.012381] pci 0000:00:02.0: BAR 0 [mem 0xfd000000-0xfdffffff pref]
[    1.013485] pci 0000:00:02.0: BAR 2 [mem 0xfebd0000-0xfebd0fff]
[    1.014621] pci 0000:00:02.0: ROM [mem 0xfebc0000-0xfebcffff pref]
[    1.015052] pci 0000:00:02.0: Video device with shadowed ROM at [mem 0x000c0000-0x000dffff]
[    1.015633] pci 0000:00:03.0: [1af4:1000] type 00 class 0x020000
[    1.016182] pci 0000:00:03.0: BAR 0 [io  0xc000-0xc01f]
[    1.016675] pci 0000:00:03.0: BAR 1 [mem 0xfebd1000-0xfebd1fff]
[    1.018635] pci 0000:00:03.0: BAR 4 [mem 0xfe000000-0xfe003fff 64bit pref]
[    1.019224] pci 0000:00:03.0: ROM [mem 0xfeb80000-0xfebbffff pref]
[    1.026173] ACPI: PCI: Interrupt link LNKA configured for IRQ 10
[    1.026756] ACPI: PCI: Interrupt link LNKB configured for IRQ 10
[    1.027183] ACPI: PCI: Interrupt link LNKC configured for IRQ 11
[    1.027609] ACPI: PCI: Interrupt link LNKD configured for IRQ 11
[    1.027885] ACPI: PCI: Interrupt link LNKS configured for IRQ 9
[    1.031161] iommu: Default domain type: Translated
[    1.031365] iommu: DMA domain TLB invalidation policy: lazy mode
[    1.033761] pps_core: LinuxPPS API ver. 1 registered
[    1.033908] pps_core: Software ver. 5.3.6 - Copyright 2005-2007 Rodolfo Giometti <giometti@linux.it>
[    1.034165] PTP clock support registered
[    1.035026] EDAC MC: Ver: 3.0.0
[    1.043286] PCI: Using ACPI for IRQ routing
[    1.046977] pci 0000:00:02.0: vgaarb: setting as boot VGA device
[    1.047203] pci 0000:00:02.0: vgaarb: bridge control possible
[    1.047380] pci 0000:00:02.0: vgaarb: VGA device added: decodes=io+mem,owns=io+mem,locks=none
[    1.047584] vgaarb: loaded
[    1.048845] hpet: 3 channels of 0 reserved for per-cpu timers
[    1.049231] hpet0: at MMIO 0xfed00000, IRQs 2, 8, 0
[    1.049414] hpet0: 3 comparators, 64-bit 100.000000 MHz counter
[    1.055009] clocksource: Switched to clocksource tsc-early
[    1.062747] VFS: Disk quotas dquot_6.6.0
[    1.063098] VFS: Dquot-cache hash table entries: 512 (order 0, 4096 bytes)
[    1.064949] pnp: PnP ACPI init
[    1.068597] pnp: PnP ACPI: found 6 devices
[    1.084994] clocksource: acpi_pm: mask: 0xffffff max_cycles: 0xffffff, max_idle_ns: 2085701024 ns
[    1.086085] NET: Registered PF_INET protocol family
[    1.087560] IP idents hash table entries: 8192 (order: 4, 65536 bytes, linear)
[    1.093207] tcp_listen_portaddr_hash hash table entries: 256 (order: 0, 4096 bytes, linear)
[    1.093804] Table-perturb hash table entries: 65536 (order: 6, 262144 bytes, linear)
[    1.094462] TCP established hash table entries: 4096 (order: 3, 32768 bytes, linear)
[    1.094920] TCP bind hash table entries: 4096 (order: 5, 131072 bytes, linear)
[    1.095235] TCP: Hash tables configured (established 4096 bind 4096)
[    1.097088] MPTCP token hash table entries: 512 (order: 2, 12288 bytes, linear)
[    1.097547] UDP hash table entries: 256 (order: 1, 8192 bytes, linear)
[    1.097892] UDP-Lite hash table entries: 256 (order: 1, 8192 bytes, linear)
[    1.099263] NET: Registered PF_UNIX/PF_LOCAL protocol family
[    1.099495] NET: Registered PF_XDP protocol family
[    1.100607] pci_bus 0000:00: resource 4 [io  0x0000-0x0cf7 window]
[    1.100772] pci_bus 0000:00: resource 5 [io  0x0d00-0xffff window]
[    1.100914] pci_bus 0000:00: resource 6 [mem 0x000a0000-0x000bffff window]
[    1.101071] pci_bus 0000:00: resource 7 [mem 0x20000000-0xfebfffff window]
[    1.101227] pci_bus 0000:00: resource 8 [mem 0x100000000-0x17fffffff window]
[    1.101858] pci 0000:00:01.0: PIIX3: Enabling Passive Release
[    1.102059] pci 0000:00:00.0: Limiting direct PCI/PCI transfers
[    1.102274] PCI: CLS 0 bytes, default 64
[    1.109426] Initialise system trusted keyrings
[    1.113321] Trying to unpack rootfs image as initramfs...
[    1.118077] workingset: timestamp_bits=40 max_order=17 bucket_order=0
[    1.118423] zbud: loaded
[    1.183626] jitterentropy: Initialization failed with host not compliant with requirements: 2
[    1.246881] Key type asymmetric registered
[    1.247156] Asymmetric key parser 'x509' registered
[    1.247979] Block layer SCSI generic (bsg) driver version 0.4 loaded (major 246)
[    1.248637] io scheduler mq-deadline registered
[    1.248797] io scheduler kyber registered
[    1.249129] io scheduler bfq registered
[    1.254632] shpchp: Standard Hot Plug PCI Controller Driver version: 0.4
[    1.257335] ERST DBG: ERST support is disabled.
[    1.261489] Serial: 8250/16550 driver, 4 ports, IRQ sharing enabled
[    1.268766] 00:04: ttyS0 at I/O 0x3f8 (irq = 4, base_baud = 115200) is a 16550A
[    1.332268] brd: module loaded
[    1.338415] i8042: PNP: PS/2 Controller [PNP0303:KBD,PNP0f13:MOU] at 0x60,0x64 irq 1,12
[    1.342169] serio: i8042 KBD port at 0x60,0x64 irq 1
[    1.342555] serio: i8042 AUX port at 0x60,0x64 irq 12
[    1.344882] rtc_cmos 00:05: RTC can wake from S4
[    1.355052] rtc_cmos 00:05: registered as rtc0
[    1.355666] rtc_cmos 00:05: setting system clock to 2026-09-10T01:05:27 UTC (1789002327)
[    1.357098] rtc_cmos 00:05: alarms up to one day, y3k, 242 bytes nvram, hpet irqs
[    1.357205] amd_pstate: the _CPC object is not present in SBIOS or ACPI disabled
[    1.358578] input: AT Translated Set 2 keyboard as /devices/platform/i8042/serio0/input/input1
[    1.366701] gre: GRE over IPv4 demultiplexor driver
[    1.371630] NET: Registered PF_INET6 protocol family
[    1.447975] Freeing initrd memory: 5924K
[    1.558426] Segment Routing with IPv6
[    1.558875] In-situ OAM (IOAM) with IPv6
[    1.559546] can: controller area network core
[    1.559967] NET: Registered PF_CAN protocol family
[    1.560797] Key type dns_resolver registered
[    1.563488] IPI shorthand broadcast: enabled
[    1.663047] sched_clock: Marking stable (1624699158, 35954438)->(1666205080, -5551484)
[    1.677949] registered taskstats version 1
[    1.679440] Loading compiled-in X.509 certificates
[    1.714779] Loaded X.509 cert 'alpinelinux.org: Alpine Linux kernel key: d76a695f66ad9cd28f5c22a8508f36e91f521f7a'
[    1.729086] Key type .fscrypt registered
[    1.729268] Key type fscrypt-provisioning registered
[    1.733690] clk: Disabling unused clocks
[    1.823240] Freeing unused kernel image (initmem) memory: 3516K
[    1.823694] Write protecting the kernel read-only data: 20480k
[    1.825327] Freeing unused kernel image (rodata/data gap) memory: 1092K
[    1.826098] Run /init as init process
[net] loading virtio-net modules ...
[net]   + drivers/virtio/virtio.ko
[net]   + drivers/virtio/virtio_ring.ko
[net]   + drivers/virtio/virtio_pci_modern_dev.ko
[net]   + drivers/virtio/virtio_pci_legacy_dev.ko
[    1.974607] ACPI: \_SB_.LNKC: Enabled at IRQ 11
[net]   + drivers/virtio/virtio_pci.ko
[net]   + net/core/failover.ko
[net]   + drivers/net/net_failover.ko
[net]   + drivers/net/virtio_net.ko
[net] eth0 up: 10.0.2.15, gw 10.0.2.2, DNS 10.0.2.3
[net] apk: apk-tools 2.14.4, compiled for x86_64.

==================================================
  MINI LINUX BOOTED OK
  kernel : 6.6.134-0-lts / x86_64
  host   : mini-linux
==================================================

Mini Linux shell. Type "poweroff -f" to shut down.
sh: can't access tty; job control turned off
mini-linux:/#[6n[    2.117336] tsc: Refined TSC clocksource calibration: 1000.000 MHz
[    2.117827] clocksource: tsc: mask: 0xffffffffffffffff max_cycles: 0x1cd42e4dffb, max_idle_ns: 881590591483 ns
[    2.118267] clocksource: Switched to clocksource tsc
ifconfig eth0
eth0      Link encap:Ethernet  HWaddr 52:54:00:12:34:56  
          inet addr:10.0.2.15  Bcast:10.0.2.255  Mask:255.255.255.0
          inet6 addr: fec0::5054:ff:fe12:3456/64 Scope:Site
          inet6 addr: fe80::5054:ff:fe12:3456/64 Scope:Link
          UP BROADCAST RUNNING MULTICAST  MTU:1500  Metric:1
          RX packets:2 errors:0 dropped:0 overruns:0 frame:0
          TX packets:8 errors:0 dropped:0 overruns:0 carrier:0
          collisions:0 txqueuelen:1000 
          RX bytes:268 (268.0 B)  TX bytes:672 (672.0 B)

mini-linux:/#[6napk update
ERROR: Failed to open apk database: No such file or directory
mini-linux:/#[6napk add --no-cache hello
ERROR: Failed to open apk database: No such file or directory
mini-linux:/#[6nhello
sh: hello: not found
mini-linux:/#[6npoweroff -f
[   72.578493] ACPI: PM: Preparing to enter system sleep state S5
[   72.579740] reboot: Power down
