c[?7l[2J[0mSeaBIOS (version rel-1.16.3-0-ga6ed6b701f0a-prebuilt.qemu.org)


iPXE (http://ipxe.org) 00:03.0 CA00 PCI2.10 PnP PMM+1EFD0D90+1EF30D90 CA00
Press Ctrl-B to configure iPXE (PCI 00:03.0)...                                                                               


Booting from ROM...
Probing EDD (edd=off to disable)... oc[?7l[2J[    0.000000] Linux version 6.6.134-0-lts (buildozer@build-3-20-x86_64) (gcc (Alpine 13.2.1_git20240309) 13.2.1 20240309, GNU ld (GNU Binutils) 2.42) #1-Alpine SMP PREEMPT_DYNAMIC 2026-04-11 17:03:51
[    0.000000] Command line: console=ttyS0
[    0.000000] BIOS-provided physical RAM map:
[    0.000000] BIOS-e820: [mem 0x0000000000000000-0x000000000009fbff] usable
[    0.000000] BIOS-e820: [mem 0x000000000009fc00-0x000000000009ffff] reserved
[    0.000000] BIOS-e820: [mem 0x00000000000f0000-0x00000000000fffff] reserved
[    0.000000] BIOS-e820: [mem 0x0000000000100000-0x000000001ffdffff] usable
[    0.000000] BIOS-e820: [mem 0x000000001ffe0000-0x000000001fffffff] reserved
[    0.000000] BIOS-e820: [mem 0x00000000fffc0000-0x00000000ffffffff] reserved
[    0.000000] BIOS-e820: [mem 0x000000fd00000000-0x000000ffffffffff] reserved
[    0.000000] NX (Execute Disable) protection: active
[    0.000000] APIC: Static calls initialized
[    0.000000] SMBIOS 2.8 present.
[    0.000000] DMI: QEMU Standard PC (i440FX + PIIX, 1996), BIOS rel-1.16.3-0-ga6ed6b701f0a-prebuilt.qemu.org 04/01/2014
[    0.000000] tsc: Fast TSC calibration using PIT
[    0.000000] tsc: Detected 1000.054 MHz processor
[    0.017807] AGP: No AGP bridge found
[    0.018272] last_pfn = 0x1ffe0 max_arch_pfn = 0x400000000
[    0.019090] MTRR map: 4 entries (3 fixed + 1 variable; max 19), built from 8 variable MTRRs
[    0.019318] x86/PAT: Configuration [0-7]: WB  WC  UC- UC  WB  WP  UC- WT  
[    0.053154] found SMP MP-table at [mem 0x000f5480-0x000f548f]
[    0.058931] RAMDISK: [mem 0x1fb7f000-0x1ffdffff]
[    0.059392] ACPI: Early table checksum verification disabled
[    0.059729] ACPI: RSDP 0x00000000000F52A0 000014 (v00 BOCHS )
[    0.060001] ACPI: RSDT 0x000000001FFE2335 000034 (v01 BOCHS  BXPC     00000001 BXPC 00000001)
[    0.060518] ACPI: FACP 0x000000001FFE21E9 000074 (v01 BOCHS  BXPC     00000001 BXPC 00000001)
[    0.061059] ACPI: DSDT 0x000000001FFE0040 0021A9 (v01 BOCHS  BXPC     00000001 BXPC 00000001)
[    0.061138] ACPI: FACS 0x000000001FFE0000 000040
[    0.061202] ACPI: APIC 0x000000001FFE225D 000078 (v03 BOCHS  BXPC     00000001 BXPC 00000001)
[    0.061244] ACPI: HPET 0x000000001FFE22D5 000038 (v01 BOCHS  BXPC     00000001 BXPC 00000001)
[    0.061273] ACPI: WAET 0x000000001FFE230D 000028 (v01 BOCHS  BXPC     00000001 BXPC 00000001)
[    0.061383] ACPI: Reserving FACP table memory at [mem 0x1ffe21e9-0x1ffe225c]
[    0.061412] ACPI: Reserving DSDT table memory at [mem 0x1ffe0040-0x1ffe21e8]
[    0.061420] ACPI: Reserving FACS table memory at [mem 0x1ffe0000-0x1ffe003f]
[    0.061427] ACPI: Reserving APIC table memory at [mem 0x1ffe225d-0x1ffe22d4]
[    0.061434] ACPI: Reserving HPET table memory at [mem 0x1ffe22d5-0x1ffe230c]
[    0.061440] ACPI: Reserving WAET table memory at [mem 0x1ffe230d-0x1ffe2334]
[    0.063598] No NUMA configuration found
[    0.063616] Faking a node at [mem 0x0000000000000000-0x000000001ffdffff]
[    0.064245] NODE_DATA(0) allocated [mem 0x1fb79000-0x1fb7efff]
[    0.066910] Zone ranges:
[    0.066936]   DMA      [mem 0x0000000000001000-0x0000000000ffffff]
[    0.067005]   DMA32    [mem 0x0000000001000000-0x000000001ffdffff]
[    0.067020]   Normal   empty
[    0.067040]   Device   empty
[    0.067055] Movable zone start for each node
[    0.067090] Early memory node ranges
[    0.067117]   node   0: [mem 0x0000000000001000-0x000000000009efff]
[    0.067295]   node   0: [mem 0x0000000000100000-0x000000001ffdffff]
[    0.067532] Initmem setup node 0 [mem 0x0000000000001000-0x000000001ffdffff]
[    0.068748] On node 0, zone DMA: 1 pages in unavailable ranges
[    0.069012] On node 0, zone DMA: 97 pages in unavailable ranges
[    0.071516] On node 0, zone DMA32: 32 pages in unavailable ranges
[    0.072066] ACPI: PM-Timer IO Port: 0x608
[    0.072500] ACPI: LAPIC_NMI (acpi_id[0xff] dfl dfl lint[0x1])
[    0.072872] IOAPIC[0]: apic_id 0, version 32, address 0xfec00000, GSI 0-23
[    0.072999] ACPI: INT_SRC_OVR (bus 0 bus_irq 0 global_irq 2 dfl dfl)
[    0.073324] ACPI: INT_SRC_OVR (bus 0 bus_irq 5 global_irq 5 high level)
[    0.073378] ACPI: INT_SRC_OVR (bus 0 bus_irq 9 global_irq 9 high level)
[    0.073494] ACPI: INT_SRC_OVR (bus 0 bus_irq 10 global_irq 10 high level)
[    0.073504] ACPI: INT_SRC_OVR (bus 0 bus_irq 11 global_irq 11 high level)
[    0.073744] ACPI: Using ACPI (MADT) for SMP configuration information
[    0.073800] ACPI: HPET id: 0x8086a201 base: 0xfed00000
[    0.074152] smpboot: Allowing 1 CPUs, 0 hotplug CPUs
[    0.075161] PM: hibernation: Registered nosave memory: [mem 0x00000000-0x00000fff]
[    0.075224] PM: hibernation: Registered nosave memory: [mem 0x0009f000-0x000fffff]
[    0.075406] [mem 0x20000000-0xfffbffff] available for PCI devices
[    0.075446] Booting paravirtualized kernel on bare hardware
[    0.075757] clocksource: refined-jiffies: mask: 0xffffffff max_cycles: 0xffffffff, max_idle_ns: 6370452778343963 ns
[    0.085660] setup_percpu: NR_CPUS:256 nr_cpumask_bits:1 nr_cpu_ids:1 nr_node_ids:1
[    0.087396] percpu: Embedded 58 pages/cpu s198184 r8192 d31192 u2097152
[    0.089382] Kernel command line: console=ttyS0
[    0.090714] Dentry cache hash table entries: 65536 (order: 7, 524288 bytes, linear)
[    0.090915] Inode-cache hash table entries: 32768 (order: 6, 262144 bytes, linear)
[    0.093447] Fallback order for Node 0: 0 
[    0.093798] Built 1 zonelists, mobility grouping on.  Total pages: 128736
[    0.093818] Policy zone: DMA32
[    0.105576] mem auto-init: stack:all(zero), heap alloc:on, heap free:off
[    0.105792] AGP: Checking aperture...
[    0.108208] AGP: No AGP bridge found
[    0.114511] Memory: 471920K/523768K available (14336K kernel code, 1950K rwdata, 5052K rodata, 3516K init, 4724K bss, 51588K reserved, 0K cma-reserved)
[    0.153475] SLUB: HWalign=64, Order=0-3, MinObjects=0, CPUs=1, Nodes=1
[    0.153581] kmemleak: Kernel memory leak detector disabled
[    0.156165] ftrace: allocating 41322 entries in 162 pages
[    0.193303] ftrace: allocated 162 pages with 3 groups
[    0.202432] Dynamic Preempt: voluntary
[    0.205781] rcu: Preemptible hierarchical RCU implementation.
[    0.205821] rcu: 	RCU restricting CPUs from NR_CPUS=256 to nr_cpu_ids=1.
[    0.205981] 	Trampoline variant of Tasks RCU enabled.
[    0.205992] 	Rude variant of Tasks RCU enabled.
[    0.206004] 	Tracing variant of Tasks RCU enabled.
[    0.206078] rcu: RCU calculated value of scheduler-enlistment delay is 30 jiffies.
[    0.206102] rcu: Adjusting geometry for rcu_fanout_leaf=16, nr_cpu_ids=1
[    0.234086] NR_IRQS: 16640, nr_irqs: 256, preallocated irqs: 16
[    0.242514] rcu: srcu_init: Setting srcu_struct sizes based on contention.
[    0.247651] kfence: initialized - using 2097152 bytes for 255 objects at 0x(____ptrval____)-0x(____ptrval____)
[    0.252486] Console: colour VGA+ 80x25
[    0.254038] printk: console [ttyS0] enabled
[    0.275691] ACPI: Core revision 20230628
[    0.280509] clocksource: hpet: mask: 0xffffffff max_cycles: 0xffffffff, max_idle_ns: 19112604467 ns
[    0.285351] APIC: Switch to symmetric I/O mode setup
[    0.290177] ..TIMER: vector=0x30 apic1=0 pin1=2 apic2=-1 pin2=-1
[    0.305872] clocksource: tsc-early: mask: 0xffffffffffffffff max_cycles: 0xe6a4a159b8, max_idle_ns: 440795207445 ns
[    0.306558] Calibrating delay loop (skipped), value calculated using timer frequency.. 2000.44 BogoMIPS (lpj=3333513)
[    0.309866] process: using AMD E400 aware idle routine
[    0.310234] Last level iTLB entries: 4KB 512, 2MB 255, 4MB 127
[    0.310406] Last level dTLB entries: 4KB 512, 2MB 255, 4MB 127, 1GB 0
[    0.310839] Spectre V1 : Mitigation: usercopy/swapgs barriers and __user pointer sanitization
[    0.311184] Spectre V2 : Mitigation: Retpolines
[    0.311339] Spectre V2 : Spectre v2 / SpectreRSB: Filling RSB on context switch and VMEXIT
[    0.312381] x86/fpu: x87 FPU will use FXSAVE
[    0.617882] Freeing SMP alternatives memory: 36K
[    0.619149] pid_max: default: 32768 minimum: 301
[    0.629858] LSM: initializing lsm=lockdown,capability,landlock,yama
[    0.635062] landlock: Up and running.
[    0.636413] Yama: becoming mindful.
[    0.639845] Mount-cache hash table entries: 1024 (order: 1, 8192 bytes, linear)
[    0.640152] Mountpoint-cache hash table entries: 1024 (order: 1, 8192 bytes, linear)
[    0.773011] smpboot: CPU0: AMD QEMU Virtual CPU version 2.5+ (family: 0xf, model: 0x6b, stepping: 0x1)
[    0.777889] RCU Tasks: Setting shift to 0 and lim to 1 rcu_task_cb_adjust=1 rcu_task_cpu_ids=1.
[    0.778481] RCU Tasks Rude: Setting shift to 0 and lim to 1 rcu_task_cb_adjust=1 rcu_task_cpu_ids=1.
[    0.778838] RCU Tasks Trace: Setting shift to 0 and lim to 1 rcu_task_cb_adjust=1 rcu_task_cpu_ids=1.
[    0.779304] Performance Events: PMU not available due to virtualization, using software events only.
[    0.780229] signal: max sigframe size: 1440
[    0.782045] rcu: Hierarchical SRCU implementation.
[    0.782276] rcu: 	Max phase no-delay instances is 1000.
[    0.790633] NMI watchdog: Perf NMI watchdog permanently disabled
[    0.791719] smp: Bringing up secondary CPUs ...
[    0.793615] smp: Brought up 1 node, 1 CPU
[    0.793760] smpboot: Max logical packages: 1
[    0.793946] ----------------
[    0.794032] | NMI testsuite:
[    0.794108] --------------------
[    0.794191]   remote IPI:  ok  |
[    0.794383]    local IPI:  ok  |
[    0.795195] --------------------
[    0.795279] Good, all   2 testcases passed! |
[    0.795401] ---------------------------------
[    0.796432] smpboot: Total of 1 processors activated (2000.44 BogoMIPS)
[    0.809677] devtmpfs: initialized
[    0.812569] x86/mm: Memory block size: 128MB
[    0.819958] clocksource: jiffies: mask: 0xffffffff max_cycles: 0xffffffff, max_idle_ns: 6370867519511994 ns
[    0.820630] futex hash table entries: 256 (order: 2, 16384 bytes, linear)
[    0.823889] pinctrl core: initialized pinctrl subsystem
[    0.838650] NET: Registered PF_NETLINK/PF_ROUTE protocol family
[    0.841714] audit: initializing netlink subsys (disabled)
[    0.843025] audit: type=2000 audit(1789003346.559:1): state=initialized audit_enabled=0 res=1
[    0.848115] thermal_sys: Registered thermal governor 'fair_share'
[    0.848177] thermal_sys: Registered thermal governor 'bang_bang'
[    0.848403] thermal_sys: Registered thermal governor 'step_wise'
[    0.848562] thermal_sys: Registered thermal governor 'user_space'
[    0.849155] cpuidle: using governor ladder
[    0.849500] cpuidle: using governor menu
[    0.850789] acpiphp: ACPI Hot Plug PCI Controller Driver version: 0.5
[    0.854716] PCI: Using configuration type 1 for base access
[    0.857392] kprobes: kprobe jump-optimization is enabled. All kprobes are optimized if possible.
[    0.927433] HugeTLB: registered 2.00 MiB page size, pre-allocated 0 pages
[    0.927663] HugeTLB: 28 KiB vmemmap can be freed for a 2.00 MiB page
[    0.945498] ACPI: Added _OSI(Module Device)
[    0.945683] ACPI: Added _OSI(Processor Device)
[    0.945806] ACPI: Added _OSI(Processor Aggregator Device)
[    0.958677] ACPI: 1 ACPI AML tables successfully acquired and loaded
[    0.970726] ACPI: _OSC evaluation for CPUs failed, trying _PDC
[    0.973557] ACPI: Interpreter enabled
[    0.974569] ACPI: PM: (supports S0 S3 S4 S5)
[    0.974737] ACPI: Using IOAPIC for interrupt routing
[    0.975312] PCI: Using host bridge windows from ACPI; if necessary, use "pci=nocrs" and report a bug
[    0.975555] PCI: Using E820 reservations for host bridge windows
[    0.976650] ACPI: Enabled 2 GPEs in block 00 to 0F
[    1.004580] ACPI: PCI Root Bridge [PCI0] (domain 0000 [bus 00-ff])
[    1.005354] acpi PNP0A03:00: _OSC: OS supports [ASPM ClockPM Segments MSI HPX-Type3]
[    1.005694] acpi PNP0A03:00: _OSC: not requesting OS control; OS requires [ExtendedConfig ASPM ClockPM MSI]
[    1.006344] acpi PNP0A03:00: fail to add MMCONFIG information, can't access extended configuration space under this bridge
[    1.012198] acpiphp: Slot [3] registered
[    1.012379] acpiphp: Slot [4] registered
[    1.012543] acpiphp: Slot [5] registered
[    1.012710] acpiphp: Slot [6] registered
[    1.012861] acpiphp: Slot [7] registered
[    1.013009] acpiphp: Slot [8] registered
[    1.013011] acpiphp: Slot [9] registered
[    1.013011] acpiphp: Slot [10] registered
[    1.013079] acpiphp: Slot [11] registered
[    1.013230] acpiphp: Slot [12] registered
[    1.013379] acpiphp: Slot [13] registered
[    1.013529] acpiphp: Slot [14] registered
[    1.013678] acpiphp: Slot [15] registered
[    1.013828] acpiphp: Slot [16] registered
[    1.014045] acpiphp: Slot [17] registered
[    1.014423] acpiphp: Slot [18] registered
[    1.014588] acpiphp: Slot [19] registered
[    1.014748] acpiphp: Slot [20] registered
[    1.014934] acpiphp: Slot [21] registered
[    1.015111] acpiphp: Slot [22] registered
[    1.015286] acpiphp: Slot [23] registered
[    1.015512] acpiphp: Slot [24] registered
[    1.015671] acpiphp: Slot [25] registered
[    1.015823] acpiphp: Slot [26] registered
[    1.015976] acpiphp: Slot [27] registered
[    1.016127] acpiphp: Slot [28] registered
[    1.016277] acpiphp: Slot [29] registered
[    1.016344] acpiphp: Slot [30] registered
[    1.016344] acpiphp: Slot [31] registered
[    1.017099] PCI host bridge to bus 0000:00
[    1.017358] pci_bus 0000:00: root bus resource [io  0x0000-0x0cf7 window]
[    1.017636] pci_bus 0000:00: root bus resource [io  0x0d00-0xffff window]
[    1.017802] pci_bus 0000:00: root bus resource [mem 0x000a0000-0x000bffff window]
[    1.018011] pci_bus 0000:00: root bus resource [mem 0x20000000-0xfebfffff window]
[    1.018190] pci_bus 0000:00: root bus resource [mem 0x100000000-0x17fffffff window]
[    1.018490] pci_bus 0000:00: root bus resource [bus 00-ff]
[    1.020561] pci 0000:00:00.0: [8086:1237] type 00 class 0x060000
[    1.024298] pci 0000:00:01.0: [8086:7000] type 00 class 0x060100
[    1.024939] pci 0000:00:01.1: [8086:7010] type 00 class 0x010180
[    1.025962] pci 0000:00:01.1: BAR 4 [io  0xc020-0xc02f]
[    1.026344] pci 0000:00:01.1: BAR 0 [io  0x01f0-0x01f7]: legacy IDE quirk
[    1.026344] pci 0000:00:01.1: BAR 1 [io  0x03f6]: legacy IDE quirk
[    1.026397] pci 0000:00:01.1: BAR 2 [io  0x0170-0x0177]: legacy IDE quirk
[    1.026577] pci 0000:00:01.1: BAR 3 [io  0x0376]: legacy IDE quirk
[    1.027303] pci 0000:00:01.3: [8086:7113] type 00 class 0x068000
[    1.027712] pci 0000:00:01.3: quirk: [io  0x0600-0x063f] claimed by PIIX4 ACPI
[    1.027912] pci 0000:00:01.3: quirk: [io  0x0700-0x070f] claimed by PIIX4 SMB
[    1.028528] pci 0000:00:02.0: [1234:1111] type 00 class 0x030000
[    1.029696] pci 0000:00:02.0: BAR 0 [mem 0xfd000000-0xfdffffff pref]
[    1.031288] pci 0000:00:02.0: BAR 2 [mem 0xfebd0000-0xfebd0fff]
[    1.032548] pci 0000:00:02.0: ROM [mem 0xfebc0000-0xfebcffff pref]
[    1.033004] pci 0000:00:02.0: Video device with shadowed ROM at [mem 0x000c0000-0x000dffff]
[    1.033618] pci 0000:00:03.0: [1af4:1000] type 00 class 0x020000
[    1.034152] pci 0000:00:03.0: BAR 0 [io  0xc000-0xc01f]
[    1.034654] pci 0000:00:03.0: BAR 1 [mem 0xfebd1000-0xfebd1fff]
[    1.036585] pci 0000:00:03.0: BAR 4 [mem 0xfe000000-0xfe003fff 64bit pref]
[    1.037226] pci 0000:00:03.0: ROM [mem 0xfeb80000-0xfebbffff pref]
[    1.043423] ACPI: PCI: Interrupt link LNKA configured for IRQ 10
[    1.044043] ACPI: PCI: Interrupt link LNKB configured for IRQ 10
[    1.044477] ACPI: PCI: Interrupt link LNKC configured for IRQ 11
[    1.046610] ACPI: PCI: Interrupt link LNKD configured for IRQ 11
[    1.046887] ACPI: PCI: Interrupt link LNKS configured for IRQ 9
[    1.050070] iommu: Default domain type: Translated
[    1.050283] iommu: DMA domain TLB invalidation policy: lazy mode
[    1.052137] pps_core: LinuxPPS API ver. 1 registered
[    1.053181] pps_core: Software ver. 5.3.6 - Copyright 2005-2007 Rodolfo Giometti <giometti@linux.it>
[    1.053446] PTP clock support registered
[    1.054330] EDAC MC: Ver: 3.0.0
[    1.061340] PCI: Using ACPI for IRQ routing
[    1.066344] pci 0000:00:02.0: vgaarb: setting as boot VGA device
[    1.066344] pci 0000:00:02.0: vgaarb: bridge control possible
[    1.066344] pci 0000:00:02.0: vgaarb: VGA device added: decodes=io+mem,owns=io+mem,locks=none
[    1.066376] vgaarb: loaded
[    1.067875] hpet: 3 channels of 0 reserved for per-cpu timers
[    1.068324] hpet0: at MMIO 0xfed00000, IRQs 2, 8, 0
[    1.068524] hpet0: 3 comparators, 64-bit 100.000000 MHz counter
[    1.073551] clocksource: Switched to clocksource tsc-early
[    1.082362] VFS: Disk quotas dquot_6.6.0
[    1.085022] VFS: Dquot-cache hash table entries: 512 (order 0, 4096 bytes)
[    1.086940] pnp: PnP ACPI init
[    1.090622] pnp: PnP ACPI: found 6 devices
[    1.108324] clocksource: acpi_pm: mask: 0xffffff max_cycles: 0xffffff, max_idle_ns: 2085701024 ns
[    1.109816] NET: Registered PF_INET protocol family
[    1.111081] IP idents hash table entries: 8192 (order: 4, 65536 bytes, linear)
[    1.117203] tcp_listen_portaddr_hash hash table entries: 256 (order: 0, 4096 bytes, linear)
[    1.117649] Table-perturb hash table entries: 65536 (order: 6, 262144 bytes, linear)
[    1.117913] TCP established hash table entries: 4096 (order: 3, 32768 bytes, linear)
[    1.118391] TCP bind hash table entries: 4096 (order: 5, 131072 bytes, linear)
[    1.118711] TCP: Hash tables configured (established 4096 bind 4096)
[    1.121326] MPTCP token hash table entries: 512 (order: 2, 12288 bytes, linear)
[    1.121816] UDP hash table entries: 256 (order: 1, 8192 bytes, linear)
[    1.122174] UDP-Lite hash table entries: 256 (order: 1, 8192 bytes, linear)
[    1.123611] NET: Registered PF_UNIX/PF_LOCAL protocol family
[    1.124119] NET: Registered PF_XDP protocol family
[    1.124911] pci_bus 0000:00: resource 4 [io  0x0000-0x0cf7 window]
[    1.125078] pci_bus 0000:00: resource 5 [io  0x0d00-0xffff window]
[    1.125225] pci_bus 0000:00: resource 6 [mem 0x000a0000-0x000bffff window]
[    1.125385] pci_bus 0000:00: resource 7 [mem 0x20000000-0xfebfffff window]
[    1.125544] pci_bus 0000:00: resource 8 [mem 0x100000000-0x17fffffff window]
[    1.126213] pci 0000:00:01.0: PIIX3: Enabling Passive Release
[    1.126410] pci 0000:00:00.0: Limiting direct PCI/PCI transfers
[    1.126629] PCI: CLS 0 bytes, default 64
[    1.137226] Trying to unpack rootfs image as initramfs...
[    1.140755] Initialise system trusted keyrings
[    1.148611] workingset: timestamp_bits=40 max_order=17 bucket_order=0
[    1.149046] zbud: loaded
[    1.213279] jitterentropy: Initialization failed with host not compliant with requirements: 2
[    1.276926] Key type asymmetric registered
[    1.277182] Asymmetric key parser 'x509' registered
[    1.279631] Block layer SCSI generic (bsg) driver version 0.4 loaded (major 246)
[    1.280230] io scheduler mq-deadline registered
[    1.280385] io scheduler kyber registered
[    1.281013] io scheduler bfq registered
[    1.288115] shpchp: Standard Hot Plug PCI Controller Driver version: 0.4
[    1.294410] ERST DBG: ERST support is disabled.
[    1.296686] Serial: 8250/16550 driver, 4 ports, IRQ sharing enabled
[    1.303940] 00:04: ttyS0 at I/O 0x3f8 (irq = 4, base_baud = 115200) is a 16550A
[    1.370297] brd: module loaded
[    1.374948] i8042: PNP: PS/2 Controller [PNP0303:KBD,PNP0f13:MOU] at 0x60,0x64 irq 1,12
[    1.378035] serio: i8042 KBD port at 0x60,0x64 irq 1
[    1.382113] serio: i8042 AUX port at 0x60,0x64 irq 12
[    1.382884] rtc_cmos 00:05: RTC can wake from S4
[    1.392623] rtc_cmos 00:05: registered as rtc0
[    1.393190] rtc_cmos 00:05: setting system clock to 2026-09-10T01:22:27 UTC (1789003347)
[    1.394566] input: AT Translated Set 2 keyboard as /devices/platform/i8042/serio0/input/input0
[    1.401527] rtc_cmos 00:05: alarms up to one day, y3k, 242 bytes nvram, hpet irqs
[    1.402058] amd_pstate: the _CPC object is not present in SBIOS or ACPI disabled
[    1.404174] gre: GRE over IPv4 demultiplexor driver
[    1.405951] NET: Registered PF_INET6 protocol family
[    1.442379] Freeing initrd memory: 4484K
[    1.557535] Segment Routing with IPv6
[    1.557535] In-situ OAM (IOAM) with IPv6
[    1.558753] can: controller area network core
[    1.559176] NET: Registered PF_CAN protocol family
[    1.559613] Key type dns_resolver registered
[    1.562427] IPI shorthand broadcast: enabled
[    1.629991] sched_clock: Marking stable (1591018308, 36671913)->(1631790883, -4100662)
[    1.637319] registered taskstats version 1
[    1.638549] Loading compiled-in X.509 certificates
[    1.664820] Loaded X.509 cert 'alpinelinux.org: Alpine Linux kernel key: d76a695f66ad9cd28f5c22a8508f36e91f521f7a'
[    1.679206] Key type .fscrypt registered
[    1.679351] Key type fscrypt-provisioning registered
[    1.684341] clk: Disabling unused clocks
[    1.781902] Freeing unused kernel image (initmem) memory: 3516K
[    1.782387] Write protecting the kernel read-only data: 20480k
[    1.783989] Freeing unused kernel image (rodata/data gap) memory: 1092K
[    1.784488] Run /init as init process
[net] loading virtio-net modules ...
[net]   + drivers/virtio/virtio.ko
[net]   + drivers/virtio/virtio_ring.ko
[net]   + drivers/virtio/virtio_pci_modern_dev.ko
[net]   + drivers/virtio/virtio_pci_legacy_dev.ko
[    1.936083] ACPI: \_SB_.LNKC: Enabled at IRQ 11
[net]   + drivers/virtio/virtio_pci.ko
[net]   + net/core/failover.ko
[net]   + drivers/net/net_failover.ko
[net]   + drivers/net/virtio_net.ko
[net] eth0 up: 10.0.2.15, gw 10.0.2.2, DNS 10.0.2.3
[net] apk: apk-tools 2.14.4, compiled for x86_64.

==================================================
  MINI LINUX BOOTED OK
  kernel : 6.6.134-0-lts / x86_64
  host   : mini-linux
==================================================

Mini Linux shell. Type "poweroff -f" to shut down.
sh: can't access tty; job control turned off
mini-linux:/#[6n[    2.147968] tsc: Refined TSC clocksource calibration: 999.999 MHz
[    2.148706] clocksource: tsc: mask: 0xffffffffffffffff max_cycles: 0x1cd42c7a813, max_idle_ns: 881590565951 ns
[    2.149256] clocksource: Switched to clocksource tsc
mkdir -p /usr/lib/apk/db && touch /usr/lib/apk/db/installed && echo
 MADE_USR
MADE_USR
mini-linux:/#[6napk update
ERROR: Failed to open apk database: No such file or directory
mini-linux:/#[6nAPK_DB_DIR=/lib/apk/db apk update
ERROR: Failed to open apk database: No such file or directory
mini-linux:/#[6npoweroff -f
[   57.516425] ACPI: PM: Preparing to enter system sleep state S5
[   57.517701] reboot: Power down
