c[?7l[2J[0mSeaBIOS (version rel-1.16.3-0-ga6ed6b701f0a-prebuilt.qemu.org)


iPXE (http://ipxe.org) 00:03.0 CA00 PCI2.10 PnP PMM+1EFD0D90+1EF30D90 CA00
Press Ctrl-B to configure iPXE (PCI 00:03.0)...                                                                               


Booting from ROM...
Probing EDD (edd=off to disable)... oc[?7l[2J[    0.000000] Linux version 6.6.134-0-lts (buildozer@build-3-20-x86_64) (gcc (Alpine 13.2.1_git20240309) 13.2.1 20240309, GNU ld (GNU Binutils) 2.42) #1-Alpine SMP PREEMPT_DYNAMIC 2026-04-11 17:03:51
[    0.000000] Command line: console=ttyS0
[    0.000000] BIOS-provided physical RAM map:
[    0.000000] BIOS-e820: [mem 0x0000000000000000-0x000000000009fbff] usable
[    0.000000] BIOS-e820: [mem 0x000000000009fc00-0x000000000009ffff] reserved
[    0.000000] BIOS-e820: [mem 0x00000000000f0000-0x00000000000fffff] reserved
[    0.000000] BIOS-e820: [mem 0x0000000000100000-0x000000001ffdffff] usable
[    0.000000] BIOS-e820: [mem 0x000000001ffe0000-0x000000001fffffff] reserved
[    0.000000] BIOS-e820: [mem 0x00000000fffc0000-0x00000000ffffffff] reserved
[    0.000000] BIOS-e820: [mem 0x000000fd00000000-0x000000ffffffffff] reserved
[    0.000000] NX (Execute Disable) protection: active
[    0.000000] APIC: Static calls initialized
[    0.000000] SMBIOS 2.8 present.
[    0.000000] DMI: QEMU Standard PC (i440FX + PIIX, 1996), BIOS rel-1.16.3-0-ga6ed6b701f0a-prebuilt.qemu.org 04/01/2014
[    0.000000] tsc: Fast TSC calibration using PIT
[    0.000000] tsc: Detected 1000.054 MHz processor
[    0.018129] AGP: No AGP bridge found
[    0.018435] last_pfn = 0x1ffe0 max_arch_pfn = 0x400000000
[    0.019182] MTRR map: 4 entries (3 fixed + 1 variable; max 19), built from 8 variable MTRRs
[    0.019383] x86/PAT: Configuration [0-7]: WB  WC  UC- UC  WB  WP  UC- WT  
[    0.053914] found SMP MP-table at [mem 0x000f5480-0x000f548f]
[    0.060040] RAMDISK: [mem 0x1fb7f000-0x1ffdffff]
[    0.060515] ACPI: Early table checksum verification disabled
[    0.060871] ACPI: RSDP 0x00000000000F52A0 000014 (v00 BOCHS )
[    0.061165] ACPI: RSDT 0x000000001FFE2335 000034 (v01 BOCHS  BXPC     00000001 BXPC 00000001)
[    0.061722] ACPI: FACP 0x000000001FFE21E9 000074 (v01 BOCHS  BXPC     00000001 BXPC 00000001)
[    0.062286] ACPI: DSDT 0x000000001FFE0040 0021A9 (v01 BOCHS  BXPC     00000001 BXPC 00000001)
[    0.062366] ACPI: FACS 0x000000001FFE0000 000040
[    0.062431] ACPI: APIC 0x000000001FFE225D 000078 (v03 BOCHS  BXPC     00000001 BXPC 00000001)
[    0.062473] ACPI: HPET 0x000000001FFE22D5 000038 (v01 BOCHS  BXPC     00000001 BXPC 00000001)
[    0.062502] ACPI: WAET 0x000000001FFE230D 000028 (v01 BOCHS  BXPC     00000001 BXPC 00000001)
[    0.062611] ACPI: Reserving FACP table memory at [mem 0x1ffe21e9-0x1ffe225c]
[    0.062642] ACPI: Reserving DSDT table memory at [mem 0x1ffe0040-0x1ffe21e8]
[    0.062651] ACPI: Reserving FACS table memory at [mem 0x1ffe0000-0x1ffe003f]
[    0.062657] ACPI: Reserving APIC table memory at [mem 0x1ffe225d-0x1ffe22d4]
[    0.062664] ACPI: Reserving HPET table memory at [mem 0x1ffe22d5-0x1ffe230c]
[    0.062670] ACPI: Reserving WAET table memory at [mem 0x1ffe230d-0x1ffe2334]
[    0.064998] No NUMA configuration found
[    0.065020] Faking a node at [mem 0x0000000000000000-0x000000001ffdffff]
[    0.065670] NODE_DATA(0) allocated [mem 0x1fb79000-0x1fb7efff]
[    0.068424] Zone ranges:
[    0.068450]   DMA      [mem 0x0000000000001000-0x0000000000ffffff]
[    0.068530]   DMA32    [mem 0x0000000001000000-0x000000001ffdffff]
[    0.068543]   Normal   empty
[    0.068564]   Device   empty
[    0.068579] Movable zone start for each node
[    0.068614] Early memory node ranges
[    0.068641]   node   0: [mem 0x0000000000001000-0x000000000009efff]
[    0.068813]   node   0: [mem 0x0000000000100000-0x000000001ffdffff]
[    0.069042] Initmem setup node 0 [mem 0x0000000000001000-0x000000001ffdffff]
[    0.070012] On node 0, zone DMA: 1 pages in unavailable ranges
[    0.070250] On node 0, zone DMA: 97 pages in unavailable ranges
[    0.072656] On node 0, zone DMA32: 32 pages in unavailable ranges
[    0.073144] ACPI: PM-Timer IO Port: 0x608
[    0.073574] ACPI: LAPIC_NMI (acpi_id[0xff] dfl dfl lint[0x1])
[    0.073951] IOAPIC[0]: apic_id 0, version 32, address 0xfec00000, GSI 0-23
[    0.074072] ACPI: INT_SRC_OVR (bus 0 bus_irq 0 global_irq 2 dfl dfl)
[    0.074357] ACPI: INT_SRC_OVR (bus 0 bus_irq 5 global_irq 5 high level)
[    0.074409] ACPI: INT_SRC_OVR (bus 0 bus_irq 9 global_irq 9 high level)
[    0.074542] ACPI: INT_SRC_OVR (bus 0 bus_irq 10 global_irq 10 high level)
[    0.074557] ACPI: INT_SRC_OVR (bus 0 bus_irq 11 global_irq 11 high level)
[    0.074810] ACPI: Using ACPI (MADT) for SMP configuration information
[    0.074865] ACPI: HPET id: 0x8086a201 base: 0xfed00000
[    0.075236] smpboot: Allowing 1 CPUs, 0 hotplug CPUs
[    0.076425] PM: hibernation: Registered nosave memory: [mem 0x00000000-0x00000fff]
[    0.076493] PM: hibernation: Registered nosave memory: [mem 0x0009f000-0x000fffff]
[    0.076807] [mem 0x20000000-0xfffbffff] available for PCI devices
[    0.076889] Booting paravirtualized kernel on bare hardware
[    0.077244] clocksource: refined-jiffies: mask: 0xffffffff max_cycles: 0xffffffff, max_idle_ns: 6370452778343963 ns
[    0.088146] setup_percpu: NR_CPUS:256 nr_cpumask_bits:1 nr_cpu_ids:1 nr_node_ids:1
[    0.090303] percpu: Embedded 58 pages/cpu s198184 r8192 d31192 u2097152
[    0.093113] Kernel command line: console=ttyS0
[    0.094677] Dentry cache hash table entries: 65536 (order: 7, 524288 bytes, linear)
[    0.094952] Inode-cache hash table entries: 32768 (order: 6, 262144 bytes, linear)
[    0.098113] Fallback order for Node 0: 0 
[    0.098556] Built 1 zonelists, mobility grouping on.  Total pages: 128736
[    0.098584] Policy zone: DMA32
[    0.110992] mem auto-init: stack:all(zero), heap alloc:on, heap free:off
[    0.111395] AGP: Checking aperture...
[    0.113781] AGP: No AGP bridge found
[    0.120596] Memory: 471920K/523768K available (14336K kernel code, 1950K rwdata, 5052K rodata, 3516K init, 4724K bss, 51588K reserved, 0K cma-reserved)
[    0.161248] SLUB: HWalign=64, Order=0-3, MinObjects=0, CPUs=1, Nodes=1
[    0.161370] kmemleak: Kernel memory leak detector disabled
[    0.163922] ftrace: allocating 41322 entries in 162 pages
[    0.201497] ftrace: allocated 162 pages with 3 groups
[    0.211081] Dynamic Preempt: voluntary
[    0.214627] rcu: Preemptible hierarchical RCU implementation.
[    0.214671] rcu: 	RCU restricting CPUs from NR_CPUS=256 to nr_cpu_ids=1.
[    0.214841] 	Trampoline variant of Tasks RCU enabled.
[    0.214852] 	Rude variant of Tasks RCU enabled.
[    0.214864] 	Tracing variant of Tasks RCU enabled.
[    0.214941] rcu: RCU calculated value of scheduler-enlistment delay is 30 jiffies.
[    0.214965] rcu: Adjusting geometry for rcu_fanout_leaf=16, nr_cpu_ids=1
[    0.244031] NR_IRQS: 16640, nr_irqs: 256, preallocated irqs: 16
[    0.252311] rcu: srcu_init: Setting srcu_struct sizes based on contention.
[    0.257552] kfence: initialized - using 2097152 bytes for 255 objects at 0x(____ptrval____)-0x(____ptrval____)
[    0.262586] Console: colour VGA+ 80x25
[    0.264105] printk: console [ttyS0] enabled
[    0.285568] ACPI: Core revision 20230628
[    0.290572] clocksource: hpet: mask: 0xffffffff max_cycles: 0xffffffff, max_idle_ns: 19112604467 ns
[    0.295564] APIC: Switch to symmetric I/O mode setup
[    0.300313] ..TIMER: vector=0x30 apic1=0 pin1=2 apic2=-1 pin2=-1
[    0.316072] clocksource: tsc-early: mask: 0xffffffffffffffff max_cycles: 0xe6a4a159b8, max_idle_ns: 440795207445 ns
[    0.316729] Calibrating delay loop (skipped), value calculated using timer frequency.. 2000.44 BogoMIPS (lpj=3333513)
[    0.320438] process: using AMD E400 aware idle routine
[    0.320774] Last level iTLB entries: 4KB 512, 2MB 255, 4MB 127
[    0.320941] Last level dTLB entries: 4KB 512, 2MB 255, 4MB 127, 1GB 0
[    0.321370] Spectre V1 : Mitigation: usercopy/swapgs barriers and __user pointer sanitization
[    0.321706] Spectre V2 : Mitigation: Retpolines
[    0.321864] Spectre V2 : Spectre v2 / SpectreRSB: Filling RSB on context switch and VMEXIT
[    0.322890] x86/fpu: x87 FPU will use FXSAVE
[    0.635940] Freeing SMP alternatives memory: 36K
[    0.636539] pid_max: default: 32768 minimum: 301
[    0.647293] LSM: initializing lsm=lockdown,capability,landlock,yama
[    0.652356] landlock: Up and running.
[    0.653325] Yama: becoming mindful.
[    0.656539] Mount-cache hash table entries: 1024 (order: 1, 8192 bytes, linear)
[    0.656791] Mountpoint-cache hash table entries: 1024 (order: 1, 8192 bytes, linear)
[    0.791724] smpboot: CPU0: AMD QEMU Virtual CPU version 2.5+ (family: 0xf, model: 0x6b, stepping: 0x1)
[    0.799726] RCU Tasks: Setting shift to 0 and lim to 1 rcu_task_cb_adjust=1 rcu_task_cpu_ids=1.
[    0.799951] RCU Tasks Rude: Setting shift to 0 and lim to 1 rcu_task_cb_adjust=1 rcu_task_cpu_ids=1.
[    0.800305] RCU Tasks Trace: Setting shift to 0 and lim to 1 rcu_task_cb_adjust=1 rcu_task_cpu_ids=1.
[    0.800762] Performance Events: PMU not available due to virtualization, using software events only.
[    0.801889] signal: max sigframe size: 1440
[    0.804099] rcu: Hierarchical SRCU implementation.
[    0.804247] rcu: 	Max phase no-delay instances is 1000.
[    0.813791] NMI watchdog: Perf NMI watchdog permanently disabled
[    0.814886] smp: Bringing up secondary CPUs ...
[    0.816454] smp: Brought up 1 node, 1 CPU
[    0.816539] smpboot: Max logical packages: 1
[    0.816844] ----------------
[    0.816946] | NMI testsuite:
[    0.817025] --------------------
[    0.817108]   remote IPI:  ok  |
[    0.817319]    local IPI:  ok  |
[    0.818238] --------------------
[    0.818323] Good, all   2 testcases passed! |
[    0.818446] ---------------------------------
[    0.818611] smpboot: Total of 1 processors activated (2000.44 BogoMIPS)
[    0.833603] devtmpfs: initialized
[    0.836539] x86/mm: Memory block size: 128MB
[    0.843667] clocksource: jiffies: mask: 0xffffffff max_cycles: 0xffffffff, max_idle_ns: 6370867519511994 ns
[    0.844398] futex hash table entries: 256 (order: 2, 16384 bytes, linear)
[    0.847047] pinctrl core: initialized pinctrl subsystem
[    0.863546] NET: Registered PF_NETLINK/PF_ROUTE protocol family
[    0.866539] audit: initializing netlink subsys (disabled)
[    0.867927] audit: type=2000 audit(1789003831.576:1): state=initialized audit_enabled=0 res=1
[    0.873206] thermal_sys: Registered thermal governor 'fair_share'
[    0.873206] thermal_sys: Registered thermal governor 'bang_bang'
[    0.873206] thermal_sys: Registered thermal governor 'step_wise'
[    0.873206] thermal_sys: Registered thermal governor 'user_space'
[    0.874149] cpuidle: using governor ladder
[    0.874635] cpuidle: using governor menu
[    0.876539] acpiphp: ACPI Hot Plug PCI Controller Driver version: 0.5
[    0.880363] PCI: Using configuration type 1 for base access
[    0.883206] kprobes: kprobe jump-optimization is enabled. All kprobes are optimized if possible.
[    0.964351] HugeTLB: registered 2.00 MiB page size, pre-allocated 0 pages
[    0.964759] HugeTLB: 28 KiB vmemmap can be freed for a 2.00 MiB page
[    0.983943] ACPI: Added _OSI(Module Device)
[    0.984126] ACPI: Added _OSI(Processor Device)
[    0.984240] ACPI: Added _OSI(Processor Aggregator Device)
[    0.998330] ACPI: 1 ACPI AML tables successfully acquired and loaded
[    1.011956] ACPI: _OSC evaluation for CPUs failed, trying _PDC
[    1.013451] ACPI: Interpreter enabled
[    1.014467] ACPI: PM: (supports S0 S3 S4 S5)
[    1.014617] ACPI: Using IOAPIC for interrupt routing
[    1.015184] PCI: Using host bridge windows from ACPI; if necessary, use "pci=nocrs" and report a bug
[    1.015430] PCI: Using E820 reservations for host bridge windows
[    1.017812] ACPI: Enabled 2 GPEs in block 00 to 0F
[    1.046008] ACPI: PCI Root Bridge [PCI0] (domain 0000 [bus 00-ff])
[    1.046539] acpi PNP0A03:00: _OSC: OS supports [ASPM ClockPM Segments MSI HPX-Type3]
[    1.046644] acpi PNP0A03:00: _OSC: not requesting OS control; OS requires [ExtendedConfig ASPM ClockPM MSI]
[    1.047432] acpi PNP0A03:00: fail to add MMCONFIG information, can't access extended configuration space under this bridge
[    1.054147] acpiphp: Slot [3] registered
[    1.054630] acpiphp: Slot [4] registered
[    1.054814] acpiphp: Slot [5] registered
[    1.054971] acpiphp: Slot [6] registered
[    1.055204] acpiphp: Slot [7] registered
[    1.055358] acpiphp: Slot [8] registered
[    1.055510] acpiphp: Slot [9] registered
[    1.055685] acpiphp: Slot [10] registered
[    1.055846] acpiphp: Slot [11] registered
[    1.055995] acpiphp: Slot [12] registered
[    1.056143] acpiphp: Slot [13] registered
[    1.056291] acpiphp: Slot [14] registered
[    1.056439] acpiphp: Slot [15] registered
[    1.056539] acpiphp: Slot [16] registered
[    1.056539] acpiphp: Slot [17] registered
[    1.056539] acpiphp: Slot [18] registered
[    1.056641] acpiphp: Slot [19] registered
[    1.056804] acpiphp: Slot [20] registered
[    1.056958] acpiphp: Slot [21] registered
[    1.057111] acpiphp: Slot [22] registered
[    1.057264] acpiphp: Slot [23] registered
[    1.057439] acpiphp: Slot [24] registered
[    1.057596] acpiphp: Slot [25] registered
[    1.057747] acpiphp: Slot [26] registered
[    1.057898] acpiphp: Slot [27] registered
[    1.058047] acpiphp: Slot [28] registered
[    1.058196] acpiphp: Slot [29] registered
[    1.058347] acpiphp: Slot [30] registered
[    1.058511] acpiphp: Slot [31] registered
[    1.058864] PCI host bridge to bus 0000:00
[    1.060027] pci_bus 0000:00: root bus resource [io  0x0000-0x0cf7 window]
[    1.060297] pci_bus 0000:00: root bus resource [io  0x0d00-0xffff window]
[    1.060464] pci_bus 0000:00: root bus resource [mem 0x000a0000-0x000bffff window]
[    1.060680] pci_bus 0000:00: root bus resource [mem 0x20000000-0xfebfffff window]
[    1.060862] pci_bus 0000:00: root bus resource [mem 0x100000000-0x17fffffff window]
[    1.061174] pci_bus 0000:00: root bus resource [bus 00-ff]
[    1.062374] pci 0000:00:00.0: [8086:1237] type 00 class 0x060000
[    1.067069] pci 0000:00:01.0: [8086:7000] type 00 class 0x060100
[    1.067721] pci 0000:00:01.1: [8086:7010] type 00 class 0x010180
[    1.068700] pci 0000:00:01.1: BAR 4 [io  0xc020-0xc02f]
[    1.069136] pci 0000:00:01.1: BAR 0 [io  0x01f0-0x01f7]: legacy IDE quirk
[    1.069326] pci 0000:00:01.1: BAR 1 [io  0x03f6]: legacy IDE quirk
[    1.069507] pci 0000:00:01.1: BAR 2 [io  0x0170-0x0177]: legacy IDE quirk
[    1.069913] pci 0000:00:01.1: BAR 3 [io  0x0376]: legacy IDE quirk
[    1.070636] pci 0000:00:01.3: [8086:7113] type 00 class 0x068000
[    1.071533] pci 0000:00:01.3: quirk: [io  0x0600-0x063f] claimed by PIIX4 ACPI
[    1.071865] pci 0000:00:01.3: quirk: [io  0x0700-0x070f] claimed by PIIX4 SMB
[    1.072793] pci 0000:00:02.0: [1234:1111] type 00 class 0x030000
[    1.073257] pci 0000:00:02.0: BAR 0 [mem 0xfd000000-0xfdffffff pref]
[    1.073996] pci 0000:00:02.0: BAR 2 [mem 0xfebd0000-0xfebd0fff]
[    1.075326] pci 0000:00:02.0: ROM [mem 0xfebc0000-0xfebcffff pref]
[    1.075943] pci 0000:00:02.0: Video device with shadowed ROM at [mem 0x000c0000-0x000dffff]
[    1.076539] pci 0000:00:03.0: [1af4:1000] type 00 class 0x020000
[    1.076953] pci 0000:00:03.0: BAR 0 [io  0xc000-0xc01f]
[    1.077468] pci 0000:00:03.0: BAR 1 [mem 0xfebd1000-0xfebd1fff]
[    1.078750] pci 0000:00:03.0: BAR 4 [mem 0xfe000000-0xfe003fff 64bit pref]
[    1.080088] pci 0000:00:03.0: ROM [mem 0xfeb80000-0xfebbffff pref]
[    1.088662] ACPI: PCI: Interrupt link LNKA configured for IRQ 10
[    1.089403] ACPI: PCI: Interrupt link LNKB configured for IRQ 10
[    1.089873] ACPI: PCI: Interrupt link LNKC configured for IRQ 11
[    1.089966] ACPI: PCI: Interrupt link LNKD configured for IRQ 11
[    1.090278] ACPI: PCI: Interrupt link LNKS configured for IRQ 9
[    1.093206] iommu: Default domain type: Translated
[    1.093230] iommu: DMA domain TLB invalidation policy: lazy mode
[    1.095101] pps_core: LinuxPPS API ver. 1 registered
[    1.095250] pps_core: Software ver. 5.3.6 - Copyright 2005-2007 Rodolfo Giometti <giometti@linux.it>
[    1.095534] PTP clock support registered
[    1.096415] EDAC MC: Ver: 3.0.0
[    1.105325] PCI: Using ACPI for IRQ routing
[    1.109106] pci 0000:00:02.0: vgaarb: setting as boot VGA device
[    1.109302] pci 0000:00:02.0: vgaarb: bridge control possible
[    1.109486] pci 0000:00:02.0: vgaarb: VGA device added: decodes=io+mem,owns=io+mem,locks=none
[    1.109895] vgaarb: loaded
[    1.111479] hpet: 3 channels of 0 reserved for per-cpu timers
[    1.111842] hpet0: at MMIO 0xfed00000, IRQs 2, 8, 0
[    1.112032] hpet0: 3 comparators, 64-bit 100.000000 MHz counter
[    1.117063] clocksource: Switched to clocksource tsc-early
[    1.128320] VFS: Disk quotas dquot_6.6.0
[    1.128685] VFS: Dquot-cache hash table entries: 512 (order 0, 4096 bytes)
[    1.130519] pnp: PnP ACPI init
[    1.134213] pnp: PnP ACPI: found 6 devices
[    1.151164] clocksource: acpi_pm: mask: 0xffffff max_cycles: 0xffffff, max_idle_ns: 2085701024 ns
[    1.152494] NET: Registered PF_INET protocol family
[    1.154039] IP idents hash table entries: 8192 (order: 4, 65536 bytes, linear)
[    1.161508] tcp_listen_portaddr_hash hash table entries: 256 (order: 0, 4096 bytes, linear)
[    1.162056] Table-perturb hash table entries: 65536 (order: 6, 262144 bytes, linear)
[    1.162371] TCP established hash table entries: 4096 (order: 3, 32768 bytes, linear)
[    1.162993] TCP bind hash table entries: 4096 (order: 5, 131072 bytes, linear)
[    1.163218] TCP: Hash tables configured (established 4096 bind 4096)
[    1.166895] MPTCP token hash table entries: 512 (order: 2, 12288 bytes, linear)
[    1.167521] UDP hash table entries: 256 (order: 1, 8192 bytes, linear)
[    1.167971] UDP-Lite hash table entries: 256 (order: 1, 8192 bytes, linear)
[    1.169400] NET: Registered PF_UNIX/PF_LOCAL protocol family
[    1.171612] NET: Registered PF_XDP protocol family
[    1.172631] pci_bus 0000:00: resource 4 [io  0x0000-0x0cf7 window]
[    1.172820] pci_bus 0000:00: resource 5 [io  0x0d00-0xffff window]
[    1.173018] pci_bus 0000:00: resource 6 [mem 0x000a0000-0x000bffff window]
[    1.173268] pci_bus 0000:00: resource 7 [mem 0x20000000-0xfebfffff window]
[    1.173434] pci_bus 0000:00: resource 8 [mem 0x100000000-0x17fffffff window]
[    1.174097] pci 0000:00:01.0: PIIX3: Enabling Passive Release
[    1.174308] pci 0000:00:00.0: Limiting direct PCI/PCI transfers
[    1.174536] PCI: CLS 0 bytes, default 64
[    1.180216] Trying to unpack rootfs image as initramfs...
[    1.192057] Initialise system trusted keyrings
[    1.197133] workingset: timestamp_bits=40 max_order=17 bucket_order=0
[    1.197502] zbud: loaded
[    1.262767] jitterentropy: Initialization failed with host not compliant with requirements: 2
[    1.327059] Key type asymmetric registered
[    1.327334] Asymmetric key parser 'x509' registered
[    1.328097] Block layer SCSI generic (bsg) driver version 0.4 loaded (major 246)
[    1.330816] io scheduler mq-deadline registered
[    1.330982] io scheduler kyber registered
[    1.331311] io scheduler bfq registered
[    1.339727] shpchp: Standard Hot Plug PCI Controller Driver version: 0.4
[    1.342666] ERST DBG: ERST support is disabled.
[    1.344934] Serial: 8250/16550 driver, 4 ports, IRQ sharing enabled
[    1.352267] 00:04: ttyS0 at I/O 0x3f8 (irq = 4, base_baud = 115200) is a 16550A
[    1.419305] brd: module loaded
[    1.429373] i8042: PNP: PS/2 Controller [PNP0303:KBD,PNP0f13:MOU] at 0x60,0x64 irq 1,12
[    1.436035] serio: i8042 KBD port at 0x60,0x64 irq 1
[    1.437960] serio: i8042 AUX port at 0x60,0x64 irq 12
[    1.445760] rtc_cmos 00:05: RTC can wake from S4
[    1.456465] input: AT Translated Set 2 keyboard as /devices/platform/i8042/serio0/input/input1
[    1.462477] rtc_cmos 00:05: registered as rtc0
[    1.463095] rtc_cmos 00:05: setting system clock to 2026-09-10T01:30:33 UTC (1789003833)
[    1.464754] rtc_cmos 00:05: alarms up to one day, y3k, 242 bytes nvram, hpet irqs
[    1.465931] amd_pstate: the _CPC object is not present in SBIOS or ACPI disabled
[    1.470210] gre: GRE over IPv4 demultiplexor driver
[    1.475925] NET: Registered PF_INET6 protocol family
[    1.514301] Freeing initrd memory: 4484K
[    1.640343] Segment Routing with IPv6
[    1.640716] In-situ OAM (IOAM) with IPv6
[    1.641261] can: controller area network core
[    1.641520] NET: Registered PF_CAN protocol family
[    1.642471] Key type dns_resolver registered
[    1.645616] IPI shorthand broadcast: enabled
[    1.710861] sched_clock: Marking stable (1670581149, 37050894)->(1713587466, -5955423)
[    1.730573] registered taskstats version 1
[    1.731956] Loading compiled-in X.509 certificates
[    1.758988] Loaded X.509 cert 'alpinelinux.org: Alpine Linux kernel key: d76a695f66ad9cd28f5c22a8508f36e91f521f7a'
[    1.774772] Key type .fscrypt registered
[    1.774965] Key type fscrypt-provisioning registered
[    1.779496] clk: Disabling unused clocks
[    1.875059] Freeing unused kernel image (initmem) memory: 3516K
[    1.875565] Write protecting the kernel read-only data: 20480k
[    1.877331] Freeing unused kernel image (rodata/data gap) memory: 1092K
[    1.877788] Run /init as init process
[net] loading virtio-net modules ...
[net]   + drivers/virtio/virtio.ko
[net]   + drivers/virtio/virtio_ring.ko
[net]   + drivers/virtio/virtio_pci_modern_dev.ko
[net]   + drivers/virtio/virtio_pci_legacy_dev.ko
[    2.045950] ACPI: \_SB_.LNKC: Enabled at IRQ 11
[net]   + drivers/virtio/virtio_pci.ko
[net]   + net/core/failover.ko
[net]   + drivers/net/net_failover.ko
[net]   + drivers/net/virtio_net.ko
[net] eth0 up: 10.0.2.15, gw 10.0.2.2, DNS 10.0.2.3
[net] apk: apk-tools 2.14.4, compiled for x86_64.
[    2.185348] tsc: Refined TSC clocksource calibration: 1000.000 MHz
[    2.185927] clocksource: tsc: mask: 0xffffffffffffffff max_cycles: 0x1cd42e4dffb, max_idle_ns: 881590591483 ns
[    2.187209] clocksource: Switched to clocksource tsc

==================================================
  MINI LINUX BOOTED OK
  kernel : 6.6.134-0-lts / x86_64
  host   : mini-linux
==================================================

Mini Linux shell. Type "poweroff -f" to shut down.
sh: can't access tty; job control turned off
mini-linux:/#[6nls -la /lib/apk/db/; echo ---U; mkdir -p /usr/lib/apk/db && touch /
usr/lib/apk/db/installed && echo USR_DB_MADE; apk update
total 0
drwxr-xr-x    3 501      20              80 Sep 10 01:16 [1;34m.[m
drwxr-xr-x    3 501      20              60 Sep 10 01:05 [1;34m..[m
-rw-r--r--    1 501      20               0 Sep 10 01:16 [0;0minstalled[m
drwxr-xr-x    2 501      20              40 Sep 10 01:16 [1;34mkeys[m
---U
USR_DB_MADE
ERROR: Unable to read database state: No such file or directory
ERROR: Failed to open apk database: No such file or directory
mini-linux:/#[6necho ====TRY_ADD====; apk add --no-cache hello
====TRY_ADD====
ERROR: Unable to read database state: No such file or directory
ERROR: Failed to open apk database: No such file or directory
mini-linux:/#[6nhello
sh: hello: not found
mini-linux:/#[6npoweroff -f
[   69.507267] ACPI: PM: Preparing to enter system sleep state S5
[   69.508755] reboot: Power down
