c[?7l[2J[0mSeaBIOS (version rel-1.16.3-0-ga6ed6b701f0a-prebuilt.qemu.org)


iPXE (http://ipxe.org) 00:03.0 CA00 PCI2.10 PnP PMM+1EFD0D90+1EF30D90 CA00
Press Ctrl-B to configure iPXE (PCI 00:03.0)...                                                                               


Booting from ROM...
Probing EDD (edd=off to disable)... ok
c[?7l[2J[    0.000000] Linux version 6.6.134-0-lts (buildozer@build-3-20-x86_64) (gcc (Alpine 13.2.1_git20240309) 13.2.1 20240309, GNU ld (GNU Binutils) 2.42) #1-Alpine SMP PREEMPT_DYNAMIC 2026-04-11 17:03:51
[    0.000000] Command line: console=ttyS0
[    0.000000] BIOS-provided physical RAM map:
[    0.000000] BIOS-e820: [mem 0x0000000000000000-0x000000000009fbff] usable
[    0.000000] BIOS-e820: [mem 0x000000000009fc00-0x000000000009ffff] reserved
[    0.000000] BIOS-e820: [mem 0x00000000000f0000-0x00000000000fffff] reserved
[    0.000000] BIOS-e820: [mem 0x0000000000100000-0x000000001ffdffff] usable
[    0.000000] BIOS-e820: [mem 0x000000001ffe0000-0x000000001fffffff] reserved
[    0.000000] BIOS-e820: [mem 0x00000000fffc0000-0x00000000ffffffff] reserved
[    0.000000] BIOS-e820: [mem 0x000000fd00000000-0x000000ffffffffff] reserved
[    0.000000] NX (Execute Disable) protection: active
[    0.000000] APIC: Static calls initialized
[    0.000000] SMBIOS 2.8 present.
[    0.000000] DMI: QEMU Standard PC (i440FX + PIIX, 1996), BIOS rel-1.16.3-0-ga6ed6b701f0a-prebuilt.qemu.org 04/01/2014
[    0.000000] tsc: Fast TSC calibration using PIT
[    0.000000] tsc: Detected 999.935 MHz processor
[    0.017601] AGP: No AGP bridge found
[    0.017902] last_pfn = 0x1ffe0 max_arch_pfn = 0x400000000
[    0.018648] MTRR map: 4 entries (3 fixed + 1 variable; max 19), built from 8 variable MTRRs
[    0.018850] x86/PAT: Configuration [0-7]: WB  WC  UC- UC  WB  WP  UC- WT  
[    0.051264] found SMP MP-table at [mem 0x000f5480-0x000f548f]
[    0.056357] RAMDISK: [mem 0x1fb40000-0x1ffdffff]
[    0.056963] ACPI: Early table checksum verification disabled
[    0.057321] ACPI: RSDP 0x00000000000F52A0 000014 (v00 BOCHS )
[    0.057604] ACPI: RSDT 0x000000001FFE2335 000034 (v01 BOCHS  BXPC     00000001 BXPC 00000001)
[    0.058127] ACPI: FACP 0x000000001FFE21E9 000074 (v01 BOCHS  BXPC     00000001 BXPC 00000001)
[    0.058660] ACPI: DSDT 0x000000001FFE0040 0021A9 (v01 BOCHS  BXPC     00000001 BXPC 00000001)
[    0.058738] ACPI: FACS 0x000000001FFE0000 000040
[    0.058799] ACPI: APIC 0x000000001FFE225D 000078 (v03 BOCHS  BXPC     00000001 BXPC 00000001)
[    0.058840] ACPI: HPET 0x000000001FFE22D5 000038 (v01 BOCHS  BXPC     00000001 BXPC 00000001)
[    0.058869] ACPI: WAET 0x000000001FFE230D 000028 (v01 BOCHS  BXPC     00000001 BXPC 00000001)
[    0.058974] ACPI: Reserving FACP table memory at [mem 0x1ffe21e9-0x1ffe225c]
[    0.059003] ACPI: Reserving DSDT table memory at [mem 0x1ffe0040-0x1ffe21e8]
[    0.059011] ACPI: Reserving FACS table memory at [mem 0x1ffe0000-0x1ffe003f]
[    0.059017] ACPI: Reserving APIC table memory at [mem 0x1ffe225d-0x1ffe22d4]
[    0.059024] ACPI: Reserving HPET table memory at [mem 0x1ffe22d5-0x1ffe230c]
[    0.059030] ACPI: Reserving WAET table memory at [mem 0x1ffe230d-0x1ffe2334]
[    0.061197] No NUMA configuration found
[    0.061215] Faking a node at [mem 0x0000000000000000-0x000000001ffdffff]
[    0.061846] NODE_DATA(0) allocated [mem 0x1fb3a000-0x1fb3ffff]
[    0.064485] Zone ranges:
[    0.064512]   DMA      [mem 0x0000000000001000-0x0000000000ffffff]
[    0.064579]   DMA32    [mem 0x0000000001000000-0x000000001ffdffff]
[    0.064592]   Normal   empty
[    0.064612]   Device   empty
[    0.064626] Movable zone start for each node
[    0.064660] Early memory node ranges
[    0.064687]   node   0: [mem 0x0000000000001000-0x000000000009efff]
[    0.064858]   node   0: [mem 0x0000000000100000-0x000000001ffdffff]
[    0.065085] Initmem setup node 0 [mem 0x0000000000001000-0x000000001ffdffff]
[    0.066045] On node 0, zone DMA: 1 pages in unavailable ranges
[    0.066260] On node 0, zone DMA: 97 pages in unavailable ranges
[    0.068582] On node 0, zone DMA32: 32 pages in unavailable ranges
[    0.069042] ACPI: PM-Timer IO Port: 0x608
[    0.069435] ACPI: LAPIC_NMI (acpi_id[0xff] dfl dfl lint[0x1])
[    0.069784] IOAPIC[0]: apic_id 0, version 32, address 0xfec00000, GSI 0-23
[    0.069902] ACPI: INT_SRC_OVR (bus 0 bus_irq 0 global_irq 2 dfl dfl)
[    0.070184] ACPI: INT_SRC_OVR (bus 0 bus_irq 5 global_irq 5 high level)
[    0.070233] ACPI: INT_SRC_OVR (bus 0 bus_irq 9 global_irq 9 high level)
[    0.070342] ACPI: INT_SRC_OVR (bus 0 bus_irq 10 global_irq 10 high level)
[    0.070352] ACPI: INT_SRC_OVR (bus 0 bus_irq 11 global_irq 11 high level)
[    0.070583] ACPI: Using ACPI (MADT) for SMP configuration information
[    0.070637] ACPI: HPET id: 0x8086a201 base: 0xfed00000
[    0.070971] smpboot: Allowing 1 CPUs, 0 hotplug CPUs
[    0.071946] PM: hibernation: Registered nosave memory: [mem 0x00000000-0x00000fff]
[    0.071993] PM: hibernation: Registered nosave memory: [mem 0x0009f000-0x000fffff]
[    0.072166] [mem 0x20000000-0xfffbffff] available for PCI devices
[    0.072204] Booting paravirtualized kernel on bare hardware
[    0.072492] clocksource: refined-jiffies: mask: 0xffffffff max_cycles: 0xffffffff, max_idle_ns: 6370452778343963 ns
[    0.082347] setup_percpu: NR_CPUS:256 nr_cpumask_bits:1 nr_cpu_ids:1 nr_node_ids:1
[    0.084082] percpu: Embedded 58 pages/cpu s198184 r8192 d31192 u2097152
[    0.086093] Kernel command line: console=ttyS0
[    0.087385] Dentry cache hash table entries: 65536 (order: 7, 524288 bytes, linear)
[    0.087594] Inode-cache hash table entries: 32768 (order: 6, 262144 bytes, linear)
[    0.090313] Fallback order for Node 0: 0 
[    0.090728] Built 1 zonelists, mobility grouping on.  Total pages: 128736
[    0.090754] Policy zone: DMA32
[    0.101667] mem auto-init: stack:all(zero), heap alloc:on, heap free:off
[    0.101853] AGP: Checking aperture...
[    0.104006] AGP: No AGP bridge found
[    0.110337] Memory: 471668K/523768K available (14336K kernel code, 1950K rwdata, 5052K rodata, 3516K init, 4724K bss, 51840K reserved, 0K cma-reserved)
[    0.146973] SLUB: HWalign=64, Order=0-3, MinObjects=0, CPUs=1, Nodes=1
[    0.147070] kmemleak: Kernel memory leak detector disabled
[    0.149506] ftrace: allocating 41322 entries in 162 pages
[    0.185381] ftrace: allocated 162 pages with 3 groups
[    0.194450] Dynamic Preempt: voluntary
[    0.197610] rcu: Preemptible hierarchical RCU implementation.
[    0.197648] rcu: 	RCU restricting CPUs from NR_CPUS=256 to nr_cpu_ids=1.
[    0.197804] 	Trampoline variant of Tasks RCU enabled.
[    0.197813] 	Rude variant of Tasks RCU enabled.
[    0.197825] 	Tracing variant of Tasks RCU enabled.
[    0.197899] rcu: RCU calculated value of scheduler-enlistment delay is 30 jiffies.
[    0.197922] rcu: Adjusting geometry for rcu_fanout_leaf=16, nr_cpu_ids=1
[    0.225647] NR_IRQS: 16640, nr_irqs: 256, preallocated irqs: 16
[    0.233514] rcu: srcu_init: Setting srcu_struct sizes based on contention.
[    0.238550] kfence: initialized - using 2097152 bytes for 255 objects at 0x(____ptrval____)-0x(____ptrval____)
[    0.243357] Console: colour VGA+ 80x25
[    0.244819] printk: console [ttyS0] enabled
[    0.266895] ACPI: Core revision 20230628
[    0.272435] clocksource: hpet: mask: 0xffffffff max_cycles: 0xffffffff, max_idle_ns: 19112604467 ns
[    0.277279] APIC: Switch to symmetric I/O mode setup
[    0.281777] ..TIMER: vector=0x30 apic1=0 pin1=2 apic2=-1 pin2=-1
[    0.299771] clocksource: tsc-early: mask: 0xffffffffffffffff max_cycles: 0x1cd3b38e039, max_idle_ns: 881590580833 ns
[    0.300404] Calibrating delay loop (skipped), value calculated using timer frequency.. 2000.19 BogoMIPS (lpj=3333116)
[    0.305758] process: using AMD E400 aware idle routine
[    0.306073] Last level iTLB entries: 4KB 512, 2MB 255, 4MB 127
[    0.306231] Last level dTLB entries: 4KB 512, 2MB 255, 4MB 127, 1GB 0
[    0.306648] Spectre V1 : Mitigation: usercopy/swapgs barriers and __user pointer sanitization
[    0.306885] Spectre V2 : Mitigation: Retpolines
[    0.306885] Spectre V2 : Spectre v2 / SpectreRSB: Filling RSB on context switch and VMEXIT
[    0.307507] x86/fpu: x87 FPU will use FXSAVE
[    0.607254] Freeing SMP alternatives memory: 36K
[    0.610268] pid_max: default: 32768 minimum: 301
[    0.619350] LSM: initializing lsm=lockdown,capability,landlock,yama
[    0.623683] landlock: Up and running.
[    0.623808] Yama: becoming mindful.
[    0.629418] Mount-cache hash table entries: 1024 (order: 1, 8192 bytes, linear)
[    0.629740] Mountpoint-cache hash table entries: 1024 (order: 1, 8192 bytes, linear)
[    0.761051] smpboot: CPU0: AMD QEMU Virtual CPU version 2.5+ (family: 0xf, model: 0x6b, stepping: 0x1)
[    0.766885] RCU Tasks: Setting shift to 0 and lim to 1 rcu_task_cb_adjust=1 rcu_task_cpu_ids=1.
[    0.766942] RCU Tasks Rude: Setting shift to 0 and lim to 1 rcu_task_cb_adjust=1 rcu_task_cpu_ids=1.
[    0.767294] RCU Tasks Trace: Setting shift to 0 and lim to 1 rcu_task_cb_adjust=1 rcu_task_cpu_ids=1.
[    0.767753] Performance Events: PMU not available due to virtualization, using software events only.
[    0.770714] signal: max sigframe size: 1440
[    0.772024] rcu: Hierarchical SRCU implementation.
[    0.772171] rcu: 	Max phase no-delay instances is 1000.
[    0.779656] NMI watchdog: Perf NMI watchdog permanently disabled
[    0.781248] smp: Bringing up secondary CPUs ...
[    0.782821] smp: Brought up 1 node, 1 CPU
[    0.782962] smpboot: Max logical packages: 1
[    0.783147] ----------------
[    0.783236] | NMI testsuite:
[    0.783311] --------------------
[    0.783394]   remote IPI:  ok  |
[    0.783551]    local IPI:  ok  |
[    0.783551] --------------------
[    0.783610] Good, all   2 testcases passed! |
[    0.783736] ---------------------------------
[    0.783888] smpboot: Total of 1 processors activated (2000.19 BogoMIPS)
[    0.798376] devtmpfs: initialized
[    0.800452] x86/mm: Memory block size: 128MB
[    0.806885] clocksource: jiffies: mask: 0xffffffff max_cycles: 0xffffffff, max_idle_ns: 6370867519511994 ns
[    0.807509] futex hash table entries: 256 (order: 2, 16384 bytes, linear)
[    0.811230] pinctrl core: initialized pinctrl subsystem
[    0.825684] NET: Registered PF_NETLINK/PF_ROUTE protocol family
[    0.828985] audit: initializing netlink subsys (disabled)
[    0.831046] audit: type=2000 audit(1789005872.553:1): state=initialized audit_enabled=0 res=1
[    0.834277] thermal_sys: Registered thermal governor 'fair_share'
[    0.834309] thermal_sys: Registered thermal governor 'bang_bang'
[    0.834466] thermal_sys: Registered thermal governor 'step_wise'
[    0.834609] thermal_sys: Registered thermal governor 'user_space'
[    0.835031] cpuidle: using governor ladder
[    0.836993] cpuidle: using governor menu
[    0.838512] acpiphp: ACPI Hot Plug PCI Controller Driver version: 0.5
[    0.840609] PCI: Using configuration type 1 for base access
[    0.844073] kprobes: kprobe jump-optimization is enabled. All kprobes are optimized if possible.
[    0.911473] HugeTLB: registered 2.00 MiB page size, pre-allocated 0 pages
[    0.911716] HugeTLB: 28 KiB vmemmap can be freed for a 2.00 MiB page
[    0.928504] ACPI: Added _OSI(Module Device)
[    0.928675] ACPI: Added _OSI(Processor Device)
[    0.928789] ACPI: Added _OSI(Processor Aggregator Device)
[    0.940843] ACPI: 1 ACPI AML tables successfully acquired and loaded
[    0.954023] ACPI: _OSC evaluation for CPUs failed, trying _PDC
[    0.955798] ACPI: Interpreter enabled
[    0.956780] ACPI: PM: (supports S0 S3 S4 S5)
[    0.956885] ACPI: Using IOAPIC for interrupt routing
[    0.956885] PCI: Using host bridge windows from ACPI; if necessary, use "pci=nocrs" and report a bug
[    0.956885] PCI: Using E820 reservations for host bridge windows
[    0.958321] ACPI: Enabled 2 GPEs in block 00 to 0F
[    0.983551] ACPI: PCI Root Bridge [PCI0] (domain 0000 [bus 00-ff])
[    0.983752] acpi PNP0A03:00: _OSC: OS supports [ASPM ClockPM Segments MSI HPX-Type3]
[    0.984093] acpi PNP0A03:00: _OSC: not requesting OS control; OS requires [ExtendedConfig ASPM ClockPM MSI]
[    0.984857] acpi PNP0A03:00: fail to add MMCONFIG information, can't access extended configuration space under this bridge
[    0.991249] acpiphp: Slot [3] registered
[    0.991467] acpiphp: Slot [4] registered
[    0.991640] acpiphp: Slot [5] registered
[    0.991807] acpiphp: Slot [6] registered
[    0.991955] acpiphp: Slot [7] registered
[    0.992101] acpiphp: Slot [8] registered
[    0.992249] acpiphp: Slot [9] registered
[    0.992409] acpiphp: Slot [10] registered
[    0.992558] acpiphp: Slot [11] registered
[    0.992706] acpiphp: Slot [12] registered
[    0.992851] acpiphp: Slot [13] registered
[    0.992998] acpiphp: Slot [14] registered
[    0.993145] acpiphp: Slot [15] registered
[    0.993611] acpiphp: Slot [16] registered
[    0.993773] acpiphp: Slot [17] registered
[    0.993920] acpiphp: Slot [18] registered
[    0.994066] acpiphp: Slot [19] registered
[    0.994215] acpiphp: Slot [20] registered
[    0.994364] acpiphp: Slot [21] registered
[    0.994510] acpiphp: Slot [22] registered
[    0.994657] acpiphp: Slot [23] registered
[    0.994818] acpiphp: Slot [24] registered
[    0.994966] acpiphp: Slot [25] registered
[    0.995114] acpiphp: Slot [26] registered
[    0.995263] acpiphp: Slot [27] registered
[    0.995410] acpiphp: Slot [28] registered
[    0.995557] acpiphp: Slot [29] registered
[    0.995703] acpiphp: Slot [30] registered
[    0.995867] acpiphp: Slot [31] registered
[    0.996172] PCI host bridge to bus 0000:00
[    0.996416] pci_bus 0000:00: root bus resource [io  0x0000-0x0cf7 window]
[    0.996909] pci_bus 0000:00: root bus resource [io  0x0d00-0xffff window]
[    0.997079] pci_bus 0000:00: root bus resource [mem 0x000a0000-0x000bffff window]
[    0.997292] pci_bus 0000:00: root bus resource [mem 0x20000000-0xfebfffff window]
[    0.997473] pci_bus 0000:00: root bus resource [mem 0x100000000-0x17fffffff window]
[    0.997777] pci_bus 0000:00: root bus resource [bus 00-ff]
[    0.998950] pci 0000:00:00.0: [8086:1237] type 00 class 0x060000
[    1.003551] pci 0000:00:01.0: [8086:7000] type 00 class 0x060100
[    1.003551] pci 0000:00:01.1: [8086:7010] type 00 class 0x010180
[    1.004452] pci 0000:00:01.1: BAR 4 [io  0xc020-0xc02f]
[    1.004974] pci 0000:00:01.1: BAR 0 [io  0x01f0-0x01f7]: legacy IDE quirk
[    1.006927] pci 0000:00:01.1: BAR 1 [io  0x03f6]: legacy IDE quirk
[    1.007114] pci 0000:00:01.1: BAR 2 [io  0x0170-0x0177]: legacy IDE quirk
[    1.007294] pci 0000:00:01.1: BAR 3 [io  0x0376]: legacy IDE quirk
[    1.008166] pci 0000:00:01.3: [8086:7113] type 00 class 0x068000
[    1.008606] pci 0000:00:01.3: quirk: [io  0x0600-0x063f] claimed by PIIX4 ACPI
[    1.008812] pci 0000:00:01.3: quirk: [io  0x0700-0x070f] claimed by PIIX4 SMB
[    1.009434] pci 0000:00:02.0: [1234:1111] type 00 class 0x030000
[    1.010250] pci 0000:00:02.0: BAR 0 [mem 0xfd000000-0xfdffffff pref]
[    1.010943] pci 0000:00:02.0: BAR 2 [mem 0xfebd0000-0xfebd0fff]
[    1.012347] pci 0000:00:02.0: ROM [mem 0xfebc0000-0xfebcffff pref]
[    1.012796] pci 0000:00:02.0: Video device with shadowed ROM at [mem 0x000c0000-0x000dffff]
[    1.013551] pci 0000:00:03.0: [1af4:1000] type 00 class 0x020000
[    1.013551] pci 0000:00:03.0: BAR 0 [io  0xc000-0xc01f]
[    1.013551] pci 0000:00:03.0: BAR 1 [mem 0xfebd1000-0xfebd1fff]
[    1.013813] pci 0000:00:03.0: BAR 4 [mem 0xfe000000-0xfe003fff 64bit pref]
[    1.014469] pci 0000:00:03.0: ROM [mem 0xfeb80000-0xfebbffff pref]
[    1.023717] ACPI: PCI: Interrupt link LNKA configured for IRQ 10
[    1.024398] ACPI: PCI: Interrupt link LNKB configured for IRQ 10
[    1.024830] ACPI: PCI: Interrupt link LNKC configured for IRQ 11
[    1.025258] ACPI: PCI: Interrupt link LNKD configured for IRQ 11
[    1.025533] ACPI: PCI: Interrupt link LNKS configured for IRQ 9
[    1.028779] iommu: Default domain type: Translated
[    1.028936] iommu: DMA domain TLB invalidation policy: lazy mode
[    1.031103] pps_core: LinuxPPS API ver. 1 registered
[    1.031248] pps_core: Software ver. 5.3.6 - Copyright 2005-2007 Rodolfo Giometti <giometti@linux.it>
[    1.031505] PTP clock support registered
[    1.032356] EDAC MC: Ver: 3.0.0
[    1.040218] PCI: Using ACPI for IRQ routing
[    1.044115] pci 0000:00:02.0: vgaarb: setting as boot VGA device
[    1.044298] pci 0000:00:02.0: vgaarb: bridge control possible
[    1.044479] pci 0000:00:02.0: vgaarb: VGA device added: decodes=io+mem,owns=io+mem,locks=none
[    1.044688] vgaarb: loaded
[    1.046213] hpet: 3 channels of 0 reserved for per-cpu timers
[    1.046943] hpet0: at MMIO 0xfed00000, IRQs 2, 8, 0
[    1.047130] hpet0: 3 comparators, 64-bit 100.000000 MHz counter
[    1.051185] clocksource: Switched to clocksource tsc-early
[    1.060689] VFS: Disk quotas dquot_6.6.0
[    1.061038] VFS: Dquot-cache hash table entries: 512 (order 0, 4096 bytes)
[    1.062702] pnp: PnP ACPI init
[    1.066141] pnp: PnP ACPI: found 6 devices
[    1.082685] clocksource: acpi_pm: mask: 0xffffff max_cycles: 0xffffff, max_idle_ns: 2085701024 ns
[    1.084402] NET: Registered PF_INET protocol family
[    1.085544] IP idents hash table entries: 8192 (order: 4, 65536 bytes, linear)
[    1.091330] tcp_listen_portaddr_hash hash table entries: 256 (order: 0, 4096 bytes, linear)
[    1.091778] Table-perturb hash table entries: 65536 (order: 6, 262144 bytes, linear)
[    1.092024] TCP established hash table entries: 4096 (order: 3, 32768 bytes, linear)
[    1.092481] TCP bind hash table entries: 4096 (order: 5, 131072 bytes, linear)
[    1.092783] TCP: Hash tables configured (established 4096 bind 4096)
[    1.095106] MPTCP token hash table entries: 512 (order: 2, 12288 bytes, linear)
[    1.095555] UDP hash table entries: 256 (order: 1, 8192 bytes, linear)
[    1.095901] UDP-Lite hash table entries: 256 (order: 1, 8192 bytes, linear)
[    1.097262] NET: Registered PF_UNIX/PF_LOCAL protocol family
[    1.097750] NET: Registered PF_XDP protocol family
[    1.098413] pci_bus 0000:00: resource 4 [io  0x0000-0x0cf7 window]
[    1.098413] pci_bus 0000:00: resource 5 [io  0x0d00-0xffff window]
[    1.098413] pci_bus 0000:00: resource 6 [mem 0x000a0000-0x000bffff window]
[    1.098413] pci_bus 0000:00: resource 7 [mem 0x20000000-0xfebfffff window]
[    1.098413] pci_bus 0000:00: resource 8 [mem 0x100000000-0x17fffffff window]
[    1.099805] pci 0000:00:01.0: PIIX3: Enabling Passive Release
[    1.100014] pci 0000:00:00.0: Limiting direct PCI/PCI transfers
[    1.100235] PCI: CLS 0 bytes, default 64
[    1.107316] Trying to unpack rootfs image as initramfs...
[    1.110503] Initialise system trusted keyrings
[    1.117783] workingset: timestamp_bits=40 max_order=17 bucket_order=0
[    1.118114] zbud: loaded
[    1.179201] jitterentropy: Initialization failed with host not compliant with requirements: 2
[    1.240917] Key type asymmetric registered
[    1.241168] Asymmetric key parser 'x509' registered
[    1.241600] Block layer SCSI generic (bsg) driver version 0.4 loaded (major 246)
[    1.242490] io scheduler mq-deadline registered
[    1.242655] io scheduler kyber registered
[    1.242981] io scheduler bfq registered
[    1.245261] shpchp: Standard Hot Plug PCI Controller Driver version: 0.4
[    1.248371] ERST DBG: ERST support is disabled.
[    1.253152] Serial: 8250/16550 driver, 4 ports, IRQ sharing enabled
[    1.259314] 00:04: ttyS0 at I/O 0x3f8 (irq = 4, base_baud = 115200) is a 16550A
[    1.317878] brd: module loaded
[    1.319469] i8042: PNP: PS/2 Controller [PNP0303:KBD,PNP0f13:MOU] at 0x60,0x64 irq 1,12
[    1.328902] serio: i8042 KBD port at 0x60,0x64 irq 1
[    1.329226] serio: i8042 AUX port at 0x60,0x64 irq 12
[    1.329829] rtc_cmos 00:05: RTC can wake from S4
[    1.338997] rtc_cmos 00:05: registered as rtc0
[    1.339644] rtc_cmos 00:05: setting system clock to 2026-09-10T02:04:33 UTC (1789005873)
[    1.341616] input: AT Translated Set 2 keyboard as /devices/platform/i8042/serio0/input/input0
[    1.343185] rtc_cmos 00:05: alarms up to one day, y3k, 242 bytes nvram, hpet irqs
[    1.344339] amd_pstate: the _CPC object is not present in SBIOS or ACPI disabled
[    1.349054] gre: GRE over IPv4 demultiplexor driver
[    1.350093] NET: Registered PF_INET6 protocol family
[    1.404385] Freeing initrd memory: 4736K
[    1.513028] Segment Routing with IPv6
[    1.513396] In-situ OAM (IOAM) with IPv6
[    1.513900] can: controller area network core
[    1.514289] NET: Registered PF_CAN protocol family
[    1.514933] Key type dns_resolver registered
[    1.517417] IPI shorthand broadcast: enabled
[    1.567398] sched_clock: Marking stable (1524412185, 42891971)->(1568695966, -1391810)
[    1.584231] registered taskstats version 1
[    1.586368] Loading compiled-in X.509 certificates
[    1.608105] Loaded X.509 cert 'alpinelinux.org: Alpine Linux kernel key: d76a695f66ad9cd28f5c22a8508f36e91f521f7a'
[    1.621789] Key type .fscrypt registered
[    1.621930] Key type fscrypt-provisioning registered
[    1.626243] clk: Disabling unused clocks
[    1.713609] Freeing unused kernel image (initmem) memory: 3516K
[    1.714485] Write protecting the kernel read-only data: 20480k
[    1.716126] Freeing unused kernel image (rodata/data gap) memory: 1092K
[    1.716443] Run /init as init process
[net] loading virtio-net modules ...
[net]   + drivers/virtio/virtio.ko
[net]   + drivers/virtio/virtio_ring.ko
[net]   + drivers/virtio/virtio_pci_modern_dev.ko
[net]   + drivers/virtio/virtio_pci_legacy_dev.ko
[    1.855771] ACPI: \_SB_.LNKC: Enabled at IRQ 11
[net]   + drivers/virtio/virtio_pci.ko
[net]   + net/core/failover.ko
[net]   + drivers/net/net_failover.ko
[net]   + drivers/net/virtio_net.ko
[net] eth0 up: 10.0.2.15, gw 10.0.2.2, DNS 10.0.2.3
[net] apk: apk-tools 2.14.4, compiled for x86_64.

==================================================
  MINI LINUX BOOTED OK
  kernel : 6.6.134-0-lts / x86_64
  host   : mini-linux
==================================================

Mini Linux shell. Type "poweroff -f" to shut down.
sh: can't access tty; job control turned off
mini-linux:/#[6n[    2.121169] tsc: Refined TSC clocksource calibration: 1000.000 MHz
[    2.122392] clocksource: tsc: mask: 0xffffffffffffffff max_cycles: 0x1cd42e4dffb, max_idle_ns: 881590591483 ns
[    2.123181] clocksource: Switched to clocksource tsc
apk update >/dev/null 2>&1; echo ===TAR; tar tzf /etc/apk/cache/APK
INDEX.ced93634.tar.gz 2>&1 | head -5; echo ===GREP; tar xzf /etc/apk/cache/APKIN
DEX.ced93634.tar.gz 2>/dev/null -O APKINDEX | grep -m2 -E "^P:hello$|^V:" | head
 -5; echo ===V; apk -v add hello 2>&1 | tail -4; echo ===S; apk search -x hello
poweroff -f
===TAR
.SIGN.RSA.alpine-devel@lists.alpinelinux.org-6165ee59.rsa.pub
DESCRIPTION
APKINDEX
===GREP
V:23.01-r0
V:23.01-r0
===V
ERROR: unable to select packages:
  hello (no such package):
    required by: world[hello]
===S
mini-linux:/#poweroff -f
[  114.790029] ACPI: PM: Preparing to enter system sleep state S5
[  114.790896] reboot: Power down
