c[?7l[2J[0mSeaBIOS (version rel-1.16.3-0-ga6ed6b701f0a-prebuilt.qemu.org)


iPXE (http://ipxe.org) 00:03.0 CA00 PCI2.10 PnP PMM+02FD0D90+02F30D90 CA00
Press Ctrl-B to configure iPXE (PCI 00:03.0)...                                                                               


Booting from ROM...
Probing EDD (edd=off to disable)... oc[?7l[2J[    0.000000] Linux version 6.6.134-0-lts (buildozer@build-3-20-x86_64) (gcc (Alpine 13.2.1_git20240309) 13.2.1 20240309, GNU ld (GNU Binutils) 2.42) #1-Alpine SMP PREEMPT_DYNAMIC 2026-04-11 17:03:51
[    0.000000] Command line: console=ttyS0 autoshutdown
[    0.000000] BIOS-provided physical RAM map:
[    0.000000] BIOS-e820: [mem 0x0000000000000000-0x000000000009fbff] usable
[    0.000000] BIOS-e820: [mem 0x000000000009fc00-0x000000000009ffff] reserved
[    0.000000] BIOS-e820: [mem 0x00000000000f0000-0x00000000000fffff] reserved
[    0.000000] BIOS-e820: [mem 0x0000000000100000-0x0000000003fdffff] usable
[    0.000000] BIOS-e820: [mem 0x0000000003fe0000-0x0000000003ffffff] reserved
[    0.000000] BIOS-e820: [mem 0x00000000fffc0000-0x00000000ffffffff] reserved
[    0.000000] BIOS-e820: [mem 0x000000fd00000000-0x000000ffffffffff] reserved
[    0.000000] NX (Execute Disable) protection: active
[    0.000000] APIC: Static calls initialized
[    0.000000] SMBIOS 2.8 present.
[    0.000000] DMI: QEMU Standard PC (i440FX + PIIX, 1996), BIOS rel-1.16.3-0-ga6ed6b701f0a-prebuilt.qemu.org 04/01/2014
[    0.000000] tsc: Fast TSC calibration using PIT
[    0.000000] tsc: Detected 1000.105 MHz processor
[    0.019963] AGP: No AGP bridge found
[    0.020515] last_pfn = 0x3fe0 max_arch_pfn = 0x400000000
[    0.021585] MTRR map: 4 entries (3 fixed + 1 variable; max 19), built from 8 variable MTRRs
[    0.021821] x86/PAT: Configuration [0-7]: WB  WC  UC- UC  WB  WP  UC- WT  
[    0.057577] found SMP MP-table at [mem 0x000f5480-0x000f548f]
[    0.063340] RAMDISK: [mem 0x03f44000-0x03fdffff]
[    0.063771] ACPI: Early table checksum verification disabled
[    0.064104] ACPI: RSDP 0x00000000000F52A0 000014 (v00 BOCHS )
[    0.064381] ACPI: RSDT 0x0000000003FE2335 000034 (v01 BOCHS  BXPC     00000001 BXPC 00000001)
[    0.065056] ACPI: FACP 0x0000000003FE21E9 000074 (v01 BOCHS  BXPC     00000001 BXPC 00000001)
[    0.065811] ACPI: DSDT 0x0000000003FE0040 0021A9 (v01 BOCHS  BXPC     00000001 BXPC 00000001)
[    0.065909] ACPI: FACS 0x0000000003FE0000 000040
[    0.065979] ACPI: APIC 0x0000000003FE225D 000078 (v03 BOCHS  BXPC     00000001 BXPC 00000001)
[    0.066025] ACPI: HPET 0x0000000003FE22D5 000038 (v01 BOCHS  BXPC     00000001 BXPC 00000001)
[    0.066057] ACPI: WAET 0x0000000003FE230D 000028 (v01 BOCHS  BXPC     00000001 BXPC 00000001)
[    0.066179] ACPI: Reserving FACP table memory at [mem 0x3fe21e9-0x3fe225c]
[    0.066214] ACPI: Reserving DSDT table memory at [mem 0x3fe0040-0x3fe21e8]
[    0.066223] ACPI: Reserving FACS table memory at [mem 0x3fe0000-0x3fe003f]
[    0.066230] ACPI: Reserving APIC table memory at [mem 0x3fe225d-0x3fe22d4]
[    0.066237] ACPI: Reserving HPET table memory at [mem 0x3fe22d5-0x3fe230c]
[    0.066243] ACPI: Reserving WAET table memory at [mem 0x3fe230d-0x3fe2334]
[    0.068569] No NUMA configuration found
[    0.068602] Faking a node at [mem 0x0000000000000000-0x0000000003fdffff]
[    0.069301] NODE_DATA(0) allocated [mem 0x03f3e000-0x03f43fff]
[    0.072339] Zone ranges:
[    0.072384]   DMA      [mem 0x0000000000001000-0x0000000000ffffff]
[    0.072638]   DMA32    [mem 0x0000000001000000-0x0000000003fdffff]
[    0.072655]   Normal   empty
[    0.072700]   Device   empty
[    0.072726] Movable zone start for each node
[    0.072774] Early memory node ranges
[    0.072815]   node   0: [mem 0x0000000000001000-0x000000000009efff]
[    0.073042]   node   0: [mem 0x0000000000100000-0x0000000003fdffff]
[    0.073301] Initmem setup node 0 [mem 0x0000000000001000-0x0000000003fdffff]
[    0.074399] On node 0, zone DMA: 1 pages in unavailable ranges
[    0.074622] On node 0, zone DMA: 97 pages in unavailable ranges
[    0.075473] On node 0, zone DMA32: 16416 pages in unavailable ranges
[    0.075959] ACPI: PM-Timer IO Port: 0x608
[    0.076373] ACPI: LAPIC_NMI (acpi_id[0xff] dfl dfl lint[0x1])
[    0.076733] IOAPIC[0]: apic_id 0, version 32, address 0xfec00000, GSI 0-23
[    0.076864] ACPI: INT_SRC_OVR (bus 0 bus_irq 0 global_irq 2 dfl dfl)
[    0.077188] ACPI: INT_SRC_OVR (bus 0 bus_irq 5 global_irq 5 high level)
[    0.077239] ACPI: INT_SRC_OVR (bus 0 bus_irq 9 global_irq 9 high level)
[    0.077347] ACPI: INT_SRC_OVR (bus 0 bus_irq 10 global_irq 10 high level)
[    0.077358] ACPI: INT_SRC_OVR (bus 0 bus_irq 11 global_irq 11 high level)
[    0.077601] ACPI: Using ACPI (MADT) for SMP configuration information
[    0.077658] ACPI: HPET id: 0x8086a201 base: 0xfed00000
[    0.078016] smpboot: Allowing 1 CPUs, 0 hotplug CPUs
[    0.078997] PM: hibernation: Registered nosave memory: [mem 0x00000000-0x00000fff]
[    0.079046] PM: hibernation: Registered nosave memory: [mem 0x0009f000-0x000fffff]
[    0.079222] [mem 0x04000000-0xfffbffff] available for PCI devices
[    0.079263] Booting paravirtualized kernel on bare hardware
[    0.079547] clocksource: refined-jiffies: mask: 0xffffffff max_cycles: 0xffffffff, max_idle_ns: 6370452778343963 ns
[    0.090505] setup_percpu: NR_CPUS:256 nr_cpumask_bits:1 nr_cpu_ids:1 nr_node_ids:1
[    0.092216] percpu: Embedded 58 pages/cpu s198184 r8192 d31192 u2097152
[    0.094319] Kernel command line: console=ttyS0 autoshutdown
[    0.095341] Unknown kernel command line parameters "autoshutdown", will be passed to user space.
[    0.095774] Dentry cache hash table entries: 8192 (order: 4, 65536 bytes, linear)
[    0.095904] Inode-cache hash table entries: 4096 (order: 3, 32768 bytes, linear)
[    0.098527] Fallback order for Node 0: 0 
[    0.098928] Built 1 zonelists, mobility grouping on.  Total pages: 15840
[    0.098955] Policy zone: DMA32
[    0.100063] mem auto-init: stack:all(zero), heap alloc:on, heap free:off
[    0.100237] AGP: Checking aperture...
[    0.102431] AGP: No AGP bridge found
[    0.108173] Memory: 23844K/65016K available (14336K kernel code, 1950K rwdata, 5052K rodata, 3516K init, 4724K bss, 40912K reserved, 0K cma-reserved)
[    0.147830] SLUB: HWalign=64, Order=0-3, MinObjects=0, CPUs=1, Nodes=1
[    0.147941] kmemleak: Kernel memory leak detector disabled
[    0.151223] ftrace: allocating 41322 entries in 162 pages
[    0.193540] ftrace: allocated 162 pages with 3 groups
[    0.209224] Dynamic Preempt: voluntary
[    0.212843] rcu: Preemptible hierarchical RCU implementation.
[    0.212883] rcu: 	RCU restricting CPUs from NR_CPUS=256 to nr_cpu_ids=1.
[    0.213046] 	Trampoline variant of Tasks RCU enabled.
[    0.213053] 	Rude variant of Tasks RCU enabled.
[    0.213066] 	Tracing variant of Tasks RCU enabled.
[    0.213138] rcu: RCU calculated value of scheduler-enlistment delay is 30 jiffies.
[    0.213162] rcu: Adjusting geometry for rcu_fanout_leaf=16, nr_cpu_ids=1
[    0.243335] NR_IRQS: 16640, nr_irqs: 256, preallocated irqs: 16
[    0.251200] rcu: srcu_init: Setting srcu_struct sizes based on contention.
[    0.256391] kfence: initialized - using 2097152 bytes for 255 objects at 0x(____ptrval____)-0x(____ptrval____)
[    0.261088] Console: colour VGA+ 80x25
[    0.262564] printk: console [ttyS0] enabled
[    0.275164] ACPI: Core revision 20230628
[    0.280184] clocksource: hpet: mask: 0xffffffff max_cycles: 0xffffffff, max_idle_ns: 19112604467 ns
[    0.284612] APIC: Switch to symmetric I/O mode setup
[    0.290419] ..TIMER: vector=0x30 apic1=0 pin1=2 apic2=-1 pin2=-1
[    0.306811] clocksource: tsc-early: mask: 0xffffffffffffffff max_cycles: 0xe6a7a3b3df, max_idle_ns: 440795204786 ns
[    0.307447] Calibrating delay loop (skipped), value calculated using timer frequency.. 2001.55 BogoMIPS (lpj=3333683)
[    0.312283] process: using AMD E400 aware idle routine
[    0.312588] Last level iTLB entries: 4KB 512, 2MB 255, 4MB 127
[    0.312681] Last level dTLB entries: 4KB 512, 2MB 255, 4MB 127, 1GB 0
[    0.313095] Spectre V1 : Mitigation: usercopy/swapgs barriers and __user pointer sanitization
[    0.313344] Spectre V2 : Mitigation: Retpolines
[    0.313432] Spectre V2 : Spectre v2 / SpectreRSB: Filling RSB on context switch and VMEXIT
[    0.317965] x86/fpu: x87 FPU will use FXSAVE
[    0.610751] Freeing SMP alternatives memory: 36K
[    0.611672] pid_max: default: 32768 minimum: 301
[    0.622689] LSM: initializing lsm=lockdown,capability,landlock,yama
[    0.628695] landlock: Up and running.
[    0.628776] Yama: becoming mindful.
[    0.632660] Mount-cache hash table entries: 512 (order: 0, 4096 bytes, linear)
[    0.632862] Mountpoint-cache hash table entries: 512 (order: 0, 4096 bytes, linear)
[    0.767015] smpboot: CPU0: AMD QEMU Virtual CPU version 2.5+ (family: 0xf, model: 0x6b, stepping: 0x1)
[    0.774619] RCU Tasks: Setting shift to 0 and lim to 1 rcu_task_cb_adjust=1 rcu_task_cpu_ids=1.
[    0.775253] RCU Tasks Rude: Setting shift to 0 and lim to 1 rcu_task_cb_adjust=1 rcu_task_cpu_ids=1.
[    0.775554] RCU Tasks Trace: Setting shift to 0 and lim to 1 rcu_task_cb_adjust=1 rcu_task_cpu_ids=1.
[    0.775954] Performance Events: PMU not available due to virtualization, using software events only.
[    0.777901] signal: max sigframe size: 1440
[    0.779244] rcu: Hierarchical SRCU implementation.
[    0.779332] rcu: 	Max phase no-delay instances is 1000.
[    0.790515] NMI watchdog: Perf NMI watchdog permanently disabled
[    0.791553] smp: Bringing up secondary CPUs ...
[    0.794366] smp: Brought up 1 node, 1 CPU
[    0.794463] smpboot: Max logical packages: 1
[    0.794602] ----------------
[    0.794655] | NMI testsuite:
[    0.794695] --------------------
[    0.794754]   remote IPI:  ok  |
[    0.794919]    local IPI:  ok  |
[    0.795768] --------------------
[    0.795813] Good, all   2 testcases passed! |
[    0.795902] ---------------------------------
[    0.796020] smpboot: Total of 1 processors activated (2001.55 BogoMIPS)
[    0.811985] devtmpfs: initialized
[    0.817110] x86/mm: Memory block size: 128MB
[    0.823885] clocksource: jiffies: mask: 0xffffffff max_cycles: 0xffffffff, max_idle_ns: 6370867519511994 ns
[    0.824489] futex hash table entries: 256 (order: 2, 16384 bytes, linear)
[    0.827181] pinctrl core: initialized pinctrl subsystem
[    0.848022] NET: Registered PF_NETLINK/PF_ROUTE protocol family
[    0.853051] audit: initializing netlink subsys (disabled)
[    0.855039] audit: type=2000 audit(1788955907.573:1): state=initialized audit_enabled=0 res=1
[    0.859516] thermal_sys: Registered thermal governor 'fair_share'
[    0.859559] thermal_sys: Registered thermal governor 'bang_bang'
[    0.860532] thermal_sys: Registered thermal governor 'step_wise'
[    0.860608] thermal_sys: Registered thermal governor 'user_space'
[    0.861026] cpuidle: using governor ladder
[    0.861285] cpuidle: using governor menu
[    0.863006] acpiphp: ACPI Hot Plug PCI Controller Driver version: 0.5
[    0.866261] PCI: Using configuration type 1 for base access
[    0.871353] kprobes: kprobe jump-optimization is enabled. All kprobes are optimized if possible.
[    0.945043] HugeTLB: registered 2.00 MiB page size, pre-allocated 0 pages
[    0.945187] HugeTLB: 28 KiB vmemmap can be freed for a 2.00 MiB page
[    0.963685] ACPI: Added _OSI(Module Device)
[    0.963822] ACPI: Added _OSI(Processor Device)
[    0.963848] ACPI: Added _OSI(Processor Aggregator Device)
[    0.978792] ACPI: 1 ACPI AML tables successfully acquired and loaded
[    0.992320] ACPI: _OSC evaluation for CPUs failed, trying _PDC
[    0.994967] ACPI: Interpreter enabled
[    0.995931] ACPI: PM: (supports S0 S3 S4 S5)
[    0.996029] ACPI: Using IOAPIC for interrupt routing
[    0.996533] PCI: Using host bridge windows from ACPI; if necessary, use "pci=nocrs" and report a bug
[    0.996681] PCI: Using E820 reservations for host bridge windows
[    0.997737] ACPI: Enabled 2 GPEs in block 00 to 0F
[    1.028020] ACPI: PCI Root Bridge [PCI0] (domain 0000 [bus 00-ff])
[    1.028679] acpi PNP0A03:00: _OSC: OS supports [ASPM ClockPM Segments MSI HPX-Type3]
[    1.028941] acpi PNP0A03:00: _OSC: not requesting OS control; OS requires [ExtendedConfig ASPM ClockPM MSI]
[    1.029597] acpi PNP0A03:00: fail to add MMCONFIG information, can't access extended configuration space under this bridge
[    1.038490] acpiphp: Slot [3] registered
[    1.038686] acpiphp: Slot [4] registered
[    1.038836] acpiphp: Slot [5] registered
[    1.038973] acpiphp: Slot [6] registered
[    1.039080] acpiphp: Slot [7] registered
[    1.039182] acpiphp: Slot [8] registered
[    1.039298] acpiphp: Slot [9] registered
[    1.039400] acpiphp: Slot [10] registered
[    1.039516] acpiphp: Slot [11] registered
[    1.039621] acpiphp: Slot [12] registered
[    1.040608] acpiphp: Slot [13] registered
[    1.040723] acpiphp: Slot [14] registered
[    1.040829] acpiphp: Slot [15] registered
[    1.040953] acpiphp: Slot [16] registered
[    1.041068] acpiphp: Slot [17] registered
[    1.041173] acpiphp: Slot [18] registered
[    1.041278] acpiphp: Slot [19] registered
[    1.041379] acpiphp: Slot [20] registered
[    1.041482] acpiphp: Slot [21] registered
[    1.041583] acpiphp: Slot [22] registered
[    1.041705] acpiphp: Slot [23] registered
[    1.041812] acpiphp: Slot [24] registered
[    1.041913] acpiphp: Slot [25] registered
[    1.042018] acpiphp: Slot [26] registered
[    1.042139] acpiphp: Slot [27] registered
[    1.042244] acpiphp: Slot [28] registered
[    1.042343] acpiphp: Slot [29] registered
[    1.042459] acpiphp: Slot [30] registered
[    1.042563] acpiphp: Slot [31] registered
[    1.042821] PCI host bridge to bus 0000:00
[    1.043050] pci_bus 0000:00: root bus resource [io  0x0000-0x0cf7 window]
[    1.043246] pci_bus 0000:00: root bus resource [io  0x0d00-0xffff window]
[    1.043339] pci_bus 0000:00: root bus resource [mem 0x000a0000-0x000bffff window]
[    1.043470] pci_bus 0000:00: root bus resource [mem 0x04000000-0xfebfffff window]
[    1.043568] pci_bus 0000:00: root bus resource [mem 0x100000000-0x17fffffff window]
[    1.043784] pci_bus 0000:00: root bus resource [bus 00-ff]
[    1.044614] pci 0000:00:00.0: [8086:1237] type 00 class 0x060000
[    1.049575] pci 0000:00:01.0: [8086:7000] type 00 class 0x060100
[    1.050382] pci 0000:00:01.1: [8086:7010] type 00 class 0x010180
[    1.051367] pci 0000:00:01.1: BAR 4 [io  0xc040-0xc04f]
[    1.052170] pci 0000:00:01.1: BAR 0 [io  0x01f0-0x01f7]: legacy IDE quirk
[    1.052340] pci 0000:00:01.1: BAR 1 [io  0x03f6]: legacy IDE quirk
[    1.052545] pci 0000:00:01.1: BAR 2 [io  0x0170-0x0177]: legacy IDE quirk
[    1.052719] pci 0000:00:01.1: BAR 3 [io  0x0376]: legacy IDE quirk
[    1.053787] pci 0000:00:01.3: [8086:7113] type 00 class 0x068000
[    1.053993] pci 0000:00:01.3: quirk: [io  0x0600-0x063f] claimed by PIIX4 ACPI
[    1.054130] pci 0000:00:01.3: quirk: [io  0x0700-0x070f] claimed by PIIX4 SMB
[    1.054921] pci 0000:00:02.0: [1234:1111] type 00 class 0x030000
[    1.055357] pci 0000:00:02.0: BAR 0 [mem 0xfd000000-0xfdffffff pref]
[    1.055897] pci 0000:00:02.0: BAR 2 [mem 0xfebf0000-0xfebf0fff]
[    1.058147] pci 0000:00:02.0: ROM [mem 0xfebe0000-0xfebeffff pref]
[    1.058487] pci 0000:00:02.0: Video device with shadowed ROM at [mem 0x000c0000-0x000dffff]
[    1.059152] pci 0000:00:03.0: [8086:100e] type 00 class 0x020000
[    1.059452] pci 0000:00:03.0: BAR 0 [mem 0xfebc0000-0xfebdffff]
[    1.059772] pci 0000:00:03.0: BAR 1 [io  0xc000-0xc03f]
[    1.060515] pci 0000:00:03.0: ROM [mem 0xfeb80000-0xfebbffff pref]
[    1.070515] ACPI: PCI: Interrupt link LNKA configured for IRQ 10
[    1.071212] ACPI: PCI: Interrupt link LNKB configured for IRQ 10
[    1.071622] ACPI: PCI: Interrupt link LNKC configured for IRQ 11
[    1.071993] ACPI: PCI: Interrupt link LNKD configured for IRQ 11
[    1.072204] ACPI: PCI: Interrupt link LNKS configured for IRQ 9
[    1.075390] iommu: Default domain type: Translated
[    1.075513] iommu: DMA domain TLB invalidation policy: lazy mode
[    1.078198] pps_core: LinuxPPS API ver. 1 registered
[    1.078267] pps_core: Software ver. 5.3.6 - Copyright 2005-2007 Rodolfo Giometti <giometti@linux.it>
[    1.078458] PTP clock support registered
[    1.079308] EDAC MC: Ver: 3.0.0
[    1.087765] PCI: Using ACPI for IRQ routing
[    1.091865] pci 0000:00:02.0: vgaarb: setting as boot VGA device
[    1.092021] pci 0000:00:02.0: vgaarb: bridge control possible
[    1.092138] pci 0000:00:02.0: vgaarb: VGA device added: decodes=io+mem,owns=io+mem,locks=none
[    1.092308] vgaarb: loaded
[    1.093848] hpet: 3 channels of 0 reserved for per-cpu timers
[    1.094160] hpet0: at MMIO 0xfed00000, IRQs 2, 8, 0
[    1.094320] hpet0: 3 comparators, 64-bit 100.000000 MHz counter
[    1.100515] clocksource: Switched to clocksource tsc-early
[    1.108471] VFS: Disk quotas dquot_6.6.0
[    1.108812] VFS: Dquot-cache hash table entries: 512 (order 0, 4096 bytes)
[    1.111987] pnp: PnP ACPI init
[    1.116776] pnp: PnP ACPI: found 6 devices
[    1.133424] clocksource: acpi_pm: mask: 0xffffff max_cycles: 0xffffff, max_idle_ns: 2085701024 ns
[    1.135159] NET: Registered PF_INET protocol family
[    1.136426] IP idents hash table entries: 2048 (order: 2, 16384 bytes, linear)
[    1.141890] tcp_listen_portaddr_hash hash table entries: 256 (order: 0, 4096 bytes, linear)
[    1.142359] Table-perturb hash table entries: 65536 (order: 6, 262144 bytes, linear)
[    1.142540] TCP established hash table entries: 512 (order: 0, 4096 bytes, linear)
[    1.142815] TCP bind hash table entries: 512 (order: 2, 16384 bytes, linear)
[    1.143020] TCP: Hash tables configured (established 512 bind 512)
[    1.145806] MPTCP token hash table entries: 256 (order: 1, 6144 bytes, linear)
[    1.146280] UDP hash table entries: 256 (order: 1, 8192 bytes, linear)
[    1.146605] UDP-Lite hash table entries: 256 (order: 1, 8192 bytes, linear)
[    1.148769] NET: Registered PF_UNIX/PF_LOCAL protocol family
[    1.149384] NET: Registered PF_XDP protocol family
[    1.150180] pci_bus 0000:00: resource 4 [io  0x0000-0x0cf7 window]
[    1.150280] pci_bus 0000:00: resource 5 [io  0x0d00-0xffff window]
[    1.150515] pci_bus 0000:00: resource 6 [mem 0x000a0000-0x000bffff window]
[    1.150627] pci_bus 0000:00: resource 7 [mem 0x04000000-0xfebfffff window]
[    1.150745] pci_bus 0000:00: resource 8 [mem 0x100000000-0x17fffffff window]
[    1.151478] pci 0000:00:01.0: PIIX3: Enabling Passive Release
[    1.151650] pci 0000:00:00.0: Limiting direct PCI/PCI transfers
[    1.151875] PCI: CLS 0 bytes, default 64
[    1.159471] Initialise system trusted keyrings
[    1.163567] Trying to unpack rootfs image as initramfs...
[    1.169800] workingset: timestamp_bits=40 max_order=13 bucket_order=0
[    1.170137] zbud: loaded
[    1.235817] jitterentropy: Initialization failed with host not compliant with requirements: 2
[    1.262001] Freeing initrd memory: 624K
[    1.276700] Key type asymmetric registered
[    1.277005] Asymmetric key parser 'x509' registered
[    1.278532] Block layer SCSI generic (bsg) driver version 0.4 loaded (major 246)
[    1.279156] io scheduler mq-deadline registered
[    1.279329] io scheduler kyber registered
[    1.279609] io scheduler bfq registered
[    1.286652] shpchp: Standard Hot Plug PCI Controller Driver version: 0.4
[    1.292402] ERST DBG: ERST support is disabled.
[    1.296995] Serial: 8250/16550 driver, 4 ports, IRQ sharing enabled
[    1.304558] 00:04: ttyS0 at I/O 0x3f8 (irq = 4, base_baud = 115200) is a 16550A
[    1.362452] brd: module loaded
[    1.367057] i8042: PNP: PS/2 Controller [PNP0303:KBD,PNP0f13:MOU] at 0x60,0x64 irq 1,12
[    1.371813] serio: i8042 KBD port at 0x60,0x64 irq 1
[    1.372057] serio: i8042 AUX port at 0x60,0x64 irq 12
[    1.376664] rtc_cmos 00:05: RTC can wake from S4
[    1.379698] input: AT Translated Set 2 keyboard as /devices/platform/i8042/serio0/input/input0
[    1.385846] rtc_cmos 00:05: registered as rtc0
[    1.386557] rtc_cmos 00:05: setting system clock to 2026-09-09T12:11:48 UTC (1788955908)
[    1.388288] rtc_cmos 00:05: alarms up to one day, y3k, 242 bytes nvram, hpet irqs
[    1.388940] amd_pstate: the _CPC object is not present in SBIOS or ACPI disabled
[    1.391336] gre: GRE over IPv4 demultiplexor driver
[    1.392244] NET: Registered PF_INET6 protocol family
[    1.406427] Segment Routing with IPv6
[    1.406765] In-situ OAM (IOAM) with IPv6
[    1.407217] can: controller area network core
[    1.407545] NET: Registered PF_CAN protocol family
[    1.407926] Key type dns_resolver registered
[    1.411045] IPI shorthand broadcast: enabled
[    1.483238] sched_clock: Marking stable (1454229769, 28783511)->(1488618696, -5605416)
[    1.490763] registered taskstats version 1
[    1.491854] Loading compiled-in X.509 certificates
[    1.504304] Loaded X.509 cert 'alpinelinux.org: Alpine Linux kernel key: d76a695f66ad9cd28f5c22a8508f36e91f521f7a'
[    1.519675] Key type .fscrypt registered
[    1.519789] Key type fscrypt-provisioning registered
[    1.524452] clk: Disabling unused clocks
[    1.620254] Freeing unused kernel image (initmem) memory: 3516K
[    1.620729] Write protecting the kernel read-only data: 20480k
[    1.622702] Freeing unused kernel image (rodata/data gap) memory: 1092K
[    1.623071] Run /init as init process

==================================================
  MINI LINUX BOOTED OK
  kernel : 6.6.134-0-lts / x86_64
  host   : mini-linux
==================================================

[demo] /proc/mounts:
rootfs / rootfs rw,size=12068k,nr_inodes=3017,inode64 0 0
proc /proc proc rw,relatime 0 0
sysfs /sys sysfs rw,relatime 0 0
devtmpfs /dev devtmpfs rw,relatime,size=12068k,nr_inodes=3017,mode=755,inode64 0 0

[demo] rootfs usage:
Filesystem                Size      Used Available Use% Mounted on
df: /: can't find mount point

[demo] demo done, powering off ...
[    2.182153] tsc: Refined TSC clocksource calibration: 999.993 MHz
[    2.183872] clocksource: tsc: mask: 0xffffffffffffffff max_cycles: 0x1cd420e9bab, max_idle_ns: 881590482973 ns
[    2.184964] clocksource: Switched to clocksource tsc
[    2.777959] ACPI: PM: Preparing to enter system sleep state S5
[    2.779287] reboot: Power down
