c[?7l[2J[0mSeaBIOS (version rel-1.16.3-0-ga6ed6b701f0a-prebuilt.qemu.org)


iPXE (http://ipxe.org) 00:03.0 CA00 PCI2.10 PnP PMM+1EFD0D90+1EF30D90 CA00
Press Ctrl-B to configure iPXE (PCI 00:03.0)...                                                                               


Booting from ROM...
Probing EDD (edd=off to disable)... oc[?7l[2J[    0.000000] Linux version 6.6.134-0-lts (buildozer@build-3-20-x86_64) (gcc (Alpine 13.2.1_git20240309) 13.2.1 20240309, GNU ld (GNU Binutils) 2.42) #1-Alpine SMP PREEMPT_DYNAMIC 2026-04-11 17:03:51
[    0.000000] Command line: console=ttyS0
[    0.000000] BIOS-provided physical RAM map:
[    0.000000] BIOS-e820: [mem 0x0000000000000000-0x000000000009fbff] usable
[    0.000000] BIOS-e820: [mem 0x000000000009fc00-0x000000000009ffff] reserved
[    0.000000] BIOS-e820: [mem 0x00000000000f0000-0x00000000000fffff] reserved
[    0.000000] BIOS-e820: [mem 0x0000000000100000-0x000000001ffdffff] usable
[    0.000000] BIOS-e820: [mem 0x000000001ffe0000-0x000000001fffffff] reserved
[    0.000000] BIOS-e820: [mem 0x00000000fffc0000-0x00000000ffffffff] reserved
[    0.000000] BIOS-e820: [mem 0x000000fd00000000-0x000000ffffffffff] reserved
[    0.000000] NX (Execute Disable) protection: active
[    0.000000] APIC: Static calls initialized
[    0.000000] SMBIOS 2.8 present.
[    0.000000] DMI: QEMU Standard PC (i440FX + PIIX, 1996), BIOS rel-1.16.3-0-ga6ed6b701f0a-prebuilt.qemu.org 04/01/2014
[    0.000000] tsc: Fast TSC calibration using PIT
[    0.000000] tsc: Detected 999.935 MHz processor
[    0.018054] AGP: No AGP bridge found
[    0.018396] last_pfn = 0x1ffe0 max_arch_pfn = 0x400000000
[    0.019164] MTRR map: 4 entries (3 fixed + 1 variable; max 19), built from 8 variable MTRRs
[    0.019367] x86/PAT: Configuration [0-7]: WB  WC  UC- UC  WB  WP  UC- WT  
[    0.056276] found SMP MP-table at [mem 0x000f5480-0x000f548f]
[    0.062451] RAMDISK: [mem 0x1f9a2000-0x1ffdffff]
[    0.062890] ACPI: Early table checksum verification disabled
[    0.063243] ACPI: RSDP 0x00000000000F52A0 000014 (v00 BOCHS )
[    0.063532] ACPI: RSDT 0x000000001FFE2335 000034 (v01 BOCHS  BXPC     00000001 BXPC 00000001)
[    0.064070] ACPI: FACP 0x000000001FFE21E9 000074 (v01 BOCHS  BXPC     00000001 BXPC 00000001)
[    0.064603] ACPI: DSDT 0x000000001FFE0040 0021A9 (v01 BOCHS  BXPC     00000001 BXPC 00000001)
[    0.064680] ACPI: FACS 0x000000001FFE0000 000040
[    0.064744] ACPI: APIC 0x000000001FFE225D 000078 (v03 BOCHS  BXPC     00000001 BXPC 00000001)
[    0.064789] ACPI: HPET 0x000000001FFE22D5 000038 (v01 BOCHS  BXPC     00000001 BXPC 00000001)
[    0.064818] ACPI: WAET 0x000000001FFE230D 000028 (v01 BOCHS  BXPC     00000001 BXPC 00000001)
[    0.064922] ACPI: Reserving FACP table memory at [mem 0x1ffe21e9-0x1ffe225c]
[    0.064948] ACPI: Reserving DSDT table memory at [mem 0x1ffe0040-0x1ffe21e8]
[    0.064957] ACPI: Reserving FACS table memory at [mem 0x1ffe0000-0x1ffe003f]
[    0.064964] ACPI: Reserving APIC table memory at [mem 0x1ffe225d-0x1ffe22d4]
[    0.064970] ACPI: Reserving HPET table memory at [mem 0x1ffe22d5-0x1ffe230c]
[    0.064976] ACPI: Reserving WAET table memory at [mem 0x1ffe230d-0x1ffe2334]
[    0.067179] No NUMA configuration found
[    0.067197] Faking a node at [mem 0x0000000000000000-0x000000001ffdffff]
[    0.067824] NODE_DATA(0) allocated [mem 0x1f99c000-0x1f9a1fff]
[    0.070553] Zone ranges:
[    0.070576]   DMA      [mem 0x0000000000001000-0x0000000000ffffff]
[    0.070645]   DMA32    [mem 0x0000000001000000-0x000000001ffdffff]
[    0.070658]   Normal   empty
[    0.070679]   Device   empty
[    0.070694] Movable zone start for each node
[    0.070731] Early memory node ranges
[    0.070759]   node   0: [mem 0x0000000000001000-0x000000000009efff]
[    0.070937]   node   0: [mem 0x0000000000100000-0x000000001ffdffff]
[    0.071169] Initmem setup node 0 [mem 0x0000000000001000-0x000000001ffdffff]
[    0.072151] On node 0, zone DMA: 1 pages in unavailable ranges
[    0.072385] On node 0, zone DMA: 97 pages in unavailable ranges
[    0.075380] On node 0, zone DMA32: 32 pages in unavailable ranges
[    0.075963] ACPI: PM-Timer IO Port: 0x608
[    0.076417] ACPI: LAPIC_NMI (acpi_id[0xff] dfl dfl lint[0x1])
[    0.076883] IOAPIC[0]: apic_id 0, version 32, address 0xfec00000, GSI 0-23
[    0.077011] ACPI: INT_SRC_OVR (bus 0 bus_irq 0 global_irq 2 dfl dfl)
[    0.077310] ACPI: INT_SRC_OVR (bus 0 bus_irq 5 global_irq 5 high level)
[    0.077367] ACPI: INT_SRC_OVR (bus 0 bus_irq 9 global_irq 9 high level)
[    0.077482] ACPI: INT_SRC_OVR (bus 0 bus_irq 10 global_irq 10 high level)
[    0.077494] ACPI: INT_SRC_OVR (bus 0 bus_irq 11 global_irq 11 high level)
[    0.077729] ACPI: Using ACPI (MADT) for SMP configuration information
[    0.077786] ACPI: HPET id: 0x8086a201 base: 0xfed00000
[    0.078137] smpboot: Allowing 1 CPUs, 0 hotplug CPUs
[    0.079211] PM: hibernation: Registered nosave memory: [mem 0x00000000-0x00000fff]
[    0.079271] PM: hibernation: Registered nosave memory: [mem 0x0009f000-0x000fffff]
[    0.079487] [mem 0x20000000-0xfffbffff] available for PCI devices
[    0.079533] Booting paravirtualized kernel on bare hardware
[    0.079866] clocksource: refined-jiffies: mask: 0xffffffff max_cycles: 0xffffffff, max_idle_ns: 6370452778343963 ns
[    0.091465] setup_percpu: NR_CPUS:256 nr_cpumask_bits:1 nr_cpu_ids:1 nr_node_ids:1
[    0.103874] percpu: Embedded 58 pages/cpu s198184 r8192 d31192 u2097152
[    0.106039] Kernel command line: console=ttyS0
[    0.107918] Dentry cache hash table entries: 65536 (order: 7, 524288 bytes, linear)
[    0.108136] Inode-cache hash table entries: 32768 (order: 6, 262144 bytes, linear)
[    0.110673] Fallback order for Node 0: 0 
[    0.111034] Built 1 zonelists, mobility grouping on.  Total pages: 128736
[    0.111055] Policy zone: DMA32
[    0.112217] mem auto-init: stack:all(zero), heap alloc:on, heap free:off
[    0.112389] AGP: Checking aperture...
[    0.114668] AGP: No AGP bridge found
[    0.120949] Memory: 470016K/523768K available (14336K kernel code, 1950K rwdata, 5052K rodata, 3516K init, 4724K bss, 53496K reserved, 0K cma-reserved)
[    0.161180] SLUB: HWalign=64, Order=0-3, MinObjects=0, CPUs=1, Nodes=1
[    0.161286] kmemleak: Kernel memory leak detector disabled
[    0.163919] ftrace: allocating 41322 entries in 162 pages
[    0.202896] ftrace: allocated 162 pages with 3 groups
[    0.212988] Dynamic Preempt: voluntary
[    0.216387] rcu: Preemptible hierarchical RCU implementation.
[    0.216427] rcu: 	RCU restricting CPUs from NR_CPUS=256 to nr_cpu_ids=1.
[    0.216594] 	Trampoline variant of Tasks RCU enabled.
[    0.216602] 	Rude variant of Tasks RCU enabled.
[    0.216615] 	Tracing variant of Tasks RCU enabled.
[    0.216693] rcu: RCU calculated value of scheduler-enlistment delay is 30 jiffies.
[    0.216723] rcu: Adjusting geometry for rcu_fanout_leaf=16, nr_cpu_ids=1
[    0.245462] NR_IRQS: 16640, nr_irqs: 256, preallocated irqs: 16
[    0.253777] rcu: srcu_init: Setting srcu_struct sizes based on contention.
[    0.260218] kfence: initialized - using 2097152 bytes for 255 objects at 0x(____ptrval____)-0x(____ptrval____)
[    0.265229] Console: colour VGA+ 80x25
[    0.266863] printk: console [ttyS0] enabled
[    0.279086] ACPI: Core revision 20230628
[    0.284081] clocksource: hpet: mask: 0xffffffff max_cycles: 0xffffffff, max_idle_ns: 19112604467 ns
[    0.285975] APIC: Switch to symmetric I/O mode setup
[    0.293524] ..TIMER: vector=0x30 apic1=0 pin1=2 apic2=-1 pin2=-1
[    0.309897] clocksource: tsc-early: mask: 0xffffffffffffffff max_cycles: 0x1cd3b38e039, max_idle_ns: 881590580833 ns
[    0.310480] Calibrating delay loop (skipped), value calculated using timer frequency.. 2000.19 BogoMIPS (lpj=3333116)
[    0.313740] process: using AMD E400 aware idle routine
[    0.314026] Last level iTLB entries: 4KB 512, 2MB 255, 4MB 127
[    0.314136] Last level dTLB entries: 4KB 512, 2MB 255, 4MB 127, 1GB 0
[    0.314519] Spectre V1 : Mitigation: usercopy/swapgs barriers and __user pointer sanitization
[    0.314794] Spectre V2 : Mitigation: Retpolines
[    0.314896] Spectre V2 : Spectre v2 / SpectreRSB: Filling RSB on context switch and VMEXIT
[    0.316017] x86/fpu: x87 FPU will use FXSAVE
[    0.640272] Freeing SMP alternatives memory: 36K
[    0.641033] pid_max: default: 32768 minimum: 301
[    0.651880] LSM: initializing lsm=lockdown,capability,landlock,yama
[    0.658755] landlock: Up and running.
[    0.658885] Yama: becoming mindful.
[    0.662385] Mount-cache hash table entries: 1024 (order: 1, 8192 bytes, linear)
[    0.662637] Mountpoint-cache hash table entries: 1024 (order: 1, 8192 bytes, linear)
[    0.796938] smpboot: CPU0: AMD QEMU Virtual CPU version 2.5+ (family: 0xf, model: 0x6b, stepping: 0x1)
[    0.803182] RCU Tasks: Setting shift to 0 and lim to 1 rcu_task_cb_adjust=1 rcu_task_cpu_ids=1.
[    0.803605] RCU Tasks Rude: Setting shift to 0 and lim to 1 rcu_task_cb_adjust=1 rcu_task_cpu_ids=1.
[    0.803820] RCU Tasks Trace: Setting shift to 0 and lim to 1 rcu_task_cb_adjust=1 rcu_task_cpu_ids=1.
[    0.804226] Performance Events: PMU not available due to virtualization, using software events only.
[    0.805331] signal: max sigframe size: 1440
[    0.807574] rcu: Hierarchical SRCU implementation.
[    0.807669] rcu: 	Max phase no-delay instances is 1000.
[    0.816633] NMI watchdog: Perf NMI watchdog permanently disabled
[    0.817502] smp: Bringing up secondary CPUs ...
[    0.819707] smp: Brought up 1 node, 1 CPU
[    0.819866] smpboot: Max logical packages: 1
[    0.820022] ----------------
[    0.820087] | NMI testsuite:
[    0.820134] --------------------
[    0.820193]   remote IPI:  ok  |
[    0.820272]    local IPI:  ok  |
[    0.821316] --------------------
[    0.821365] Good, all   2 testcases passed! |
[    0.821440] ---------------------------------
[    0.821573] smpboot: Total of 1 processors activated (2000.19 BogoMIPS)
[    0.836074] devtmpfs: initialized
[    0.839801] x86/mm: Memory block size: 128MB
[    0.845143] clocksource: jiffies: mask: 0xffffffff max_cycles: 0xffffffff, max_idle_ns: 6370867519511994 ns
[    0.845725] futex hash table entries: 256 (order: 2, 16384 bytes, linear)
[    0.849613] pinctrl core: initialized pinctrl subsystem
[    0.865742] NET: Registered PF_NETLINK/PF_ROUTE protocol family
[    0.870077] audit: initializing netlink subsys (disabled)
[    0.871600] audit: type=2000 audit(1789121619.579:1): state=initialized audit_enabled=0 res=1
[    0.875991] thermal_sys: Registered thermal governor 'fair_share'
[    0.876033] thermal_sys: Registered thermal governor 'bang_bang'
[    0.876970] thermal_sys: Registered thermal governor 'step_wise'
[    0.877069] thermal_sys: Registered thermal governor 'user_space'
[    0.877553] cpuidle: using governor ladder
[    0.877789] cpuidle: using governor menu
[    0.879487] acpiphp: ACPI Hot Plug PCI Controller Driver version: 0.5
[    0.882226] PCI: Using configuration type 1 for base access
[    0.885655] kprobes: kprobe jump-optimization is enabled. All kprobes are optimized if possible.
[    0.958037] HugeTLB: registered 2.00 MiB page size, pre-allocated 0 pages
[    0.958191] HugeTLB: 28 KiB vmemmap can be freed for a 2.00 MiB page
[    0.976815] ACPI: Added _OSI(Module Device)
[    0.976938] ACPI: Added _OSI(Processor Device)
[    0.976938] ACPI: Added _OSI(Processor Aggregator Device)
[    0.991745] ACPI: 1 ACPI AML tables successfully acquired and loaded
[    1.004293] ACPI: _OSC evaluation for CPUs failed, trying _PDC
[    1.006166] ACPI: Interpreter enabled
[    1.006938] ACPI: PM: (supports S0 S3 S4 S5)
[    1.006938] ACPI: Using IOAPIC for interrupt routing
[    1.007432] PCI: Using host bridge windows from ACPI; if necessary, use "pci=nocrs" and report a bug
[    1.007588] PCI: Using E820 reservations for host bridge windows
[    1.009060] ACPI: Enabled 2 GPEs in block 00 to 0F
[    1.036083] ACPI: PCI Root Bridge [PCI0] (domain 0000 [bus 00-ff])
[    1.036826] acpi PNP0A03:00: _OSC: OS supports [ASPM ClockPM Segments MSI HPX-Type3]
[    1.036938] acpi PNP0A03:00: _OSC: not requesting OS control; OS requires [ExtendedConfig ASPM ClockPM MSI]
[    1.037436] acpi PNP0A03:00: fail to add MMCONFIG information, can't access extended configuration space under this bridge
[    1.043605] acpiphp: Slot [3] registered
[    1.043605] acpiphp: Slot [4] registered
[    1.043685] acpiphp: Slot [5] registered
[    1.043807] acpiphp: Slot [6] registered
[    1.043936] acpiphp: Slot [7] registered
[    1.044047] acpiphp: Slot [8] registered
[    1.044153] acpiphp: Slot [9] registered
[    1.044281] acpiphp: Slot [10] registered
[    1.044387] acpiphp: Slot [11] registered
[    1.044488] acpiphp: Slot [12] registered
[    1.044588] acpiphp: Slot [13] registered
[    1.044689] acpiphp: Slot [14] registered
[    1.044790] acpiphp: Slot [15] registered
[    1.044903] acpiphp: Slot [16] registered
[    1.045023] acpiphp: Slot [17] registered
[    1.045142] acpiphp: Slot [18] registered
[    1.045247] acpiphp: Slot [19] registered
[    1.045363] acpiphp: Slot [20] registered
[    1.045463] acpiphp: Slot [21] registered
[    1.045570] acpiphp: Slot [22] registered
[    1.045669] acpiphp: Slot [23] registered
[    1.045781] acpiphp: Slot [24] registered
[    1.045882] acpiphp: Slot [25] registered
[    1.045991] acpiphp: Slot [26] registered
[    1.046090] acpiphp: Slot [27] registered
[    1.046188] acpiphp: Slot [28] registered
[    1.046287] acpiphp: Slot [29] registered
[    1.046385] acpiphp: Slot [30] registered
[    1.046501] acpiphp: Slot [31] registered
[    1.046765] PCI host bridge to bus 0000:00
[    1.046938] pci_bus 0000:00: root bus resource [io  0x0000-0x0cf7 window]
[    1.046938] pci_bus 0000:00: root bus resource [io  0x0d00-0xffff window]
[    1.046938] pci_bus 0000:00: root bus resource [mem 0x000a0000-0x000bffff window]
[    1.046938] pci_bus 0000:00: root bus resource [mem 0x20000000-0xfebfffff window]
[    1.047026] pci_bus 0000:00: root bus resource [mem 0x100000000-0x17fffffff window]
[    1.047246] pci_bus 0000:00: root bus resource [bus 00-ff]
[    1.048408] pci 0000:00:00.0: [8086:1237] type 00 class 0x060000
[    1.054134] pci 0000:00:01.0: [8086:7000] type 00 class 0x060100
[    1.054823] pci 0000:00:01.1: [8086:7010] type 00 class 0x010180
[    1.055873] pci 0000:00:01.1: BAR 4 [io  0xc040-0xc04f]
[    1.056987] pci 0000:00:01.1: BAR 0 [io  0x01f0-0x01f7]: legacy IDE quirk
[    1.057113] pci 0000:00:01.1: BAR 1 [io  0x03f6]: legacy IDE quirk
[    1.057227] pci 0000:00:01.1: BAR 2 [io  0x0170-0x0177]: legacy IDE quirk
[    1.057345] pci 0000:00:01.1: BAR 3 [io  0x0376]: legacy IDE quirk
[    1.058043] pci 0000:00:01.3: [8086:7113] type 00 class 0x068000
[    1.058433] pci 0000:00:01.3: quirk: [io  0x0600-0x063f] claimed by PIIX4 ACPI
[    1.058555] pci 0000:00:01.3: quirk: [io  0x0700-0x070f] claimed by PIIX4 SMB
[    1.059165] pci 0000:00:02.0: [1234:1111] type 00 class 0x030000
[    1.059500] pci 0000:00:02.0: BAR 0 [mem 0xfd000000-0xfdffffff pref]
[    1.060102] pci 0000:00:02.0: BAR 2 [mem 0xfebf0000-0xfebf0fff]
[    1.060272] pci 0000:00:02.0: ROM [mem 0xfebe0000-0xfebeffff pref]
[    1.060667] pci 0000:00:02.0: Video device with shadowed ROM at [mem 0x000c0000-0x000dffff]
[    1.061423] pci 0000:00:03.0: [8086:100e] type 00 class 0x020000
[    1.061749] pci 0000:00:03.0: BAR 0 [mem 0xfebc0000-0xfebdffff]
[    1.062085] pci 0000:00:03.0: BAR 1 [io  0xc000-0xc03f]
[    1.063329] pci 0000:00:03.0: ROM [mem 0xfeb80000-0xfebbffff pref]
[    1.071453] ACPI: PCI: Interrupt link LNKA configured for IRQ 10
[    1.072020] ACPI: PCI: Interrupt link LNKB configured for IRQ 10
[    1.072395] ACPI: PCI: Interrupt link LNKC configured for IRQ 11
[    1.073720] ACPI: PCI: Interrupt link LNKD configured for IRQ 11
[    1.074656] ACPI: PCI: Interrupt link LNKS configured for IRQ 9
[    1.077379] iommu: Default domain type: Translated
[    1.077494] iommu: DMA domain TLB invalidation policy: lazy mode
[    1.079424] pps_core: LinuxPPS API ver. 1 registered
[    1.079518] pps_core: Software ver. 5.3.6 - Copyright 2005-2007 Rodolfo Giometti <giometti@linux.it>
[    1.079698] PTP clock support registered
[    1.080272] EDAC MC: Ver: 3.0.0
[    1.089417] PCI: Using ACPI for IRQ routing
[    1.094129] pci 0000:00:02.0: vgaarb: setting as boot VGA device
[    1.094276] pci 0000:00:02.0: vgaarb: bridge control possible
[    1.094436] pci 0000:00:02.0: vgaarb: VGA device added: decodes=io+mem,owns=io+mem,locks=none
[    1.094583] vgaarb: loaded
[    1.096332] hpet: 3 channels of 0 reserved for per-cpu timers
[    1.096677] hpet0: at MMIO 0xfed00000, IRQs 2, 8, 0
[    1.096821] hpet0: 3 comparators, 64-bit 100.000000 MHz counter
[    1.100943] clocksource: Switched to clocksource tsc-early
[    1.111226] VFS: Disk quotas dquot_6.6.0
[    1.111541] VFS: Dquot-cache hash table entries: 512 (order 0, 4096 bytes)
[    1.114431] pnp: PnP ACPI init
[    1.118314] pnp: PnP ACPI: found 6 devices
[    1.135563] clocksource: acpi_pm: mask: 0xffffff max_cycles: 0xffffff, max_idle_ns: 2085701024 ns
[    1.137038] NET: Registered PF_INET protocol family
[    1.138228] IP idents hash table entries: 8192 (order: 4, 65536 bytes, linear)
[    1.144349] tcp_listen_portaddr_hash hash table entries: 256 (order: 0, 4096 bytes, linear)
[    1.144688] Table-perturb hash table entries: 65536 (order: 6, 262144 bytes, linear)
[    1.144879] TCP established hash table entries: 4096 (order: 3, 32768 bytes, linear)
[    1.145338] TCP bind hash table entries: 4096 (order: 5, 131072 bytes, linear)
[    1.145593] TCP: Hash tables configured (established 4096 bind 4096)
[    1.147418] MPTCP token hash table entries: 512 (order: 2, 12288 bytes, linear)
[    1.147805] UDP hash table entries: 256 (order: 1, 8192 bytes, linear)
[    1.148109] UDP-Lite hash table entries: 256 (order: 1, 8192 bytes, linear)
[    1.149511] NET: Registered PF_UNIX/PF_LOCAL protocol family
[    1.149616] NET: Registered PF_XDP protocol family
[    1.150715] pci_bus 0000:00: resource 4 [io  0x0000-0x0cf7 window]
[    1.150818] pci_bus 0000:00: resource 5 [io  0x0d00-0xffff window]
[    1.150914] pci_bus 0000:00: resource 6 [mem 0x000a0000-0x000bffff window]
[    1.151032] pci_bus 0000:00: resource 7 [mem 0x20000000-0xfebfffff window]
[    1.151126] pci_bus 0000:00: resource 8 [mem 0x100000000-0x17fffffff window]
[    1.152045] pci 0000:00:01.0: PIIX3: Enabling Passive Release
[    1.152206] pci 0000:00:00.0: Limiting direct PCI/PCI transfers
[    1.152441] PCI: CLS 0 bytes, default 64
[    1.162394] Trying to unpack rootfs image as initramfs...
[    1.163482] Initialise system trusted keyrings
[    1.170797] workingset: timestamp_bits=40 max_order=17 bucket_order=0
[    1.171152] zbud: loaded
[    1.241324] jitterentropy: Initialization failed with host not compliant with requirements: 2
[    1.307247] Key type asymmetric registered
[    1.307462] Asymmetric key parser 'x509' registered
[    1.308121] Block layer SCSI generic (bsg) driver version 0.4 loaded (major 246)
[    1.308712] io scheduler mq-deadline registered
[    1.308836] io scheduler kyber registered
[    1.309133] io scheduler bfq registered
[    1.315133] shpchp: Standard Hot Plug PCI Controller Driver version: 0.4
[    1.317993] ERST DBG: ERST support is disabled.
[    1.323933] Serial: 8250/16550 driver, 4 ports, IRQ sharing enabled
[    1.328073] 00:04: ttyS0 at I/O 0x3f8 (irq = 4, base_baud = 115200) is a 16550A
[    1.395798] brd: module loaded
[    1.397575] i8042: PNP: PS/2 Controller [PNP0303:KBD,PNP0f13:MOU] at 0x60,0x64 irq 1,12
[    1.403307] serio: i8042 KBD port at 0x60,0x64 irq 1
[    1.403307] serio: i8042 AUX port at 0x60,0x64 irq 12
[    1.410811] rtc_cmos 00:05: RTC can wake from S4
[    1.418241] rtc_cmos 00:05: registered as rtc0
[    1.419129] rtc_cmos 00:05: setting system clock to 2026-09-11T10:13:40 UTC (1789121620)
[    1.426436] input: AT Translated Set 2 keyboard as /devices/platform/i8042/serio0/input/input1
[    1.427488] rtc_cmos 00:05: alarms up to one day, y3k, 242 bytes nvram, hpet irqs
[    1.427834] amd_pstate: the _CPC object is not present in SBIOS or ACPI disabled
[    1.430047] gre: GRE over IPv4 demultiplexor driver
[    1.438085] NET: Registered PF_INET6 protocol family
[    1.623109] Freeing initrd memory: 6392K
[    1.744714] Segment Routing with IPv6
[    1.745088] In-situ OAM (IOAM) with IPv6
[    1.745648] can: controller area network core
[    1.746005] NET: Registered PF_CAN protocol family
[    1.746421] Key type dns_resolver registered
[    1.749215] IPI shorthand broadcast: enabled
[    1.805701] sched_clock: Marking stable (1767535283, 35960638)->(1807809508, -4313587)
[    1.821682] registered taskstats version 1
[    1.822850] Loading compiled-in X.509 certificates
[    1.848824] Loaded X.509 cert 'alpinelinux.org: Alpine Linux kernel key: d76a695f66ad9cd28f5c22a8508f36e91f521f7a'
[    1.863810] Key type .fscrypt registered
[    1.863926] Key type fscrypt-provisioning registered
[    1.868286] clk: Disabling unused clocks
[    1.961564] Freeing unused kernel image (initmem) memory: 3516K
[    1.962039] Write protecting the kernel read-only data: 20480k
[    1.963634] Freeing unused kernel image (rodata/data gap) memory: 1092K
[    1.964003] Run /init as init process
[net] loading virtio-net modules ...
[net]   + drivers/virtio/virtio.ko
[net]   + drivers/virtio/virtio_ring.ko
[net]   + drivers/virtio/virtio_pci_modern_dev.ko
[net]   + drivers/virtio/virtio_pci_legacy_dev.ko
[net]   + drivers/virtio/virtio_pci.ko
[net]   + net/core/failover.ko
[net]   + drivers/net/net_failover.ko
[net]   + drivers/net/virtio_net.ko
[net] eth0 not found - network skipped

==================================================
  MINI LINUX BOOTED OK
  kernel : 6.6.134-0-lts / x86_64
  host   : mini-linux
==================================================

[    2.187523] tsc: Refined TSC clocksource calibration: 1000.000 MHz
[    2.187980] clocksource: tsc: mask: 0xffffffffffffffff max_cycles: 0x1cd42e4dffb, max_idle_ns: 881590591483 ns
[    2.188223] clocksource: Switched to clocksource tsc
Mini Linux shell. Type "poweroff -f" to shut down.
sh: can't access tty; job control turned off
mini-linux:/#[6necho "--- fb devices ---"; ls /dev/fb* 2>/dev/null || echo NO_FB_DE
V; cat /proc/fb 2>/dev/null; ls /sys/class/graphics/ 2>/dev/null; echo "--- drm 
---"; ls /dev/dri 2>/dev/null || echo NO_DRM
--- fb devices ---
NO_FB_DEV
[1;36mfbcon[m
--- drm ---
NO_DRM
mini-linux:/#[6npoweroff -f
[   19.365824] ACPI: PM: Preparing to enter system sleep state S5
[   19.367532] reboot: Power down
