c[?7l[2J[0mSeaBIOS (version rel-1.16.3-0-ga6ed6b701f0a-prebuilt.qemu.org)


iPXE (http://ipxe.org) 00:03.0 CA00 PCI2.10 PnP PMM+1EFD0D90+1EF30D90 CA00
Press Ctrl-B to configure iPXE (PCI 00:03.0)...                                                                               


Booting from ROM...
Probing EDD (edd=off to disable)... ok
c[?7l[2J[    0.000000] Linux version 6.6.134-0-lts (buildozer@build-3-20-x86_64) (gcc (Alpine 13.2.1_git20240309) 13.2.1 20240309, GNU ld (GNU Binutils) 2.42) #1-Alpine SMP PREEMPT_DYNAMIC 2026-04-11 17:03:51
[    0.000000] Command line: console=ttyS0
[    0.000000] BIOS-provided physical RAM map:
[    0.000000] BIOS-e820: [mem 0x0000000000000000-0x000000000009fbff] usable
[    0.000000] BIOS-e820: [mem 0x000000000009fc00-0x000000000009ffff] reserved
[    0.000000] BIOS-e820: [mem 0x00000000000f0000-0x00000000000fffff] reserved
[    0.000000] BIOS-e820: [mem 0x0000000000100000-0x000000001ffdffff] usable
[    0.000000] BIOS-e820: [mem 0x000000001ffe0000-0x000000001fffffff] reserved
[    0.000000] BIOS-e820: [mem 0x00000000fffc0000-0x00000000ffffffff] reserved
[    0.000000] BIOS-e820: [mem 0x000000fd00000000-0x000000ffffffffff] reserved
[    0.000000] NX (Execute Disable) protection: active
[    0.000000] APIC: Static calls initialized
[    0.000000] SMBIOS 2.8 present.
[    0.000000] DMI: QEMU Standard PC (i440FX + PIIX, 1996), BIOS rel-1.16.3-0-ga6ed6b701f0a-prebuilt.qemu.org 04/01/2014
[    0.000000] tsc: Fast TSC calibration using PIT
[    0.000000] tsc: Detected 1000.054 MHz processor
[    0.010341] AGP: No AGP bridge found
[    0.010674] last_pfn = 0x1ffe0 max_arch_pfn = 0x400000000
[    0.011394] MTRR map: 4 entries (3 fixed + 1 variable; max 19), built from 8 variable MTRRs
[    0.011588] x86/PAT: Configuration [0-7]: WB  WC  UC- UC  WB  WP  UC- WT  
[    0.038335] found SMP MP-table at [mem 0x000f5480-0x000f548f]
[    0.043523] RAMDISK: [mem 0x1fb40000-0x1ffdffff]
[    0.043933] ACPI: Early table checksum verification disabled
[    0.044255] ACPI: RSDP 0x00000000000F52A0 000014 (v00 BOCHS )
[    0.044508] ACPI: RSDT 0x000000001FFE2335 000034 (v01 BOCHS  BXPC     00000001 BXPC 00000001)
[    0.045001] ACPI: FACP 0x000000001FFE21E9 000074 (v01 BOCHS  BXPC     00000001 BXPC 00000001)
[    0.045518] ACPI: DSDT 0x000000001FFE0040 0021A9 (v01 BOCHS  BXPC     00000001 BXPC 00000001)
[    0.045584] ACPI: FACS 0x000000001FFE0000 000040
[    0.045640] ACPI: APIC 0x000000001FFE225D 000078 (v03 BOCHS  BXPC     00000001 BXPC 00000001)
[    0.045673] ACPI: HPET 0x000000001FFE22D5 000038 (v01 BOCHS  BXPC     00000001 BXPC 00000001)
[    0.045692] ACPI: WAET 0x000000001FFE230D 000028 (v01 BOCHS  BXPC     00000001 BXPC 00000001)
[    0.045788] ACPI: Reserving FACP table memory at [mem 0x1ffe21e9-0x1ffe225c]
[    0.045812] ACPI: Reserving DSDT table memory at [mem 0x1ffe0040-0x1ffe21e8]
[    0.045817] ACPI: Reserving FACS table memory at [mem 0x1ffe0000-0x1ffe003f]
[    0.045822] ACPI: Reserving APIC table memory at [mem 0x1ffe225d-0x1ffe22d4]
[    0.045826] ACPI: Reserving HPET table memory at [mem 0x1ffe22d5-0x1ffe230c]
[    0.045830] ACPI: Reserving WAET table memory at [mem 0x1ffe230d-0x1ffe2334]
[    0.047916] No NUMA configuration found
[    0.047931] Faking a node at [mem 0x0000000000000000-0x000000001ffdffff]
[    0.048543] NODE_DATA(0) allocated [mem 0x1fb3a000-0x1fb3ffff]
[    0.051250] Zone ranges:
[    0.051278]   DMA      [mem 0x0000000000001000-0x0000000000ffffff]
[    0.051345]   DMA32    [mem 0x0000000001000000-0x000000001ffdffff]
[    0.051355]   Normal   empty
[    0.051372]   Device   empty
[    0.051388] Movable zone start for each node
[    0.051426] Early memory node ranges
[    0.051452]   node   0: [mem 0x0000000000001000-0x000000000009efff]
[    0.051624]   node   0: [mem 0x0000000000100000-0x000000001ffdffff]
[    0.051846] Initmem setup node 0 [mem 0x0000000000001000-0x000000001ffdffff]
[    0.052800] On node 0, zone DMA: 1 pages in unavailable ranges
[    0.053009] On node 0, zone DMA: 97 pages in unavailable ranges
[    0.055312] On node 0, zone DMA32: 32 pages in unavailable ranges
[    0.055798] ACPI: PM-Timer IO Port: 0x608
[    0.056200] ACPI: LAPIC_NMI (acpi_id[0xff] dfl dfl lint[0x1])
[    0.056553] IOAPIC[0]: apic_id 0, version 32, address 0xfec00000, GSI 0-23
[    0.056663] ACPI: INT_SRC_OVR (bus 0 bus_irq 0 global_irq 2 dfl dfl)
[    0.056944] ACPI: INT_SRC_OVR (bus 0 bus_irq 5 global_irq 5 high level)
[    0.056994] ACPI: INT_SRC_OVR (bus 0 bus_irq 9 global_irq 9 high level)
[    0.057095] ACPI: INT_SRC_OVR (bus 0 bus_irq 10 global_irq 10 high level)
[    0.057102] ACPI: INT_SRC_OVR (bus 0 bus_irq 11 global_irq 11 high level)
[    0.057325] ACPI: Using ACPI (MADT) for SMP configuration information
[    0.057373] ACPI: HPET id: 0x8086a201 base: 0xfed00000
[    0.057697] smpboot: Allowing 1 CPUs, 0 hotplug CPUs
[    0.058640] PM: hibernation: Registered nosave memory: [mem 0x00000000-0x00000fff]
[    0.058685] PM: hibernation: Registered nosave memory: [mem 0x0009f000-0x000fffff]
[    0.058855] [mem 0x20000000-0xfffbffff] available for PCI devices
[    0.058894] Booting paravirtualized kernel on bare hardware
[    0.059181] clocksource: refined-jiffies: mask: 0xffffffff max_cycles: 0xffffffff, max_idle_ns: 6370452778343963 ns
[    0.067136] setup_percpu: NR_CPUS:256 nr_cpumask_bits:1 nr_cpu_ids:1 nr_node_ids:1
[    0.068735] percpu: Embedded 58 pages/cpu s198184 r8192 d31192 u2097152
[    0.070593] Kernel command line: console=ttyS0
[    0.071809] Dentry cache hash table entries: 65536 (order: 7, 524288 bytes, linear)
[    0.071975] Inode-cache hash table entries: 32768 (order: 6, 262144 bytes, linear)
[    0.074363] Fallback order for Node 0: 0 
[    0.074701] Built 1 zonelists, mobility grouping on.  Total pages: 128736
[    0.074718] Policy zone: DMA32
[    0.085557] mem auto-init: stack:all(zero), heap alloc:on, heap free:off
[    0.085735] AGP: Checking aperture...
[    0.087063] AGP: No AGP bridge found
[    0.092677] Memory: 471668K/523768K available (14336K kernel code, 1950K rwdata, 5052K rodata, 3516K init, 4724K bss, 51840K reserved, 0K cma-reserved)
[    0.120938] SLUB: HWalign=64, Order=0-3, MinObjects=0, CPUs=1, Nodes=1
[    0.121021] kmemleak: Kernel memory leak detector disabled
[    0.123272] ftrace: allocating 41322 entries in 162 pages
[    0.150258] ftrace: allocated 162 pages with 3 groups
[    0.157970] Dynamic Preempt: voluntary
[    0.161043] rcu: Preemptible hierarchical RCU implementation.
[    0.161078] rcu: 	RCU restricting CPUs from NR_CPUS=256 to nr_cpu_ids=1.
[    0.161230] 	Trampoline variant of Tasks RCU enabled.
[    0.161237] 	Rude variant of Tasks RCU enabled.
[    0.161248] 	Tracing variant of Tasks RCU enabled.
[    0.161318] rcu: RCU calculated value of scheduler-enlistment delay is 30 jiffies.
[    0.161340] rcu: Adjusting geometry for rcu_fanout_leaf=16, nr_cpu_ids=1
[    0.180833] NR_IRQS: 16640, nr_irqs: 256, preallocated irqs: 16
[    0.188455] rcu: srcu_init: Setting srcu_struct sizes based on contention.
[    0.192988] kfence: initialized - using 2097152 bytes for 255 objects at 0x(____ptrval____)-0x(____ptrval____)
[    0.197295] Console: colour VGA+ 80x25
[    0.198679] printk: console [ttyS0] enabled
[    0.219205] ACPI: Core revision 20230628
[    0.223768] clocksource: hpet: mask: 0xffffffff max_cycles: 0xffffffff, max_idle_ns: 19112604467 ns
[    0.228126] APIC: Switch to symmetric I/O mode setup
[    0.232387] ..TIMER: vector=0x30 apic1=0 pin1=2 apic2=-1 pin2=-1
[    0.249063] clocksource: tsc-early: mask: 0xffffffffffffffff max_cycles: 0xe6a4a159b8, max_idle_ns: 440795207445 ns
[    0.249752] Calibrating delay loop (skipped), value calculated using timer frequency.. 2000.44 BogoMIPS (lpj=3333513)
[    0.252361] process: using AMD E400 aware idle routine
[    0.252670] Last level iTLB entries: 4KB 512, 2MB 255, 4MB 127
[    0.252820] Last level dTLB entries: 4KB 512, 2MB 255, 4MB 127, 1GB 0
[    0.252986] Spectre V1 : Mitigation: usercopy/swapgs barriers and __user pointer sanitization
[    0.253323] Spectre V2 : Mitigation: Retpolines
[    0.253466] Spectre V2 : Spectre v2 / SpectreRSB: Filling RSB on context switch and VMEXIT
[    0.254466] x86/fpu: x87 FPU will use FXSAVE
[    0.519641] Freeing SMP alternatives memory: 36K
[    0.520616] pid_max: default: 32768 minimum: 301
[    0.530165] LSM: initializing lsm=lockdown,capability,landlock,yama
[    0.536232] landlock: Up and running.
[    0.536232] Yama: becoming mindful.
[    0.539053] Mount-cache hash table entries: 1024 (order: 1, 8192 bytes, linear)
[    0.539649] Mountpoint-cache hash table entries: 1024 (order: 1, 8192 bytes, linear)
[    0.671124] smpboot: CPU0: AMD QEMU Virtual CPU version 2.5+ (family: 0xf, model: 0x6b, stepping: 0x1)
[    0.677392] RCU Tasks: Setting shift to 0 and lim to 1 rcu_task_cb_adjust=1 rcu_task_cpu_ids=1.
[    0.677949] RCU Tasks Rude: Setting shift to 0 and lim to 1 rcu_task_cb_adjust=1 rcu_task_cpu_ids=1.
[    0.678290] RCU Tasks Trace: Setting shift to 0 and lim to 1 rcu_task_cb_adjust=1 rcu_task_cpu_ids=1.
[    0.678713] Performance Events: PMU not available due to virtualization, using software events only.
[    0.679840] signal: max sigframe size: 1440
[    0.681388] rcu: Hierarchical SRCU implementation.
[    0.681543] rcu: 	Max phase no-delay instances is 1000.
[    0.688328] NMI watchdog: Perf NMI watchdog permanently disabled
[    0.689857] smp: Bringing up secondary CPUs ...
[    0.691378] smp: Brought up 1 node, 1 CPU
[    0.691508] smpboot: Max logical packages: 1
[    0.691690] ----------------
[    0.691772] | NMI testsuite:
[    0.691843] --------------------
[    0.691921]   remote IPI:  ok  |
[    0.692103]    local IPI:  ok  |
[    0.692898] --------------------
[    0.692898] Good, all   2 testcases passed! |
[    0.692898] ---------------------------------
[    0.692898] smpboot: Total of 1 processors activated (2000.44 BogoMIPS)
[    0.705874] devtmpfs: initialized
[    0.709197] x86/mm: Memory block size: 128MB
[    0.715312] clocksource: jiffies: mask: 0xffffffff max_cycles: 0xffffffff, max_idle_ns: 6370867519511994 ns
[    0.715957] futex hash table entries: 256 (order: 2, 16384 bytes, linear)
[    0.717588] pinctrl core: initialized pinctrl subsystem
[    0.732898] NET: Registered PF_NETLINK/PF_ROUTE protocol family
[    0.734522] audit: initializing netlink subsys (disabled)
[    0.736520] audit: type=2000 audit(1789006032.506:1): state=initialized audit_enabled=0 res=1
[    0.741111] thermal_sys: Registered thermal governor 'fair_share'
[    0.741141] thermal_sys: Registered thermal governor 'bang_bang'
[    0.741291] thermal_sys: Registered thermal governor 'step_wise'
[    0.741430] thermal_sys: Registered thermal governor 'user_space'
[    0.741836] cpuidle: using governor ladder
[    0.742161] cpuidle: using governor menu
[    0.742898] acpiphp: ACPI Hot Plug PCI Controller Driver version: 0.5
[    0.747218] PCI: Using configuration type 1 for base access
[    0.749565] kprobes: kprobe jump-optimization is enabled. All kprobes are optimized if possible.
[    0.814004] HugeTLB: registered 2.00 MiB page size, pre-allocated 0 pages
[    0.814245] HugeTLB: 28 KiB vmemmap can be freed for a 2.00 MiB page
[    0.827680] ACPI: Added _OSI(Module Device)
[    0.829614] ACPI: Added _OSI(Processor Device)
[    0.829787] ACPI: Added _OSI(Processor Aggregator Device)
[    0.839964] ACPI: 1 ACPI AML tables successfully acquired and loaded
[    0.851111] ACPI: _OSC evaluation for CPUs failed, trying _PDC
[    0.853085] ACPI: Interpreter enabled
[    0.854035] ACPI: PM: (supports S0 S3 S4 S5)
[    0.854179] ACPI: Using IOAPIC for interrupt routing
[    0.854712] PCI: Using host bridge windows from ACPI; if necessary, use "pci=nocrs" and report a bug
[    0.854964] PCI: Using E820 reservations for host bridge windows
[    0.856660] ACPI: Enabled 2 GPEs in block 00 to 0F
[    0.876656] ACPI: PCI Root Bridge [PCI0] (domain 0000 [bus 00-ff])
[    0.877370] acpi PNP0A03:00: _OSC: OS supports [ASPM ClockPM Segments MSI HPX-Type3]
[    0.877698] acpi PNP0A03:00: _OSC: not requesting OS control; OS requires [ExtendedConfig ASPM ClockPM MSI]
[    0.880325] acpi PNP0A03:00: fail to add MMCONFIG information, can't access extended configuration space under this bridge
[    0.884218] acpiphp: Slot [3] registered
[    0.884385] acpiphp: Slot [4] registered
[    0.884529] acpiphp: Slot [5] registered
[    0.884672] acpiphp: Slot [6] registered
[    0.884803] acpiphp: Slot [7] registered
[    0.884932] acpiphp: Slot [8] registered
[    0.885061] acpiphp: Slot [9] registered
[    0.885200] acpiphp: Slot [10] registered
[    0.885331] acpiphp: Slot [11] registered
[    0.885460] acpiphp: Slot [12] registered
[    0.885590] acpiphp: Slot [13] registered
[    0.885718] acpiphp: Slot [14] registered
[    0.885848] acpiphp: Slot [15] registered
[    0.886277] acpiphp: Slot [16] registered
[    0.886418] acpiphp: Slot [17] registered
[    0.886548] acpiphp: Slot [18] registered
[    0.886676] acpiphp: Slot [19] registered
[    0.886805] acpiphp: Slot [20] registered
[    0.886934] acpiphp: Slot [21] registered
[    0.887063] acpiphp: Slot [22] registered
[    0.887192] acpiphp: Slot [23] registered
[    0.887336] acpiphp: Slot [24] registered
[    0.887466] acpiphp: Slot [25] registered
[    0.887594] acpiphp: Slot [26] registered
[    0.887724] acpiphp: Slot [27] registered
[    0.887852] acpiphp: Slot [28] registered
[    0.887981] acpiphp: Slot [29] registered
[    0.888109] acpiphp: Slot [30] registered
[    0.888248] acpiphp: Slot [31] registered
[    0.888529] PCI host bridge to bus 0000:00
[    0.888759] pci_bus 0000:00: root bus resource [io  0x0000-0x0cf7 window]
[    0.889014] pci_bus 0000:00: root bus resource [io  0x0d00-0xffff window]
[    0.889170] pci_bus 0000:00: root bus resource [mem 0x000a0000-0x000bffff window]
[    0.889577] pci_bus 0000:00: root bus resource [mem 0x20000000-0xfebfffff window]
[    0.889750] pci_bus 0000:00: root bus resource [mem 0x100000000-0x17fffffff window]
[    0.890036] pci_bus 0000:00: root bus resource [bus 00-ff]
[    0.891148] pci 0000:00:00.0: [8086:1237] type 00 class 0x060000
[    0.894563] pci 0000:00:01.0: [8086:7000] type 00 class 0x060100
[    0.895057] pci 0000:00:01.1: [8086:7010] type 00 class 0x010180
[    0.896196] pci 0000:00:01.1: BAR 4 [io  0xc020-0xc02f]
[    0.896232] pci 0000:00:01.1: BAR 0 [io  0x01f0-0x01f7]: legacy IDE quirk
[    0.896232] pci 0000:00:01.1: BAR 1 [io  0x03f6]: legacy IDE quirk
[    0.896232] pci 0000:00:01.1: BAR 2 [io  0x0170-0x0177]: legacy IDE quirk
[    0.896232] pci 0000:00:01.1: BAR 3 [io  0x0376]: legacy IDE quirk
[    0.896892] pci 0000:00:01.3: [8086:7113] type 00 class 0x068000
[    0.897315] pci 0000:00:01.3: quirk: [io  0x0600-0x063f] claimed by PIIX4 ACPI
[    0.897508] pci 0000:00:01.3: quirk: [io  0x0700-0x070f] claimed by PIIX4 SMB
[    0.899888] pci 0000:00:02.0: [1234:1111] type 00 class 0x030000
[    0.900265] pci 0000:00:02.0: BAR 0 [mem 0xfd000000-0xfdffffff pref]
[    0.901003] pci 0000:00:02.0: BAR 2 [mem 0xfebd0000-0xfebd0fff]
[    0.902151] pci 0000:00:02.0: ROM [mem 0xfebc0000-0xfebcffff pref]
[    0.902537] pci 0000:00:02.0: Video device with shadowed ROM at [mem 0x000c0000-0x000dffff]
[    0.902898] pci 0000:00:03.0: [1af4:1000] type 00 class 0x020000
[    0.903380] pci 0000:00:03.0: BAR 0 [io  0xc000-0xc01f]
[    0.903953] pci 0000:00:03.0: BAR 1 [mem 0xfebd1000-0xfebd1fff]
[    0.906472] pci 0000:00:03.0: BAR 4 [mem 0xfe000000-0xfe003fff 64bit pref]
[    0.907029] pci 0000:00:03.0: ROM [mem 0xfeb80000-0xfebbffff pref]
[    0.915168] ACPI: PCI: Interrupt link LNKA configured for IRQ 10
[    0.915754] ACPI: PCI: Interrupt link LNKB configured for IRQ 10
[    0.916108] ACPI: PCI: Interrupt link LNKC configured for IRQ 11
[    0.916232] ACPI: PCI: Interrupt link LNKD configured for IRQ 11
[    0.916232] ACPI: PCI: Interrupt link LNKS configured for IRQ 9
[    0.918233] iommu: Default domain type: Translated
[    0.918386] iommu: DMA domain TLB invalidation policy: lazy mode
[    0.920441] pps_core: LinuxPPS API ver. 1 registered
[    0.920577] pps_core: Software ver. 5.3.6 - Copyright 2005-2007 Rodolfo Giometti <giometti@linux.it>
[    0.920821] PTP clock support registered
[    0.921622] EDAC MC: Ver: 3.0.0
[    0.930438] PCI: Using ACPI for IRQ routing
[    0.933504] pci 0000:00:02.0: vgaarb: setting as boot VGA device
[    0.933705] pci 0000:00:02.0: vgaarb: bridge control possible
[    0.933879] pci 0000:00:02.0: vgaarb: VGA device added: decodes=io+mem,owns=io+mem,locks=none
[    0.934079] vgaarb: loaded
[    0.935668] hpet: 3 channels of 0 reserved for per-cpu timers
[    0.936397] hpet0: at MMIO 0xfed00000, IRQs 2, 8, 0
[    0.936575] hpet0: 3 comparators, 64-bit 100.000000 MHz counter
[    0.940573] clocksource: Switched to clocksource tsc-early
[    0.949081] VFS: Disk quotas dquot_6.6.0
[    0.949411] VFS: Dquot-cache hash table entries: 512 (order 0, 4096 bytes)
[    0.950771] pnp: PnP ACPI init
[    0.954326] pnp: PnP ACPI: found 6 devices
[    0.968744] clocksource: acpi_pm: mask: 0xffffff max_cycles: 0xffffff, max_idle_ns: 2085701024 ns
[    0.969940] NET: Registered PF_INET protocol family
[    0.971019] IP idents hash table entries: 8192 (order: 4, 65536 bytes, linear)
[    0.976394] tcp_listen_portaddr_hash hash table entries: 256 (order: 0, 4096 bytes, linear)
[    0.976811] Table-perturb hash table entries: 65536 (order: 6, 262144 bytes, linear)
[    0.977048] TCP established hash table entries: 4096 (order: 3, 32768 bytes, linear)
[    0.977498] TCP bind hash table entries: 4096 (order: 5, 131072 bytes, linear)
[    0.977925] TCP: Hash tables configured (established 4096 bind 4096)
[    0.980797] MPTCP token hash table entries: 512 (order: 2, 12288 bytes, linear)
[    0.981290] UDP hash table entries: 256 (order: 1, 8192 bytes, linear)
[    0.981639] UDP-Lite hash table entries: 256 (order: 1, 8192 bytes, linear)
[    0.983180] NET: Registered PF_UNIX/PF_LOCAL protocol family
[    0.983693] NET: Registered PF_XDP protocol family
[    0.984494] pci_bus 0000:00: resource 4 [io  0x0000-0x0cf7 window]
[    0.984649] pci_bus 0000:00: resource 5 [io  0x0d00-0xffff window]
[    0.984788] pci_bus 0000:00: resource 6 [mem 0x000a0000-0x000bffff window]
[    0.984943] pci_bus 0000:00: resource 7 [mem 0x20000000-0xfebfffff window]
[    0.985100] pci_bus 0000:00: resource 8 [mem 0x100000000-0x17fffffff window]
[    0.985805] pci 0000:00:01.0: PIIX3: Enabling Passive Release
[    0.986014] pci 0000:00:00.0: Limiting direct PCI/PCI transfers
[    0.986230] PCI: CLS 0 bytes, default 64
[    0.990993] Initialise system trusted keyrings
[    0.994720] Trying to unpack rootfs image as initramfs...
[    1.002336] workingset: timestamp_bits=40 max_order=17 bucket_order=0
[    1.002718] zbud: loaded
[    1.047587] jitterentropy: Initialization failed with host not compliant with requirements: 2
[    1.098978] Key type asymmetric registered
[    1.099226] Asymmetric key parser 'x509' registered
[    1.099866] Block layer SCSI generic (bsg) driver version 0.4 loaded (major 246)
[    1.100420] io scheduler mq-deadline registered
[    1.100569] io scheduler kyber registered
[    1.100862] io scheduler bfq registered
[    1.106659] shpchp: Standard Hot Plug PCI Controller Driver version: 0.4
[    1.107974] ERST DBG: ERST support is disabled.
[    1.117257] Serial: 8250/16550 driver, 4 ports, IRQ sharing enabled
[    1.120759] 00:04: ttyS0 at I/O 0x3f8 (irq = 4, base_baud = 115200) is a 16550A
[    1.179860] brd: module loaded
[    1.183679] i8042: PNP: PS/2 Controller [PNP0303:KBD,PNP0f13:MOU] at 0x60,0x64 irq 1,12
[    1.186984] serio: i8042 KBD port at 0x60,0x64 irq 1
[    1.187243] serio: i8042 AUX port at 0x60,0x64 irq 12
[    1.193359] rtc_cmos 00:05: RTC can wake from S4
[    1.199764] rtc_cmos 00:05: registered as rtc0
[    1.200221] rtc_cmos 00:05: setting system clock to 2026-09-10T02:07:13 UTC (1789006033)
[    1.201561] rtc_cmos 00:05: alarms up to one day, y3k, 242 bytes nvram, hpet irqs
[    1.201948] amd_pstate: the _CPC object is not present in SBIOS or ACPI disabled
[    1.206704] gre: GRE over IPv4 demultiplexor driver
[    1.207544] NET: Registered PF_INET6 protocol family
[    1.208282] input: AT Translated Set 2 keyboard as /devices/platform/i8042/serio0/input/input1
[    1.266245] Freeing initrd memory: 4736K
[    1.369931] Segment Routing with IPv6
[    1.370294] In-situ OAM (IOAM) with IPv6
[    1.370791] can: controller area network core
[    1.371163] NET: Registered PF_CAN protocol family
[    1.371570] Key type dns_resolver registered
[    1.373992] IPI shorthand broadcast: enabled
[    1.410846] sched_clock: Marking stable (1371040860, 37306393)->(1413152690, -4805437)
[    1.426345] registered taskstats version 1
[    1.427415] Loading compiled-in X.509 certificates
[    1.448458] Loaded X.509 cert 'alpinelinux.org: Alpine Linux kernel key: d76a695f66ad9cd28f5c22a8508f36e91f521f7a'
[    1.459383] Key type .fscrypt registered
[    1.459625] Key type fscrypt-provisioning registered
[    1.464036] clk: Disabling unused clocks
[    1.553710] Freeing unused kernel image (initmem) memory: 3516K
[    1.554115] Write protecting the kernel read-only data: 20480k
[    1.555406] Freeing unused kernel image (rodata/data gap) memory: 1092K
[    1.555771] Run /init as init process
[net] loading virtio-net modules ...
[net]   + drivers/virtio/virtio.ko
[net]   + drivers/virtio/virtio_ring.ko
[net]   + drivers/virtio/virtio_pci_modern_dev.ko
[net]   + drivers/virtio/virtio_pci_legacy_dev.ko
[    1.686195] ACPI: \_SB_.LNKC: Enabled at IRQ 11
[net]   + drivers/virtio/virtio_pci.ko
[net]   + net/core/failover.ko
[net]   + drivers/net/net_failover.ko
[net]   + drivers/net/virtio_net.ko
[net] eth0 up: 10.0.2.15, gw 10.0.2.2, DNS 10.0.2.3
[net] apk: apk-tools 2.14.4, compiled for x86_64.

==================================================
  MINI LINUX BOOTED OK
  kernel : 6.6.134-0-lts / x86_64
  host   : mini-linux
==================================================

Mini Linux shell. Type "poweroff -f" to shut down.
sh: can't access tty; job control turned off
mini-linux:/#[6n[    2.017815] tsc: Refined TSC clocksource calibration: 1000.000 MHz
[    2.019430] clocksource: tsc: mask: 0xffffffffffffffff max_cycles: 0x1cd42e4dffb, max_idle_ns: 881590591483 ns
[    2.020310] clocksource: Switched to clocksource tsc
apk update; echo U=$?; apk add bash; echo A=$?; bash -c "echo BASH_
OK_VERSION=\$BASH_VERSION"; echo B=$?
fetch http://dl-cdn.alpinelinux.org/alpine/v3.20/main/x86_64/APKINDEX.tar.gz
fetch http://dl-cdn.alpinelinux.org/alpine/v3.20/community/x86_64/APKINDEX.tar.gz
v3.20.10-114-ga410d2306e5 [http://dl-cdn.alpinelinux.org/alpine/v3.20/main]
v3.20.10-106-gcfb1a4769c3 [http://dl-cdn.alpinelinux.org/alpine/v3.20/community]
OK: 24171 distinct packages available
U=0
(1/7) Installing musl (1.2.5-r3)
7  0%                                             8[0K(2/7) Installing busybox (1.36.1-r31)
7 17% #######                                     8[0K7 38% ################                            8[0K7 38% #################                           8[0KExecuting busybox-1.36.1-r31.post-install
(3/7) Installing busybox-binsh (1.36.1-r31)
7 41% ##################                          8[0K(4/7) Installing ncurses-terminfo-base (6.4_p20240420-r2)
7 41% ##################                          8[0K7 42% ##################                          8[0K7 43% ##################                          8[0K7 43% ###################                         8[0K7 44% ###################                         8[0K7 45% ###################                         8[0K(5/7) Installing libncursesw (6.4_p20240420-r2)
7 46% ####################                        8[0K(6/7) Installing readline (8.2.10-r0)
7 56% ########################                    8[0K(7/7) Installing bash (5.2.26-r0)
7 63% ############################                8[0K7 83% ####################################        8[0K7 84% #####################################       8[0K7 85% #####################################       8[0K7 86% #####################################       8[0K7 86% ######################################      8[0K7 87% ######################################      8[0K7 88% ######################################      8[0K7 89% #######################################     8[0K7 90% #######################################     8[0K7 91% ########################################    8[0K7 92% ########################################    8[0K7 93% #########################################   8[0K7 94% #########################################   8[0K7 95% #########################################   8[0K7 95% ##########################################  8[0K7 96% ##########################################  8[0K7 97% ##########################################  8[0K7 97% ########################################### 8[0K7 98% ########################################### 8[0KExecuting bash-5.2.26-r0.post-install
7100% ############################################8[0KExecuting busybox-1.36.1-r31.trigger
OK: 3 MiB in 7 packages
A=0
BASH_OK_VERSION=5.2.26(1)-release
B=0
mini-linux:/#[6npoweroff -f
[  121.501708] ACPI: PM: Preparing to enter system sleep state S5
[  121.503084] reboot: Power down
