c[?7l[2J[0mSeaBIOS (version rel-1.16.3-0-ga6ed6b701f0a-prebuilt.qemu.org)


iPXE (http://ipxe.org) 00:03.0 CA00 PCI2.10 PnP PMM+02FD0FC0+02F30FC0 CA00
Press Ctrl-B to configure iPXE (PCI 00:03.0)...                                                                               


Booting from DVD/CD...

ISOLINUX 6.04 6.04-pre1 ETCD Copyright (C) 1994-2015 H. Peter Anvin et al
Loading /boot/vmlinuz... ok
Loading /boot/initramfs.gz...ok
Probing EDD (edd=off to disable)... oc[?7l[2J[    0.000000] Linux version 6.6.134-0-lts (buildozer@build-3-20-x86_64) (gcc (Alpine 13.2.1_git20240309) 13.2.1 20240309, GNU ld (GNU Binutils) 2.42) #1-Alpine SMP PREEMPT_DYNAMIC 2026-04-11 17:03:51
[    0.000000] Command line: BOOT_IMAGE=/boot/vmlinuz console=ttyS0 initrd=/boot/initramfs.gz
[    0.000000] BIOS-provided physical RAM map:
[    0.000000] BIOS-e820: [mem 0x0000000000000000-0x000000000009fbff] usable
[    0.000000] BIOS-e820: [mem 0x000000000009fc00-0x000000000009ffff] reserved
[    0.000000] BIOS-e820: [mem 0x00000000000f0000-0x00000000000fffff] reserved
[    0.000000] BIOS-e820: [mem 0x0000000000100000-0x0000000003fdffff] usable
[    0.000000] BIOS-e820: [mem 0x0000000003fe0000-0x0000000003ffffff] reserved
[    0.000000] BIOS-e820: [mem 0x00000000fffc0000-0x00000000ffffffff] reserved
[    0.000000] BIOS-e820: [mem 0x000000fd00000000-0x000000ffffffffff] reserved
[    0.000000] NX (Execute Disable) protection: active
[    0.000000] APIC: Static calls initialized
[    0.000000] SMBIOS 2.8 present.
[    0.000000] DMI: QEMU Standard PC (i440FX + PIIX, 1996), BIOS rel-1.16.3-0-ga6ed6b701f0a-prebuilt.qemu.org 04/01/2014
[    0.000000] tsc: Fast TSC calibration using PIT
[    0.000000] tsc: Detected 999.935 MHz processor
[    0.023585] AGP: No AGP bridge found
[    0.024047] last_pfn = 0x3fe0 max_arch_pfn = 0x400000000
[    0.025045] MTRR map: 4 entries (3 fixed + 1 variable; max 19), built from 8 variable MTRRs
[    0.025308] x86/PAT: Configuration [0-7]: WB  WC  UC- UC  WB  WP  UC- WT  
[    0.069765] found SMP MP-table at [mem 0x000f5480-0x000f548f]
[    0.078197] RAMDISK: [mem 0x03f44000-0x03fdffff]
[    0.078803] ACPI: Early table checksum verification disabled
[    0.079299] ACPI: RSDP 0x00000000000F52A0 000014 (v00 BOCHS )
[    0.079705] ACPI: RSDT 0x0000000003FE2335 000034 (v01 BOCHS  BXPC     00000001 BXPC 00000001)
[    0.080477] ACPI: FACP 0x0000000003FE21E9 000074 (v01 BOCHS  BXPC     00000001 BXPC 00000001)
[    0.081210] ACPI: DSDT 0x0000000003FE0040 0021A9 (v01 BOCHS  BXPC     00000001 BXPC 00000001)
[    0.081319] ACPI: FACS 0x0000000003FE0000 000040
[    0.081404] ACPI: APIC 0x0000000003FE225D 000078 (v03 BOCHS  BXPC     00000001 BXPC 00000001)
[    0.081462] ACPI: HPET 0x0000000003FE22D5 000038 (v01 BOCHS  BXPC     00000001 BXPC 00000001)
[    0.081500] ACPI: WAET 0x0000000003FE230D 000028 (v01 BOCHS  BXPC     00000001 BXPC 00000001)
[    0.081644] ACPI: Reserving FACP table memory at [mem 0x3fe21e9-0x3fe225c]
[    0.081688] ACPI: Reserving DSDT table memory at [mem 0x3fe0040-0x3fe21e8]
[    0.081700] ACPI: Reserving FACS table memory at [mem 0x3fe0000-0x3fe003f]
[    0.081709] ACPI: Reserving APIC table memory at [mem 0x3fe225d-0x3fe22d4]
[    0.081718] ACPI: Reserving HPET table memory at [mem 0x3fe22d5-0x3fe230c]
[    0.081727] ACPI: Reserving WAET table memory at [mem 0x3fe230d-0x3fe2334]
[    0.084782] No NUMA configuration found
[    0.084816] Faking a node at [mem 0x0000000000000000-0x0000000003fdffff]
[    0.085715] NODE_DATA(0) allocated [mem 0x03f3e000-0x03f43fff]
[    0.089385] Zone ranges:
[    0.089454]   DMA      [mem 0x0000000000001000-0x0000000000ffffff]
[    0.089583]   DMA32    [mem 0x0000000001000000-0x0000000003fdffff]
[    0.089601]   Normal   empty
[    0.089631]   Device   empty
[    0.089652] Movable zone start for each node
[    0.089697] Early memory node ranges
[    0.089733]   node   0: [mem 0x0000000000001000-0x000000000009efff]
[    0.089972]   node   0: [mem 0x0000000000100000-0x0000000003fdffff]
[    0.090245] Initmem setup node 0 [mem 0x0000000000001000-0x0000000003fdffff]
[    0.091544] On node 0, zone DMA: 1 pages in unavailable ranges
[    0.091861] On node 0, zone DMA: 97 pages in unavailable ranges
[    0.093101] On node 0, zone DMA32: 16416 pages in unavailable ranges
[    0.094546] ACPI: PM-Timer IO Port: 0x608
[    0.095470] ACPI: LAPIC_NMI (acpi_id[0xff] dfl dfl lint[0x1])
[    0.096321] IOAPIC[0]: apic_id 0, version 32, address 0xfec00000, GSI 0-23
[    0.096712] ACPI: INT_SRC_OVR (bus 0 bus_irq 0 global_irq 2 dfl dfl)
[    0.097197] ACPI: INT_SRC_OVR (bus 0 bus_irq 5 global_irq 5 high level)
[    0.097274] ACPI: INT_SRC_OVR (bus 0 bus_irq 9 global_irq 9 high level)
[    0.097437] ACPI: INT_SRC_OVR (bus 0 bus_irq 10 global_irq 10 high level)
[    0.097453] ACPI: INT_SRC_OVR (bus 0 bus_irq 11 global_irq 11 high level)
[    0.097792] ACPI: Using ACPI (MADT) for SMP configuration information
[    0.097869] ACPI: HPET id: 0x8086a201 base: 0xfed00000
[    0.098377] smpboot: Allowing 1 CPUs, 0 hotplug CPUs
[    0.099825] PM: hibernation: Registered nosave memory: [mem 0x00000000-0x00000fff]
[    0.099903] PM: hibernation: Registered nosave memory: [mem 0x0009f000-0x000fffff]
[    0.100143] [mem 0x04000000-0xfffbffff] available for PCI devices
[    0.100200] Booting paravirtualized kernel on bare hardware
[    0.100616] clocksource: refined-jiffies: mask: 0xffffffff max_cycles: 0xffffffff, max_idle_ns: 6370452778343963 ns
[    0.116071] setup_percpu: NR_CPUS:256 nr_cpumask_bits:1 nr_cpu_ids:1 nr_node_ids:1
[    0.118528] percpu: Embedded 58 pages/cpu s198184 r8192 d31192 u2097152
[    0.122388] Kernel command line: BOOT_IMAGE=/boot/vmlinuz console=ttyS0 initrd=/boot/initramfs.gz
[    0.124709] Dentry cache hash table entries: 8192 (order: 4, 65536 bytes, linear)
[    0.124924] Inode-cache hash table entries: 4096 (order: 3, 32768 bytes, linear)
[    0.128486] Fallback order for Node 0: 0 
[    0.129038] Built 1 zonelists, mobility grouping on.  Total pages: 15840
[    0.129078] Policy zone: DMA32
[    0.130616] mem auto-init: stack:all(zero), heap alloc:on, heap free:off
[    0.130886] AGP: Checking aperture...
[    0.133823] AGP: No AGP bridge found
[    0.139416] Memory: 23844K/65016K available (14336K kernel code, 1950K rwdata, 5052K rodata, 3516K init, 4724K bss, 40912K reserved, 0K cma-reserved)
[    0.198826] SLUB: HWalign=64, Order=0-3, MinObjects=0, CPUs=1, Nodes=1
[    0.198974] kmemleak: Kernel memory leak detector disabled
[    0.204197] ftrace: allocating 41322 entries in 162 pages
[    0.261305] ftrace: allocated 162 pages with 3 groups
[    0.275265] Dynamic Preempt: voluntary
[    0.280640] rcu: Preemptible hierarchical RCU implementation.
[    0.280711] rcu: 	RCU restricting CPUs from NR_CPUS=256 to nr_cpu_ids=1.
[    0.280949] 	Trampoline variant of Tasks RCU enabled.
[    0.280960] 	Rude variant of Tasks RCU enabled.
[    0.280978] 	Tracing variant of Tasks RCU enabled.
[    0.281083] rcu: RCU calculated value of scheduler-enlistment delay is 30 jiffies.
[    0.281126] rcu: Adjusting geometry for rcu_fanout_leaf=16, nr_cpu_ids=1
[    0.323091] NR_IRQS: 16640, nr_irqs: 256, preallocated irqs: 16
[    0.334849] rcu: srcu_init: Setting srcu_struct sizes based on contention.
[    0.342001] kfence: initialized - using 2097152 bytes for 255 objects at 0x(____ptrval____)-0x(____ptrval____)
[    0.348230] Console: colour VGA+ 80x25
[    0.350273] printk: console [ttyS0] enabled
[    0.379373] ACPI: Core revision 20230628
[    0.386690] clocksource: hpet: mask: 0xffffffff max_cycles: 0xffffffff, max_idle_ns: 19112604467 ns
[    0.393175] APIC: Switch to symmetric I/O mode setup
[    0.400865] ..TIMER: vector=0x30 apic1=0 pin1=2 apic2=-1 pin2=-1
[    0.417143] clocksource: tsc-early: mask: 0xffffffffffffffff max_cycles: 0x1cd3b38e039, max_idle_ns: 881590580833 ns
[    0.418116] Calibrating delay loop (skipped), value calculated using timer frequency.. 2000.19 BogoMIPS (lpj=3333116)
[    0.424508] process: using AMD E400 aware idle routine
[    0.425040] Last level iTLB entries: 4KB 512, 2MB 255, 4MB 127
[    0.425309] Last level dTLB entries: 4KB 512, 2MB 255, 4MB 127, 1GB 0
[    0.425941] Spectre V1 : Mitigation: usercopy/swapgs barriers and __user pointer sanitization
[    0.426502] Spectre V2 : Mitigation: Retpolines
[    0.426729] Spectre V2 : Spectre v2 / SpectreRSB: Filling RSB on context switch and VMEXIT
[    0.432151] x86/fpu: x87 FPU will use FXSAVE
[    0.801472] Freeing SMP alternatives memory: 36K
[    0.802825] pid_max: default: 32768 minimum: 301
[    0.817379] LSM: initializing lsm=lockdown,capability,landlock,yama
[    0.824659] landlock: Up and running.
[    0.824892] Yama: becoming mindful.
[    0.831663] Mount-cache hash table entries: 512 (order: 0, 4096 bytes, linear)
[    0.832221] Mountpoint-cache hash table entries: 512 (order: 0, 4096 bytes, linear)
[    0.981175] smpboot: CPU0: AMD QEMU Virtual CPU version 2.5+ (family: 0xf, model: 0x6b, stepping: 0x1)
[    0.987727] RCU Tasks: Setting shift to 0 and lim to 1 rcu_task_cb_adjust=1 rcu_task_cpu_ids=1.
[    0.993489] RCU Tasks Rude: Setting shift to 0 and lim to 1 rcu_task_cb_adjust=1 rcu_task_cpu_ids=1.
[    0.994508] RCU Tasks Trace: Setting shift to 0 and lim to 1 rcu_task_cb_adjust=1 rcu_task_cpu_ids=1.
[    0.995016] Performance Events: PMU not available due to virtualization, using software events only.
[    0.996668] signal: max sigframe size: 1440
[    1.000273] rcu: Hierarchical SRCU implementation.
[    1.000675] rcu: 	Max phase no-delay instances is 1000.
[    1.011551] NMI watchdog: Perf NMI watchdog permanently disabled
[    1.015427] smp: Bringing up secondary CPUs ...
[    1.017810] smp: Brought up 1 node, 1 CPU
[    1.018231] smpboot: Max logical packages: 1
[    1.018509] ----------------
[    1.018637] | NMI testsuite:
[    1.018749] --------------------
[    1.018872]   remote IPI:  ok  |
[    1.019153]    local IPI:  ok  |
[    1.021701] --------------------
[    1.021833] Good, all   2 testcases passed! |
[    1.022027] ---------------------------------
[    1.022261] smpboot: Total of 1 processors activated (2000.19 BogoMIPS)
[    1.041622] devtmpfs: initialized
[    1.047522] x86/mm: Memory block size: 128MB
[    1.055912] clocksource: jiffies: mask: 0xffffffff max_cycles: 0xffffffff, max_idle_ns: 6370867519511994 ns
[    1.056954] futex hash table entries: 256 (order: 2, 16384 bytes, linear)
[    1.063056] pinctrl core: initialized pinctrl subsystem
[    1.092267] NET: Registered PF_NETLINK/PF_ROUTE protocol family
[    1.096703] audit: initializing netlink subsys (disabled)
[    1.100395] audit: type=2000 audit(1788957457.706:1): state=initialized audit_enabled=0 res=1
[    1.107723] thermal_sys: Registered thermal governor 'fair_share'
[    1.107826] thermal_sys: Registered thermal governor 'bang_bang'
[    1.107842] thermal_sys: Registered thermal governor 'step_wise'
[    1.107842] thermal_sys: Registered thermal governor 'user_space'
[    1.109028] cpuidle: using governor ladder
[    1.109820] cpuidle: using governor menu
[    1.112183] acpiphp: ACPI Hot Plug PCI Controller Driver version: 0.5
[    1.117841] PCI: Using configuration type 1 for base access
[    1.123119] kprobes: kprobe jump-optimization is enabled. All kprobes are optimized if possible.
[    1.215677] HugeTLB: registered 2.00 MiB page size, pre-allocated 0 pages
[    1.216054] HugeTLB: 28 KiB vmemmap can be freed for a 2.00 MiB page
[    1.247274] ACPI: Added _OSI(Module Device)
[    1.247549] ACPI: Added _OSI(Processor Device)
[    1.247731] ACPI: Added _OSI(Processor Aggregator Device)
[    1.265826] ACPI: 1 ACPI AML tables successfully acquired and loaded
[    1.283884] ACPI: _OSC evaluation for CPUs failed, trying _PDC
[    1.286580] ACPI: Interpreter enabled
[    1.287842] ACPI: PM: (supports S0 S3 S4 S5)
[    1.287842] ACPI: Using IOAPIC for interrupt routing
[    1.288560] PCI: Using host bridge windows from ACPI; if necessary, use "pci=nocrs" and report a bug
[    1.288914] PCI: Using E820 reservations for host bridge windows
[    1.292133] ACPI: Enabled 2 GPEs in block 00 to 0F
[    1.331622] ACPI: PCI Root Bridge [PCI0] (domain 0000 [bus 00-ff])
[    1.332701] acpi PNP0A03:00: _OSC: OS supports [ASPM ClockPM Segments MSI HPX-Type3]
[    1.333244] acpi PNP0A03:00: _OSC: not requesting OS control; OS requires [ExtendedConfig ASPM ClockPM MSI]
[    1.334286] acpi PNP0A03:00: fail to add MMCONFIG information, can't access extended configuration space under this bridge
[    1.342094] acpiphp: Slot [3] registered
[    1.342431] acpiphp: Slot [4] registered
[    1.342653] acpiphp: Slot [5] registered
[    1.342880] acpiphp: Slot [6] registered
[    1.343081] acpiphp: Slot [7] registered
[    1.343333] acpiphp: Slot [8] registered
[    1.343571] acpiphp: Slot [9] registered
[    1.344611] acpiphp: Slot [10] registered
[    1.344817] acpiphp: Slot [11] registered
[    1.345020] acpiphp: Slot [12] registered
[    1.345221] acpiphp: Slot [13] registered
[    1.345420] acpiphp: Slot [14] registered
[    1.345621] acpiphp: Slot [15] registered
[    1.345860] acpiphp: Slot [16] registered
[    1.346067] acpiphp: Slot [17] registered
[    1.346271] acpiphp: Slot [18] registered
[    1.346472] acpiphp: Slot [19] registered
[    1.346673] acpiphp: Slot [20] registered
[    1.346873] acpiphp: Slot [21] registered
[    1.347072] acpiphp: Slot [22] registered
[    1.347305] acpiphp: Slot [23] registered
[    1.347506] acpiphp: Slot [24] registered
[    1.347705] acpiphp: Slot [25] registered
[    1.347924] acpiphp: Slot [26] registered
[    1.348133] acpiphp: Slot [27] registered
[    1.348334] acpiphp: Slot [28] registered
[    1.348546] acpiphp: Slot [29] registered
[    1.348780] acpiphp: Slot [30] registered
[    1.348987] acpiphp: Slot [31] registered
[    1.349406] PCI host bridge to bus 0000:00
[    1.349726] pci_bus 0000:00: root bus resource [io  0x0000-0x0cf7 window]
[    1.350119] pci_bus 0000:00: root bus resource [io  0x0d00-0xffff window]
[    1.350342] pci_bus 0000:00: root bus resource [mem 0x000a0000-0x000bffff window]
[    1.350641] pci_bus 0000:00: root bus resource [mem 0x04000000-0xfebfffff window]
[    1.350883] pci_bus 0000:00: root bus resource [mem 0x100000000-0x17fffffff window]
[    1.351175] pci_bus 0000:00: root bus resource [bus 00-ff]
[    1.352704] pci 0000:00:00.0: [8086:1237] type 00 class 0x060000
[    1.359180] pci 0000:00:01.0: [8086:7000] type 00 class 0x060100
[    1.360212] pci 0000:00:01.1: [8086:7010] type 00 class 0x010180
[    1.361883] pci 0000:00:01.1: BAR 4 [io  0xc040-0xc04f]
[    1.362530] pci 0000:00:01.1: BAR 0 [io  0x01f0-0x01f7]: legacy IDE quirk
[    1.362817] pci 0000:00:01.1: BAR 1 [io  0x03f6]: legacy IDE quirk
[    1.363073] pci 0000:00:01.1: BAR 2 [io  0x0170-0x0177]: legacy IDE quirk
[    1.363311] pci 0000:00:01.1: BAR 3 [io  0x0376]: legacy IDE quirk
[    1.364261] pci 0000:00:01.3: [8086:7113] type 00 class 0x068000
[    1.364508] pci 0000:00:01.3: quirk: [io  0x0600-0x063f] claimed by PIIX4 ACPI
[    1.364573] pci 0000:00:01.3: quirk: [io  0x0700-0x070f] claimed by PIIX4 SMB
[    1.365630] pci 0000:00:02.0: [1234:1111] type 00 class 0x030000
[    1.366254] pci 0000:00:02.0: BAR 0 [mem 0xfd000000-0xfdffffff pref]
[    1.367886] pci 0000:00:02.0: BAR 2 [mem 0xfebf0000-0xfebf0fff]
[    1.369979] pci 0000:00:02.0: ROM [mem 0xfebe0000-0xfebeffff pref]
[    1.370662] pci 0000:00:02.0: Video device with shadowed ROM at [mem 0x000c0000-0x000dffff]
[    1.371742] pci 0000:00:03.0: [8086:100e] type 00 class 0x020000
[    1.372307] pci 0000:00:03.0: BAR 0 [mem 0xfebc0000-0xfebdffff]
[    1.372821] pci 0000:00:03.0: BAR 1 [io  0xc000-0xc03f]
[    1.374929] pci 0000:00:03.0: ROM [mem 0xfeb80000-0xfebbffff pref]
[    1.385769] ACPI: PCI: Interrupt link LNKA configured for IRQ 10
[    1.386638] ACPI: PCI: Interrupt link LNKB configured for IRQ 10
[    1.388173] ACPI: PCI: Interrupt link LNKC configured for IRQ 11
[    1.388742] ACPI: PCI: Interrupt link LNKD configured for IRQ 11
[    1.389120] ACPI: PCI: Interrupt link LNKS configured for IRQ 9
[    1.394193] iommu: Default domain type: Translated
[    1.394491] iommu: DMA domain TLB invalidation policy: lazy mode
[    1.396892] pps_core: LinuxPPS API ver. 1 registered
[    1.397082] pps_core: Software ver. 5.3.6 - Copyright 2005-2007 Rodolfo Giometti <giometti@linux.it>
[    1.397452] PTP clock support registered
[    1.399038] EDAC MC: Ver: 3.0.0
[    1.411175] PCI: Using ACPI for IRQ routing
[    1.417842] pci 0000:00:02.0: vgaarb: setting as boot VGA device
[    1.417842] pci 0000:00:02.0: vgaarb: bridge control possible
[    1.417842] pci 0000:00:02.0: vgaarb: VGA device added: decodes=io+mem,owns=io+mem,locks=none
[    1.417876] vgaarb: loaded
[    1.421453] hpet: 3 channels of 0 reserved for per-cpu timers
[    1.421955] hpet0: at MMIO 0xfed00000, IRQs 2, 8, 0
[    1.422205] hpet0: 3 comparators, 64-bit 100.000000 MHz counter
[    1.429510] clocksource: Switched to clocksource tsc-early
[    1.438799] VFS: Disk quotas dquot_6.6.0
[    1.439710] VFS: Dquot-cache hash table entries: 512 (order 0, 4096 bytes)
[    1.447159] pnp: PnP ACPI init
[    1.456427] pnp: PnP ACPI: found 6 devices
[    1.479126] clocksource: acpi_pm: mask: 0xffffff max_cycles: 0xffffff, max_idle_ns: 2085701024 ns
[    1.481253] NET: Registered PF_INET protocol family
[    1.482850] IP idents hash table entries: 2048 (order: 2, 16384 bytes, linear)
[    1.491860] tcp_listen_portaddr_hash hash table entries: 256 (order: 0, 4096 bytes, linear)
[    1.492677] Table-perturb hash table entries: 65536 (order: 6, 262144 bytes, linear)
[    1.492997] TCP established hash table entries: 512 (order: 0, 4096 bytes, linear)
[    1.493570] TCP bind hash table entries: 512 (order: 2, 16384 bytes, linear)
[    1.493929] TCP: Hash tables configured (established 512 bind 512)
[    1.496134] MPTCP token hash table entries: 256 (order: 1, 6144 bytes, linear)
[    1.496768] UDP hash table entries: 256 (order: 1, 8192 bytes, linear)
[    1.496794] UDP-Lite hash table entries: 256 (order: 1, 8192 bytes, linear)
[    1.499472] NET: Registered PF_UNIX/PF_LOCAL protocol family
[    1.500141] NET: Registered PF_XDP protocol family
[    1.501354] pci_bus 0000:00: resource 4 [io  0x0000-0x0cf7 window]
[    1.501597] pci_bus 0000:00: resource 5 [io  0x0d00-0xffff window]
[    1.501792] pci_bus 0000:00: resource 6 [mem 0x000a0000-0x000bffff window]
[    1.502017] pci_bus 0000:00: resource 7 [mem 0x04000000-0xfebfffff window]
[    1.502239] pci_bus 0000:00: resource 8 [mem 0x100000000-0x17fffffff window]
[    1.503197] pci 0000:00:01.0: PIIX3: Enabling Passive Release
[    1.503472] pci 0000:00:00.0: Limiting direct PCI/PCI transfers
[    1.503821] PCI: CLS 0 bytes, default 64
[    1.512745] Trying to unpack rootfs image as initramfs...
[    1.525033] Initialise system trusted keyrings
[    1.529299] workingset: timestamp_bits=40 max_order=13 bucket_order=0
[    1.529721] zbud: loaded
[    1.624270] jitterentropy: Initialization failed with host not compliant with requirements: 2
[    1.660033] Freeing initrd memory: 624K
[    1.681042] Key type asymmetric registered
[    1.681429] Asymmetric key parser 'x509' registered
[    1.682675] Block layer SCSI generic (bsg) driver version 0.4 loaded (major 246)
[    1.683990] io scheduler mq-deadline registered
[    1.684244] io scheduler kyber registered
[    1.684711] io scheduler bfq registered
[    1.694927] shpchp: Standard Hot Plug PCI Controller Driver version: 0.4
[    1.702837] ERST DBG: ERST support is disabled.
[    1.709598] Serial: 8250/16550 driver, 4 ports, IRQ sharing enabled
[    1.717157] 00:04: ttyS0 at I/O 0x3f8 (irq = 4, base_baud = 115200) is a 16550A
[    1.799455] brd: module loaded
[    1.804623] i8042: PNP: PS/2 Controller [PNP0303:KBD,PNP0f13:MOU] at 0x60,0x64 irq 1,12
[    1.812434] serio: i8042 KBD port at 0x60,0x64 irq 1
[    1.812661] serio: i8042 AUX port at 0x60,0x64 irq 12
[    1.818020] rtc_cmos 00:05: RTC can wake from S4
[    1.822561] input: AT Translated Set 2 keyboard as /devices/platform/i8042/serio0/input/input0
[    1.833800] rtc_cmos 00:05: registered as rtc0
[    1.834624] rtc_cmos 00:05: setting system clock to 2026-09-09T12:37:39 UTC (1788957459)
[    1.837919] rtc_cmos 00:05: alarms up to one day, y3k, 242 bytes nvram, hpet irqs
[    1.839096] amd_pstate: the _CPC object is not present in SBIOS or ACPI disabled
[    1.846112] gre: GRE over IPv4 demultiplexor driver
[    1.847796] NET: Registered PF_INET6 protocol family
[    1.866204] Segment Routing with IPv6
[    1.867426] In-situ OAM (IOAM) with IPv6
[    1.868203] can: controller area network core
[    1.868780] NET: Registered PF_CAN protocol family
[    1.869490] Key type dns_resolver registered
[    1.875364] IPI shorthand broadcast: enabled
[    1.956873] sched_clock: Marking stable (1897956683, 55583680)->(1958892328, -5351965)
[    1.994327] registered taskstats version 1
[    1.995933] Loading compiled-in X.509 certificates
[    2.011242] Loaded X.509 cert 'alpinelinux.org: Alpine Linux kernel key: d76a695f66ad9cd28f5c22a8508f36e91f521f7a'
[    2.032536] Key type .fscrypt registered
[    2.032792] Key type fscrypt-provisioning registered
[    2.039293] clk: Disabling unused clocks
[    2.174047] Freeing unused kernel image (initmem) memory: 3516K
[    2.174976] Write protecting the kernel read-only data: 20480k
[    2.178136] Freeing unused kernel image (rodata/data gap) memory: 1092K
[    2.178815] Run /init as init process

==================================================
  MINI LINUX BOOTED OK
  kernel : 6.6.134-0-lts / x86_64
  host   : mini-linux
==================================================

Mini Linux shell. Type "poweroff -f" to shut down.
sh: can't access tty; job control turned off
mini-linux:~# [6n[    2.530032] tsc: Refined TSC clocksource calibration: 1000.000 MHz
[    2.531062] clocksource: tsc: mask: 0xffffffffffffffff max_cycles: 0x1cd42e4dffb, max_idle_ns: 881590591483 ns
[    2.531640] clocksource: Switched to clocksource tsc
echo "== ISO CD BOOT OK =="
== ISO CD BOOT OK ==
mini-linux:~# [6nuname -a
Linux mini-linux 6.6.134-0-lts #1-Alpine SMP PREEMPT_DYNAMIC 2026-04-11 17:03:51 x86_64 Linux
mini-linux:~# [6ncat /proc/cmdline
BOOT_IMAGE=/boot/vmlinuz console=ttyS0 initrd=/boot/initramfs.gz
mini-linux:~# [6npoweroff -f
[   22.696168] ACPI: PM: Preparing to enter system sleep state S5
[   22.698029] reboot: Power down
