c[?7l[2J[0mSeaBIOS (version rel-1.16.3-0-ga6ed6b701f0a-prebuilt.qemu.org)


iPXE (http://ipxe.org) 00:03.0 CA00 PCI2.10 PnP PMM+1EFD0D90+1EF30D90 CA00
Press Ctrl-B to configure iPXE (PCI 00:03.0)...                                                                               


Booting from ROM...
Probing EDD (edd=off to disable)... oc[?7l[2J[    0.000000] Linux version 6.6.134-0-lts (buildozer@build-3-20-x86_64) (gcc (Alpine 13.2.1_git20240309) 13.2.1 20240309, GNU ld (GNU Binutils) 2.42) #1-Alpine SMP PREEMPT_DYNAMIC 2026-04-11 17:03:51
[    0.000000] Command line: console=ttyS0
[    0.000000] BIOS-provided physical RAM map:
[    0.000000] BIOS-e820: [mem 0x0000000000000000-0x000000000009fbff] usable
[    0.000000] BIOS-e820: [mem 0x000000000009fc00-0x000000000009ffff] reserved
[    0.000000] BIOS-e820: [mem 0x00000000000f0000-0x00000000000fffff] reserved
[    0.000000] BIOS-e820: [mem 0x0000000000100000-0x000000001ffdffff] usable
[    0.000000] BIOS-e820: [mem 0x000000001ffe0000-0x000000001fffffff] reserved
[    0.000000] BIOS-e820: [mem 0x00000000fffc0000-0x00000000ffffffff] reserved
[    0.000000] BIOS-e820: [mem 0x000000fd00000000-0x000000ffffffffff] reserved
[    0.000000] NX (Execute Disable) protection: active
[    0.000000] APIC: Static calls initialized
[    0.000000] SMBIOS 2.8 present.
[    0.000000] DMI: QEMU Standard PC (i440FX + PIIX, 1996), BIOS rel-1.16.3-0-ga6ed6b701f0a-prebuilt.qemu.org 04/01/2014
[    0.000000] tsc: Fast TSC calibration using PIT
[    0.000000] tsc: Detected 999.935 MHz processor
[    0.018368] AGP: No AGP bridge found
[    0.018675] last_pfn = 0x1ffe0 max_arch_pfn = 0x400000000
[    0.019435] MTRR map: 4 entries (3 fixed + 1 variable; max 19), built from 8 variable MTRRs
[    0.019646] x86/PAT: Configuration [0-7]: WB  WC  UC- UC  WB  WP  UC- WT  
[    0.054263] found SMP MP-table at [mem 0x000f5480-0x000f548f]
[    0.060466] RAMDISK: [mem 0x1fa17000-0x1ffdffff]
[    0.060916] ACPI: Early table checksum verification disabled
[    0.061260] ACPI: RSDP 0x00000000000F52A0 000014 (v00 BOCHS )
[    0.061554] ACPI: RSDT 0x000000001FFE2335 000034 (v01 BOCHS  BXPC     00000001 BXPC 00000001)
[    0.062089] ACPI: FACP 0x000000001FFE21E9 000074 (v01 BOCHS  BXPC     00000001 BXPC 00000001)
[    0.062637] ACPI: DSDT 0x000000001FFE0040 0021A9 (v01 BOCHS  BXPC     00000001 BXPC 00000001)
[    0.062716] ACPI: FACS 0x000000001FFE0000 000040
[    0.062780] ACPI: APIC 0x000000001FFE225D 000078 (v03 BOCHS  BXPC     00000001 BXPC 00000001)
[    0.062844] ACPI: HPET 0x000000001FFE22D5 000038 (v01 BOCHS  BXPC     00000001 BXPC 00000001)
[    0.062878] ACPI: WAET 0x000000001FFE230D 000028 (v01 BOCHS  BXPC     00000001 BXPC 00000001)
[    0.062988] ACPI: Reserving FACP table memory at [mem 0x1ffe21e9-0x1ffe225c]
[    0.063018] ACPI: Reserving DSDT table memory at [mem 0x1ffe0040-0x1ffe21e8]
[    0.063026] ACPI: Reserving FACS table memory at [mem 0x1ffe0000-0x1ffe003f]
[    0.063033] ACPI: Reserving APIC table memory at [mem 0x1ffe225d-0x1ffe22d4]
[    0.063039] ACPI: Reserving HPET table memory at [mem 0x1ffe22d5-0x1ffe230c]
[    0.063046] ACPI: Reserving WAET table memory at [mem 0x1ffe230d-0x1ffe2334]
[    0.065260] No NUMA configuration found
[    0.065279] Faking a node at [mem 0x0000000000000000-0x000000001ffdffff]
[    0.065921] NODE_DATA(0) allocated [mem 0x1fa11000-0x1fa16fff]
[    0.068613] Zone ranges:
[    0.068639]   DMA      [mem 0x0000000000001000-0x0000000000ffffff]
[    0.068708]   DMA32    [mem 0x0000000001000000-0x000000001ffdffff]
[    0.068721]   Normal   empty
[    0.068741]   Device   empty
[    0.068756] Movable zone start for each node
[    0.068793] Early memory node ranges
[    0.068820]   node   0: [mem 0x0000000000001000-0x000000000009efff]
[    0.068997]   node   0: [mem 0x0000000000100000-0x000000001ffdffff]
[    0.069228] Initmem setup node 0 [mem 0x0000000000001000-0x000000001ffdffff]
[    0.070215] On node 0, zone DMA: 1 pages in unavailable ranges
[    0.070432] On node 0, zone DMA: 97 pages in unavailable ranges
[    0.073039] On node 0, zone DMA32: 32 pages in unavailable ranges
[    0.073569] ACPI: PM-Timer IO Port: 0x608
[    0.074008] ACPI: LAPIC_NMI (acpi_id[0xff] dfl dfl lint[0x1])
[    0.074388] IOAPIC[0]: apic_id 0, version 32, address 0xfec00000, GSI 0-23
[    0.074515] ACPI: INT_SRC_OVR (bus 0 bus_irq 0 global_irq 2 dfl dfl)
[    0.074802] ACPI: INT_SRC_OVR (bus 0 bus_irq 5 global_irq 5 high level)
[    0.074853] ACPI: INT_SRC_OVR (bus 0 bus_irq 9 global_irq 9 high level)
[    0.074966] ACPI: INT_SRC_OVR (bus 0 bus_irq 10 global_irq 10 high level)
[    0.074977] ACPI: INT_SRC_OVR (bus 0 bus_irq 11 global_irq 11 high level)
[    0.075213] ACPI: Using ACPI (MADT) for SMP configuration information
[    0.075266] ACPI: HPET id: 0x8086a201 base: 0xfed00000
[    0.075624] smpboot: Allowing 1 CPUs, 0 hotplug CPUs
[    0.076622] PM: hibernation: Registered nosave memory: [mem 0x00000000-0x00000fff]
[    0.076670] PM: hibernation: Registered nosave memory: [mem 0x0009f000-0x000fffff]
[    0.076849] [mem 0x20000000-0xfffbffff] available for PCI devices
[    0.076890] Booting paravirtualized kernel on bare hardware
[    0.077186] clocksource: refined-jiffies: mask: 0xffffffff max_cycles: 0xffffffff, max_idle_ns: 6370452778343963 ns
[    0.086824] setup_percpu: NR_CPUS:256 nr_cpumask_bits:1 nr_cpu_ids:1 nr_node_ids:1
[    0.088573] percpu: Embedded 58 pages/cpu s198184 r8192 d31192 u2097152
[    0.090592] Kernel command line: console=ttyS0
[    0.092743] Dentry cache hash table entries: 65536 (order: 7, 524288 bytes, linear)
[    0.092956] Inode-cache hash table entries: 32768 (order: 6, 262144 bytes, linear)
[    0.095781] Fallback order for Node 0: 0 
[    0.096185] Built 1 zonelists, mobility grouping on.  Total pages: 128736
[    0.096216] Policy zone: DMA32
[    0.108151] mem auto-init: stack:all(zero), heap alloc:on, heap free:off
[    0.108404] AGP: Checking aperture...
[    0.110698] AGP: No AGP bridge found
[    0.117095] Memory: 470480K/523768K available (14336K kernel code, 1950K rwdata, 5052K rodata, 3516K init, 4724K bss, 53028K reserved, 0K cma-reserved)
[    0.160334] SLUB: HWalign=64, Order=0-3, MinObjects=0, CPUs=1, Nodes=1
[    0.160571] kmemleak: Kernel memory leak detector disabled
[    0.163261] ftrace: allocating 41322 entries in 162 pages
[    0.202349] ftrace: allocated 162 pages with 3 groups
[    0.211604] Dynamic Preempt: voluntary
[    0.214803] rcu: Preemptible hierarchical RCU implementation.
[    0.214840] rcu: 	RCU restricting CPUs from NR_CPUS=256 to nr_cpu_ids=1.
[    0.215000] 	Trampoline variant of Tasks RCU enabled.
[    0.215008] 	Rude variant of Tasks RCU enabled.
[    0.215020] 	Tracing variant of Tasks RCU enabled.
[    0.215095] rcu: RCU calculated value of scheduler-enlistment delay is 30 jiffies.
[    0.215119] rcu: Adjusting geometry for rcu_fanout_leaf=16, nr_cpu_ids=1
[    0.243516] NR_IRQS: 16640, nr_irqs: 256, preallocated irqs: 16
[    0.251562] rcu: srcu_init: Setting srcu_struct sizes based on contention.
[    0.256748] kfence: initialized - using 2097152 bytes for 255 objects at 0x(____ptrval____)-0x(____ptrval____)
[    0.261342] Console: colour VGA+ 80x25
[    0.262798] printk: console [ttyS0] enabled
[    0.286051] ACPI: Core revision 20230628
[    0.291101] clocksource: hpet: mask: 0xffffffff max_cycles: 0xffffffff, max_idle_ns: 19112604467 ns
[    0.293010] APIC: Switch to symmetric I/O mode setup
[    0.297049] ..TIMER: vector=0x30 apic1=0 pin1=2 apic2=-1 pin2=-1
[    0.313880] clocksource: tsc-early: mask: 0xffffffffffffffff max_cycles: 0x1cd3b38e039, max_idle_ns: 881590580833 ns
[    0.314514] Calibrating delay loop (skipped), value calculated using timer frequency.. 2000.19 BogoMIPS (lpj=3333116)
[    0.317184] process: using AMD E400 aware idle routine
[    0.318093] Last level iTLB entries: 4KB 512, 2MB 255, 4MB 127
[    0.318533] Last level dTLB entries: 4KB 512, 2MB 255, 4MB 127, 1GB 0
[    0.319153] Spectre V1 : Mitigation: usercopy/swapgs barriers and __user pointer sanitization
[    0.319560] Spectre V2 : Mitigation: Retpolines
[    0.319852] Spectre V2 : Spectre v2 / SpectreRSB: Filling RSB on context switch and VMEXIT
[    0.322468] x86/fpu: x87 FPU will use FXSAVE
[    0.628782] Freeing SMP alternatives memory: 36K
[    0.629738] pid_max: default: 32768 minimum: 301
[    0.640033] LSM: initializing lsm=lockdown,capability,landlock,yama
[    0.645815] landlock: Up and running.
[    0.645936] Yama: becoming mindful.
[    0.649183] Mount-cache hash table entries: 1024 (order: 1, 8192 bytes, linear)
[    0.649474] Mountpoint-cache hash table entries: 1024 (order: 1, 8192 bytes, linear)
[    0.784309] smpboot: CPU0: AMD QEMU Virtual CPU version 2.5+ (family: 0xf, model: 0x6b, stepping: 0x1)
[    0.788061] RCU Tasks: Setting shift to 0 and lim to 1 rcu_task_cb_adjust=1 rcu_task_cpu_ids=1.
[    0.788730] RCU Tasks Rude: Setting shift to 0 and lim to 1 rcu_task_cb_adjust=1 rcu_task_cpu_ids=1.
[    0.789096] RCU Tasks Trace: Setting shift to 0 and lim to 1 rcu_task_cb_adjust=1 rcu_task_cpu_ids=1.
[    0.789601] Performance Events: PMU not available due to virtualization, using software events only.
[    0.791896] signal: max sigframe size: 1440
[    0.793211] rcu: Hierarchical SRCU implementation.
[    0.793364] rcu: 	Max phase no-delay instances is 1000.
[    0.801488] NMI watchdog: Perf NMI watchdog permanently disabled
[    0.802594] smp: Bringing up secondary CPUs ...
[    0.804196] smp: Brought up 1 node, 1 CPU
[    0.804309] smpboot: Max logical packages: 1
[    0.804587] ----------------
[    0.804676] | NMI testsuite:
[    0.804753] --------------------
[    0.804838]   remote IPI:  ok  |
[    0.805032]    local IPI:  ok  |
[    0.805931] --------------------
[    0.806017] Good, all   2 testcases passed! |
[    0.806143] ---------------------------------
[    0.806300] smpboot: Total of 1 processors activated (2000.19 BogoMIPS)
[    0.818768] devtmpfs: initialized
[    0.823047] x86/mm: Memory block size: 128MB
[    0.829113] clocksource: jiffies: mask: 0xffffffff max_cycles: 0xffffffff, max_idle_ns: 6370867519511994 ns
[    0.829723] futex hash table entries: 256 (order: 2, 16384 bytes, linear)
[    0.832608] pinctrl core: initialized pinctrl subsystem
[    0.848036] NET: Registered PF_NETLINK/PF_ROUTE protocol family
[    0.851855] audit: initializing netlink subsys (disabled)
[    0.854609] audit: type=2000 audit(1789002674.553:1): state=initialized audit_enabled=0 res=1
[    0.858816] thermal_sys: Registered thermal governor 'fair_share'
[    0.858849] thermal_sys: Registered thermal governor 'bang_bang'
[    0.859022] thermal_sys: Registered thermal governor 'step_wise'
[    0.859170] thermal_sys: Registered thermal governor 'user_space'
[    0.859637] cpuidle: using governor ladder
[    0.859993] cpuidle: using governor menu
[    0.861251] acpiphp: ACPI Hot Plug PCI Controller Driver version: 0.5
[    0.864257] PCI: Using configuration type 1 for base access
[    0.867729] kprobes: kprobe jump-optimization is enabled. All kprobes are optimized if possible.
[    0.935652] HugeTLB: registered 2.00 MiB page size, pre-allocated 0 pages
[    0.935891] HugeTLB: 28 KiB vmemmap can be freed for a 2.00 MiB page
[    0.954179] ACPI: Added _OSI(Module Device)
[    0.954309] ACPI: Added _OSI(Processor Device)
[    0.954309] ACPI: Added _OSI(Processor Aggregator Device)
[    0.965515] ACPI: 1 ACPI AML tables successfully acquired and loaded
[    0.978549] ACPI: _OSC evaluation for CPUs failed, trying _PDC
[    0.980385] ACPI: Interpreter enabled
[    0.980976] ACPI: PM: (supports S0 S3 S4 S5)
[    0.980996] ACPI: Using IOAPIC for interrupt routing
[    0.981539] PCI: Using host bridge windows from ACPI; if necessary, use "pci=nocrs" and report a bug
[    0.981786] PCI: Using E820 reservations for host bridge windows
[    0.983286] ACPI: Enabled 2 GPEs in block 00 to 0F
[    1.010432] ACPI: PCI Root Bridge [PCI0] (domain 0000 [bus 00-ff])
[    1.010976] acpi PNP0A03:00: _OSC: OS supports [ASPM ClockPM Segments MSI HPX-Type3]
[    1.011086] acpi PNP0A03:00: _OSC: not requesting OS control; OS requires [ExtendedConfig ASPM ClockPM MSI]
[    1.011886] acpi PNP0A03:00: fail to add MMCONFIG information, can't access extended configuration space under this bridge
[    1.017725] acpiphp: Slot [3] registered
[    1.017985] acpiphp: Slot [4] registered
[    1.018210] acpiphp: Slot [5] registered
[    1.018395] acpiphp: Slot [6] registered
[    1.018559] acpiphp: Slot [7] registered
[    1.018712] acpiphp: Slot [8] registered
[    1.018863] acpiphp: Slot [9] registered
[    1.019029] acpiphp: Slot [10] registered
[    1.019183] acpiphp: Slot [11] registered
[    1.019335] acpiphp: Slot [12] registered
[    1.019487] acpiphp: Slot [13] registered
[    1.019638] acpiphp: Slot [14] registered
[    1.019792] acpiphp: Slot [15] registered
[    1.019944] acpiphp: Slot [16] registered
[    1.020117] acpiphp: Slot [17] registered
[    1.020270] acpiphp: Slot [18] registered
[    1.020420] acpiphp: Slot [19] registered
[    1.020571] acpiphp: Slot [20] registered
[    1.020721] acpiphp: Slot [21] registered
[    1.020871] acpiphp: Slot [22] registered
[    1.020976] acpiphp: Slot [23] registered
[    1.020976] acpiphp: Slot [24] registered
[    1.020976] acpiphp: Slot [25] registered
[    1.021055] acpiphp: Slot [26] registered
[    1.021220] acpiphp: Slot [27] registered
[    1.021374] acpiphp: Slot [28] registered
[    1.021526] acpiphp: Slot [29] registered
[    1.021681] acpiphp: Slot [30] registered
[    1.021849] acpiphp: Slot [31] registered
[    1.022162] PCI host bridge to bus 0000:00
[    1.022406] pci_bus 0000:00: root bus resource [io  0x0000-0x0cf7 window]
[    1.022673] pci_bus 0000:00: root bus resource [io  0x0d00-0xffff window]
[    1.022839] pci_bus 0000:00: root bus resource [mem 0x000a0000-0x000bffff window]
[    1.023048] pci_bus 0000:00: root bus resource [mem 0x20000000-0xfebfffff window]
[    1.023227] pci_bus 0000:00: root bus resource [mem 0x100000000-0x17fffffff window]
[    1.024492] pci_bus 0000:00: root bus resource [bus 00-ff]
[    1.025738] pci 0000:00:00.0: [8086:1237] type 00 class 0x060000
[    1.028891] pci 0000:00:01.0: [8086:7000] type 00 class 0x060100
[    1.029509] pci 0000:00:01.1: [8086:7010] type 00 class 0x010180
[    1.030510] pci 0000:00:01.1: BAR 4 [io  0xc020-0xc02f]
[    1.031011] pci 0000:00:01.1: BAR 0 [io  0x01f0-0x01f7]: legacy IDE quirk
[    1.031207] pci 0000:00:01.1: BAR 1 [io  0x03f6]: legacy IDE quirk
[    1.031391] pci 0000:00:01.1: BAR 2 [io  0x0170-0x0177]: legacy IDE quirk
[    1.031571] pci 0000:00:01.1: BAR 3 [io  0x0376]: legacy IDE quirk
[    1.032273] pci 0000:00:01.3: [8086:7113] type 00 class 0x068000
[    1.032692] pci 0000:00:01.3: quirk: [io  0x0600-0x063f] claimed by PIIX4 ACPI
[    1.032896] pci 0000:00:01.3: quirk: [io  0x0700-0x070f] claimed by PIIX4 SMB
[    1.034703] pci 0000:00:02.0: [1234:1111] type 00 class 0x030000
[    1.035193] pci 0000:00:02.0: BAR 0 [mem 0xfd000000-0xfdffffff pref]
[    1.035974] pci 0000:00:02.0: BAR 2 [mem 0xfebd0000-0xfebd0fff]
[    1.037167] pci 0000:00:02.0: ROM [mem 0xfebc0000-0xfebcffff pref]
[    1.037601] pci 0000:00:02.0: Video device with shadowed ROM at [mem 0x000c0000-0x000dffff]
[    1.038164] pci 0000:00:03.0: [1af4:1000] type 00 class 0x020000
[    1.038685] pci 0000:00:03.0: BAR 0 [io  0xc000-0xc01f]
[    1.039195] pci 0000:00:03.0: BAR 1 [mem 0xfebd1000-0xfebd1fff]
[    1.041261] pci 0000:00:03.0: BAR 4 [mem 0xfe000000-0xfe003fff 64bit pref]
[    1.042046] pci 0000:00:03.0: ROM [mem 0xfeb80000-0xfebbffff pref]
[    1.051032] ACPI: PCI: Interrupt link LNKA configured for IRQ 10
[    1.051644] ACPI: PCI: Interrupt link LNKB configured for IRQ 10
[    1.052085] ACPI: PCI: Interrupt link LNKC configured for IRQ 11
[    1.052531] ACPI: PCI: Interrupt link LNKD configured for IRQ 11
[    1.052826] ACPI: PCI: Interrupt link LNKS configured for IRQ 9
[    1.054309] iommu: Default domain type: Translated
[    1.054347] iommu: DMA domain TLB invalidation policy: lazy mode
[    1.056197] pps_core: LinuxPPS API ver. 1 registered
[    1.056344] pps_core: Software ver. 5.3.6 - Copyright 2005-2007 Rodolfo Giometti <giometti@linux.it>
[    1.057744] PTP clock support registered
[    1.058644] EDAC MC: Ver: 3.0.0
[    1.065898] PCI: Using ACPI for IRQ routing
[    1.070968] pci 0000:00:02.0: vgaarb: setting as boot VGA device
[    1.070976] pci 0000:00:02.0: vgaarb: bridge control possible
[    1.070976] pci 0000:00:02.0: vgaarb: VGA device added: decodes=io+mem,owns=io+mem,locks=none
[    1.071004] vgaarb: loaded
[    1.072650] hpet: 3 channels of 0 reserved for per-cpu timers
[    1.073036] hpet0: at MMIO 0xfed00000, IRQs 2, 8, 0
[    1.073233] hpet0: 3 comparators, 64-bit 100.000000 MHz counter
[    1.078137] clocksource: Switched to clocksource tsc-early
[    1.088838] VFS: Disk quotas dquot_6.6.0
[    1.089203] VFS: Dquot-cache hash table entries: 512 (order 0, 4096 bytes)
[    1.091313] pnp: PnP ACPI init
[    1.094982] pnp: PnP ACPI: found 6 devices
[    1.111565] clocksource: acpi_pm: mask: 0xffffff max_cycles: 0xffffff, max_idle_ns: 2085701024 ns
[    1.112892] NET: Registered PF_INET protocol family
[    1.114037] IP idents hash table entries: 8192 (order: 4, 65536 bytes, linear)
[    1.119642] tcp_listen_portaddr_hash hash table entries: 256 (order: 0, 4096 bytes, linear)
[    1.120156] Table-perturb hash table entries: 65536 (order: 6, 262144 bytes, linear)
[    1.120823] TCP established hash table entries: 4096 (order: 3, 32768 bytes, linear)
[    1.121312] TCP bind hash table entries: 4096 (order: 5, 131072 bytes, linear)
[    1.121619] TCP: Hash tables configured (established 4096 bind 4096)
[    1.123436] MPTCP token hash table entries: 512 (order: 2, 12288 bytes, linear)
[    1.123943] UDP hash table entries: 256 (order: 1, 8192 bytes, linear)
[    1.124314] UDP-Lite hash table entries: 256 (order: 1, 8192 bytes, linear)
[    1.125749] NET: Registered PF_UNIX/PF_LOCAL protocol family
[    1.126242] NET: Registered PF_XDP protocol family
[    1.127043] pci_bus 0000:00: resource 4 [io  0x0000-0x0cf7 window]
[    1.127168] pci_bus 0000:00: resource 5 [io  0x0d00-0xffff window]
[    1.127168] pci_bus 0000:00: resource 6 [mem 0x000a0000-0x000bffff window]
[    1.127168] pci_bus 0000:00: resource 7 [mem 0x20000000-0xfebfffff window]
[    1.127762] pci_bus 0000:00: resource 8 [mem 0x100000000-0x17fffffff window]
[    1.128452] pci 0000:00:01.0: PIIX3: Enabling Passive Release
[    1.128653] pci 0000:00:00.0: Limiting direct PCI/PCI transfers
[    1.128869] PCI: CLS 0 bytes, default 64
[    1.133586] Initialise system trusted keyrings
[    1.137384] Trying to unpack rootfs image as initramfs...
[    1.141880] workingset: timestamp_bits=40 max_order=17 bucket_order=0
[    1.142212] zbud: loaded
[    1.209829] jitterentropy: Initialization failed with host not compliant with requirements: 2
[    1.270740] Key type asymmetric registered
[    1.271027] Asymmetric key parser 'x509' registered
[    1.272005] Block layer SCSI generic (bsg) driver version 0.4 loaded (major 246)
[    1.274482] io scheduler mq-deadline registered
[    1.274648] io scheduler kyber registered
[    1.274990] io scheduler bfq registered
[    1.279405] shpchp: Standard Hot Plug PCI Controller Driver version: 0.4
[    1.284877] ERST DBG: ERST support is disabled.
[    1.287268] Serial: 8250/16550 driver, 4 ports, IRQ sharing enabled
[    1.292713] 00:04: ttyS0 at I/O 0x3f8 (irq = 4, base_baud = 115200) is a 16550A
[    1.356509] brd: module loaded
[    1.359115] i8042: PNP: PS/2 Controller [PNP0303:KBD,PNP0f13:MOU] at 0x60,0x64 irq 1,12
[    1.365630] serio: i8042 KBD port at 0x60,0x64 irq 1
[    1.365921] serio: i8042 AUX port at 0x60,0x64 irq 12
[    1.367713] rtc_cmos 00:05: RTC can wake from S4
[    1.373186] input: AT Translated Set 2 keyboard as /devices/platform/i8042/serio0/input/input1
[    1.377077] rtc_cmos 00:05: registered as rtc0
[    1.377653] rtc_cmos 00:05: setting system clock to 2026-09-10T01:11:15 UTC (1789002675)
[    1.379090] rtc_cmos 00:05: alarms up to one day, y3k, 242 bytes nvram, hpet irqs
[    1.379557] amd_pstate: the _CPC object is not present in SBIOS or ACPI disabled
[    1.389066] gre: GRE over IPv4 demultiplexor driver
[    1.389849] NET: Registered PF_INET6 protocol family
[    1.477509] Freeing initrd memory: 5924K
[    1.587837] Segment Routing with IPv6
[    1.588213] In-situ OAM (IOAM) with IPv6
[    1.588733] can: controller area network core
[    1.589131] NET: Registered PF_CAN protocol family
[    1.589683] Key type dns_resolver registered
[    1.592497] IPI shorthand broadcast: enabled
[    1.656313] sched_clock: Marking stable (1607789841, 45598382)->(1656668684, -3280461)
[    1.659372] registered taskstats version 1
[    1.661288] Loading compiled-in X.509 certificates
[    1.686399] Loaded X.509 cert 'alpinelinux.org: Alpine Linux kernel key: d76a695f66ad9cd28f5c22a8508f36e91f521f7a'
[    1.700632] Key type .fscrypt registered
[    1.700767] Key type fscrypt-provisioning registered
[    1.705235] clk: Disabling unused clocks
[    1.794725] Freeing unused kernel image (initmem) memory: 3516K
[    1.795184] Write protecting the kernel read-only data: 20480k
[    1.796795] Freeing unused kernel image (rodata/data gap) memory: 1092K
[    1.797226] Run /init as init process
[net] loading virtio-net modules ...
[net]   + drivers/virtio/virtio.ko
[net]   + drivers/virtio/virtio_ring.ko
[net]   + drivers/virtio/virtio_pci_modern_dev.ko
[net]   + drivers/virtio/virtio_pci_legacy_dev.ko
[    1.941726] ACPI: \_SB_.LNKC: Enabled at IRQ 11
[net]   + drivers/virtio/virtio_pci.ko
[net]   + net/core/failover.ko
[net]   + drivers/net/net_failover.ko
[net]   + drivers/net/virtio_net.ko
[net] eth0 up: 10.0.2.15, gw 10.0.2.2, DNS 10.0.2.3
[net] apk: apk-tools 2.14.4, compiled for x86_64.

==================================================
  MINI LINUX BOOTED OK
  kernel : 6.6.134-0-lts / x86_64
  host   : mini-linux
==================================================

Mini Linux shell. Type "poweroff -f" to shut down.
sh: can't access tty; job control turned off
mini-linux:/#[6n[    2.139992] tsc: Refined TSC clocksource calibration: 1000.000 MHz
[    2.140729] clocksource: tsc: mask: 0xffffffffffffffff max_cycles: 0x1cd42e4dffb, max_idle_ns: 881590591483 ns
[    2.141217] clocksource: Switched to clocksource tsc
ls -la /lib/apk/db/
total 0
drwxr-xr-x    2 501      20              60 Sep 10 01:08 [1;34m.[m
drwxr-xr-x    3 501      20              60 Sep 10 01:05 [1;34m..[m
-rw-r--r--    1 501      20               0 Sep 10 01:08 [0;0minstalled[m
mini-linux:/#[6napk -v update
ERROR: Failed to open apk database: No such file or directory
mini-linux:/#[6npoweroff -f
[   34.469486] ACPI: PM: Preparing to enter system sleep state S5
[   34.470461] reboot: Power down
