c[?7l[2J[0mSeaBIOS (version rel-1.16.3-0-ga6ed6b701f0a-prebuilt.qemu.org)


iPXE (http://ipxe.org) 00:03.0 CA00 PCI2.10 PnP PMM+1EFD0D90+1EF30D90 CA00
Press Ctrl-B to configure iPXE (PCI 00:03.0)...                                                                               


Booting from ROM...
Probing EDD (edd=off to disable)... oc[?7l[2J[    0.000000] Linux version 6.6.134-0-lts (buildozer@build-3-20-x86_64) (gcc (Alpine 13.2.1_git20240309) 13.2.1 20240309, GNU ld (GNU Binutils) 2.42) #1-Alpine SMP PREEMPT_DYNAMIC 2026-04-11 17:03:51
[    0.000000] Command line: console=ttyS0
[    0.000000] BIOS-provided physical RAM map:
[    0.000000] BIOS-e820: [mem 0x0000000000000000-0x000000000009fbff] usable
[    0.000000] BIOS-e820: [mem 0x000000000009fc00-0x000000000009ffff] reserved
[    0.000000] BIOS-e820: [mem 0x00000000000f0000-0x00000000000fffff] reserved
[    0.000000] BIOS-e820: [mem 0x0000000000100000-0x000000001ffdffff] usable
[    0.000000] BIOS-e820: [mem 0x000000001ffe0000-0x000000001fffffff] reserved
[    0.000000] BIOS-e820: [mem 0x00000000fffc0000-0x00000000ffffffff] reserved
[    0.000000] BIOS-e820: [mem 0x000000fd00000000-0x000000ffffffffff] reserved
[    0.000000] NX (Execute Disable) protection: active
[    0.000000] APIC: Static calls initialized
[    0.000000] SMBIOS 2.8 present.
[    0.000000] DMI: QEMU Standard PC (i440FX + PIIX, 1996), BIOS rel-1.16.3-0-ga6ed6b701f0a-prebuilt.qemu.org 04/01/2014
[    0.000000] tsc: Fast TSC calibration using PIT
[    0.000000] tsc: Detected 1000.054 MHz processor
[    0.018258] AGP: No AGP bridge found
[    0.018623] last_pfn = 0x1ffe0 max_arch_pfn = 0x400000000
[    0.019410] MTRR map: 4 entries (3 fixed + 1 variable; max 19), built from 8 variable MTRRs
[    0.019615] x86/PAT: Configuration [0-7]: WB  WC  UC- UC  WB  WP  UC- WT  
[    0.053802] found SMP MP-table at [mem 0x000f5480-0x000f548f]
[    0.059611] RAMDISK: [mem 0x1fa17000-0x1ffdffff]
[    0.060057] ACPI: Early table checksum verification disabled
[    0.060430] ACPI: RSDP 0x00000000000F52A0 000014 (v00 BOCHS )
[    0.060709] ACPI: RSDT 0x000000001FFE2335 000034 (v01 BOCHS  BXPC     00000001 BXPC 00000001)
[    0.061228] ACPI: FACP 0x000000001FFE21E9 000074 (v01 BOCHS  BXPC     00000001 BXPC 00000001)
[    0.061772] ACPI: DSDT 0x000000001FFE0040 0021A9 (v01 BOCHS  BXPC     00000001 BXPC 00000001)
[    0.061850] ACPI: FACS 0x000000001FFE0000 000040
[    0.061914] ACPI: APIC 0x000000001FFE225D 000078 (v03 BOCHS  BXPC     00000001 BXPC 00000001)
[    0.061957] ACPI: HPET 0x000000001FFE22D5 000038 (v01 BOCHS  BXPC     00000001 BXPC 00000001)
[    0.061987] ACPI: WAET 0x000000001FFE230D 000028 (v01 BOCHS  BXPC     00000001 BXPC 00000001)
[    0.062096] ACPI: Reserving FACP table memory at [mem 0x1ffe21e9-0x1ffe225c]
[    0.062123] ACPI: Reserving DSDT table memory at [mem 0x1ffe0040-0x1ffe21e8]
[    0.062132] ACPI: Reserving FACS table memory at [mem 0x1ffe0000-0x1ffe003f]
[    0.062139] ACPI: Reserving APIC table memory at [mem 0x1ffe225d-0x1ffe22d4]
[    0.062145] ACPI: Reserving HPET table memory at [mem 0x1ffe22d5-0x1ffe230c]
[    0.062152] ACPI: Reserving WAET table memory at [mem 0x1ffe230d-0x1ffe2334]
[    0.064326] No NUMA configuration found
[    0.064343] Faking a node at [mem 0x0000000000000000-0x000000001ffdffff]
[    0.064976] NODE_DATA(0) allocated [mem 0x1fa11000-0x1fa16fff]
[    0.068112] Zone ranges:
[    0.068153]   DMA      [mem 0x0000000000001000-0x0000000000ffffff]
[    0.068238]   DMA32    [mem 0x0000000001000000-0x000000001ffdffff]
[    0.068251]   Normal   empty
[    0.068273]   Device   empty
[    0.068289] Movable zone start for each node
[    0.068325] Early memory node ranges
[    0.068353]   node   0: [mem 0x0000000000001000-0x000000000009efff]
[    0.068592]   node   0: [mem 0x0000000000100000-0x000000001ffdffff]
[    0.068835] Initmem setup node 0 [mem 0x0000000000001000-0x000000001ffdffff]
[    0.069829] On node 0, zone DMA: 1 pages in unavailable ranges
[    0.070050] On node 0, zone DMA: 97 pages in unavailable ranges
[    0.072500] On node 0, zone DMA32: 32 pages in unavailable ranges
[    0.073014] ACPI: PM-Timer IO Port: 0x608
[    0.073432] ACPI: LAPIC_NMI (acpi_id[0xff] dfl dfl lint[0x1])
[    0.073813] IOAPIC[0]: apic_id 0, version 32, address 0xfec00000, GSI 0-23
[    0.073933] ACPI: INT_SRC_OVR (bus 0 bus_irq 0 global_irq 2 dfl dfl)
[    0.074218] ACPI: INT_SRC_OVR (bus 0 bus_irq 5 global_irq 5 high level)
[    0.074268] ACPI: INT_SRC_OVR (bus 0 bus_irq 9 global_irq 9 high level)
[    0.074378] ACPI: INT_SRC_OVR (bus 0 bus_irq 10 global_irq 10 high level)
[    0.074389] ACPI: INT_SRC_OVR (bus 0 bus_irq 11 global_irq 11 high level)
[    0.074622] ACPI: Using ACPI (MADT) for SMP configuration information
[    0.074675] ACPI: HPET id: 0x8086a201 base: 0xfed00000
[    0.075021] smpboot: Allowing 1 CPUs, 0 hotplug CPUs
[    0.076001] PM: hibernation: Registered nosave memory: [mem 0x00000000-0x00000fff]
[    0.076048] PM: hibernation: Registered nosave memory: [mem 0x0009f000-0x000fffff]
[    0.076229] [mem 0x20000000-0xfffbffff] available for PCI devices
[    0.076273] Booting paravirtualized kernel on bare hardware
[    0.076590] clocksource: refined-jiffies: mask: 0xffffffff max_cycles: 0xffffffff, max_idle_ns: 6370452778343963 ns
[    0.086384] setup_percpu: NR_CPUS:256 nr_cpumask_bits:1 nr_cpu_ids:1 nr_node_ids:1
[    0.088102] percpu: Embedded 58 pages/cpu s198184 r8192 d31192 u2097152
[    0.090100] Kernel command line: console=ttyS0
[    0.091326] Dentry cache hash table entries: 65536 (order: 7, 524288 bytes, linear)
[    0.091476] Inode-cache hash table entries: 32768 (order: 6, 262144 bytes, linear)
[    0.094014] Fallback order for Node 0: 0 
[    0.094367] Built 1 zonelists, mobility grouping on.  Total pages: 128736
[    0.094386] Policy zone: DMA32
[    0.105618] mem auto-init: stack:all(zero), heap alloc:on, heap free:off
[    0.105829] AGP: Checking aperture...
[    0.108029] AGP: No AGP bridge found
[    0.114005] Memory: 470480K/523768K available (14336K kernel code, 1950K rwdata, 5052K rodata, 3516K init, 4724K bss, 53028K reserved, 0K cma-reserved)
[    0.152155] SLUB: HWalign=64, Order=0-3, MinObjects=0, CPUs=1, Nodes=1
[    0.152262] kmemleak: Kernel memory leak detector disabled
[    0.154751] ftrace: allocating 41322 entries in 162 pages
[    0.191652] ftrace: allocated 162 pages with 3 groups
[    0.200713] Dynamic Preempt: voluntary
[    0.204033] rcu: Preemptible hierarchical RCU implementation.
[    0.204071] rcu: 	RCU restricting CPUs from NR_CPUS=256 to nr_cpu_ids=1.
[    0.204240] 	Trampoline variant of Tasks RCU enabled.
[    0.204253] 	Rude variant of Tasks RCU enabled.
[    0.204266] 	Tracing variant of Tasks RCU enabled.
[    0.204343] rcu: RCU calculated value of scheduler-enlistment delay is 30 jiffies.
[    0.204370] rcu: Adjusting geometry for rcu_fanout_leaf=16, nr_cpu_ids=1
[    0.232601] NR_IRQS: 16640, nr_irqs: 256, preallocated irqs: 16
[    0.240962] rcu: srcu_init: Setting srcu_struct sizes based on contention.
[    0.246034] kfence: initialized - using 2097152 bytes for 255 objects at 0x(____ptrval____)-0x(____ptrval____)
[    0.250819] Console: colour VGA+ 80x25
[    0.252379] printk: console [ttyS0] enabled
[    0.272756] ACPI: Core revision 20230628
[    0.277576] clocksource: hpet: mask: 0xffffffff max_cycles: 0xffffffff, max_idle_ns: 19112604467 ns
[    0.282019] APIC: Switch to symmetric I/O mode setup
[    0.286939] ..TIMER: vector=0x30 apic1=0 pin1=2 apic2=-1 pin2=-1
[    0.303542] clocksource: tsc-early: mask: 0xffffffffffffffff max_cycles: 0xe6a4a159b8, max_idle_ns: 440795207445 ns
[    0.304177] Calibrating delay loop (skipped), value calculated using timer frequency.. 2000.44 BogoMIPS (lpj=3333513)
[    0.307472] process: using AMD E400 aware idle routine
[    0.307795] Last level iTLB entries: 4KB 512, 2MB 255, 4MB 127
[    0.307945] Last level dTLB entries: 4KB 512, 2MB 255, 4MB 127, 1GB 0
[    0.308356] Spectre V1 : Mitigation: usercopy/swapgs barriers and __user pointer sanitization
[    0.308683] Spectre V2 : Mitigation: Retpolines
[    0.308825] Spectre V2 : Spectre v2 / SpectreRSB: Filling RSB on context switch and VMEXIT
[    0.312082] x86/fpu: x87 FPU will use FXSAVE
[    0.615250] Freeing SMP alternatives memory: 36K
[    0.616220] pid_max: default: 32768 minimum: 301
[    0.628088] LSM: initializing lsm=lockdown,capability,landlock,yama
[    0.631865] landlock: Up and running.
[    0.631979] Yama: becoming mindful.
[    0.636836] Mount-cache hash table entries: 1024 (order: 1, 8192 bytes, linear)
[    0.637173] Mountpoint-cache hash table entries: 1024 (order: 1, 8192 bytes, linear)
[    0.769772] smpboot: CPU0: AMD QEMU Virtual CPU version 2.5+ (family: 0xf, model: 0x6b, stepping: 0x1)
[    0.775946] RCU Tasks: Setting shift to 0 and lim to 1 rcu_task_cb_adjust=1 rcu_task_cpu_ids=1.
[    0.776517] RCU Tasks Rude: Setting shift to 0 and lim to 1 rcu_task_cb_adjust=1 rcu_task_cpu_ids=1.
[    0.776864] RCU Tasks Trace: Setting shift to 0 and lim to 1 rcu_task_cb_adjust=1 rcu_task_cpu_ids=1.
[    0.777315] Performance Events: PMU not available due to virtualization, using software events only.
[    0.777912] signal: max sigframe size: 1440
[    0.779218] rcu: Hierarchical SRCU implementation.
[    0.779362] rcu: 	Max phase no-delay instances is 1000.
[    0.787889] NMI watchdog: Perf NMI watchdog permanently disabled
[    0.788912] smp: Bringing up secondary CPUs ...
[    0.791905] smp: Brought up 1 node, 1 CPU
[    0.792048] smpboot: Max logical packages: 1
[    0.792235] ----------------
[    0.792322] | NMI testsuite:
[    0.792398] --------------------
[    0.792480]   remote IPI:  ok  |
[    0.792672]    local IPI:  ok  |
[    0.793490] --------------------
[    0.793574] Good, all   2 testcases passed! |
[    0.793697] ---------------------------------
[    0.793849] smpboot: Total of 1 processors activated (2000.44 BogoMIPS)
[    0.806332] devtmpfs: initialized
[    0.810450] x86/mm: Memory block size: 128MB
[    0.815979] clocksource: jiffies: mask: 0xffffffff max_cycles: 0xffffffff, max_idle_ns: 6370867519511994 ns
[    0.817447] futex hash table entries: 256 (order: 2, 16384 bytes, linear)
[    0.820374] pinctrl core: initialized pinctrl subsystem
[    0.835034] NET: Registered PF_NETLINK/PF_ROUTE protocol family
[    0.837829] audit: initializing netlink subsys (disabled)
[    0.839530] audit: type=2000 audit(1789002206.556:1): state=initialized audit_enabled=0 res=1
[    0.844473] thermal_sys: Registered thermal governor 'fair_share'
[    0.844510] thermal_sys: Registered thermal governor 'bang_bang'
[    0.844664] thermal_sys: Registered thermal governor 'step_wise'
[    0.844803] thermal_sys: Registered thermal governor 'user_space'
[    0.845237] cpuidle: using governor ladder
[    0.845568] cpuidle: using governor menu
[    0.847320] acpiphp: ACPI Hot Plug PCI Controller Driver version: 0.5
[    0.851128] PCI: Using configuration type 1 for base access
[    0.853987] kprobes: kprobe jump-optimization is enabled. All kprobes are optimized if possible.
[    0.921472] HugeTLB: registered 2.00 MiB page size, pre-allocated 0 pages
[    0.921717] HugeTLB: 28 KiB vmemmap can be freed for a 2.00 MiB page
[    0.940682] ACPI: Added _OSI(Module Device)
[    0.940862] ACPI: Added _OSI(Processor Device)
[    0.940985] ACPI: Added _OSI(Processor Aggregator Device)
[    0.953519] ACPI: 1 ACPI AML tables successfully acquired and loaded
[    0.966109] ACPI: _OSC evaluation for CPUs failed, trying _PDC
[    0.967675] ACPI: Interpreter enabled
[    0.968690] ACPI: PM: (supports S0 S3 S4 S5)
[    0.968844] ACPI: Using IOAPIC for interrupt routing
[    0.969404] PCI: Using host bridge windows from ACPI; if necessary, use "pci=nocrs" and report a bug
[    0.969653] PCI: Using E820 reservations for host bridge windows
[    0.971055] ACPI: Enabled 2 GPEs in block 00 to 0F
[    0.997440] ACPI: PCI Root Bridge [PCI0] (domain 0000 [bus 00-ff])
[    0.998240] acpi PNP0A03:00: _OSC: OS supports [ASPM ClockPM Segments MSI HPX-Type3]
[    0.998576] acpi PNP0A03:00: _OSC: not requesting OS control; OS requires [ExtendedConfig ASPM ClockPM MSI]
[    0.999346] acpi PNP0A03:00: fail to add MMCONFIG information, can't access extended configuration space under this bridge
[    1.005321] acpiphp: Slot [3] registered
[    1.005515] acpiphp: Slot [4] registered
[    1.005681] acpiphp: Slot [5] registered
[    1.005852] acpiphp: Slot [6] registered
[    1.006004] acpiphp: Slot [7] registered
[    1.006154] acpiphp: Slot [8] registered
[    1.006304] acpiphp: Slot [9] registered
[    1.006467] acpiphp: Slot [10] registered
[    1.006620] acpiphp: Slot [11] registered
[    1.006771] acpiphp: Slot [12] registered
[    1.006921] acpiphp: Slot [13] registered
[    1.007117] acpiphp: Slot [14] registered
[    1.007279] acpiphp: Slot [15] registered
[    1.007320] acpiphp: Slot [16] registered
[    1.007320] acpiphp: Slot [17] registered
[    1.007403] acpiphp: Slot [18] registered
[    1.007585] acpiphp: Slot [19] registered
[    1.007744] acpiphp: Slot [20] registered
[    1.007899] acpiphp: Slot [21] registered
[    1.008054] acpiphp: Slot [22] registered
[    1.008207] acpiphp: Slot [23] registered
[    1.008378] acpiphp: Slot [24] registered
[    1.008532] acpiphp: Slot [25] registered
[    1.008685] acpiphp: Slot [26] registered
[    1.008839] acpiphp: Slot [27] registered
[    1.008991] acpiphp: Slot [28] registered
[    1.009143] acpiphp: Slot [29] registered
[    1.009295] acpiphp: Slot [30] registered
[    1.009462] acpiphp: Slot [31] registered
[    1.009772] PCI host bridge to bus 0000:00
[    1.010910] pci_bus 0000:00: root bus resource [io  0x0000-0x0cf7 window]
[    1.011178] pci_bus 0000:00: root bus resource [io  0x0d00-0xffff window]
[    1.011343] pci_bus 0000:00: root bus resource [mem 0x000a0000-0x000bffff window]
[    1.011554] pci_bus 0000:00: root bus resource [mem 0x20000000-0xfebfffff window]
[    1.011733] pci_bus 0000:00: root bus resource [mem 0x100000000-0x17fffffff window]
[    1.012028] pci_bus 0000:00: root bus resource [bus 00-ff]
[    1.013327] pci 0000:00:00.0: [8086:1237] type 00 class 0x060000
[    1.017923] pci 0000:00:01.0: [8086:7000] type 00 class 0x060100
[    1.018592] pci 0000:00:01.1: [8086:7010] type 00 class 0x010180
[    1.019783] pci 0000:00:01.1: BAR 4 [io  0xc020-0xc02f]
[    1.020223] pci 0000:00:01.1: BAR 0 [io  0x01f0-0x01f7]: legacy IDE quirk
[    1.020405] pci 0000:00:01.1: BAR 1 [io  0x03f6]: legacy IDE quirk
[    1.020582] pci 0000:00:01.1: BAR 2 [io  0x0170-0x0177]: legacy IDE quirk
[    1.020654] pci 0000:00:01.1: BAR 3 [io  0x0376]: legacy IDE quirk
[    1.021076] pci 0000:00:01.3: [8086:7113] type 00 class 0x068000
[    1.021483] pci 0000:00:01.3: quirk: [io  0x0600-0x063f] claimed by PIIX4 ACPI
[    1.021678] pci 0000:00:01.3: quirk: [io  0x0700-0x070f] claimed by PIIX4 SMB
[    1.022269] pci 0000:00:02.0: [1234:1111] type 00 class 0x030000
[    1.022660] pci 0000:00:02.0: BAR 0 [mem 0xfd000000-0xfdffffff pref]
[    1.023593] pci 0000:00:02.0: BAR 2 [mem 0xfebd0000-0xfebd0fff]
[    1.025111] pci 0000:00:02.0: ROM [mem 0xfebc0000-0xfebcffff pref]
[    1.025511] pci 0000:00:02.0: Video device with shadowed ROM at [mem 0x000c0000-0x000dffff]
[    1.026335] pci 0000:00:03.0: [1af4:1000] type 00 class 0x020000
[    1.026864] pci 0000:00:03.0: BAR 0 [io  0xc000-0xc01f]
[    1.027828] pci 0000:00:03.0: BAR 1 [mem 0xfebd1000-0xfebd1fff]
[    1.029188] pci 0000:00:03.0: BAR 4 [mem 0xfe000000-0xfe003fff 64bit pref]
[    1.029783] pci 0000:00:03.0: ROM [mem 0xfeb80000-0xfebbffff pref]
[    1.037573] ACPI: PCI: Interrupt link LNKA configured for IRQ 10
[    1.038382] ACPI: PCI: Interrupt link LNKB configured for IRQ 10
[    1.038823] ACPI: PCI: Interrupt link LNKC configured for IRQ 11
[    1.039249] ACPI: PCI: Interrupt link LNKD configured for IRQ 11
[    1.039525] ACPI: PCI: Interrupt link LNKS configured for IRQ 9
[    1.043062] iommu: Default domain type: Translated
[    1.044032] iommu: DMA domain TLB invalidation policy: lazy mode
[    1.045911] pps_core: LinuxPPS API ver. 1 registered
[    1.046051] pps_core: Software ver. 5.3.6 - Copyright 2005-2007 Rodolfo Giometti <giometti@linux.it>
[    1.046310] PTP clock support registered
[    1.047179] EDAC MC: Ver: 3.0.0
[    1.055915] PCI: Using ACPI for IRQ routing
[    1.059352] pci 0000:00:02.0: vgaarb: setting as boot VGA device
[    1.059529] pci 0000:00:02.0: vgaarb: bridge control possible
[    1.059700] pci 0000:00:02.0: vgaarb: VGA device added: decodes=io+mem,owns=io+mem,locks=none
[    1.060675] vgaarb: loaded
[    1.062167] hpet: 3 channels of 0 reserved for per-cpu timers
[    1.062529] hpet0: at MMIO 0xfed00000, IRQs 2, 8, 0
[    1.062713] hpet0: 3 comparators, 64-bit 100.000000 MHz counter
[    1.067707] clocksource: Switched to clocksource tsc-early
[    1.076545] VFS: Disk quotas dquot_6.6.0
[    1.076646] VFS: Dquot-cache hash table entries: 512 (order 0, 4096 bytes)
[    1.080878] pnp: PnP ACPI init
[    1.084819] pnp: PnP ACPI: found 6 devices
[    1.101245] clocksource: acpi_pm: mask: 0xffffff max_cycles: 0xffffff, max_idle_ns: 2085701024 ns
[    1.102660] NET: Registered PF_INET protocol family
[    1.103938] IP idents hash table entries: 8192 (order: 4, 65536 bytes, linear)
[    1.109453] tcp_listen_portaddr_hash hash table entries: 256 (order: 0, 4096 bytes, linear)
[    1.109806] Table-perturb hash table entries: 65536 (order: 6, 262144 bytes, linear)
[    1.110130] TCP established hash table entries: 4096 (order: 3, 32768 bytes, linear)
[    1.110965] TCP bind hash table entries: 4096 (order: 5, 131072 bytes, linear)
[    1.111272] TCP: Hash tables configured (established 4096 bind 4096)
[    1.113067] MPTCP token hash table entries: 512 (order: 2, 12288 bytes, linear)
[    1.113843] UDP hash table entries: 256 (order: 1, 8192 bytes, linear)
[    1.114300] UDP-Lite hash table entries: 256 (order: 1, 8192 bytes, linear)
[    1.115859] NET: Registered PF_UNIX/PF_LOCAL protocol family
[    1.116388] NET: Registered PF_XDP protocol family
[    1.117369] pci_bus 0000:00: resource 4 [io  0x0000-0x0cf7 window]
[    1.117542] pci_bus 0000:00: resource 5 [io  0x0d00-0xffff window]
[    1.117696] pci_bus 0000:00: resource 6 [mem 0x000a0000-0x000bffff window]
[    1.117867] pci_bus 0000:00: resource 7 [mem 0x20000000-0xfebfffff window]
[    1.118035] pci_bus 0000:00: resource 8 [mem 0x100000000-0x17fffffff window]
[    1.118949] pci 0000:00:01.0: PIIX3: Enabling Passive Release
[    1.119153] pci 0000:00:00.0: Limiting direct PCI/PCI transfers
[    1.119368] PCI: CLS 0 bytes, default 64
[    1.126341] Initialise system trusted keyrings
[    1.130599] Trying to unpack rootfs image as initramfs...
[    1.135343] workingset: timestamp_bits=40 max_order=17 bucket_order=0
[    1.135679] zbud: loaded
[    1.206128] jitterentropy: Initialization failed with host not compliant with requirements: 2
[    1.264527] Key type asymmetric registered
[    1.264822] Asymmetric key parser 'x509' registered
[    1.267120] Block layer SCSI generic (bsg) driver version 0.4 loaded (major 246)
[    1.267750] io scheduler mq-deadline registered
[    1.267901] io scheduler kyber registered
[    1.268261] io scheduler bfq registered
[    1.276103] shpchp: Standard Hot Plug PCI Controller Driver version: 0.4
[    1.278725] ERST DBG: ERST support is disabled.
[    1.285222] Serial: 8250/16550 driver, 4 ports, IRQ sharing enabled
[    1.292588] 00:04: ttyS0 at I/O 0x3f8 (irq = 4, base_baud = 115200) is a 16550A
[    1.355223] brd: module loaded
[    1.356748] i8042: PNP: PS/2 Controller [PNP0303:KBD,PNP0f13:MOU] at 0x60,0x64 irq 1,12
[    1.362909] serio: i8042 KBD port at 0x60,0x64 irq 1
[    1.363150] serio: i8042 AUX port at 0x60,0x64 irq 12
[    1.370777] rtc_cmos 00:05: RTC can wake from S4
[    1.378154] input: AT Translated Set 2 keyboard as /devices/platform/i8042/serio0/input/input0
[    1.379836] rtc_cmos 00:05: registered as rtc0
[    1.381968] rtc_cmos 00:05: setting system clock to 2026-09-10T01:03:27 UTC (1789002207)
[    1.384521] rtc_cmos 00:05: alarms up to one day, y3k, 242 bytes nvram, hpet irqs
[    1.384928] amd_pstate: the _CPC object is not present in SBIOS or ACPI disabled
[    1.389814] gre: GRE over IPv4 demultiplexor driver
[    1.390834] NET: Registered PF_INET6 protocol family
[    1.471358] Freeing initrd memory: 5924K
[    1.586320] Segment Routing with IPv6
[    1.586708] In-situ OAM (IOAM) with IPv6
[    1.587511] can: controller area network core
[    1.587969] NET: Registered PF_CAN protocol family
[    1.588444] Key type dns_resolver registered
[    1.591025] IPI shorthand broadcast: enabled
[    1.657442] sched_clock: Marking stable (1617821838, 39204290)->(1659734374, -2708246)
[    1.660588] registered taskstats version 1
[    1.661907] Loading compiled-in X.509 certificates
[    1.687908] Loaded X.509 cert 'alpinelinux.org: Alpine Linux kernel key: d76a695f66ad9cd28f5c22a8508f36e91f521f7a'
[    1.702551] Key type .fscrypt registered
[    1.702716] Key type fscrypt-provisioning registered
[    1.707044] clk: Disabling unused clocks
[    1.798457] Freeing unused kernel image (initmem) memory: 3516K
[    1.798967] Write protecting the kernel read-only data: 20480k
[    1.800668] Freeing unused kernel image (rodata/data gap) memory: 1092K
[    1.801121] Run /init as init process
[net] loading virtio-net modules ...
[net]   + drivers/virtio/virtio.ko
[net]   + drivers/virtio/virtio_ring.ko
[net]   + drivers/virtio/virtio_pci_modern_dev.ko
[net]   + drivers/virtio/virtio_pci_legacy_dev.ko
[    1.943884] ACPI: \_SB_.LNKC: Enabled at IRQ 11
[net]   + drivers/virtio/virtio_pci.ko
[    1.958808] net_failover: Unknown symbol failover_unregister (err -2)
[    1.959043] net_failover: Unknown symbol failover_slave_unregister (err -2)
[    1.959289] net_failover: Unknown symbol failover_register (err -2)
[net]   - drivers/net/net_failover.ko (dup/err)
[net]   + net/core/failover.ko
[    1.994470] virtio_net: Unknown symbol net_failover_destroy (err -2)
[    1.995174] virtio_net: Unknown symbol net_failover_create (err -2)
[net]   - drivers/net/virtio_net.ko (dup/err)
[net] eth0 not found - network skipped

==================================================
  MINI LINUX BOOTED OK
  kernel : 6.6.134-0-lts / x86_64
  host   : mini-linux
==================================================

Mini Linux shell. Type "poweroff -f" to shut down.
sh: can't access tty; job control turned off
mini-linux:/#[6n[    2.155164] tsc: Refined TSC clocksource calibration: 1000.000 MHz
[    2.156019] clocksource: tsc: mask: 0xffffffffffffffff max_cycles: 0x1cd42e4dffb, max_idle_ns: 881590591483 ns
[    2.156814] clocksource: Switched to clocksource tsc
apk --version
apk-tools 2.14.4, compiled for x86_64.
mini-linux:/#[6nifconfig eth0
ifconfig: eth0: error fetching interface information: Device not found
mini-linux:/#[6napk update
ERROR: Unable to lock database: No such file or directory
ERROR: Failed to open apk database: No such file or directory
mini-linux:/#[6napk add --no-cache hello
ERROR: Unable to lock database: No such file or directory
ERROR: Failed to open apk database: No such file or directory
mini-linux:/#[6nhello
sh: hello: not found
mini-linux:/#[6npoweroff -f
[   76.504682] ACPI: PM: Preparing to enter system sleep state S5
[   76.505900] reboot: Power down
