c[?7l[2J[0mSeaBIOS (version rel-1.16.3-0-ga6ed6b701f0a-prebuilt.qemu.org)


iPXE (http://ipxe.org) 00:03.0 CA00 PCI2.10 PnP PMM+1EFD0D90+1EF30D90 CA00
Press Ctrl-B to configure iPXE (PCI 00:03.0)...                                                                               


Booting from ROM...
Probing EDD (edd=off to disable)... oc[?7l[2J[    0.000000] Linux version 6.6.134-0-lts (buildozer@build-3-20-x86_64) (gcc (Alpine 13.2.1_git20240309) 13.2.1 20240309, GNU ld (GNU Binutils) 2.42) #1-Alpine SMP PREEMPT_DYNAMIC 2026-04-11 17:03:51
[    0.000000] Command line: console=ttyS0
[    0.000000] BIOS-provided physical RAM map:
[    0.000000] BIOS-e820: [mem 0x0000000000000000-0x000000000009fbff] usable
[    0.000000] BIOS-e820: [mem 0x000000000009fc00-0x000000000009ffff] reserved
[    0.000000] BIOS-e820: [mem 0x00000000000f0000-0x00000000000fffff] reserved
[    0.000000] BIOS-e820: [mem 0x0000000000100000-0x000000001ffdffff] usable
[    0.000000] BIOS-e820: [mem 0x000000001ffe0000-0x000000001fffffff] reserved
[    0.000000] BIOS-e820: [mem 0x00000000fffc0000-0x00000000ffffffff] reserved
[    0.000000] BIOS-e820: [mem 0x000000fd00000000-0x000000ffffffffff] reserved
[    0.000000] NX (Execute Disable) protection: active
[    0.000000] APIC: Static calls initialized
[    0.000000] SMBIOS 2.8 present.
[    0.000000] DMI: QEMU Standard PC (i440FX + PIIX, 1996), BIOS rel-1.16.3-0-ga6ed6b701f0a-prebuilt.qemu.org 04/01/2014
[    0.000000] tsc: Fast TSC calibration using PIT
[    0.000000] tsc: Detected 1000.174 MHz processor
[    0.018461] AGP: No AGP bridge found
[    0.018868] last_pfn = 0x1ffe0 max_arch_pfn = 0x400000000
[    0.019737] MTRR map: 4 entries (3 fixed + 1 variable; max 19), built from 8 variable MTRRs
[    0.019953] x86/PAT: Configuration [0-7]: WB  WC  UC- UC  WB  WP  UC- WT  
[    0.055723] found SMP MP-table at [mem 0x000f5480-0x000f548f]
[    0.061255] RAMDISK: [mem 0x1fb7f000-0x1ffdffff]
[    0.061696] ACPI: Early table checksum verification disabled
[    0.062257] ACPI: RSDP 0x00000000000F52A0 000014 (v00 BOCHS )
[    0.062596] ACPI: RSDT 0x000000001FFE2335 000034 (v01 BOCHS  BXPC     00000001 BXPC 00000001)
[    0.063167] ACPI: FACP 0x000000001FFE21E9 000074 (v01 BOCHS  BXPC     00000001 BXPC 00000001)
[    0.063733] ACPI: DSDT 0x000000001FFE0040 0021A9 (v01 BOCHS  BXPC     00000001 BXPC 00000001)
[    0.063818] ACPI: FACS 0x000000001FFE0000 000040
[    0.063884] ACPI: APIC 0x000000001FFE225D 000078 (v03 BOCHS  BXPC     00000001 BXPC 00000001)
[    0.063929] ACPI: HPET 0x000000001FFE22D5 000038 (v01 BOCHS  BXPC     00000001 BXPC 00000001)
[    0.063957] ACPI: WAET 0x000000001FFE230D 000028 (v01 BOCHS  BXPC     00000001 BXPC 00000001)
[    0.064073] ACPI: Reserving FACP table memory at [mem 0x1ffe21e9-0x1ffe225c]
[    0.064105] ACPI: Reserving DSDT table memory at [mem 0x1ffe0040-0x1ffe21e8]
[    0.064114] ACPI: Reserving FACS table memory at [mem 0x1ffe0000-0x1ffe003f]
[    0.064120] ACPI: Reserving APIC table memory at [mem 0x1ffe225d-0x1ffe22d4]
[    0.064127] ACPI: Reserving HPET table memory at [mem 0x1ffe22d5-0x1ffe230c]
[    0.064133] ACPI: Reserving WAET table memory at [mem 0x1ffe230d-0x1ffe2334]
[    0.066377] No NUMA configuration found
[    0.066396] Faking a node at [mem 0x0000000000000000-0x000000001ffdffff]
[    0.067077] NODE_DATA(0) allocated [mem 0x1fb79000-0x1fb7efff]
[    0.069808] Zone ranges:
[    0.069834]   DMA      [mem 0x0000000000001000-0x0000000000ffffff]
[    0.069903]   DMA32    [mem 0x0000000001000000-0x000000001ffdffff]
[    0.069916]   Normal   empty
[    0.069936]   Device   empty
[    0.069952] Movable zone start for each node
[    0.069987] Early memory node ranges
[    0.070015]   node   0: [mem 0x0000000000001000-0x000000000009efff]
[    0.070188]   node   0: [mem 0x0000000000100000-0x000000001ffdffff]
[    0.070416] Initmem setup node 0 [mem 0x0000000000001000-0x000000001ffdffff]
[    0.071386] On node 0, zone DMA: 1 pages in unavailable ranges
[    0.071605] On node 0, zone DMA: 97 pages in unavailable ranges
[    0.074079] On node 0, zone DMA32: 32 pages in unavailable ranges
[    0.074600] ACPI: PM-Timer IO Port: 0x608
[    0.075006] ACPI: LAPIC_NMI (acpi_id[0xff] dfl dfl lint[0x1])
[    0.075363] IOAPIC[0]: apic_id 0, version 32, address 0xfec00000, GSI 0-23
[    0.075484] ACPI: INT_SRC_OVR (bus 0 bus_irq 0 global_irq 2 dfl dfl)
[    0.075769] ACPI: INT_SRC_OVR (bus 0 bus_irq 5 global_irq 5 high level)
[    0.075819] ACPI: INT_SRC_OVR (bus 0 bus_irq 9 global_irq 9 high level)
[    0.075931] ACPI: INT_SRC_OVR (bus 0 bus_irq 10 global_irq 10 high level)
[    0.075941] ACPI: INT_SRC_OVR (bus 0 bus_irq 11 global_irq 11 high level)
[    0.076177] ACPI: Using ACPI (MADT) for SMP configuration information
[    0.076230] ACPI: HPET id: 0x8086a201 base: 0xfed00000
[    0.076571] smpboot: Allowing 1 CPUs, 0 hotplug CPUs
[    0.077582] PM: hibernation: Registered nosave memory: [mem 0x00000000-0x00000fff]
[    0.077631] PM: hibernation: Registered nosave memory: [mem 0x0009f000-0x000fffff]
[    0.077813] [mem 0x20000000-0xfffbffff] available for PCI devices
[    0.077853] Booting paravirtualized kernel on bare hardware
[    0.078147] clocksource: refined-jiffies: mask: 0xffffffff max_cycles: 0xffffffff, max_idle_ns: 6370452778343963 ns
[    0.088521] setup_percpu: NR_CPUS:256 nr_cpumask_bits:1 nr_cpu_ids:1 nr_node_ids:1
[    0.090216] percpu: Embedded 58 pages/cpu s198184 r8192 d31192 u2097152
[    0.092189] Kernel command line: console=ttyS0
[    0.093459] Dentry cache hash table entries: 65536 (order: 7, 524288 bytes, linear)
[    0.093635] Inode-cache hash table entries: 32768 (order: 6, 262144 bytes, linear)
[    0.096474] Fallback order for Node 0: 0 
[    0.096915] Built 1 zonelists, mobility grouping on.  Total pages: 128736
[    0.096944] Policy zone: DMA32
[    0.108226] mem auto-init: stack:all(zero), heap alloc:on, heap free:off
[    0.108435] AGP: Checking aperture...
[    0.110715] AGP: No AGP bridge found
[    0.117637] Memory: 471920K/523768K available (14336K kernel code, 1950K rwdata, 5052K rodata, 3516K init, 4724K bss, 51588K reserved, 0K cma-reserved)
[    0.156149] SLUB: HWalign=64, Order=0-3, MinObjects=0, CPUs=1, Nodes=1
[    0.156247] kmemleak: Kernel memory leak detector disabled
[    0.158753] ftrace: allocating 41322 entries in 162 pages
[    0.204281] ftrace: allocated 162 pages with 3 groups
[    0.216618] Dynamic Preempt: voluntary
[    0.221234] rcu: Preemptible hierarchical RCU implementation.
[    0.221298] rcu: 	RCU restricting CPUs from NR_CPUS=256 to nr_cpu_ids=1.
[    0.221486] 	Trampoline variant of Tasks RCU enabled.
[    0.221499] 	Rude variant of Tasks RCU enabled.
[    0.221512] 	Tracing variant of Tasks RCU enabled.
[    0.221606] rcu: RCU calculated value of scheduler-enlistment delay is 30 jiffies.
[    0.221632] rcu: Adjusting geometry for rcu_fanout_leaf=16, nr_cpu_ids=1
[    0.253513] NR_IRQS: 16640, nr_irqs: 256, preallocated irqs: 16
[    0.262206] rcu: srcu_init: Setting srcu_struct sizes based on contention.
[    0.268149] kfence: initialized - using 2097152 bytes for 255 objects at 0x(____ptrval____)-0x(____ptrval____)
[    0.273429] Console: colour VGA+ 80x25
[    0.275041] printk: console [ttyS0] enabled
[    0.297751] ACPI: Core revision 20230628
[    0.302568] clocksource: hpet: mask: 0xffffffff max_cycles: 0xffffffff, max_idle_ns: 19112604467 ns
[    0.307230] APIC: Switch to symmetric I/O mode setup
[    0.312236] ..TIMER: vector=0x30 apic1=0 pin1=2 apic2=-1 pin2=-1
[    0.328203] clocksource: tsc-early: mask: 0xffffffffffffffff max_cycles: 0xe6abb7bd86, max_idle_ns: 440795237770 ns
[    0.329177] Calibrating delay loop (skipped), value calculated using timer frequency.. 2001.69 BogoMIPS (lpj=3333913)
[    0.333219] process: using AMD E400 aware idle routine
[    0.333550] Last level iTLB entries: 4KB 512, 2MB 255, 4MB 127
[    0.333708] Last level dTLB entries: 4KB 512, 2MB 255, 4MB 127, 1GB 0
[    0.334140] Spectre V1 : Mitigation: usercopy/swapgs barriers and __user pointer sanitization
[    0.334491] Spectre V2 : Mitigation: Retpolines
[    0.334641] Spectre V2 : Spectre v2 / SpectreRSB: Filling RSB on context switch and VMEXIT
[    0.335395] x86/fpu: x87 FPU will use FXSAVE
[    0.643781] Freeing SMP alternatives memory: 36K
[    0.644734] pid_max: default: 32768 minimum: 301
[    0.655222] LSM: initializing lsm=lockdown,capability,landlock,yama
[    0.661004] landlock: Up and running.
[    0.661125] Yama: becoming mindful.
[    0.664354] Mount-cache hash table entries: 1024 (order: 1, 8192 bytes, linear)
[    0.664689] Mountpoint-cache hash table entries: 1024 (order: 1, 8192 bytes, linear)
[    0.797247] smpboot: CPU0: AMD QEMU Virtual CPU version 2.5+ (family: 0xf, model: 0x6b, stepping: 0x1)
[    0.804136] RCU Tasks: Setting shift to 0 and lim to 1 rcu_task_cb_adjust=1 rcu_task_cpu_ids=1.
[    0.804802] RCU Tasks Rude: Setting shift to 0 and lim to 1 rcu_task_cb_adjust=1 rcu_task_cpu_ids=1.
[    0.805190] RCU Tasks Trace: Setting shift to 0 and lim to 1 rcu_task_cb_adjust=1 rcu_task_cpu_ids=1.
[    0.805630] Performance Events: PMU not available due to virtualization, using software events only.
[    0.806741] signal: max sigframe size: 1440
[    0.808051] rcu: Hierarchical SRCU implementation.
[    0.808201] rcu: 	Max phase no-delay instances is 1000.
[    0.816381] NMI watchdog: Perf NMI watchdog permanently disabled
[    0.817425] smp: Bringing up secondary CPUs ...
[    0.819671] smp: Brought up 1 node, 1 CPU
[    0.819827] smpboot: Max logical packages: 1
[    0.820016] ----------------
[    0.820112] | NMI testsuite:
[    0.820189] --------------------
[    0.820274]   remote IPI:  ok  |
[    0.820464]    local IPI:  ok  |
[    0.821315] --------------------
[    0.821402] Good, all   2 testcases passed! |
[    0.821527] ---------------------------------
[    0.821687] smpboot: Total of 1 processors activated (2001.69 BogoMIPS)
[    0.834822] devtmpfs: initialized
[    0.837887] x86/mm: Memory block size: 128MB
[    0.844589] clocksource: jiffies: mask: 0xffffffff max_cycles: 0xffffffff, max_idle_ns: 6370867519511994 ns
[    0.845245] futex hash table entries: 256 (order: 2, 16384 bytes, linear)
[    0.848860] pinctrl core: initialized pinctrl subsystem
[    0.863926] NET: Registered PF_NETLINK/PF_ROUTE protocol family
[    0.866629] audit: initializing netlink subsys (disabled)
[    0.869175] audit: type=2000 audit(1789003599.559:1): state=initialized audit_enabled=0 res=1
[    0.873363] thermal_sys: Registered thermal governor 'fair_share'
[    0.873405] thermal_sys: Registered thermal governor 'bang_bang'
[    0.873580] thermal_sys: Registered thermal governor 'step_wise'
[    0.873729] thermal_sys: Registered thermal governor 'user_space'
[    0.874175] cpuidle: using governor ladder
[    0.874581] cpuidle: using governor menu
[    0.875903] acpiphp: ACPI Hot Plug PCI Controller Driver version: 0.5
[    0.880115] PCI: Using configuration type 1 for base access
[    0.882800] kprobes: kprobe jump-optimization is enabled. All kprobes are optimized if possible.
[    0.953043] HugeTLB: registered 2.00 MiB page size, pre-allocated 0 pages
[    0.953285] HugeTLB: 28 KiB vmemmap can be freed for a 2.00 MiB page
[    0.970851] ACPI: Added _OSI(Module Device)
[    0.971036] ACPI: Added _OSI(Processor Device)
[    0.971151] ACPI: Added _OSI(Processor Aggregator Device)
[    0.984612] ACPI: 1 ACPI AML tables successfully acquired and loaded
[    0.995978] ACPI: _OSC evaluation for CPUs failed, trying _PDC
[    0.998771] ACPI: Interpreter enabled
[    0.999798] ACPI: PM: (supports S0 S3 S4 S5)
[    0.999960] ACPI: Using IOAPIC for interrupt routing
[    1.000530] PCI: Using host bridge windows from ACPI; if necessary, use "pci=nocrs" and report a bug
[    1.000783] PCI: Using E820 reservations for host bridge windows
[    1.002542] ACPI: Enabled 2 GPEs in block 00 to 0F
[    1.029957] ACPI: PCI Root Bridge [PCI0] (domain 0000 [bus 00-ff])
[    1.030758] acpi PNP0A03:00: _OSC: OS supports [ASPM ClockPM Segments MSI HPX-Type3]
[    1.031102] acpi PNP0A03:00: _OSC: not requesting OS control; OS requires [ExtendedConfig ASPM ClockPM MSI]
[    1.031881] acpi PNP0A03:00: fail to add MMCONFIG information, can't access extended configuration space under this bridge
[    1.037176] acpiphp: Slot [3] registered
[    1.037367] acpiphp: Slot [4] registered
[    1.037536] acpiphp: Slot [5] registered
[    1.037702] acpiphp: Slot [6] registered
[    1.037853] acpiphp: Slot [7] registered
[    1.038002] acpiphp: Slot [8] registered
[    1.038149] acpiphp: Slot [9] registered
[    1.038313] acpiphp: Slot [10] registered
[    1.038463] acpiphp: Slot [11] registered
[    1.038613] acpiphp: Slot [12] registered
[    1.038728] acpiphp: Slot [13] registered
[    1.038728] acpiphp: Slot [14] registered
[    1.038728] acpiphp: Slot [15] registered
[    1.038779] acpiphp: Slot [16] registered
[    1.038974] acpiphp: Slot [17] registered
[    1.039166] acpiphp: Slot [18] registered
[    1.039334] acpiphp: Slot [19] registered
[    1.039491] acpiphp: Slot [20] registered
[    1.039645] acpiphp: Slot [21] registered
[    1.039797] acpiphp: Slot [22] registered
[    1.039949] acpiphp: Slot [23] registered
[    1.040119] acpiphp: Slot [24] registered
[    1.040274] acpiphp: Slot [25] registered
[    1.040426] acpiphp: Slot [26] registered
[    1.040578] acpiphp: Slot [27] registered
[    1.040732] acpiphp: Slot [28] registered
[    1.040882] acpiphp: Slot [29] registered
[    1.041032] acpiphp: Slot [30] registered
[    1.041197] acpiphp: Slot [31] registered
[    1.042331] PCI host bridge to bus 0000:00
[    1.042627] pci_bus 0000:00: root bus resource [io  0x0000-0x0cf7 window]
[    1.042922] pci_bus 0000:00: root bus resource [io  0x0d00-0xffff window]
[    1.043090] pci_bus 0000:00: root bus resource [mem 0x000a0000-0x000bffff window]
[    1.043304] pci_bus 0000:00: root bus resource [mem 0x20000000-0xfebfffff window]
[    1.043490] pci_bus 0000:00: root bus resource [mem 0x100000000-0x17fffffff window]
[    1.043792] pci_bus 0000:00: root bus resource [bus 00-ff]
[    1.045013] pci 0000:00:00.0: [8086:1237] type 00 class 0x060000
[    1.050364] pci 0000:00:01.0: [8086:7000] type 00 class 0x060100
[    1.051065] pci 0000:00:01.1: [8086:7010] type 00 class 0x010180
[    1.052062] pci 0000:00:01.1: BAR 4 [io  0xc020-0xc02f]
[    1.052101] pci 0000:00:01.1: BAR 0 [io  0x01f0-0x01f7]: legacy IDE quirk
[    1.052292] pci 0000:00:01.1: BAR 1 [io  0x03f6]: legacy IDE quirk
[    1.052475] pci 0000:00:01.1: BAR 2 [io  0x0170-0x0177]: legacy IDE quirk
[    1.052653] pci 0000:00:01.1: BAR 3 [io  0x0376]: legacy IDE quirk
[    1.053362] pci 0000:00:01.3: [8086:7113] type 00 class 0x068000
[    1.053815] pci 0000:00:01.3: quirk: [io  0x0600-0x063f] claimed by PIIX4 ACPI
[    1.054030] pci 0000:00:01.3: quirk: [io  0x0700-0x070f] claimed by PIIX4 SMB
[    1.054680] pci 0000:00:02.0: [1234:1111] type 00 class 0x030000
[    1.055119] pci 0000:00:02.0: BAR 0 [mem 0xfd000000-0xfdffffff pref]
[    1.055973] pci 0000:00:02.0: BAR 2 [mem 0xfebd0000-0xfebd0fff]
[    1.057118] pci 0000:00:02.0: ROM [mem 0xfebc0000-0xfebcffff pref]
[    1.057551] pci 0000:00:02.0: Video device with shadowed ROM at [mem 0x000c0000-0x000dffff]
[    1.059364] pci 0000:00:03.0: [1af4:1000] type 00 class 0x020000
[    1.060028] pci 0000:00:03.0: BAR 0 [io  0xc000-0xc01f]
[    1.060574] pci 0000:00:03.0: BAR 1 [mem 0xfebd1000-0xfebd1fff]
[    1.061946] pci 0000:00:03.0: BAR 4 [mem 0xfe000000-0xfe003fff 64bit pref]
[    1.062062] pci 0000:00:03.0: ROM [mem 0xfeb80000-0xfebbffff pref]
[    1.070038] ACPI: PCI: Interrupt link LNKA configured for IRQ 10
[    1.070649] ACPI: PCI: Interrupt link LNKB configured for IRQ 10
[    1.071079] ACPI: PCI: Interrupt link LNKC configured for IRQ 11
[    1.071521] ACPI: PCI: Interrupt link LNKD configured for IRQ 11
[    1.071797] ACPI: PCI: Interrupt link LNKS configured for IRQ 9
[    1.074598] iommu: Default domain type: Translated
[    1.074769] iommu: DMA domain TLB invalidation policy: lazy mode
[    1.077082] pps_core: LinuxPPS API ver. 1 registered
[    1.077249] pps_core: Software ver. 5.3.6 - Copyright 2005-2007 Rodolfo Giometti <giometti@linux.it>
[    1.077517] PTP clock support registered
[    1.078480] EDAC MC: Ver: 3.0.0
[    1.085395] PCI: Using ACPI for IRQ routing
[    1.090036] pci 0000:00:02.0: vgaarb: setting as boot VGA device
[    1.090220] pci 0000:00:02.0: vgaarb: bridge control possible
[    1.090395] pci 0000:00:02.0: vgaarb: VGA device added: decodes=io+mem,owns=io+mem,locks=none
[    1.090603] vgaarb: loaded
[    1.092005] hpet: 3 channels of 0 reserved for per-cpu timers
[    1.092062] hpet0: at MMIO 0xfed00000, IRQs 2, 8, 0
[    1.092102] hpet0: 3 comparators, 64-bit 100.000000 MHz counter
[    1.096478] clocksource: Switched to clocksource tsc-early
[    1.105554] VFS: Disk quotas dquot_6.6.0
[    1.105902] VFS: Dquot-cache hash table entries: 512 (order 0, 4096 bytes)
[    1.109064] pnp: PnP ACPI init
[    1.113348] pnp: PnP ACPI: found 6 devices
[    1.130619] clocksource: acpi_pm: mask: 0xffffff max_cycles: 0xffffff, max_idle_ns: 2085701024 ns
[    1.132035] NET: Registered PF_INET protocol family
[    1.133184] IP idents hash table entries: 8192 (order: 4, 65536 bytes, linear)
[    1.139006] tcp_listen_portaddr_hash hash table entries: 256 (order: 0, 4096 bytes, linear)
[    1.139381] Table-perturb hash table entries: 65536 (order: 6, 262144 bytes, linear)
[    1.139653] TCP established hash table entries: 4096 (order: 3, 32768 bytes, linear)
[    1.140122] TCP bind hash table entries: 4096 (order: 5, 131072 bytes, linear)
[    1.140433] TCP: Hash tables configured (established 4096 bind 4096)
[    1.143135] MPTCP token hash table entries: 512 (order: 2, 12288 bytes, linear)
[    1.143637] UDP hash table entries: 256 (order: 1, 8192 bytes, linear)
[    1.144040] UDP-Lite hash table entries: 256 (order: 1, 8192 bytes, linear)
[    1.145635] NET: Registered PF_UNIX/PF_LOCAL protocol family
[    1.146147] NET: Registered PF_XDP protocol family
[    1.146973] pci_bus 0000:00: resource 4 [io  0x0000-0x0cf7 window]
[    1.147130] pci_bus 0000:00: resource 5 [io  0x0d00-0xffff window]
[    1.147166] pci_bus 0000:00: resource 6 [mem 0x000a0000-0x000bffff window]
[    1.147166] pci_bus 0000:00: resource 7 [mem 0x20000000-0xfebfffff window]
[    1.147671] pci_bus 0000:00: resource 8 [mem 0x100000000-0x17fffffff window]
[    1.148489] pci 0000:00:01.0: PIIX3: Enabling Passive Release
[    1.148712] pci 0000:00:00.0: Limiting direct PCI/PCI transfers
[    1.148927] PCI: CLS 0 bytes, default 64
[    1.156478] Trying to unpack rootfs image as initramfs...
[    1.163213] Initialise system trusted keyrings
[    1.169312] workingset: timestamp_bits=40 max_order=17 bucket_order=0
[    1.169659] zbud: loaded
[    1.236395] jitterentropy: Initialization failed with host not compliant with requirements: 2
[    1.301458] Key type asymmetric registered
[    1.301715] Asymmetric key parser 'x509' registered
[    1.302450] Block layer SCSI generic (bsg) driver version 0.4 loaded (major 246)
[    1.303084] io scheduler mq-deadline registered
[    1.303243] io scheduler kyber registered
[    1.303564] io scheduler bfq registered
[    1.312336] shpchp: Standard Hot Plug PCI Controller Driver version: 0.4
[    1.315425] ERST DBG: ERST support is disabled.
[    1.322359] Serial: 8250/16550 driver, 4 ports, IRQ sharing enabled
[    1.330418] 00:04: ttyS0 at I/O 0x3f8 (irq = 4, base_baud = 115200) is a 16550A
[    1.393641] brd: module loaded
[    1.398106] i8042: PNP: PS/2 Controller [PNP0303:KBD,PNP0f13:MOU] at 0x60,0x64 irq 1,12
[    1.407023] serio: i8042 KBD port at 0x60,0x64 irq 1
[    1.407326] serio: i8042 AUX port at 0x60,0x64 irq 12
[    1.408006] rtc_cmos 00:05: RTC can wake from S4
[    1.413513] input: AT Translated Set 2 keyboard as /devices/platform/i8042/serio0/input/input0
[    1.417459] rtc_cmos 00:05: registered as rtc0
[    1.418054] rtc_cmos 00:05: setting system clock to 2026-09-10T01:26:40 UTC (1789003600)
[    1.419428] rtc_cmos 00:05: alarms up to one day, y3k, 242 bytes nvram, hpet irqs
[    1.419853] amd_pstate: the _CPC object is not present in SBIOS or ACPI disabled
[    1.429122] gre: GRE over IPv4 demultiplexor driver
[    1.430103] NET: Registered PF_INET6 protocol family
[    1.467454] Freeing initrd memory: 4484K
[    1.584051] Segment Routing with IPv6
[    1.584419] In-situ OAM (IOAM) with IPv6
[    1.584929] can: controller area network core
[    1.585316] NET: Registered PF_CAN protocol family
[    1.585772] Key type dns_resolver registered
[    1.588513] IPI shorthand broadcast: enabled
[    1.661069] sched_clock: Marking stable (1617969978, 42463219)->(1664366400, -3933203)
[    1.664598] registered taskstats version 1
[    1.665733] Loading compiled-in X.509 certificates
[    1.693471] Loaded X.509 cert 'alpinelinux.org: Alpine Linux kernel key: d76a695f66ad9cd28f5c22a8508f36e91f521f7a'
[    1.708823] Key type .fscrypt registered
[    1.709014] Key type fscrypt-provisioning registered
[    1.713712] clk: Disabling unused clocks
[    1.807024] Freeing unused kernel image (initmem) memory: 3516K
[    1.807589] Write protecting the kernel read-only data: 20480k
[    1.809414] Freeing unused kernel image (rodata/data gap) memory: 1092K
[    1.809900] Run /init as init process
[net] loading virtio-net modules ...
[net]   + drivers/virtio/virtio.ko
[net]   + drivers/virtio/virtio_ring.ko
[net]   + drivers/virtio/virtio_pci_modern_dev.ko
[net]   + drivers/virtio/virtio_pci_legacy_dev.ko
[    2.003938] ACPI: \_SB_.LNKC: Enabled at IRQ 11
[net]   + drivers/virtio/virtio_pci.ko
[net]   + net/core/failover.ko
[net]   + drivers/net/net_failover.ko
[net]   + drivers/net/virtio_net.ko
[net] eth0 up: 10.0.2.15, gw 10.0.2.2, DNS 10.0.2.3
[net] apk: apk-tools 2.14.4, compiled for x86_64.

==================================================
  MINI LINUX BOOTED OK
  kernel : 6.6.134-0-lts / x86_64
  host   : mini-linux
==================================================

Mini Linux shell. Type "poweroff -f" to shut down.
[    2.174309] tsc: Refined TSC clocksource calibration: 1000.000 MHz
[    2.174869] clocksource: tsc: mask: 0xffffffffffffffff max_cycles: 0x1cd42e4dffb, max_idle_ns: 881590591483 ns
[    2.175267] clocksource: Switched to clocksource tsc
sh: can't access tty; job control turned off
mini-linux:/#[6nls -la /etc/apk/ 2>&1; cat /etc/apk/repositories; echo "---keys---"
; ls /etc/apk/keys/ 2>&1
total 4
drwxr-xr-x    3 501      20              80 Sep 10 01:16 [1;34m.[m
drwxr-xr-x    3 501      20              80 Sep 10 01:01 [1;34m..[m
drwxr-xr-x    2 501      20             140 Sep 10 01:16 [1;34mkeys[m
-rw-r--r--    1 501      20              49 Sep 10 01:01 [0;0mrepositories[m
https://dl-cdn.alpinelinux.org/alpine/v3.20/main
---keys---
[0;0malpine-devel@lists.alpinelinux.org-4a6a0840.rsa.pub[m
[0;0malpine-devel@lists.alpinelinux.org-5243ef4b.rsa.pub[m
[0;0malpine-devel@lists.alpinelinux.org-5261cecb.rsa.pub[m
[0;0malpine-devel@lists.alpinelinux.org-6165ee59.rsa.pub[m
[0;0malpine-devel@lists.alpinelinux.org-61666e3f.rsa.pub[m
mini-linux:/#[6napk --initdb
apk: unrecognized option: initdb
apk-tools 2.14.4, compiled for x86_64.

usage: apk [<OPTIONS>...] COMMAND [<ARGUMENTS>...]

Package installation and removal:
  add        Add packages to WORLD and commit changes
  del        Remove packages from WORLD and commit changes

System maintenance:
  fix        Fix, reinstall or upgrade packages without modifying WORLD
  update     Update repository indexes
  upgrade    Install upgrades available from repositories
  cache      Manage the local package cache

Querying package information:
  info       Give detailed information about packages or repositories
  list       List packages matching a pattern or other criteria
  dot        Render dependencies as graphviz graphs
  policy     Show repository policy for packages
  search     Search for packages by name or description

Repository maintenance:
  index      Create repository index file from packages
  fetch      Download packages from repositories to a local directory
  manifest   Show checksums of package contents
  verify     Verify package integrity and signature

Miscellaneous:
  audit      Audit system for changes
  stats      Show statistics about repositories and installations
  version    Compare package versions or perform tests on version strings

This apk has coffee making abilities.
For more information: man 8 apk
mini-linux:/#[6necho "---after---"; ls -la /lib/apk/db/ 2>&1
---after---
total 0
drwxr-xr-x    3 501      20              80 Sep 10 01:16 [1;34m.[m
drwxr-xr-x    3 501      20              60 Sep 10 01:05 [1;34m..[m
-rw-r--r--    1 501      20               0 Sep 10 01:16 [0;0minstalled[m
drwxr-xr-x    2 501      20              40 Sep 10 01:16 [1;34mkeys[m
mini-linux:/#[6npoweroff -f
[   22.488131] ACPI: PM: Preparing to enter system sleep state S5
[   22.489065] reboot: Power down
