c[?7l[2J[0mSeaBIOS (version rel-1.16.3-0-ga6ed6b701f0a-prebuilt.qemu.org)


iPXE (http://ipxe.org) 00:03.0 CA00 PCI2.10 PnP PMM+1EFD0D90+1EF30D90 CA00
Press Ctrl-B to configure iPXE (PCI 00:03.0)...                                                                               


Booting from ROM...
Probing EDD (edd=off to disable)... ok
c[?7l[2J[    0.000000] Linux version 6.6.134-0-lts (buildozer@build-3-20-x86_64) (gcc (Alpine 13.2.1_git20240309) 13.2.1 20240309, GNU ld (GNU Binutils) 2.42) #1-Alpine SMP PREEMPT_DYNAMIC 2026-04-11 17:03:51
[    0.000000] Command line: console=ttyS0
[    0.000000] BIOS-provided physical RAM map:
[    0.000000] BIOS-e820: [mem 0x0000000000000000-0x000000000009fbff] usable
[    0.000000] BIOS-e820: [mem 0x000000000009fc00-0x000000000009ffff] reserved
[    0.000000] BIOS-e820: [mem 0x00000000000f0000-0x00000000000fffff] reserved
[    0.000000] BIOS-e820: [mem 0x0000000000100000-0x000000001ffdffff] usable
[    0.000000] BIOS-e820: [mem 0x000000001ffe0000-0x000000001fffffff] reserved
[    0.000000] BIOS-e820: [mem 0x00000000fffc0000-0x00000000ffffffff] reserved
[    0.000000] BIOS-e820: [mem 0x000000fd00000000-0x000000ffffffffff] reserved
[    0.000000] NX (Execute Disable) protection: active
[    0.000000] APIC: Static calls initialized
[    0.000000] SMBIOS 2.8 present.
[    0.000000] DMI: QEMU Standard PC (i440FX + PIIX, 1996), BIOS rel-1.16.3-0-ga6ed6b701f0a-prebuilt.qemu.org 04/01/2014
[    0.000000] tsc: Fast TSC calibration using PIT
[    0.000000] tsc: Detected 1000.174 MHz processor
[    0.017796] AGP: No AGP bridge found
[    0.018151] last_pfn = 0x1ffe0 max_arch_pfn = 0x400000000
[    0.018934] MTRR map: 4 entries (3 fixed + 1 variable; max 19), built from 8 variable MTRRs
[    0.019142] x86/PAT: Configuration [0-7]: WB  WC  UC- UC  WB  WP  UC- WT  
[    0.052666] found SMP MP-table at [mem 0x000f5480-0x000f548f]
[    0.058502] RAMDISK: [mem 0x1fb40000-0x1ffdffff]
[    0.058920] ACPI: Early table checksum verification disabled
[    0.059256] ACPI: RSDP 0x00000000000F52A0 000014 (v00 BOCHS )
[    0.059527] ACPI: RSDT 0x000000001FFE2335 000034 (v01 BOCHS  BXPC     00000001 BXPC 00000001)
[    0.060041] ACPI: FACP 0x000000001FFE21E9 000074 (v01 BOCHS  BXPC     00000001 BXPC 00000001)
[    0.060583] ACPI: DSDT 0x000000001FFE0040 0021A9 (v01 BOCHS  BXPC     00000001 BXPC 00000001)
[    0.060660] ACPI: FACS 0x000000001FFE0000 000040
[    0.060723] ACPI: APIC 0x000000001FFE225D 000078 (v03 BOCHS  BXPC     00000001 BXPC 00000001)
[    0.060765] ACPI: HPET 0x000000001FFE22D5 000038 (v01 BOCHS  BXPC     00000001 BXPC 00000001)
[    0.060793] ACPI: WAET 0x000000001FFE230D 000028 (v01 BOCHS  BXPC     00000001 BXPC 00000001)
[    0.060898] ACPI: Reserving FACP table memory at [mem 0x1ffe21e9-0x1ffe225c]
[    0.060925] ACPI: Reserving DSDT table memory at [mem 0x1ffe0040-0x1ffe21e8]
[    0.060933] ACPI: Reserving FACS table memory at [mem 0x1ffe0000-0x1ffe003f]
[    0.060939] ACPI: Reserving APIC table memory at [mem 0x1ffe225d-0x1ffe22d4]
[    0.060946] ACPI: Reserving HPET table memory at [mem 0x1ffe22d5-0x1ffe230c]
[    0.060952] ACPI: Reserving WAET table memory at [mem 0x1ffe230d-0x1ffe2334]
[    0.063092] No NUMA configuration found
[    0.063109] Faking a node at [mem 0x0000000000000000-0x000000001ffdffff]
[    0.063731] NODE_DATA(0) allocated [mem 0x1fb3a000-0x1fb3ffff]
[    0.066591] Zone ranges:
[    0.066625]   DMA      [mem 0x0000000000001000-0x0000000000ffffff]
[    0.066701]   DMA32    [mem 0x0000000001000000-0x000000001ffdffff]
[    0.066714]   Normal   empty
[    0.066735]   Device   empty
[    0.066750] Movable zone start for each node
[    0.066785] Early memory node ranges
[    0.066813]   node   0: [mem 0x0000000000001000-0x000000000009efff]
[    0.066990]   node   0: [mem 0x0000000000100000-0x000000001ffdffff]
[    0.067223] Initmem setup node 0 [mem 0x0000000000001000-0x000000001ffdffff]
[    0.068196] On node 0, zone DMA: 1 pages in unavailable ranges
[    0.068416] On node 0, zone DMA: 97 pages in unavailable ranges
[    0.070769] On node 0, zone DMA32: 32 pages in unavailable ranges
[    0.071254] ACPI: PM-Timer IO Port: 0x608
[    0.071663] ACPI: LAPIC_NMI (acpi_id[0xff] dfl dfl lint[0x1])
[    0.072023] IOAPIC[0]: apic_id 0, version 32, address 0xfec00000, GSI 0-23
[    0.072142] ACPI: INT_SRC_OVR (bus 0 bus_irq 0 global_irq 2 dfl dfl)
[    0.072425] ACPI: INT_SRC_OVR (bus 0 bus_irq 5 global_irq 5 high level)
[    0.072476] ACPI: INT_SRC_OVR (bus 0 bus_irq 9 global_irq 9 high level)
[    0.072587] ACPI: INT_SRC_OVR (bus 0 bus_irq 10 global_irq 10 high level)
[    0.072598] ACPI: INT_SRC_OVR (bus 0 bus_irq 11 global_irq 11 high level)
[    0.072837] ACPI: Using ACPI (MADT) for SMP configuration information
[    0.072894] ACPI: HPET id: 0x8086a201 base: 0xfed00000
[    0.073245] smpboot: Allowing 1 CPUs, 0 hotplug CPUs
[    0.074240] PM: hibernation: Registered nosave memory: [mem 0x00000000-0x00000fff]
[    0.074287] PM: hibernation: Registered nosave memory: [mem 0x0009f000-0x000fffff]
[    0.074469] [mem 0x20000000-0xfffbffff] available for PCI devices
[    0.074508] Booting paravirtualized kernel on bare hardware
[    0.074801] clocksource: refined-jiffies: mask: 0xffffffff max_cycles: 0xffffffff, max_idle_ns: 6370452778343963 ns
[    0.084465] setup_percpu: NR_CPUS:256 nr_cpumask_bits:1 nr_cpu_ids:1 nr_node_ids:1
[    0.086070] percpu: Embedded 58 pages/cpu s198184 r8192 d31192 u2097152
[    0.088000] Kernel command line: console=ttyS0
[    0.089232] Dentry cache hash table entries: 65536 (order: 7, 524288 bytes, linear)
[    0.089403] Inode-cache hash table entries: 32768 (order: 6, 262144 bytes, linear)
[    0.091830] Fallback order for Node 0: 0 
[    0.092173] Built 1 zonelists, mobility grouping on.  Total pages: 128736
[    0.092192] Policy zone: DMA32
[    0.103067] mem auto-init: stack:all(zero), heap alloc:on, heap free:off
[    0.103259] AGP: Checking aperture...
[    0.105399] AGP: No AGP bridge found
[    0.111071] Memory: 471668K/523768K available (14336K kernel code, 1950K rwdata, 5052K rodata, 3516K init, 4724K bss, 51840K reserved, 0K cma-reserved)
[    0.147627] SLUB: HWalign=64, Order=0-3, MinObjects=0, CPUs=1, Nodes=1
[    0.147723] kmemleak: Kernel memory leak detector disabled
[    0.150374] ftrace: allocating 41322 entries in 162 pages
[    0.185822] ftrace: allocated 162 pages with 3 groups
[    0.194485] Dynamic Preempt: voluntary
[    0.197573] rcu: Preemptible hierarchical RCU implementation.
[    0.197610] rcu: 	RCU restricting CPUs from NR_CPUS=256 to nr_cpu_ids=1.
[    0.197762] 	Trampoline variant of Tasks RCU enabled.
[    0.197772] 	Rude variant of Tasks RCU enabled.
[    0.197784] 	Tracing variant of Tasks RCU enabled.
[    0.197859] rcu: RCU calculated value of scheduler-enlistment delay is 30 jiffies.
[    0.197883] rcu: Adjusting geometry for rcu_fanout_leaf=16, nr_cpu_ids=1
[    0.225264] NR_IRQS: 16640, nr_irqs: 256, preallocated irqs: 16
[    0.233077] rcu: srcu_init: Setting srcu_struct sizes based on contention.
[    0.238170] kfence: initialized - using 2097152 bytes for 255 objects at 0x(____ptrval____)-0x(____ptrval____)
[    0.242655] Console: colour VGA+ 80x25
[    0.244081] printk: console [ttyS0] enabled
[    0.265114] ACPI: Core revision 20230628
[    0.270141] clocksource: hpet: mask: 0xffffffff max_cycles: 0xffffffff, max_idle_ns: 19112604467 ns
[    0.274563] APIC: Switch to symmetric I/O mode setup
[    0.278968] ..TIMER: vector=0x30 apic1=0 pin1=2 apic2=-1 pin2=-1
[    0.295528] clocksource: tsc-early: mask: 0xffffffffffffffff max_cycles: 0xe6abb7bd86, max_idle_ns: 440795237770 ns
[    0.296148] Calibrating delay loop (skipped), value calculated using timer frequency.. 2001.69 BogoMIPS (lpj=3333913)
[    0.298768] process: using AMD E400 aware idle routine
[    0.299587] Last level iTLB entries: 4KB 512, 2MB 255, 4MB 127
[    0.299760] Last level dTLB entries: 4KB 512, 2MB 255, 4MB 127, 1GB 0
[    0.300203] Spectre V1 : Mitigation: usercopy/swapgs barriers and __user pointer sanitization
[    0.300550] Spectre V2 : Mitigation: Retpolines
[    0.300715] Spectre V2 : Spectre v2 / SpectreRSB: Filling RSB on context switch and VMEXIT
[    0.301760] x86/fpu: x87 FPU will use FXSAVE
[    0.597866] Freeing SMP alternatives memory: 36K
[    0.599634] pid_max: default: 32768 minimum: 301
[    0.609737] LSM: initializing lsm=lockdown,capability,landlock,yama
[    0.614640] landlock: Up and running.
[    0.614761] Yama: becoming mindful.
[    0.619294] Mount-cache hash table entries: 1024 (order: 1, 8192 bytes, linear)
[    0.619294] Mountpoint-cache hash table entries: 1024 (order: 1, 8192 bytes, linear)
[    0.752352] smpboot: CPU0: AMD QEMU Virtual CPU version 2.5+ (family: 0xf, model: 0x6b, stepping: 0x1)
[    0.756306] RCU Tasks: Setting shift to 0 and lim to 1 rcu_task_cb_adjust=1 rcu_task_cpu_ids=1.
[    0.756965] RCU Tasks Rude: Setting shift to 0 and lim to 1 rcu_task_cb_adjust=1 rcu_task_cpu_ids=1.
[    0.757353] RCU Tasks Trace: Setting shift to 0 and lim to 1 rcu_task_cb_adjust=1 rcu_task_cpu_ids=1.
[    0.757836] Performance Events: PMU not available due to virtualization, using software events only.
[    0.759805] signal: max sigframe size: 1440
[    0.761119] rcu: Hierarchical SRCU implementation.
[    0.761262] rcu: 	Max phase no-delay instances is 1000.
[    0.769294] NMI watchdog: Perf NMI watchdog permanently disabled
[    0.770176] smp: Bringing up secondary CPUs ...
[    0.773029] smp: Brought up 1 node, 1 CPU
[    0.773170] smpboot: Max logical packages: 1
[    0.773361] ----------------
[    0.773450] | NMI testsuite:
[    0.773524] --------------------
[    0.773604]   remote IPI:  ok  |
[    0.773800]    local IPI:  ok  |
[    0.774608] --------------------
[    0.774691] Good, all   2 testcases passed! |
[    0.774812] ---------------------------------
[    0.774965] smpboot: Total of 1 processors activated (2001.69 BogoMIPS)
[    0.787355] devtmpfs: initialized
[    0.790480] x86/mm: Memory block size: 128MB
[    0.797339] clocksource: jiffies: mask: 0xffffffff max_cycles: 0xffffffff, max_idle_ns: 6370867519511994 ns
[    0.798019] futex hash table entries: 256 (order: 2, 16384 bytes, linear)
[    0.800515] pinctrl core: initialized pinctrl subsystem
[    0.816216] NET: Registered PF_NETLINK/PF_ROUTE protocol family
[    0.819141] audit: initializing netlink subsys (disabled)
[    0.820460] audit: type=2000 audit(1789004568.546:1): state=initialized audit_enabled=0 res=1
[    0.824485] thermal_sys: Registered thermal governor 'fair_share'
[    0.824516] thermal_sys: Registered thermal governor 'bang_bang'
[    0.824671] thermal_sys: Registered thermal governor 'step_wise'
[    0.824812] thermal_sys: Registered thermal governor 'user_space'
[    0.826080] cpuidle: using governor ladder
[    0.826409] cpuidle: using governor menu
[    0.827910] acpiphp: ACPI Hot Plug PCI Controller Driver version: 0.5
[    0.830663] PCI: Using configuration type 1 for base access
[    0.834605] kprobes: kprobe jump-optimization is enabled. All kprobes are optimized if possible.
[    0.900416] HugeTLB: registered 2.00 MiB page size, pre-allocated 0 pages
[    0.900655] HugeTLB: 28 KiB vmemmap can be freed for a 2.00 MiB page
[    0.917593] ACPI: Added _OSI(Module Device)
[    0.917766] ACPI: Added _OSI(Processor Device)
[    0.917881] ACPI: Added _OSI(Processor Aggregator Device)
[    0.930887] ACPI: 1 ACPI AML tables successfully acquired and loaded
[    0.942628] ACPI: _OSC evaluation for CPUs failed, trying _PDC
[    0.944254] ACPI: Interpreter enabled
[    0.945226] ACPI: PM: (supports S0 S3 S4 S5)
[    0.945372] ACPI: Using IOAPIC for interrupt routing
[    0.945961] PCI: Using host bridge windows from ACPI; if necessary, use "pci=nocrs" and report a bug
[    0.945980] PCI: Using E820 reservations for host bridge windows
[    0.947523] ACPI: Enabled 2 GPEs in block 00 to 0F
[    0.973227] ACPI: PCI Root Bridge [PCI0] (domain 0000 [bus 00-ff])
[    0.973951] acpi PNP0A03:00: _OSC: OS supports [ASPM ClockPM Segments MSI HPX-Type3]
[    0.974283] acpi PNP0A03:00: _OSC: not requesting OS control; OS requires [ExtendedConfig ASPM ClockPM MSI]
[    0.975032] acpi PNP0A03:00: fail to add MMCONFIG information, can't access extended configuration space under this bridge
[    0.981085] acpiphp: Slot [3] registered
[    0.981287] acpiphp: Slot [4] registered
[    0.981447] acpiphp: Slot [5] registered
[    0.981609] acpiphp: Slot [6] registered
[    0.981755] acpiphp: Slot [7] registered
[    0.981900] acpiphp: Slot [8] registered
[    0.982044] acpiphp: Slot [9] registered
[    0.982203] acpiphp: Slot [10] registered
[    0.982350] acpiphp: Slot [11] registered
[    0.982495] acpiphp: Slot [12] registered
[    0.982628] acpiphp: Slot [13] registered
[    0.982628] acpiphp: Slot [14] registered
[    0.982628] acpiphp: Slot [15] registered
[    0.982628] acpiphp: Slot [16] registered
[    0.982805] acpiphp: Slot [17] registered
[    0.982953] acpiphp: Slot [18] registered
[    0.983100] acpiphp: Slot [19] registered
[    0.983246] acpiphp: Slot [20] registered
[    0.983391] acpiphp: Slot [21] registered
[    0.983535] acpiphp: Slot [22] registered
[    0.983679] acpiphp: Slot [23] registered
[    0.983842] acpiphp: Slot [24] registered
[    0.983989] acpiphp: Slot [25] registered
[    0.984134] acpiphp: Slot [26] registered
[    0.984280] acpiphp: Slot [27] registered
[    0.984425] acpiphp: Slot [28] registered
[    0.984569] acpiphp: Slot [29] registered
[    0.984713] acpiphp: Slot [30] registered
[    0.984871] acpiphp: Slot [31] registered
[    0.985166] PCI host bridge to bus 0000:00
[    0.985404] pci_bus 0000:00: root bus resource [io  0x0000-0x0cf7 window]
[    0.985669] pci_bus 0000:00: root bus resource [io  0x0d00-0xffff window]
[    0.985831] pci_bus 0000:00: root bus resource [mem 0x000a0000-0x000bffff window]
[    0.985961] pci_bus 0000:00: root bus resource [mem 0x20000000-0xfebfffff window]
[    0.985961] pci_bus 0000:00: root bus resource [mem 0x100000000-0x17fffffff window]
[    0.986085] pci_bus 0000:00: root bus resource [bus 00-ff]
[    0.987233] pci 0000:00:00.0: [8086:1237] type 00 class 0x060000
[    0.992041] pci 0000:00:01.0: [8086:7000] type 00 class 0x060100
[    0.992628] pci 0000:00:01.1: [8086:7010] type 00 class 0x010180
[    0.992768] pci 0000:00:01.1: BAR 4 [io  0xc020-0xc02f]
[    0.993211] pci 0000:00:01.1: BAR 0 [io  0x01f0-0x01f7]: legacy IDE quirk
[    0.993398] pci 0000:00:01.1: BAR 1 [io  0x03f6]: legacy IDE quirk
[    0.993573] pci 0000:00:01.1: BAR 2 [io  0x0170-0x0177]: legacy IDE quirk
[    0.993745] pci 0000:00:01.1: BAR 3 [io  0x0376]: legacy IDE quirk
[    0.994911] pci 0000:00:01.3: [8086:7113] type 00 class 0x068000
[    0.996281] pci 0000:00:01.3: quirk: [io  0x0600-0x063f] claimed by PIIX4 ACPI
[    0.996516] pci 0000:00:01.3: quirk: [io  0x0700-0x070f] claimed by PIIX4 SMB
[    0.997246] pci 0000:00:02.0: [1234:1111] type 00 class 0x030000
[    0.997664] pci 0000:00:02.0: BAR 0 [mem 0xfd000000-0xfdffffff pref]
[    0.998322] pci 0000:00:02.0: BAR 2 [mem 0xfebd0000-0xfebd0fff]
[    0.999294] pci 0000:00:02.0: ROM [mem 0xfebc0000-0xfebcffff pref]
[    0.999662] pci 0000:00:02.0: Video device with shadowed ROM at [mem 0x000c0000-0x000dffff]
[    1.000478] pci 0000:00:03.0: [1af4:1000] type 00 class 0x020000
[    1.000948] pci 0000:00:03.0: BAR 0 [io  0xc000-0xc01f]
[    1.001406] pci 0000:00:03.0: BAR 1 [mem 0xfebd1000-0xfebd1fff]
[    1.002856] pci 0000:00:03.0: BAR 4 [mem 0xfe000000-0xfe003fff 64bit pref]
[    1.003427] pci 0000:00:03.0: ROM [mem 0xfeb80000-0xfebbffff pref]
[    1.010418] ACPI: PCI: Interrupt link LNKA configured for IRQ 10
[    1.011007] ACPI: PCI: Interrupt link LNKB configured for IRQ 10
[    1.011430] ACPI: PCI: Interrupt link LNKC configured for IRQ 11
[    1.012717] ACPI: PCI: Interrupt link LNKD configured for IRQ 11
[    1.013111] ACPI: PCI: Interrupt link LNKS configured for IRQ 9
[    1.015961] iommu: Default domain type: Translated
[    1.015961] iommu: DMA domain TLB invalidation policy: lazy mode
[    1.017702] pps_core: LinuxPPS API ver. 1 registered
[    1.017854] pps_core: Software ver. 5.3.6 - Copyright 2005-2007 Rodolfo Giometti <giometti@linux.it>
[    1.018114] PTP clock support registered
[    1.018978] EDAC MC: Ver: 3.0.0
[    1.026869] PCI: Using ACPI for IRQ routing
[    1.030514] pci 0000:00:02.0: vgaarb: setting as boot VGA device
[    1.030725] pci 0000:00:02.0: vgaarb: bridge control possible
[    1.030902] pci 0000:00:02.0: vgaarb: VGA device added: decodes=io+mem,owns=io+mem,locks=none
[    1.031105] vgaarb: loaded
[    1.033511] hpet: 3 channels of 0 reserved for per-cpu timers
[    1.033872] hpet0: at MMIO 0xfed00000, IRQs 2, 8, 0
[    1.034055] hpet0: 3 comparators, 64-bit 100.000000 MHz counter
[    1.038935] clocksource: Switched to clocksource tsc-early
[    1.046581] VFS: Disk quotas dquot_6.6.0
[    1.047013] VFS: Dquot-cache hash table entries: 512 (order 0, 4096 bytes)
[    1.048717] pnp: PnP ACPI init
[    1.052294] pnp: PnP ACPI: found 6 devices
[    1.068603] clocksource: acpi_pm: mask: 0xffffff max_cycles: 0xffffff, max_idle_ns: 2085701024 ns
[    1.069914] NET: Registered PF_INET protocol family
[    1.071100] IP idents hash table entries: 8192 (order: 4, 65536 bytes, linear)
[    1.076457] tcp_listen_portaddr_hash hash table entries: 256 (order: 0, 4096 bytes, linear)
[    1.076809] Table-perturb hash table entries: 65536 (order: 6, 262144 bytes, linear)
[    1.077086] TCP established hash table entries: 4096 (order: 3, 32768 bytes, linear)
[    1.077523] TCP bind hash table entries: 4096 (order: 5, 131072 bytes, linear)
[    1.078109] TCP: Hash tables configured (established 4096 bind 4096)
[    1.080334] MPTCP token hash table entries: 512 (order: 2, 12288 bytes, linear)
[    1.080821] UDP hash table entries: 256 (order: 1, 8192 bytes, linear)
[    1.081157] UDP-Lite hash table entries: 256 (order: 1, 8192 bytes, linear)
[    1.082518] NET: Registered PF_UNIX/PF_LOCAL protocol family
[    1.083002] NET: Registered PF_XDP protocol family
[    1.083764] pci_bus 0000:00: resource 4 [io  0x0000-0x0cf7 window]
[    1.083867] pci_bus 0000:00: resource 5 [io  0x0d00-0xffff window]
[    1.083867] pci_bus 0000:00: resource 6 [mem 0x000a0000-0x000bffff window]
[    1.083867] pci_bus 0000:00: resource 7 [mem 0x20000000-0xfebfffff window]
[    1.084515] pci_bus 0000:00: resource 8 [mem 0x100000000-0x17fffffff window]
[    1.085152] pci 0000:00:01.0: PIIX3: Enabling Passive Release
[    1.085344] pci 0000:00:00.0: Limiting direct PCI/PCI transfers
[    1.085558] PCI: CLS 0 bytes, default 64
[    1.090364] Trying to unpack rootfs image as initramfs...
[    1.098787] Initialise system trusted keyrings
[    1.106126] workingset: timestamp_bits=40 max_order=17 bucket_order=0
[    1.106458] zbud: loaded
[    1.172393] jitterentropy: Initialization failed with host not compliant with requirements: 2
[    1.234347] Key type asymmetric registered
[    1.234605] Asymmetric key parser 'x509' registered
[    1.235311] Block layer SCSI generic (bsg) driver version 0.4 loaded (major 246)
[    1.235901] io scheduler mq-deadline registered
[    1.236053] io scheduler kyber registered
[    1.236371] io scheduler bfq registered
[    1.241050] shpchp: Standard Hot Plug PCI Controller Driver version: 0.4
[    1.245687] ERST DBG: ERST support is disabled.
[    1.249338] Serial: 8250/16550 driver, 4 ports, IRQ sharing enabled
[    1.256818] 00:04: ttyS0 at I/O 0x3f8 (irq = 4, base_baud = 115200) is a 16550A
[    1.317237] brd: module loaded
[    1.322825] i8042: PNP: PS/2 Controller [PNP0303:KBD,PNP0f13:MOU] at 0x60,0x64 irq 1,12
[    1.325700] serio: i8042 KBD port at 0x60,0x64 irq 1
[    1.325976] serio: i8042 AUX port at 0x60,0x64 irq 12
[    1.328091] rtc_cmos 00:05: RTC can wake from S4
[    1.332432] input: AT Translated Set 2 keyboard as /devices/platform/i8042/serio0/input/input1
[    1.342730] rtc_cmos 00:05: registered as rtc0
[    1.343331] rtc_cmos 00:05: setting system clock to 2026-09-10T01:42:49 UTC (1789004569)
[    1.347462] rtc_cmos 00:05: alarms up to one day, y3k, 242 bytes nvram, hpet irqs
[    1.347908] amd_pstate: the _CPC object is not present in SBIOS or ACPI disabled
[    1.349930] gre: GRE over IPv4 demultiplexor driver
[    1.357704] NET: Registered PF_INET6 protocol family
[    1.391534] Freeing initrd memory: 4736K
[    1.499624] Segment Routing with IPv6
[    1.499874] In-situ OAM (IOAM) with IPv6
[    1.500739] can: controller area network core
[    1.501142] NET: Registered PF_CAN protocol family
[    1.501580] Key type dns_resolver registered
[    1.504271] IPI shorthand broadcast: enabled
[    1.564990] sched_clock: Marking stable (1524046011, 39044814)->(1568234127, -5143302)
[    1.569917] registered taskstats version 1
[    1.571101] Loading compiled-in X.509 certificates
[    1.593892] Loaded X.509 cert 'alpinelinux.org: Alpine Linux kernel key: d76a695f66ad9cd28f5c22a8508f36e91f521f7a'
[    1.607912] Key type .fscrypt registered
[    1.608057] Key type fscrypt-provisioning registered
[    1.612596] clk: Disabling unused clocks
[    1.700540] Freeing unused kernel image (initmem) memory: 3516K
[    1.701423] Write protecting the kernel read-only data: 20480k
[    1.703024] Freeing unused kernel image (rodata/data gap) memory: 1092K
[    1.703367] Run /init as init process
[net] loading virtio-net modules ...
[net]   + drivers/virtio/virtio.ko
[net]   + drivers/virtio/virtio_ring.ko
[net]   + drivers/virtio/virtio_pci_modern_dev.ko
[net]   + drivers/virtio/virtio_pci_legacy_dev.ko
[    1.847243] ACPI: \_SB_.LNKC: Enabled at IRQ 11
[net]   + drivers/virtio/virtio_pci.ko
[net]   + net/core/failover.ko
[net]   + drivers/net/net_failover.ko
[net]   + drivers/net/virtio_net.ko
[net] eth0 up: 10.0.2.15, gw 10.0.2.2, DNS 10.0.2.3
[net] apk: apk-tools 2.14.4, compiled for x86_64.

==================================================
  MINI LINUX BOOTED OK
  kernel : 6.6.134-0-lts / x86_64
  host   : mini-linux
==================================================

Mini Linux shell. Type "poweroff -f" to shut down.
sh: can't access tty; job control turned off
mini-linux:/#[6n[    2.122186] tsc: Refined TSC clocksource calibration: 1000.000 MHz
[    2.123088] clocksource: tsc: mask: 0xffffffffffffffff max_cycles: 0x1cd42e4dffb, max_idle_ns: 881590591483 ns
[    2.123923] clocksource: Switched to clocksource tsc
mkdir -p /var/cache/apk && echo CACHE_OK; apk search hello; echo ==
=A; apk add --no-cache hello; echo ===H; hello
CACHE_OK
WARNING: opening from cache https://dl-cdn.alpinelinux.org/alpine/v3.20/main: No such file or directory
===A
fetch https://dl-cdn.alpinelinux.org/alpine/v3.20/main/x86_64/APKINDEX.tar.gz
[   25.456923] random: crng init done
poweroff -f
ERROR: unable to select packages:
  hello (no such package):
    required by: world[hello]
===H
sh: hello: not found
mini-linux:/#poweroff -f
[   68.616407] ACPI: PM: Preparing to enter system sleep state S5
[   68.617270] reboot: Power down
